running egg_info
writing ../../build/yolo_realsense/yolo_realsense.egg-info/PKG-INFO
writing dependency_links to ../../build/yolo_realsense/yolo_realsense.egg-info/dependency_links.txt
writing entry points to ../../build/yolo_realsense/yolo_realsense.egg-info/entry_points.txt
writing requirements to ../../build/yolo_realsense/yolo_realsense.egg-info/requires.txt
writing top-level names to ../../build/yolo_realsense/yolo_realsense.egg-info/top_level.txt
reading manifest file '../../build/yolo_realsense/yolo_realsense.egg-info/SOURCES.txt'
writing manifest file '../../build/yolo_realsense/yolo_realsense.egg-info/SOURCES.txt'
running build
running build_py
running install
running install_lib
running install_data
running install_egg_info
removing '/home/jw/YongYiHanYong/install/yolo_realsense/lib/python3.12/site-packages/yolo_realsense-0.0.0-py3.12.egg-info' (and everything under it)
Copying ../../build/yolo_realsense/yolo_realsense.egg-info to /home/jw/YongYiHanYong/install/yolo_realsense/lib/python3.12/site-packages/yolo_realsense-0.0.0-py3.12.egg-info
running install_scripts
Installing picxel2world script to /home/jw/YongYiHanYong/install/yolo_realsense/lib/yolo_realsense
Installing priority_object script to /home/jw/YongYiHanYong/install/yolo_realsense/lib/yolo_realsense
Installing world_trigger script to /home/jw/YongYiHanYong/install/yolo_realsense/lib/yolo_realsense
Installing yolo_depth_viewer script to /home/jw/YongYiHanYong/install/yolo_realsense/lib/yolo_realsense
Installing yolo_result_publisher script to /home/jw/YongYiHanYong/install/yolo_realsense/lib/yolo_realsense
writing list of installed files to '/home/jw/YongYiHanYong/build/yolo_realsense/install.log'
