[0.007s] Invoking command in '/home/jw/YongYiHanYong/src/interface_pkg/build/interface_pkg': DEBUGINFOD_URLS=https://debuginfod.ubuntu.com /usr/bin/cmake /home/jw/YongYiHanYong/src/interface_pkg -DCMAKE_INSTALL_PREFIX=/home/jw/YongYiHanYong/src/interface_pkg/install/interface_pkg
[0.053s] -- The C compiler identification is GNU 13.3.0
[0.097s] -- The CXX compiler identification is GNU 13.3.0
[0.114s] -- Detecting C compiler ABI info
[0.188s] -- Detecting C compiler ABI info - done
[0.193s] -- Check for working C compiler: /usr/bin/cc - skipped
[0.194s] -- Detecting C compile features
[0.194s] -- Detecting C compile features - done
[0.204s] -- Detecting CXX compiler ABI info
[0.283s] -- Detecting CXX compiler ABI info - done
[0.289s] -- Check for working CXX compiler: /usr/bin/c++ - skipped
[0.289s] -- Detecting CXX compile features
[0.289s] -- Detecting CXX compile features - done
[0.296s] [31mCMake Error at CMakeLists.txt:9 (find_package):
[0.296s]   By not providing "Findament_cmake.cmake" in CMAKE_MODULE_PATH this project
[0.297s]   has asked CMake to find a package configuration file provided by
[0.297s]   "ament_cmake", but CMake did not find one.
[0.297s] 
[0.297s]   Could not find a package configuration file provided by "ament_cmake" with
[0.297s]   any of the following names:
[0.297s] 
[0.297s]     ament_cmakeConfig.cmake
[0.297s]     ament_cmake-config.cmake
[0.297s] 
[0.297s]   Add the installation prefix of "ament_cmake" to CMAKE_PREFIX_PATH or set
[0.297s]   "ament_cmake_DIR" to a directory containing one of the above files.  If
[0.297s]   "ament_cmake" provides a separate development package or SDK, be sure it
[0.298s]   has been installed.
[0.298s] 
[0.298s] [0m
[0.298s] -- Configuring incomplete, errors occurred!
[0.299s] Invoked command in '/home/jw/YongYiHanYong/src/interface_pkg/build/interface_pkg' returned '1': DEBUGINFOD_URLS=https://debuginfod.ubuntu.com /usr/bin/cmake /home/jw/YongYiHanYong/src/interface_pkg -DCMAKE_INSTALL_PREFIX=/home/jw/YongYiHanYong/src/interface_pkg/install/interface_pkg
