[0.009s] Invoking command in '/home/jw/YongYiHanYong/build/interface_pkg': CMAKE_PREFIX_PATH=${CMAKE_PREFIX_PATH}:/opt/ros/jazzy DEBUGINFOD_URLS=https://debuginfod.ubuntu.com /usr/bin/cmake /home/jw/YongYiHanYong/src/interface_pkg -DCMAKE_INSTALL_PREFIX=/home/jw/YongYiHanYong/install/interface_pkg
[0.033s] -- Found ament_cmake: 2.5.4 (/opt/ros/jazzy/share/ament_cmake/cmake)
[0.149s] -- Found Python3: /usr/bin/python3 (found version "3.12.3") found components: Interpreter 
[0.259s] -- Found rosidl_default_generators: 1.6.0 (/opt/ros/jazzy/share/rosidl_default_generators/cmake)
[0.267s] -- Using all available rosidl_typesupport_c: rosidl_typesupport_fastrtps_c;rosidl_typesupport_introspection_c
[0.329s] -- Using all available rosidl_typesupport_cpp: rosidl_typesupport_fastrtps_cpp;rosidl_typesupport_introspection_cpp
[0.377s] -- Found rosidl_adapter: 4.6.6 (/opt/ros/jazzy/share/rosidl_adapter/cmake)
[0.382s] -- Found std_msgs: 5.3.6 (/opt/ros/jazzy/share/std_msgs/cmake)
[0.416s] -- Found geometry_msgs: 5.3.6 (/opt/ros/jazzy/share/geometry_msgs/cmake)
[0.895s] -- Found ament_cmake_ros: 0.12.0 (/opt/ros/jazzy/share/ament_cmake_ros/cmake)
[1.257s] -- Using all available rosidl_typesupport_c: rosidl_typesupport_fastrtps_c;rosidl_typesupport_introspection_c
[1.735s] -- Using all available rosidl_typesupport_cpp: rosidl_typesupport_fastrtps_cpp;rosidl_typesupport_introspection_cpp
[1.740s] -- Found python_cmake_module: 0.11.1 (/opt/ros/jazzy/share/python_cmake_module/cmake)
[1.841s] -- Found PythonExtra: /usr/bin/python3  
[2.169s] -- Found Python3: /usr/bin/python3 (found version "3.12.3") found components: Interpreter Development NumPy Development.Module Development.Embed 
[2.214s] -- Found ament_lint_auto: 0.17.3 (/opt/ros/jazzy/share/ament_lint_auto/cmake)
[2.249s] -- Added test 'cppcheck' to perform static code analysis on C / C++ code
[2.249s] -- Configured cppcheck include dirs: 
[2.249s] -- Configured cppcheck exclude dirs and/or files: 
[2.250s] -- Added test 'flake8' to check Python code syntax and style conventions
[2.250s] -- Configured 'flake8' exclude dirs and/or files: 
[2.252s] -- Added test 'lint_cmake' to check CMake code style
[2.253s] -- Added test 'pep257' to check Python code against some of the docstring style conventions in PEP 257
[2.258s] -- Added test 'uncrustify' to check C / C++ code style
[2.258s] -- Configured uncrustify additional arguments: 
[2.259s] -- Added test 'xmllint' to check XML markup files
[2.262s] -- Configuring done (2.2s)
[2.290s] -- Generating done (0.0s)
[2.297s] -- Build files have been written to: /home/jw/YongYiHanYong/build/interface_pkg
[2.306s] Invoked command in '/home/jw/YongYiHanYong/build/interface_pkg' returned '0': CMAKE_PREFIX_PATH=${CMAKE_PREFIX_PATH}:/opt/ros/jazzy DEBUGINFOD_URLS=https://debuginfod.ubuntu.com /usr/bin/cmake /home/jw/YongYiHanYong/src/interface_pkg -DCMAKE_INSTALL_PREFIX=/home/jw/YongYiHanYong/install/interface_pkg
[2.308s] Invoking command in '/home/jw/YongYiHanYong/build/interface_pkg': CMAKE_PREFIX_PATH=${CMAKE_PREFIX_PATH}:/opt/ros/jazzy DEBUGINFOD_URLS=https://debuginfod.ubuntu.com /usr/bin/cmake --build /home/jw/YongYiHanYong/build/interface_pkg -- -j16 -l16
[2.358s] [  2%] [34m[1mGenerating type hashes for ROS interfaces[0m
[2.366s] [  2%] Built target ament_cmake_python_copy_interface_pkg
[2.495s] [  2%] Built target interface_pkg__rosidl_generator_type_description
[2.502s] running egg_info
[2.502s] creating interface_pkg.egg-info
[2.507s] [  4%] [34m[1mGenerating C code for ROS interfaces[0m
[2.517s] writing interface_pkg.egg-info/PKG-INFO
[2.517s] writing dependency_links to interface_pkg.egg-info/dependency_links.txt
[2.517s] writing top-level names to interface_pkg.egg-info/top_level.txt
[2.517s] writing manifest file 'interface_pkg.egg-info/SOURCES.txt'
[2.518s] [  6%] [34m[1mGenerating C++ code for ROS interfaces[0m
[2.557s] reading manifest file 'interface_pkg.egg-info/SOURCES.txt'
[2.557s] writing manifest file 'interface_pkg.egg-info/SOURCES.txt'
[2.583s] [  6%] Built target ament_cmake_python_build_interface_pkg_egg
[2.734s] [  6%] Built target interface_pkg__cpp
[2.753s] [ 13%] [32mBuilding C object CMakeFiles/interface_pkg__rosidl_generator_c.dir/rosidl_generator_c/interface_pkg/srv/detail/string_to_string__type_support.c.o[0m
[2.753s] [ 13%] [32mBuilding C object CMakeFiles/interface_pkg__rosidl_generator_c.dir/rosidl_generator_c/interface_pkg/srv/detail/get_target_point__functions.c.o[0m
[2.753s] [ 13%] [32mBuilding C object CMakeFiles/interface_pkg__rosidl_generator_c.dir/rosidl_generator_c/interface_pkg/srv/detail/get_target_point__description.c.o[0m
[2.753s] [ 15%] [32mBuilding C object CMakeFiles/interface_pkg__rosidl_generator_c.dir/rosidl_generator_c/interface_pkg/srv/detail/get_target_point__type_support.c.o[0m
[2.753s] [ 18%] [32mBuilding C object CMakeFiles/interface_pkg__rosidl_generator_c.dir/rosidl_generator_c/interface_pkg/srv/detail/string_to_string__description.c.o[0m
[2.753s] [ 20%] [32mBuilding C object CMakeFiles/interface_pkg__rosidl_generator_c.dir/rosidl_generator_c/interface_pkg/srv/detail/string_to_string__functions.c.o[0m
[2.812s] [ 22%] [32m[1mLinking C shared library libinterface_pkg__rosidl_generator_c.so[0m
[2.853s] [ 22%] Built target interface_pkg__rosidl_generator_c
[2.863s] [ 29%] [34m[1mGenerating C type support for eProsima Fast-RTPS[0m
[2.863s] [ 29%] [34m[1mGenerating C++ type support dispatch for ROS interfaces[0m
[2.863s] [ 29%] [34m[1mGenerating C type support dispatch for ROS interfaces[0m
[2.863s] [ 31%] [34m[1mGenerating C introspection for ROS interfaces[0m
[2.863s] [ 34%] [34m[1mGenerating C++ introspection for ROS interfaces[0m
[2.863s] [ 36%] [34m[1mGenerating C++ type support for eProsima Fast-RTPS[0m
[3.047s] [ 38%] [32mBuilding CXX object CMakeFiles/interface_pkg__rosidl_typesupport_cpp.dir/rosidl_typesupport_cpp/interface_pkg/srv/string_to_string__type_support.cpp.o[0m
[3.047s] [ 40%] [32mBuilding CXX object CMakeFiles/interface_pkg__rosidl_typesupport_c.dir/rosidl_typesupport_c/interface_pkg/srv/string_to_string__type_support.cpp.o[0m
[3.048s] [ 43%] [32mBuilding CXX object CMakeFiles/interface_pkg__rosidl_typesupport_c.dir/rosidl_typesupport_c/interface_pkg/srv/get_target_point__type_support.cpp.o[0m
[3.048s] [ 45%] [32mBuilding CXX object CMakeFiles/interface_pkg__rosidl_typesupport_cpp.dir/rosidl_typesupport_cpp/interface_pkg/srv/get_target_point__type_support.cpp.o[0m
[3.077s] [ 47%] [32mBuilding CXX object CMakeFiles/interface_pkg__rosidl_typesupport_introspection_cpp.dir/rosidl_typesupport_introspection_cpp/interface_pkg/srv/detail/get_target_point__type_support.cpp.o[0m
[3.077s] [ 50%] [32mBuilding CXX object CMakeFiles/interface_pkg__rosidl_typesupport_introspection_cpp.dir/rosidl_typesupport_introspection_cpp/interface_pkg/srv/detail/string_to_string__type_support.cpp.o[0m
[3.082s] [ 52%] [32mBuilding C object CMakeFiles/interface_pkg__rosidl_typesupport_introspection_c.dir/rosidl_typesupport_introspection_c/interface_pkg/srv/detail/string_to_string__type_support.c.o[0m
[3.084s] [ 54%] [32mBuilding C object CMakeFiles/interface_pkg__rosidl_typesupport_introspection_c.dir/rosidl_typesupport_introspection_c/interface_pkg/srv/detail/get_target_point__type_support.c.o[0m
[3.095s] [ 56%] [32m[1mLinking CXX shared library libinterface_pkg__rosidl_typesupport_c.so[0m
[3.115s] [ 61%] [32mBuilding CXX object CMakeFiles/interface_pkg__rosidl_typesupport_fastrtps_cpp.dir/rosidl_typesupport_fastrtps_cpp/interface_pkg/srv/detail/dds_fastrtps/get_target_point__type_support.cpp.o[0m
[3.115s] [ 61%] [32mBuilding CXX object CMakeFiles/interface_pkg__rosidl_typesupport_fastrtps_cpp.dir/rosidl_typesupport_fastrtps_cpp/interface_pkg/srv/detail/dds_fastrtps/string_to_string__type_support.cpp.o[0m
[3.128s] [ 63%] [32m[1mLinking C shared library libinterface_pkg__rosidl_typesupport_introspection_c.so[0m
[3.133s] [ 68%] [32mBuilding CXX object CMakeFiles/interface_pkg__rosidl_typesupport_fastrtps_c.dir/rosidl_typesupport_fastrtps_c/interface_pkg/srv/detail/string_to_string__type_support_c.cpp.o[0m
[3.134s] [ 68%] [32mBuilding CXX object CMakeFiles/interface_pkg__rosidl_typesupport_fastrtps_c.dir/rosidl_typesupport_fastrtps_c/interface_pkg/srv/detail/get_target_point__type_support_c.cpp.o[0m
[3.135s] [ 68%] Built target interface_pkg__rosidl_typesupport_c
[3.164s] [ 68%] Built target interface_pkg__rosidl_typesupport_introspection_c
[3.343s] [ 70%] [32m[1mLinking CXX shared library libinterface_pkg__rosidl_typesupport_cpp.so[0m
[3.372s] [ 72%] [32m[1mLinking CXX shared library libinterface_pkg__rosidl_typesupport_introspection_cpp.so[0m
[3.412s] [ 72%] Built target interface_pkg__rosidl_typesupport_cpp
[3.442s] [ 72%] Built target interface_pkg__rosidl_typesupport_introspection_cpp
[3.470s] [ 75%] [32m[1mLinking CXX shared library libinterface_pkg__rosidl_typesupport_fastrtps_c.so[0m
[3.525s] [ 77%] [32m[1mLinking CXX shared library libinterface_pkg__rosidl_typesupport_fastrtps_cpp.so[0m
[3.539s] [ 77%] Built target interface_pkg__rosidl_typesupport_fastrtps_c
[3.586s] [ 77%] Built target interface_pkg__rosidl_typesupport_fastrtps_cpp
[3.607s] [ 77%] Built target interface_pkg
[3.631s] [ 79%] [34m[1mGenerating Python code for ROS interfaces[0m
[3.911s] [ 79%] Built target interface_pkg__py
[3.933s] [ 84%] [32mBuilding C object CMakeFiles/interface_pkg__rosidl_generator_py.dir/rosidl_generator_py/interface_pkg/srv/_string_to_string_s.c.o[0m
[3.933s] [ 84%] [32mBuilding C object CMakeFiles/interface_pkg__rosidl_generator_py.dir/rosidl_generator_py/interface_pkg/srv/_get_target_point_s.c.o[0m
[4.055s] [ 86%] [32m[1mLinking C shared library libinterface_pkg__rosidl_generator_py.so[0m
[4.095s] [ 86%] Built target interface_pkg__rosidl_generator_py
[4.115s] [ 90%] [32mBuilding C object CMakeFiles/interface_pkg_s__rosidl_typesupport_fastrtps_c.dir/rosidl_generator_py/interface_pkg/_interface_pkg_s.ep.rosidl_typesupport_fastrtps_c.c.o[0m
[4.116s] [ 90%] [32mBuilding C object CMakeFiles/interface_pkg_s__rosidl_typesupport_introspection_c.dir/rosidl_generator_py/interface_pkg/_interface_pkg_s.ep.rosidl_typesupport_introspection_c.c.o[0m
[4.116s] [ 93%] [32mBuilding C object CMakeFiles/interface_pkg_s__rosidl_typesupport_c.dir/rosidl_generator_py/interface_pkg/_interface_pkg_s.ep.rosidl_typesupport_c.c.o[0m
[4.194s] [ 97%] [32m[1mLinking C shared module rosidl_generator_py/interface_pkg/interface_pkg_s__rosidl_typesupport_c.so[0m
[4.194s] [ 97%] [32m[1mLinking C shared module rosidl_generator_py/interface_pkg/interface_pkg_s__rosidl_typesupport_introspection_c.so[0m
[4.199s] [100%] [32m[1mLinking C shared module rosidl_generator_py/interface_pkg/interface_pkg_s__rosidl_typesupport_fastrtps_c.so[0m
[4.225s] [100%] Built target interface_pkg_s__rosidl_typesupport_c
[4.225s] [100%] Built target interface_pkg_s__rosidl_typesupport_introspection_c
[4.229s] [100%] Built target interface_pkg_s__rosidl_typesupport_fastrtps_c
[4.242s] Invoked command in '/home/jw/YongYiHanYong/build/interface_pkg' returned '0': CMAKE_PREFIX_PATH=${CMAKE_PREFIX_PATH}:/opt/ros/jazzy DEBUGINFOD_URLS=https://debuginfod.ubuntu.com /usr/bin/cmake --build /home/jw/YongYiHanYong/build/interface_pkg -- -j16 -l16
[4.253s] Invoking command in '/home/jw/YongYiHanYong/build/interface_pkg': CMAKE_PREFIX_PATH=${CMAKE_PREFIX_PATH}:/opt/ros/jazzy DEBUGINFOD_URLS=https://debuginfod.ubuntu.com /usr/bin/cmake --install /home/jw/YongYiHanYong/build/interface_pkg
[4.260s] -- Install configuration: ""
[4.260s] -- Installing: /home/jw/YongYiHanYong/install/interface_pkg/share/ament_index/resource_index/rosidl_interfaces/interface_pkg
[4.260s] -- Installing: /home/jw/YongYiHanYong/install/interface_pkg/share/interface_pkg/srv/StringToString.json
[4.260s] -- Installing: /home/jw/YongYiHanYong/install/interface_pkg/share/interface_pkg/srv/GetTargetPoint.json
[4.261s] -- Installing: /home/jw/YongYiHanYong/install/interface_pkg/include/interface_pkg/interface_pkg
[4.261s] -- Installing: /home/jw/YongYiHanYong/install/interface_pkg/include/interface_pkg/interface_pkg/msg
[4.261s] -- Installing: /home/jw/YongYiHanYong/install/interface_pkg/include/interface_pkg/interface_pkg/msg/rosidl_generator_c__visibility_control.h
[4.261s] -- Installing: /home/jw/YongYiHanYong/install/interface_pkg/include/interface_pkg/interface_pkg/srv
[4.261s] -- Installing: /home/jw/YongYiHanYong/install/interface_pkg/include/interface_pkg/interface_pkg/srv/detail
[4.261s] -- Installing: /home/jw/YongYiHanYong/install/interface_pkg/include/interface_pkg/interface_pkg/srv/detail/get_target_point__struct.h
[4.261s] -- Installing: /home/jw/YongYiHanYong/install/interface_pkg/include/interface_pkg/interface_pkg/srv/detail/get_target_point__description.c
[4.261s] -- Installing: /home/jw/YongYiHanYong/install/interface_pkg/include/interface_pkg/interface_pkg/srv/detail/string_to_string__description.c
[4.261s] -- Installing: /home/jw/YongYiHanYong/install/interface_pkg/include/interface_pkg/interface_pkg/srv/detail/string_to_string__functions.h
[4.261s] -- Installing: /home/jw/YongYiHanYong/install/interface_pkg/include/interface_pkg/interface_pkg/srv/detail/string_to_string__type_support.h
[4.262s] -- Installing: /home/jw/YongYiHanYong/install/interface_pkg/include/interface_pkg/interface_pkg/srv/detail/get_target_point__functions.h
[4.262s] -- Installing: /home/jw/YongYiHanYong/install/interface_pkg/include/interface_pkg/interface_pkg/srv/detail/get_target_point__functions.c
[4.262s] -- Installing: /home/jw/YongYiHanYong/install/interface_pkg/include/interface_pkg/interface_pkg/srv/detail/string_to_string__struct.h
[4.262s] -- Installing: /home/jw/YongYiHanYong/install/interface_pkg/include/interface_pkg/interface_pkg/srv/detail/string_to_string__type_support.c
[4.262s] -- Installing: /home/jw/YongYiHanYong/install/interface_pkg/include/interface_pkg/interface_pkg/srv/detail/get_target_point__type_support.c
[4.262s] -- Installing: /home/jw/YongYiHanYong/install/interface_pkg/include/interface_pkg/interface_pkg/srv/detail/get_target_point__type_support.h
[4.262s] -- Installing: /home/jw/YongYiHanYong/install/interface_pkg/include/interface_pkg/interface_pkg/srv/detail/string_to_string__functions.c
[4.262s] -- Installing: /home/jw/YongYiHanYong/install/interface_pkg/include/interface_pkg/interface_pkg/srv/string_to_string.h
[4.262s] -- Installing: /home/jw/YongYiHanYong/install/interface_pkg/include/interface_pkg/interface_pkg/srv/get_target_point.h
[4.262s] -- Installing: /home/jw/YongYiHanYong/install/interface_pkg/share/interface_pkg/environment/library_path.sh
[4.262s] -- Installing: /home/jw/YongYiHanYong/install/interface_pkg/share/interface_pkg/environment/library_path.dsv
[4.262s] -- Installing: /home/jw/YongYiHanYong/install/interface_pkg/lib/libinterface_pkg__rosidl_generator_c.so
[4.263s] -- Set non-toolchain portion of runtime path of "/home/jw/YongYiHanYong/install/interface_pkg/lib/libinterface_pkg__rosidl_generator_c.so" to ""
[4.263s] -- Up-to-date: /home/jw/YongYiHanYong/install/interface_pkg/include/interface_pkg/interface_pkg
[4.263s] -- Up-to-date: /home/jw/YongYiHanYong/install/interface_pkg/include/interface_pkg/interface_pkg/msg
[4.263s] -- Installing: /home/jw/YongYiHanYong/install/interface_pkg/include/interface_pkg/interface_pkg/msg/rosidl_typesupport_fastrtps_c__visibility_control.h
[4.263s] -- Up-to-date: /home/jw/YongYiHanYong/install/interface_pkg/include/interface_pkg/interface_pkg/srv
[4.263s] -- Up-to-date: /home/jw/YongYiHanYong/install/interface_pkg/include/interface_pkg/interface_pkg/srv/detail
[4.263s] -- Installing: /home/jw/YongYiHanYong/install/interface_pkg/include/interface_pkg/interface_pkg/srv/detail/string_to_string__rosidl_typesupport_fastrtps_c.h
[4.263s] -- Installing: /home/jw/YongYiHanYong/install/interface_pkg/include/interface_pkg/interface_pkg/srv/detail/get_target_point__rosidl_typesupport_fastrtps_c.h
[4.263s] -- Installing: /home/jw/YongYiHanYong/install/interface_pkg/lib/libinterface_pkg__rosidl_typesupport_fastrtps_c.so
[4.263s] -- Set non-toolchain portion of runtime path of "/home/jw/YongYiHanYong/install/interface_pkg/lib/libinterface_pkg__rosidl_typesupport_fastrtps_c.so" to ""
[4.263s] -- Up-to-date: /home/jw/YongYiHanYong/install/interface_pkg/include/interface_pkg/interface_pkg
[4.263s] -- Up-to-date: /home/jw/YongYiHanYong/install/interface_pkg/include/interface_pkg/interface_pkg/msg
[4.263s] -- Installing: /home/jw/YongYiHanYong/install/interface_pkg/include/interface_pkg/interface_pkg/msg/rosidl_typesupport_introspection_c__visibility_control.h
[4.264s] -- Up-to-date: /home/jw/YongYiHanYong/install/interface_pkg/include/interface_pkg/interface_pkg/srv
[4.264s] -- Up-to-date: /home/jw/YongYiHanYong/install/interface_pkg/include/interface_pkg/interface_pkg/srv/detail
[4.264s] -- Installing: /home/jw/YongYiHanYong/install/interface_pkg/include/interface_pkg/interface_pkg/srv/detail/string_to_string__rosidl_typesupport_introspection_c.h
[4.264s] -- Installing: /home/jw/YongYiHanYong/install/interface_pkg/include/interface_pkg/interface_pkg/srv/detail/string_to_string__type_support.c
[4.264s] -- Installing: /home/jw/YongYiHanYong/install/interface_pkg/include/interface_pkg/interface_pkg/srv/detail/get_target_point__rosidl_typesupport_introspection_c.h
[4.264s] -- Installing: /home/jw/YongYiHanYong/install/interface_pkg/include/interface_pkg/interface_pkg/srv/detail/get_target_point__type_support.c
[4.264s] -- Installing: /home/jw/YongYiHanYong/install/interface_pkg/lib/libinterface_pkg__rosidl_typesupport_introspection_c.so
[4.264s] -- Set non-toolchain portion of runtime path of "/home/jw/YongYiHanYong/install/interface_pkg/lib/libinterface_pkg__rosidl_typesupport_introspection_c.so" to ""
[4.264s] -- Installing: /home/jw/YongYiHanYong/install/interface_pkg/lib/libinterface_pkg__rosidl_typesupport_c.so
[4.265s] -- Set non-toolchain portion of runtime path of "/home/jw/YongYiHanYong/install/interface_pkg/lib/libinterface_pkg__rosidl_typesupport_c.so" to ""
[4.265s] -- Up-to-date: /home/jw/YongYiHanYong/install/interface_pkg/include/interface_pkg/interface_pkg
[4.265s] -- Up-to-date: /home/jw/YongYiHanYong/install/interface_pkg/include/interface_pkg/interface_pkg/msg
[4.265s] -- Installing: /home/jw/YongYiHanYong/install/interface_pkg/include/interface_pkg/interface_pkg/msg/rosidl_generator_cpp__visibility_control.hpp
[4.265s] -- Up-to-date: /home/jw/YongYiHanYong/install/interface_pkg/include/interface_pkg/interface_pkg/srv
[4.265s] -- Up-to-date: /home/jw/YongYiHanYong/install/interface_pkg/include/interface_pkg/interface_pkg/srv/detail
[4.265s] -- Installing: /home/jw/YongYiHanYong/install/interface_pkg/include/interface_pkg/interface_pkg/srv/detail/string_to_string__builder.hpp
[4.265s] -- Installing: /home/jw/YongYiHanYong/install/interface_pkg/include/interface_pkg/interface_pkg/srv/detail/string_to_string__traits.hpp
[4.265s] -- Installing: /home/jw/YongYiHanYong/install/interface_pkg/include/interface_pkg/interface_pkg/srv/detail/string_to_string__type_support.hpp
[4.265s] -- Installing: /home/jw/YongYiHanYong/install/interface_pkg/include/interface_pkg/interface_pkg/srv/detail/string_to_string__struct.hpp
[4.265s] -- Installing: /home/jw/YongYiHanYong/install/interface_pkg/include/interface_pkg/interface_pkg/srv/detail/get_target_point__struct.hpp
[4.265s] -- Installing: /home/jw/YongYiHanYong/install/interface_pkg/include/interface_pkg/interface_pkg/srv/detail/get_target_point__type_support.hpp
[4.265s] -- Installing: /home/jw/YongYiHanYong/install/interface_pkg/include/interface_pkg/interface_pkg/srv/detail/get_target_point__builder.hpp
[4.265s] -- Installing: /home/jw/YongYiHanYong/install/interface_pkg/include/interface_pkg/interface_pkg/srv/detail/get_target_point__traits.hpp
[4.265s] -- Installing: /home/jw/YongYiHanYong/install/interface_pkg/include/interface_pkg/interface_pkg/srv/string_to_string.hpp
[4.266s] -- Installing: /home/jw/YongYiHanYong/install/interface_pkg/include/interface_pkg/interface_pkg/srv/get_target_point.hpp
[4.266s] -- Up-to-date: /home/jw/YongYiHanYong/install/interface_pkg/include/interface_pkg/interface_pkg
[4.266s] -- Up-to-date: /home/jw/YongYiHanYong/install/interface_pkg/include/interface_pkg/interface_pkg/msg
[4.266s] -- Installing: /home/jw/YongYiHanYong/install/interface_pkg/include/interface_pkg/interface_pkg/msg/rosidl_typesupport_fastrtps_cpp__visibility_control.h
[4.266s] -- Up-to-date: /home/jw/YongYiHanYong/install/interface_pkg/include/interface_pkg/interface_pkg/srv
[4.266s] -- Up-to-date: /home/jw/YongYiHanYong/install/interface_pkg/include/interface_pkg/interface_pkg/srv/detail
[4.266s] -- Installing: /home/jw/YongYiHanYong/install/interface_pkg/include/interface_pkg/interface_pkg/srv/detail/string_to_string__rosidl_typesupport_fastrtps_cpp.hpp
[4.266s] -- Installing: /home/jw/YongYiHanYong/install/interface_pkg/include/interface_pkg/interface_pkg/srv/detail/dds_fastrtps
[4.266s] -- Installing: /home/jw/YongYiHanYong/install/interface_pkg/include/interface_pkg/interface_pkg/srv/detail/get_target_point__rosidl_typesupport_fastrtps_cpp.hpp
[4.266s] -- Installing: /home/jw/YongYiHanYong/install/interface_pkg/lib/libinterface_pkg__rosidl_typesupport_fastrtps_cpp.so
[4.267s] -- Set non-toolchain portion of runtime path of "/home/jw/YongYiHanYong/install/interface_pkg/lib/libinterface_pkg__rosidl_typesupport_fastrtps_cpp.so" to ""
[4.267s] -- Up-to-date: /home/jw/YongYiHanYong/install/interface_pkg/include/interface_pkg/interface_pkg
[4.267s] -- Up-to-date: /home/jw/YongYiHanYong/install/interface_pkg/include/interface_pkg/interface_pkg/srv
[4.267s] -- Up-to-date: /home/jw/YongYiHanYong/install/interface_pkg/include/interface_pkg/interface_pkg/srv/detail
[4.267s] -- Installing: /home/jw/YongYiHanYong/install/interface_pkg/include/interface_pkg/interface_pkg/srv/detail/get_target_point__rosidl_typesupport_introspection_cpp.hpp
[4.267s] -- Installing: /home/jw/YongYiHanYong/install/interface_pkg/include/interface_pkg/interface_pkg/srv/detail/string_to_string__rosidl_typesupport_introspection_cpp.hpp
[4.267s] -- Installing: /home/jw/YongYiHanYong/install/interface_pkg/include/interface_pkg/interface_pkg/srv/detail/get_target_point__type_support.cpp
[4.267s] -- Installing: /home/jw/YongYiHanYong/install/interface_pkg/include/interface_pkg/interface_pkg/srv/detail/string_to_string__type_support.cpp
[4.267s] -- Installing: /home/jw/YongYiHanYong/install/interface_pkg/lib/libinterface_pkg__rosidl_typesupport_introspection_cpp.so
[4.268s] -- Set non-toolchain portion of runtime path of "/home/jw/YongYiHanYong/install/interface_pkg/lib/libinterface_pkg__rosidl_typesupport_introspection_cpp.so" to ""
[4.268s] -- Installing: /home/jw/YongYiHanYong/install/interface_pkg/lib/libinterface_pkg__rosidl_typesupport_cpp.so
[4.268s] -- Set non-toolchain portion of runtime path of "/home/jw/YongYiHanYong/install/interface_pkg/lib/libinterface_pkg__rosidl_typesupport_cpp.so" to ""
[4.268s] -- Installing: /home/jw/YongYiHanYong/install/interface_pkg/share/interface_pkg/environment/pythonpath.sh
[4.268s] -- Installing: /home/jw/YongYiHanYong/install/interface_pkg/share/interface_pkg/environment/pythonpath.dsv
[4.268s] -- Installing: /home/jw/YongYiHanYong/install/interface_pkg/lib/python3.12/site-packages/interface_pkg-0.0.0-py3.12.egg-info
[4.268s] -- Installing: /home/jw/YongYiHanYong/install/interface_pkg/lib/python3.12/site-packages/interface_pkg-0.0.0-py3.12.egg-info/top_level.txt
[4.268s] -- Installing: /home/jw/YongYiHanYong/install/interface_pkg/lib/python3.12/site-packages/interface_pkg-0.0.0-py3.12.egg-info/PKG-INFO
[4.268s] -- Installing: /home/jw/YongYiHanYong/install/interface_pkg/lib/python3.12/site-packages/interface_pkg-0.0.0-py3.12.egg-info/dependency_links.txt
[4.268s] -- Installing: /home/jw/YongYiHanYong/install/interface_pkg/lib/python3.12/site-packages/interface_pkg-0.0.0-py3.12.egg-info/SOURCES.txt
[4.269s] -- Installing: /home/jw/YongYiHanYong/install/interface_pkg/lib/python3.12/site-packages/interface_pkg
[4.269s] -- Installing: /home/jw/YongYiHanYong/install/interface_pkg/lib/python3.12/site-packages/interface_pkg/_interface_pkg_s.ep.rosidl_typesupport_c.c
[4.269s] -- Installing: /home/jw/YongYiHanYong/install/interface_pkg/lib/python3.12/site-packages/interface_pkg/_interface_pkg_s.ep.rosidl_typesupport_introspection_c.c
[4.269s] -- Installing: /home/jw/YongYiHanYong/install/interface_pkg/lib/python3.12/site-packages/interface_pkg/interface_pkg_s__rosidl_typesupport_fastrtps_c.so
[4.269s] -- Installing: /home/jw/YongYiHanYong/install/interface_pkg/lib/python3.12/site-packages/interface_pkg/srv
[4.269s] -- Installing: /home/jw/YongYiHanYong/install/interface_pkg/lib/python3.12/site-packages/interface_pkg/srv/_get_target_point_s.c
[4.269s] -- Installing: /home/jw/YongYiHanYong/install/interface_pkg/lib/python3.12/site-packages/interface_pkg/srv/__init__.py
[4.269s] -- Installing: /home/jw/YongYiHanYong/install/interface_pkg/lib/python3.12/site-packages/interface_pkg/srv/_get_target_point.py
[4.269s] -- Installing: /home/jw/YongYiHanYong/install/interface_pkg/lib/python3.12/site-packages/interface_pkg/srv/_string_to_string_s.c
[4.269s] -- Installing: /home/jw/YongYiHanYong/install/interface_pkg/lib/python3.12/site-packages/interface_pkg/srv/_string_to_string.py
[4.269s] -- Installing: /home/jw/YongYiHanYong/install/interface_pkg/lib/python3.12/site-packages/interface_pkg/interface_pkg_s__rosidl_typesupport_c.so
[4.270s] -- Installing: /home/jw/YongYiHanYong/install/interface_pkg/lib/python3.12/site-packages/interface_pkg/__init__.py
[4.270s] -- Installing: /home/jw/YongYiHanYong/install/interface_pkg/lib/python3.12/site-packages/interface_pkg/interface_pkg_s__rosidl_typesupport_introspection_c.so
[4.270s] -- Installing: /home/jw/YongYiHanYong/install/interface_pkg/lib/python3.12/site-packages/interface_pkg/_interface_pkg_s.ep.rosidl_typesupport_fastrtps_c.c
[4.298s] Listing '/home/jw/YongYiHanYong/install/interface_pkg/lib/python3.12/site-packages/interface_pkg'...
[4.298s] Compiling '/home/jw/YongYiHanYong/install/interface_pkg/lib/python3.12/site-packages/interface_pkg/__init__.py'...
[4.298s] Listing '/home/jw/YongYiHanYong/install/interface_pkg/lib/python3.12/site-packages/interface_pkg/srv'...
[4.298s] Compiling '/home/jw/YongYiHanYong/install/interface_pkg/lib/python3.12/site-packages/interface_pkg/srv/__init__.py'...
[4.298s] Compiling '/home/jw/YongYiHanYong/install/interface_pkg/lib/python3.12/site-packages/interface_pkg/srv/_get_target_point.py'...
[4.298s] Compiling '/home/jw/YongYiHanYong/install/interface_pkg/lib/python3.12/site-packages/interface_pkg/srv/_string_to_string.py'...
[4.302s] -- Installing: /home/jw/YongYiHanYong/install/interface_pkg/lib/python3.12/site-packages/interface_pkg/interface_pkg_s__rosidl_typesupport_fastrtps_c.so
[4.303s] -- Set non-toolchain portion of runtime path of "/home/jw/YongYiHanYong/install/interface_pkg/lib/python3.12/site-packages/interface_pkg/interface_pkg_s__rosidl_typesupport_fastrtps_c.so" to ""
[4.303s] -- Installing: /home/jw/YongYiHanYong/install/interface_pkg/lib/python3.12/site-packages/interface_pkg/interface_pkg_s__rosidl_typesupport_introspection_c.so
[4.303s] -- Set non-toolchain portion of runtime path of "/home/jw/YongYiHanYong/install/interface_pkg/lib/python3.12/site-packages/interface_pkg/interface_pkg_s__rosidl_typesupport_introspection_c.so" to ""
[4.303s] -- Installing: /home/jw/YongYiHanYong/install/interface_pkg/lib/python3.12/site-packages/interface_pkg/interface_pkg_s__rosidl_typesupport_c.so
[4.304s] -- Set non-toolchain portion of runtime path of "/home/jw/YongYiHanYong/install/interface_pkg/lib/python3.12/site-packages/interface_pkg/interface_pkg_s__rosidl_typesupport_c.so" to ""
[4.304s] -- Installing: /home/jw/YongYiHanYong/install/interface_pkg/lib/libinterface_pkg__rosidl_generator_py.so
[4.304s] -- Set non-toolchain portion of runtime path of "/home/jw/YongYiHanYong/install/interface_pkg/lib/libinterface_pkg__rosidl_generator_py.so" to ""
[4.304s] -- Installing: /home/jw/YongYiHanYong/install/interface_pkg/share/interface_pkg/srv/StringToString.idl
[4.304s] -- Installing: /home/jw/YongYiHanYong/install/interface_pkg/share/interface_pkg/srv/GetTargetPoint.idl
[4.304s] -- Installing: /home/jw/YongYiHanYong/install/interface_pkg/share/interface_pkg/srv/StringToString.srv
[4.304s] -- Installing: /home/jw/YongYiHanYong/install/interface_pkg/share/interface_pkg/srv/GetTargetPoint.srv
[4.304s] -- Installing: /home/jw/YongYiHanYong/install/interface_pkg/share/ament_index/resource_index/package_run_dependencies/interface_pkg
[4.304s] -- Installing: /home/jw/YongYiHanYong/install/interface_pkg/share/ament_index/resource_index/parent_prefix_path/interface_pkg
[4.304s] -- Installing: /home/jw/YongYiHanYong/install/interface_pkg/share/interface_pkg/environment/ament_prefix_path.sh
[4.305s] -- Installing: /home/jw/YongYiHanYong/install/interface_pkg/share/interface_pkg/environment/ament_prefix_path.dsv
[4.305s] -- Installing: /home/jw/YongYiHanYong/install/interface_pkg/share/interface_pkg/environment/path.sh
[4.305s] -- Installing: /home/jw/YongYiHanYong/install/interface_pkg/share/interface_pkg/environment/path.dsv
[4.305s] -- Installing: /home/jw/YongYiHanYong/install/interface_pkg/share/interface_pkg/local_setup.bash
[4.305s] -- Installing: /home/jw/YongYiHanYong/install/interface_pkg/share/interface_pkg/local_setup.sh
[4.305s] -- Installing: /home/jw/YongYiHanYong/install/interface_pkg/share/interface_pkg/local_setup.zsh
[4.305s] -- Installing: /home/jw/YongYiHanYong/install/interface_pkg/share/interface_pkg/local_setup.dsv
[4.305s] -- Installing: /home/jw/YongYiHanYong/install/interface_pkg/share/interface_pkg/package.dsv
[4.305s] -- Installing: /home/jw/YongYiHanYong/install/interface_pkg/share/ament_index/resource_index/packages/interface_pkg
[4.305s] -- Installing: /home/jw/YongYiHanYong/install/interface_pkg/share/interface_pkg/cmake/export_interface_pkg__rosidl_generator_cExport.cmake
[4.306s] -- Installing: /home/jw/YongYiHanYong/install/interface_pkg/share/interface_pkg/cmake/export_interface_pkg__rosidl_generator_cExport-noconfig.cmake
[4.306s] -- Installing: /home/jw/YongYiHanYong/install/interface_pkg/share/interface_pkg/cmake/export_interface_pkg__rosidl_typesupport_fastrtps_cExport.cmake
[4.306s] -- Installing: /home/jw/YongYiHanYong/install/interface_pkg/share/interface_pkg/cmake/export_interface_pkg__rosidl_typesupport_fastrtps_cExport-noconfig.cmake
[4.306s] -- Installing: /home/jw/YongYiHanYong/install/interface_pkg/share/interface_pkg/cmake/interface_pkg__rosidl_typesupport_introspection_cExport.cmake
[4.306s] -- Installing: /home/jw/YongYiHanYong/install/interface_pkg/share/interface_pkg/cmake/interface_pkg__rosidl_typesupport_introspection_cExport-noconfig.cmake
[4.306s] -- Installing: /home/jw/YongYiHanYong/install/interface_pkg/share/interface_pkg/cmake/interface_pkg__rosidl_typesupport_cExport.cmake
[4.306s] -- Installing: /home/jw/YongYiHanYong/install/interface_pkg/share/interface_pkg/cmake/interface_pkg__rosidl_typesupport_cExport-noconfig.cmake
[4.306s] -- Installing: /home/jw/YongYiHanYong/install/interface_pkg/share/interface_pkg/cmake/export_interface_pkg__rosidl_generator_cppExport.cmake
[4.306s] -- Installing: /home/jw/YongYiHanYong/install/interface_pkg/share/interface_pkg/cmake/export_interface_pkg__rosidl_typesupport_fastrtps_cppExport.cmake
[4.307s] -- Installing: /home/jw/YongYiHanYong/install/interface_pkg/share/interface_pkg/cmake/export_interface_pkg__rosidl_typesupport_fastrtps_cppExport-noconfig.cmake
[4.307s] -- Installing: /home/jw/YongYiHanYong/install/interface_pkg/share/interface_pkg/cmake/interface_pkg__rosidl_typesupport_introspection_cppExport.cmake
[4.307s] -- Installing: /home/jw/YongYiHanYong/install/interface_pkg/share/interface_pkg/cmake/interface_pkg__rosidl_typesupport_introspection_cppExport-noconfig.cmake
[4.307s] -- Installing: /home/jw/YongYiHanYong/install/interface_pkg/share/interface_pkg/cmake/interface_pkg__rosidl_typesupport_cppExport.cmake
[4.307s] -- Installing: /home/jw/YongYiHanYong/install/interface_pkg/share/interface_pkg/cmake/interface_pkg__rosidl_typesupport_cppExport-noconfig.cmake
[4.307s] -- Installing: /home/jw/YongYiHanYong/install/interface_pkg/share/interface_pkg/cmake/export_interface_pkg__rosidl_generator_pyExport.cmake
[4.307s] -- Installing: /home/jw/YongYiHanYong/install/interface_pkg/share/interface_pkg/cmake/export_interface_pkg__rosidl_generator_pyExport-noconfig.cmake
[4.307s] -- Installing: /home/jw/YongYiHanYong/install/interface_pkg/share/interface_pkg/cmake/rosidl_cmake-extras.cmake
[4.307s] -- Installing: /home/jw/YongYiHanYong/install/interface_pkg/share/interface_pkg/cmake/ament_cmake_export_dependencies-extras.cmake
[4.307s] -- Installing: /home/jw/YongYiHanYong/install/interface_pkg/share/interface_pkg/cmake/ament_cmake_export_include_directories-extras.cmake
[4.307s] -- Installing: /home/jw/YongYiHanYong/install/interface_pkg/share/interface_pkg/cmake/ament_cmake_export_libraries-extras.cmake
[4.308s] -- Installing: /home/jw/YongYiHanYong/install/interface_pkg/share/interface_pkg/cmake/ament_cmake_export_targets-extras.cmake
[4.308s] -- Installing: /home/jw/YongYiHanYong/install/interface_pkg/share/interface_pkg/cmake/rosidl_cmake_export_typesupport_targets-extras.cmake
[4.308s] -- Installing: /home/jw/YongYiHanYong/install/interface_pkg/share/interface_pkg/cmake/rosidl_cmake_export_typesupport_libraries-extras.cmake
[4.308s] -- Installing: /home/jw/YongYiHanYong/install/interface_pkg/share/interface_pkg/cmake/interface_pkgConfig.cmake
[4.308s] -- Installing: /home/jw/YongYiHanYong/install/interface_pkg/share/interface_pkg/cmake/interface_pkgConfig-version.cmake
[4.308s] -- Installing: /home/jw/YongYiHanYong/install/interface_pkg/share/interface_pkg/package.xml
[4.312s] Invoked command in '/home/jw/YongYiHanYong/build/interface_pkg' returned '0': CMAKE_PREFIX_PATH=${CMAKE_PREFIX_PATH}:/opt/ros/jazzy DEBUGINFOD_URLS=https://debuginfod.ubuntu.com /usr/bin/cmake --install /home/jw/YongYiHanYong/build/interface_pkg
