[0.015s] Invoking command in '/home/hun/YongYiHanYong/build/interface_pkg': CMAKE_PREFIX_PATH=${CMAKE_PREFIX_PATH}:/home/hun/YongYiHanYong/install/yolo_realsense:/home/hun/YongYiHanYong/install/llm_for_pick_place_voice:/opt/ros/jazzy DEBUGINFOD_URLS=https://debuginfod.ubuntu.com /usr/bin/cmake --build /home/hun/YongYiHanYong/build/interface_pkg -- -j12 -l12
[0.076s] [  2%] Built target interface_pkg__rosidl_generator_type_description
[0.109s] [  2%] Built target ament_cmake_python_copy_interface_pkg
[0.137s] [ 17%] Built target interface_pkg__rosidl_generator_c
[0.324s] running egg_info
[0.341s] writing interface_pkg.egg-info/PKG-INFO
[0.341s] writing dependency_links to interface_pkg.egg-info/dependency_links.txt
[0.341s] writing top-level names to interface_pkg.egg-info/top_level.txt
[0.390s] reading manifest file 'interface_pkg.egg-info/SOURCES.txt'
[0.390s] writing manifest file 'interface_pkg.egg-info/SOURCES.txt'
[0.417s] [ 17%] Built target ament_cmake_python_build_interface_pkg_egg
[0.446s] [ 26%] Built target interface_pkg__rosidl_typesupport_c
[0.471s] [ 35%] Built target interface_pkg__rosidl_typesupport_introspection_c
[0.496s] [ 44%] Built target interface_pkg__rosidl_typesupport_fastrtps_c
[0.524s] [ 47%] Built target interface_pkg__cpp
[0.553s] [ 55%] Built target interface_pkg__rosidl_typesupport_fastrtps_cpp
[0.581s] [ 64%] Built target interface_pkg__rosidl_typesupport_cpp
[0.611s] [ 73%] Built target interface_pkg__rosidl_typesupport_introspection_cpp
[0.636s] [ 73%] Built target interface_pkg
[0.665s] [ 76%] Built target interface_pkg__py
[0.697s] [ 82%] Built target interface_pkg__rosidl_generator_py
[0.729s] [ 88%] Built target interface_pkg_s__rosidl_typesupport_fastrtps_c
[0.759s] [ 94%] Built target interface_pkg_s__rosidl_typesupport_c
[0.790s] [100%] Built target interface_pkg_s__rosidl_typesupport_introspection_c
[0.807s] Invoked command in '/home/hun/YongYiHanYong/build/interface_pkg' returned '0': CMAKE_PREFIX_PATH=${CMAKE_PREFIX_PATH}:/home/hun/YongYiHanYong/install/yolo_realsense:/home/hun/YongYiHanYong/install/llm_for_pick_place_voice:/opt/ros/jazzy DEBUGINFOD_URLS=https://debuginfod.ubuntu.com /usr/bin/cmake --build /home/hun/YongYiHanYong/build/interface_pkg -- -j12 -l12
[0.820s] Invoking command in '/home/hun/YongYiHanYong/build/interface_pkg': CMAKE_PREFIX_PATH=${CMAKE_PREFIX_PATH}:/home/hun/YongYiHanYong/install/yolo_realsense:/home/hun/YongYiHanYong/install/llm_for_pick_place_voice:/opt/ros/jazzy DEBUGINFOD_URLS=https://debuginfod.ubuntu.com /usr/bin/cmake --install /home/hun/YongYiHanYong/build/interface_pkg
[0.833s] -- Install configuration: ""
[0.833s] -- Up-to-date: /home/hun/YongYiHanYong/install/interface_pkg/share/ament_index/resource_index/rosidl_interfaces/interface_pkg
[0.834s] -- Up-to-date: /home/hun/YongYiHanYong/install/interface_pkg/share/interface_pkg/srv/StringToString.json
[0.834s] -- Up-to-date: /home/hun/YongYiHanYong/install/interface_pkg/include/interface_pkg/interface_pkg
[0.834s] -- Up-to-date: /home/hun/YongYiHanYong/install/interface_pkg/include/interface_pkg/interface_pkg/msg
[0.834s] -- Up-to-date: /home/hun/YongYiHanYong/install/interface_pkg/include/interface_pkg/interface_pkg/msg/rosidl_generator_c__visibility_control.h
[0.834s] -- Up-to-date: /home/hun/YongYiHanYong/install/interface_pkg/include/interface_pkg/interface_pkg/srv
[0.834s] -- Up-to-date: /home/hun/YongYiHanYong/install/interface_pkg/include/interface_pkg/interface_pkg/srv/string_to_string.h
[0.834s] -- Up-to-date: /home/hun/YongYiHanYong/install/interface_pkg/include/interface_pkg/interface_pkg/srv/detail
[0.835s] -- Up-to-date: /home/hun/YongYiHanYong/install/interface_pkg/include/interface_pkg/interface_pkg/srv/detail/string_to_string__type_support.h
[0.835s] -- Up-to-date: /home/hun/YongYiHanYong/install/interface_pkg/include/interface_pkg/interface_pkg/srv/detail/string_to_string__functions.h
[0.835s] -- Up-to-date: /home/hun/YongYiHanYong/install/interface_pkg/include/interface_pkg/interface_pkg/srv/detail/string_to_string__struct.h
[0.835s] -- Up-to-date: /home/hun/YongYiHanYong/install/interface_pkg/include/interface_pkg/interface_pkg/srv/detail/string_to_string__description.c
[0.835s] -- Up-to-date: /home/hun/YongYiHanYong/install/interface_pkg/include/interface_pkg/interface_pkg/srv/detail/string_to_string__type_support.c
[0.835s] -- Up-to-date: /home/hun/YongYiHanYong/install/interface_pkg/include/interface_pkg/interface_pkg/srv/detail/string_to_string__functions.c
[0.836s] -- Up-to-date: /home/hun/YongYiHanYong/install/interface_pkg/share/interface_pkg/environment/library_path.sh
[0.836s] -- Up-to-date: /home/hun/YongYiHanYong/install/interface_pkg/share/interface_pkg/environment/library_path.dsv
[0.836s] -- Up-to-date: /home/hun/YongYiHanYong/install/interface_pkg/lib/libinterface_pkg__rosidl_generator_c.so
[0.836s] -- Up-to-date: /home/hun/YongYiHanYong/install/interface_pkg/include/interface_pkg/interface_pkg
[0.836s] -- Up-to-date: /home/hun/YongYiHanYong/install/interface_pkg/include/interface_pkg/interface_pkg/msg
[0.836s] -- Up-to-date: /home/hun/YongYiHanYong/install/interface_pkg/include/interface_pkg/interface_pkg/msg/rosidl_typesupport_fastrtps_c__visibility_control.h
[0.836s] -- Up-to-date: /home/hun/YongYiHanYong/install/interface_pkg/include/interface_pkg/interface_pkg/srv
[0.837s] -- Up-to-date: /home/hun/YongYiHanYong/install/interface_pkg/include/interface_pkg/interface_pkg/srv/detail
[0.837s] -- Up-to-date: /home/hun/YongYiHanYong/install/interface_pkg/include/interface_pkg/interface_pkg/srv/detail/string_to_string__rosidl_typesupport_fastrtps_c.h
[0.837s] -- Up-to-date: /home/hun/YongYiHanYong/install/interface_pkg/lib/libinterface_pkg__rosidl_typesupport_fastrtps_c.so
[0.837s] -- Up-to-date: /home/hun/YongYiHanYong/install/interface_pkg/include/interface_pkg/interface_pkg
[0.837s] -- Up-to-date: /home/hun/YongYiHanYong/install/interface_pkg/include/interface_pkg/interface_pkg/msg
[0.837s] -- Up-to-date: /home/hun/YongYiHanYong/install/interface_pkg/include/interface_pkg/interface_pkg/msg/rosidl_typesupport_introspection_c__visibility_control.h
[0.837s] -- Up-to-date: /home/hun/YongYiHanYong/install/interface_pkg/include/interface_pkg/interface_pkg/srv
[0.838s] -- Up-to-date: /home/hun/YongYiHanYong/install/interface_pkg/include/interface_pkg/interface_pkg/srv/detail
[0.838s] -- Up-to-date: /home/hun/YongYiHanYong/install/interface_pkg/include/interface_pkg/interface_pkg/srv/detail/string_to_string__rosidl_typesupport_introspection_c.h
[0.838s] -- Up-to-date: /home/hun/YongYiHanYong/install/interface_pkg/include/interface_pkg/interface_pkg/srv/detail/string_to_string__type_support.c
[0.838s] -- Up-to-date: /home/hun/YongYiHanYong/install/interface_pkg/lib/libinterface_pkg__rosidl_typesupport_introspection_c.so
[0.838s] -- Up-to-date: /home/hun/YongYiHanYong/install/interface_pkg/lib/libinterface_pkg__rosidl_typesupport_c.so
[0.838s] -- Up-to-date: /home/hun/YongYiHanYong/install/interface_pkg/include/interface_pkg/interface_pkg
[0.838s] -- Up-to-date: /home/hun/YongYiHanYong/install/interface_pkg/include/interface_pkg/interface_pkg/msg
[0.839s] -- Up-to-date: /home/hun/YongYiHanYong/install/interface_pkg/include/interface_pkg/interface_pkg/msg/rosidl_generator_cpp__visibility_control.hpp
[0.839s] -- Up-to-date: /home/hun/YongYiHanYong/install/interface_pkg/include/interface_pkg/interface_pkg/srv
[0.839s] -- Up-to-date: /home/hun/YongYiHanYong/install/interface_pkg/include/interface_pkg/interface_pkg/srv/detail
[0.839s] -- Up-to-date: /home/hun/YongYiHanYong/install/interface_pkg/include/interface_pkg/interface_pkg/srv/detail/string_to_string__struct.hpp
[0.839s] -- Up-to-date: /home/hun/YongYiHanYong/install/interface_pkg/include/interface_pkg/interface_pkg/srv/detail/string_to_string__traits.hpp
[0.839s] -- Up-to-date: /home/hun/YongYiHanYong/install/interface_pkg/include/interface_pkg/interface_pkg/srv/detail/string_to_string__builder.hpp
[0.839s] -- Up-to-date: /home/hun/YongYiHanYong/install/interface_pkg/include/interface_pkg/interface_pkg/srv/detail/string_to_string__type_support.hpp
[0.839s] -- Up-to-date: /home/hun/YongYiHanYong/install/interface_pkg/include/interface_pkg/interface_pkg/srv/string_to_string.hpp
[0.840s] -- Up-to-date: /home/hun/YongYiHanYong/install/interface_pkg/include/interface_pkg/interface_pkg
[0.840s] -- Up-to-date: /home/hun/YongYiHanYong/install/interface_pkg/include/interface_pkg/interface_pkg/msg
[0.840s] -- Up-to-date: /home/hun/YongYiHanYong/install/interface_pkg/include/interface_pkg/interface_pkg/msg/rosidl_typesupport_fastrtps_cpp__visibility_control.h
[0.840s] -- Up-to-date: /home/hun/YongYiHanYong/install/interface_pkg/include/interface_pkg/interface_pkg/srv
[0.840s] -- Up-to-date: /home/hun/YongYiHanYong/install/interface_pkg/include/interface_pkg/interface_pkg/srv/detail
[0.840s] -- Up-to-date: /home/hun/YongYiHanYong/install/interface_pkg/include/interface_pkg/interface_pkg/srv/detail/dds_fastrtps
[0.840s] -- Up-to-date: /home/hun/YongYiHanYong/install/interface_pkg/include/interface_pkg/interface_pkg/srv/detail/string_to_string__rosidl_typesupport_fastrtps_cpp.hpp
[0.840s] -- Up-to-date: /home/hun/YongYiHanYong/install/interface_pkg/lib/libinterface_pkg__rosidl_typesupport_fastrtps_cpp.so
[0.840s] -- Up-to-date: /home/hun/YongYiHanYong/install/interface_pkg/include/interface_pkg/interface_pkg
[0.841s] -- Up-to-date: /home/hun/YongYiHanYong/install/interface_pkg/include/interface_pkg/interface_pkg/srv
[0.841s] -- Up-to-date: /home/hun/YongYiHanYong/install/interface_pkg/include/interface_pkg/interface_pkg/srv/detail
[0.841s] -- Up-to-date: /home/hun/YongYiHanYong/install/interface_pkg/include/interface_pkg/interface_pkg/srv/detail/string_to_string__type_support.cpp
[0.841s] -- Up-to-date: /home/hun/YongYiHanYong/install/interface_pkg/include/interface_pkg/interface_pkg/srv/detail/string_to_string__rosidl_typesupport_introspection_cpp.hpp
[0.841s] -- Up-to-date: /home/hun/YongYiHanYong/install/interface_pkg/lib/libinterface_pkg__rosidl_typesupport_introspection_cpp.so
[0.841s] -- Up-to-date: /home/hun/YongYiHanYong/install/interface_pkg/lib/libinterface_pkg__rosidl_typesupport_cpp.so
[0.841s] -- Up-to-date: /home/hun/YongYiHanYong/install/interface_pkg/share/interface_pkg/environment/pythonpath.sh
[0.841s] -- Up-to-date: /home/hun/YongYiHanYong/install/interface_pkg/share/interface_pkg/environment/pythonpath.dsv
[0.842s] -- Up-to-date: /home/hun/YongYiHanYong/install/interface_pkg/lib/python3.12/site-packages/interface_pkg-0.0.0-py3.12.egg-info
[0.842s] -- Installing: /home/hun/YongYiHanYong/install/interface_pkg/lib/python3.12/site-packages/interface_pkg-0.0.0-py3.12.egg-info/top_level.txt
[0.842s] -- Installing: /home/hun/YongYiHanYong/install/interface_pkg/lib/python3.12/site-packages/interface_pkg-0.0.0-py3.12.egg-info/SOURCES.txt
[0.842s] -- Installing: /home/hun/YongYiHanYong/install/interface_pkg/lib/python3.12/site-packages/interface_pkg-0.0.0-py3.12.egg-info/PKG-INFO
[0.842s] -- Installing: /home/hun/YongYiHanYong/install/interface_pkg/lib/python3.12/site-packages/interface_pkg-0.0.0-py3.12.egg-info/dependency_links.txt
[0.842s] -- Up-to-date: /home/hun/YongYiHanYong/install/interface_pkg/lib/python3.12/site-packages/interface_pkg
[0.842s] -- Up-to-date: /home/hun/YongYiHanYong/install/interface_pkg/lib/python3.12/site-packages/interface_pkg/__init__.py
[0.842s] -- Up-to-date: /home/hun/YongYiHanYong/install/interface_pkg/lib/python3.12/site-packages/interface_pkg/interface_pkg_s__rosidl_typesupport_introspection_c.so
[0.842s] -- Up-to-date: /home/hun/YongYiHanYong/install/interface_pkg/lib/python3.12/site-packages/interface_pkg/_interface_pkg_s.ep.rosidl_typesupport_fastrtps_c.c
[0.843s] -- Up-to-date: /home/hun/YongYiHanYong/install/interface_pkg/lib/python3.12/site-packages/interface_pkg/_interface_pkg_s.ep.rosidl_typesupport_introspection_c.c
[0.843s] -- Up-to-date: /home/hun/YongYiHanYong/install/interface_pkg/lib/python3.12/site-packages/interface_pkg/interface_pkg_s__rosidl_typesupport_fastrtps_c.so
[0.843s] -- Up-to-date: /home/hun/YongYiHanYong/install/interface_pkg/lib/python3.12/site-packages/interface_pkg/interface_pkg_s__rosidl_typesupport_c.so
[0.843s] -- Up-to-date: /home/hun/YongYiHanYong/install/interface_pkg/lib/python3.12/site-packages/interface_pkg/srv
[0.843s] -- Up-to-date: /home/hun/YongYiHanYong/install/interface_pkg/lib/python3.12/site-packages/interface_pkg/srv/__init__.py
[0.843s] -- Up-to-date: /home/hun/YongYiHanYong/install/interface_pkg/lib/python3.12/site-packages/interface_pkg/srv/_string_to_string.py
[0.843s] -- Up-to-date: /home/hun/YongYiHanYong/install/interface_pkg/lib/python3.12/site-packages/interface_pkg/srv/_string_to_string_s.c
[0.843s] -- Up-to-date: /home/hun/YongYiHanYong/install/interface_pkg/lib/python3.12/site-packages/interface_pkg/_interface_pkg_s.ep.rosidl_typesupport_c.c
[0.878s] Listing '/home/hun/YongYiHanYong/install/interface_pkg/lib/python3.12/site-packages/interface_pkg'...
[0.878s] Listing '/home/hun/YongYiHanYong/install/interface_pkg/lib/python3.12/site-packages/interface_pkg/srv'...
[0.883s] -- Up-to-date: /home/hun/YongYiHanYong/install/interface_pkg/lib/python3.12/site-packages/interface_pkg/interface_pkg_s__rosidl_typesupport_fastrtps_c.so
[0.883s] -- Up-to-date: /home/hun/YongYiHanYong/install/interface_pkg/lib/python3.12/site-packages/interface_pkg/interface_pkg_s__rosidl_typesupport_introspection_c.so
[0.883s] -- Up-to-date: /home/hun/YongYiHanYong/install/interface_pkg/lib/python3.12/site-packages/interface_pkg/interface_pkg_s__rosidl_typesupport_c.so
[0.883s] -- Up-to-date: /home/hun/YongYiHanYong/install/interface_pkg/lib/libinterface_pkg__rosidl_generator_py.so
[0.883s] -- Up-to-date: /home/hun/YongYiHanYong/install/interface_pkg/share/interface_pkg/srv/StringToString.idl
[0.884s] -- Up-to-date: /home/hun/YongYiHanYong/install/interface_pkg/share/interface_pkg/srv/StringToString.srv
[0.884s] -- Up-to-date: /home/hun/YongYiHanYong/install/interface_pkg/share/ament_index/resource_index/package_run_dependencies/interface_pkg
[0.884s] -- Up-to-date: /home/hun/YongYiHanYong/install/interface_pkg/share/ament_index/resource_index/parent_prefix_path/interface_pkg
[0.884s] -- Up-to-date: /home/hun/YongYiHanYong/install/interface_pkg/share/interface_pkg/environment/ament_prefix_path.sh
[0.884s] -- Up-to-date: /home/hun/YongYiHanYong/install/interface_pkg/share/interface_pkg/environment/ament_prefix_path.dsv
[0.884s] -- Up-to-date: /home/hun/YongYiHanYong/install/interface_pkg/share/interface_pkg/environment/path.sh
[0.884s] -- Up-to-date: /home/hun/YongYiHanYong/install/interface_pkg/share/interface_pkg/environment/path.dsv
[0.885s] -- Up-to-date: /home/hun/YongYiHanYong/install/interface_pkg/share/interface_pkg/local_setup.bash
[0.885s] -- Up-to-date: /home/hun/YongYiHanYong/install/interface_pkg/share/interface_pkg/local_setup.sh
[0.885s] -- Up-to-date: /home/hun/YongYiHanYong/install/interface_pkg/share/interface_pkg/local_setup.zsh
[0.885s] -- Up-to-date: /home/hun/YongYiHanYong/install/interface_pkg/share/interface_pkg/local_setup.dsv
[0.885s] -- Installing: /home/hun/YongYiHanYong/install/interface_pkg/share/interface_pkg/package.dsv
[0.885s] -- Up-to-date: /home/hun/YongYiHanYong/install/interface_pkg/share/ament_index/resource_index/packages/interface_pkg
[0.885s] -- Up-to-date: /home/hun/YongYiHanYong/install/interface_pkg/share/interface_pkg/cmake/export_interface_pkg__rosidl_generator_cExport.cmake
[0.886s] -- Up-to-date: /home/hun/YongYiHanYong/install/interface_pkg/share/interface_pkg/cmake/export_interface_pkg__rosidl_generator_cExport-noconfig.cmake
[0.886s] -- Up-to-date: /home/hun/YongYiHanYong/install/interface_pkg/share/interface_pkg/cmake/export_interface_pkg__rosidl_typesupport_fastrtps_cExport.cmake
[0.886s] -- Up-to-date: /home/hun/YongYiHanYong/install/interface_pkg/share/interface_pkg/cmake/export_interface_pkg__rosidl_typesupport_fastrtps_cExport-noconfig.cmake
[0.887s] -- Up-to-date: /home/hun/YongYiHanYong/install/interface_pkg/share/interface_pkg/cmake/interface_pkg__rosidl_typesupport_introspection_cExport.cmake
[0.887s] -- Up-to-date: /home/hun/YongYiHanYong/install/interface_pkg/share/interface_pkg/cmake/interface_pkg__rosidl_typesupport_introspection_cExport-noconfig.cmake
[0.887s] -- Up-to-date: /home/hun/YongYiHanYong/install/interface_pkg/share/interface_pkg/cmake/interface_pkg__rosidl_typesupport_cExport.cmake
[0.887s] -- Up-to-date: /home/hun/YongYiHanYong/install/interface_pkg/share/interface_pkg/cmake/interface_pkg__rosidl_typesupport_cExport-noconfig.cmake
[0.887s] -- Up-to-date: /home/hun/YongYiHanYong/install/interface_pkg/share/interface_pkg/cmake/export_interface_pkg__rosidl_generator_cppExport.cmake
[0.888s] -- Up-to-date: /home/hun/YongYiHanYong/install/interface_pkg/share/interface_pkg/cmake/export_interface_pkg__rosidl_typesupport_fastrtps_cppExport.cmake
[0.888s] -- Up-to-date: /home/hun/YongYiHanYong/install/interface_pkg/share/interface_pkg/cmake/export_interface_pkg__rosidl_typesupport_fastrtps_cppExport-noconfig.cmake
[0.888s] -- Up-to-date: /home/hun/YongYiHanYong/install/interface_pkg/share/interface_pkg/cmake/interface_pkg__rosidl_typesupport_introspection_cppExport.cmake
[0.888s] -- Up-to-date: /home/hun/YongYiHanYong/install/interface_pkg/share/interface_pkg/cmake/interface_pkg__rosidl_typesupport_introspection_cppExport-noconfig.cmake
[0.888s] -- Up-to-date: /home/hun/YongYiHanYong/install/interface_pkg/share/interface_pkg/cmake/interface_pkg__rosidl_typesupport_cppExport.cmake
[0.889s] -- Up-to-date: /home/hun/YongYiHanYong/install/interface_pkg/share/interface_pkg/cmake/interface_pkg__rosidl_typesupport_cppExport-noconfig.cmake
[0.889s] -- Up-to-date: /home/hun/YongYiHanYong/install/interface_pkg/share/interface_pkg/cmake/export_interface_pkg__rosidl_generator_pyExport.cmake
[0.889s] -- Up-to-date: /home/hun/YongYiHanYong/install/interface_pkg/share/interface_pkg/cmake/export_interface_pkg__rosidl_generator_pyExport-noconfig.cmake
[0.889s] -- Up-to-date: /home/hun/YongYiHanYong/install/interface_pkg/share/interface_pkg/cmake/rosidl_cmake-extras.cmake
[0.889s] -- Up-to-date: /home/hun/YongYiHanYong/install/interface_pkg/share/interface_pkg/cmake/ament_cmake_export_dependencies-extras.cmake
[0.890s] -- Up-to-date: /home/hun/YongYiHanYong/install/interface_pkg/share/interface_pkg/cmake/ament_cmake_export_include_directories-extras.cmake
[0.890s] -- Up-to-date: /home/hun/YongYiHanYong/install/interface_pkg/share/interface_pkg/cmake/ament_cmake_export_libraries-extras.cmake
[0.890s] -- Up-to-date: /home/hun/YongYiHanYong/install/interface_pkg/share/interface_pkg/cmake/ament_cmake_export_targets-extras.cmake
[0.890s] -- Up-to-date: /home/hun/YongYiHanYong/install/interface_pkg/share/interface_pkg/cmake/rosidl_cmake_export_typesupport_targets-extras.cmake
[0.891s] -- Up-to-date: /home/hun/YongYiHanYong/install/interface_pkg/share/interface_pkg/cmake/rosidl_cmake_export_typesupport_libraries-extras.cmake
[0.891s] -- Up-to-date: /home/hun/YongYiHanYong/install/interface_pkg/share/interface_pkg/cmake/interface_pkgConfig.cmake
[0.891s] -- Up-to-date: /home/hun/YongYiHanYong/install/interface_pkg/share/interface_pkg/cmake/interface_pkgConfig-version.cmake
[0.891s] -- Up-to-date: /home/hun/YongYiHanYong/install/interface_pkg/share/interface_pkg/package.xml
[0.891s] Invoked command in '/home/hun/YongYiHanYong/build/interface_pkg' returned '0': CMAKE_PREFIX_PATH=${CMAKE_PREFIX_PATH}:/home/hun/YongYiHanYong/install/yolo_realsense:/home/hun/YongYiHanYong/install/llm_for_pick_place_voice:/opt/ros/jazzy DEBUGINFOD_URLS=https://debuginfod.ubuntu.com /usr/bin/cmake --install /home/hun/YongYiHanYong/build/interface_pkg
