[0.010s] Invoking command in '/home/hun/YongYiHanYong/build/target_move': CMAKE_PREFIX_PATH=/home/hun/YongYiHanYong/install/yolo_realsense:/home/hun/YongYiHanYong/install/llm_for_pick_place_voice:/opt/ros/jazzy:/home/hun/YongYiHanYong/install/yolo_depth_interfaces:${CMAKE_PREFIX_PATH} DEBUGINFOD_URLS=https://debuginfod.ubuntu.com LD_LIBRARY_PATH=/home/hun/YongYiHanYong/install/yolo_depth_interfaces/lib:${LD_LIBRARY_PATH} PKG_CONFIG_PATH=/home/hun/YongYiHanYong/install/yolo_depth_interfaces/lib/x86_64-linux-gnu/pkgconfig:/home/hun/YongYiHanYong/install/yolo_depth_interfaces/lib/pkgconfig PYTHONPATH=/home/hun/YongYiHanYong/install/yolo_depth_interfaces/lib/python3.12/site-packages:${PYTHONPATH} ROS_PACKAGE_PATH=/home/hun/YongYiHanYong/install/yolo_depth_interfaces/share /usr/bin/cmake /home/hun/YongYiHanYong/src/target_move -DCMAKE_INSTALL_PREFIX=/home/hun/YongYiHanYong/install/target_move
[0.068s] -- The C compiler identification is GNU 13.3.0
[0.124s] -- The CXX compiler identification is GNU 13.3.0
[0.144s] -- Detecting C compiler ABI info
[0.244s] -- Detecting C compiler ABI info - done
[0.255s] -- Check for working C compiler: /usr/bin/cc - skipped
[0.255s] -- Detecting C compile features
[0.256s] -- Detecting C compile features - done
[0.268s] -- Detecting CXX compiler ABI info
[0.368s] -- Detecting CXX compiler ABI info - done
[0.378s] -- Check for working CXX compiler: /usr/bin/c++ - skipped
[0.378s] -- Detecting CXX compile features
[0.378s] -- Detecting CXX compile features - done
[0.380s] -- Found ament_cmake: 2.5.4 (/opt/ros/jazzy/share/ament_cmake/cmake)
[0.514s] -- Found Python3: /usr/bin/python3 (found version "3.12.3") found components: Interpreter 
[0.601s] -- Found moveit_ros_planning_interface: 2.12.3 (/opt/ros/jazzy/share/moveit_ros_planning_interface/cmake)
[0.755s] -- Found Boost: /usr/lib/x86_64-linux-gnu/cmake/Boost-1.83.0/BoostConfig.cmake (found version "1.83.0") found components: date_time filesystem program_options system thread 
[0.793s] -- Found rosidl_generator_c: 4.6.6 (/opt/ros/jazzy/share/rosidl_generator_c/cmake)
[0.803s] -- Found rosidl_generator_cpp: 4.6.6 (/opt/ros/jazzy/share/rosidl_generator_cpp/cmake)
[0.815s] -- Using all available rosidl_typesupport_c: rosidl_typesupport_fastrtps_c;rosidl_typesupport_introspection_c
[0.828s] -- Using all available rosidl_typesupport_cpp: rosidl_typesupport_fastrtps_cpp;rosidl_typesupport_introspection_cpp
[1.100s] -- Found Boost: /usr/lib/x86_64-linux-gnu/cmake/Boost-1.83.0/BoostConfig.cmake (found version "1.83.0") found components: chrono date_time filesystem iostreams program_options regex serialization system thread 
[1.161s] -- Found parameter_traits: 0.5.0 (/opt/ros/jazzy/share/parameter_traits/cmake)
[1.208s] -- Found rmw_implementation_cmake: 7.3.2 (/opt/ros/jazzy/share/rmw_implementation_cmake/cmake)
[1.211s] -- Found rmw_fastrtps_cpp: 8.4.3 (/opt/ros/jazzy/share/rmw_fastrtps_cpp/cmake)
[1.317s] -- Found OpenSSL: /usr/lib/x86_64-linux-gnu/libcrypto.so (found version "3.0.13")  
[1.337s] -- Found FastRTPS: /opt/ros/jazzy/include (Required is at least version "2.13") 
[1.360s] -- Using RMW implementation 'rmw_fastrtps_cpp' as default
[1.432s] -- Found rclcpp_lifecycle: 28.1.13 (/opt/ros/jazzy/share/rclcpp_lifecycle/cmake)
[1.474s] -- Found Boost: /usr/lib/x86_64-linux-gnu/cmake/Boost-1.83.0/BoostConfig.cmake (found version "1.83.0") found components: filesystem 
[1.536s] -- Found Eigen3: TRUE (found version "3.4.0") 
[1.536s] -- Ensuring Eigen3 include directory is part of orocos-kdl CMake target
[1.676s] -- Found Boost: /usr/lib/x86_64-linux-gnu/cmake/Boost-1.83.0/BoostConfig.cmake (found version "1.83.0") found components: system filesystem date_time program_options thread chrono 
[1.723s] -- Found Boost: /usr/lib/x86_64-linux-gnu/cmake/Boost-1.83.0/BoostConfig.cmake (found version "1.83.0") found components: thread system filesystem regex date_time program_options 
[1.745s] -- Found Boost: /usr/lib/x86_64-linux-gnu/cmake/Boost-1.83.0/BoostConfig.cmake (found version "1.83.0") found components: system filesystem date_time program_options thread 
[1.779s] -- Found yolo_depth_interfaces: 0.0.0 (/home/hun/YongYiHanYong/install/yolo_depth_interfaces/share/yolo_depth_interfaces/cmake)
[1.798s] -- Found ament_lint_auto: 0.17.3 (/opt/ros/jazzy/share/ament_lint_auto/cmake)
[1.898s] -- Added test 'cppcheck' to perform static code analysis on C / C++ code
[1.898s] -- Configured cppcheck include dirs: $<BUILD_INTERFACE:/home/hun/YongYiHanYong/src/target_move/include>
[1.898s] -- Configured cppcheck exclude dirs and/or files: 
[1.898s] -- Added test 'flake8' to check Python code syntax and style conventions
[1.898s] -- Configured 'flake8' exclude dirs and/or files: 
[1.899s] -- Added test 'lint_cmake' to check CMake code style
[1.899s] -- Added test 'pep257' to check Python code against some of the docstring style conventions in PEP 257
[1.900s] -- Added test 'uncrustify' to check C / C++ code style
[1.900s] -- Configured uncrustify additional arguments: 
[1.900s] -- Added test 'xmllint' to check XML markup files
[1.901s] -- Configuring done (1.9s)
[1.934s] -- Generating done (0.0s)
[1.938s] -- Build files have been written to: /home/hun/YongYiHanYong/build/target_move
[1.950s] Invoked command in '/home/hun/YongYiHanYong/build/target_move' returned '0': CMAKE_PREFIX_PATH=/home/hun/YongYiHanYong/install/yolo_realsense:/home/hun/YongYiHanYong/install/llm_for_pick_place_voice:/opt/ros/jazzy:/home/hun/YongYiHanYong/install/yolo_depth_interfaces:${CMAKE_PREFIX_PATH} DEBUGINFOD_URLS=https://debuginfod.ubuntu.com LD_LIBRARY_PATH=/home/hun/YongYiHanYong/install/yolo_depth_interfaces/lib:${LD_LIBRARY_PATH} PKG_CONFIG_PATH=/home/hun/YongYiHanYong/install/yolo_depth_interfaces/lib/x86_64-linux-gnu/pkgconfig:/home/hun/YongYiHanYong/install/yolo_depth_interfaces/lib/pkgconfig PYTHONPATH=/home/hun/YongYiHanYong/install/yolo_depth_interfaces/lib/python3.12/site-packages:${PYTHONPATH} ROS_PACKAGE_PATH=/home/hun/YongYiHanYong/install/yolo_depth_interfaces/share /usr/bin/cmake /home/hun/YongYiHanYong/src/target_move -DCMAKE_INSTALL_PREFIX=/home/hun/YongYiHanYong/install/target_move
[1.951s] Invoking command in '/home/hun/YongYiHanYong/build/target_move': CMAKE_PREFIX_PATH=/home/hun/YongYiHanYong/install/yolo_realsense:/home/hun/YongYiHanYong/install/llm_for_pick_place_voice:/opt/ros/jazzy:/home/hun/YongYiHanYong/install/yolo_depth_interfaces:${CMAKE_PREFIX_PATH} DEBUGINFOD_URLS=https://debuginfod.ubuntu.com LD_LIBRARY_PATH=/home/hun/YongYiHanYong/install/yolo_depth_interfaces/lib:${LD_LIBRARY_PATH} PKG_CONFIG_PATH=/home/hun/YongYiHanYong/install/yolo_depth_interfaces/lib/x86_64-linux-gnu/pkgconfig:/home/hun/YongYiHanYong/install/yolo_depth_interfaces/lib/pkgconfig PYTHONPATH=/home/hun/YongYiHanYong/install/yolo_depth_interfaces/lib/python3.12/site-packages:${PYTHONPATH} ROS_PACKAGE_PATH=/home/hun/YongYiHanYong/install/yolo_depth_interfaces/share /usr/bin/cmake --build /home/hun/YongYiHanYong/build/target_move -- -j12 -l12
[2.015s] [ 50%] [32mBuilding CXX object CMakeFiles/target_move_node.dir/src/target_move.cpp.o[0m
[2.443s] [01m[K/home/hun/YongYiHanYong/src/target_move/src/target_move.cpp:16:10:[m[K [01;31m[Kfatal error: [m[Knlohmann/json.hpp: No such file or directory
[2.443s]    16 | #include [01;31m[K<nlohmann/json.hpp>[m[K
[2.443s]       |          [01;31m[K^~~~~~~~~~~~~~~~~~~[m[K
[2.443s] compilation terminated.
[2.448s] gmake[2]: *** [CMakeFiles/target_move_node.dir/build.make:76: CMakeFiles/target_move_node.dir/src/target_move.cpp.o] Error 1
[2.449s] gmake[1]: *** [CMakeFiles/Makefile2:137: CMakeFiles/target_move_node.dir/all] Error 2
[2.449s] gmake: *** [Makefile:146: all] Error 2
[2.451s] Invoked command in '/home/hun/YongYiHanYong/build/target_move' returned '2': CMAKE_PREFIX_PATH=/home/hun/YongYiHanYong/install/yolo_realsense:/home/hun/YongYiHanYong/install/llm_for_pick_place_voice:/opt/ros/jazzy:/home/hun/YongYiHanYong/install/yolo_depth_interfaces:${CMAKE_PREFIX_PATH} DEBUGINFOD_URLS=https://debuginfod.ubuntu.com LD_LIBRARY_PATH=/home/hun/YongYiHanYong/install/yolo_depth_interfaces/lib:${LD_LIBRARY_PATH} PKG_CONFIG_PATH=/home/hun/YongYiHanYong/install/yolo_depth_interfaces/lib/x86_64-linux-gnu/pkgconfig:/home/hun/YongYiHanYong/install/yolo_depth_interfaces/lib/pkgconfig PYTHONPATH=/home/hun/YongYiHanYong/install/yolo_depth_interfaces/lib/python3.12/site-packages:${PYTHONPATH} ROS_PACKAGE_PATH=/home/hun/YongYiHanYong/install/yolo_depth_interfaces/share /usr/bin/cmake --build /home/hun/YongYiHanYong/build/target_move -- -j12 -l12
