[0.031s] Invoking command in '/home/jw/YongYiHanYong/build/interface_pkg': CMAKE_PREFIX_PATH=${CMAKE_PREFIX_PATH}:/home/jw/YongYiHanYong/install/llm_for_pick_place_voice:/opt/ros/jazzy DEBUGINFOD_URLS=https://debuginfod.ubuntu.com /usr/bin/cmake --build /home/jw/YongYiHanYong/build/interface_pkg -- -j16 -l16
[0.237s] [  2%] Built target interface_pkg__rosidl_generator_type_description
[0.237s] [  2%] Built target ament_cmake_python_copy_interface_pkg
[0.237s] [  4%] Built target interface_pkg__cpp
[0.237s] [ 22%] Built target interface_pkg__rosidl_generator_c
[0.237s] [ 50%] Built target interface_pkg__rosidl_typesupport_introspection_c
[0.237s] [ 50%] Built target interface_pkg__rosidl_typesupport_cpp
[0.237s] [ 50%] Built target interface_pkg__rosidl_typesupport_introspection_cpp
[0.237s] [ 59%] Built target interface_pkg__rosidl_typesupport_fastrtps_c
[0.237s] [ 68%] Built target interface_pkg__rosidl_typesupport_c
[0.237s] [ 77%] Built target interface_pkg__rosidl_typesupport_fastrtps_cpp
[0.238s] [ 77%] Built target interface_pkg
[0.238s] [ 79%] Built target interface_pkg__py
[0.238s] [ 86%] Built target interface_pkg__rosidl_generator_py
[0.241s] [ 93%] Built target interface_pkg_s__rosidl_typesupport_introspection_c
[0.241s] [100%] Built target interface_pkg_s__rosidl_typesupport_fastrtps_c
[0.241s] [100%] Built target interface_pkg_s__rosidl_typesupport_c
[0.298s] running egg_info
[0.319s] writing interface_pkg.egg-info/PKG-INFO
[0.319s] writing dependency_links to interface_pkg.egg-info/dependency_links.txt
[0.320s] writing top-level names to interface_pkg.egg-info/top_level.txt
[0.370s] reading manifest file 'interface_pkg.egg-info/SOURCES.txt'
[0.371s] writing manifest file 'interface_pkg.egg-info/SOURCES.txt'
[0.410s] [100%] Built target ament_cmake_python_build_interface_pkg_egg
[0.424s] Invoked command in '/home/jw/YongYiHanYong/build/interface_pkg' returned '0': CMAKE_PREFIX_PATH=${CMAKE_PREFIX_PATH}:/home/jw/YongYiHanYong/install/llm_for_pick_place_voice:/opt/ros/jazzy DEBUGINFOD_URLS=https://debuginfod.ubuntu.com /usr/bin/cmake --build /home/jw/YongYiHanYong/build/interface_pkg -- -j16 -l16
[0.425s] Invoking command in '/home/jw/YongYiHanYong/build/interface_pkg': CMAKE_PREFIX_PATH=${CMAKE_PREFIX_PATH}:/home/jw/YongYiHanYong/install/llm_for_pick_place_voice:/opt/ros/jazzy DEBUGINFOD_URLS=https://debuginfod.ubuntu.com /usr/bin/cmake --install /home/jw/YongYiHanYong/build/interface_pkg
[0.435s] -- Install configuration: ""
[0.435s] -- Up-to-date: /home/jw/YongYiHanYong/install/interface_pkg/share/ament_index/resource_index/rosidl_interfaces/interface_pkg
[0.435s] -- Up-to-date: /home/jw/YongYiHanYong/install/interface_pkg/share/interface_pkg/srv/StringToString.json
[0.435s] -- Up-to-date: /home/jw/YongYiHanYong/install/interface_pkg/share/interface_pkg/srv/GetTargetPoint.json
[0.435s] -- Up-to-date: /home/jw/YongYiHanYong/install/interface_pkg/include/interface_pkg/interface_pkg
[0.436s] -- Up-to-date: /home/jw/YongYiHanYong/install/interface_pkg/include/interface_pkg/interface_pkg/msg
[0.436s] -- Up-to-date: /home/jw/YongYiHanYong/install/interface_pkg/include/interface_pkg/interface_pkg/msg/rosidl_generator_c__visibility_control.h
[0.436s] -- Up-to-date: /home/jw/YongYiHanYong/install/interface_pkg/include/interface_pkg/interface_pkg/srv
[0.436s] -- Up-to-date: /home/jw/YongYiHanYong/install/interface_pkg/include/interface_pkg/interface_pkg/srv/detail
[0.436s] -- Up-to-date: /home/jw/YongYiHanYong/install/interface_pkg/include/interface_pkg/interface_pkg/srv/detail/get_target_point__struct.h
[0.436s] -- Up-to-date: /home/jw/YongYiHanYong/install/interface_pkg/include/interface_pkg/interface_pkg/srv/detail/get_target_point__description.c
[0.436s] -- Up-to-date: /home/jw/YongYiHanYong/install/interface_pkg/include/interface_pkg/interface_pkg/srv/detail/string_to_string__description.c
[0.436s] -- Up-to-date: /home/jw/YongYiHanYong/install/interface_pkg/include/interface_pkg/interface_pkg/srv/detail/string_to_string__functions.h
[0.436s] -- Up-to-date: /home/jw/YongYiHanYong/install/interface_pkg/include/interface_pkg/interface_pkg/srv/detail/string_to_string__type_support.h
[0.436s] -- Up-to-date: /home/jw/YongYiHanYong/install/interface_pkg/include/interface_pkg/interface_pkg/srv/detail/get_target_point__functions.h
[0.436s] -- Up-to-date: /home/jw/YongYiHanYong/install/interface_pkg/include/interface_pkg/interface_pkg/srv/detail/get_target_point__functions.c
[0.436s] -- Up-to-date: /home/jw/YongYiHanYong/install/interface_pkg/include/interface_pkg/interface_pkg/srv/detail/string_to_string__struct.h
[0.436s] -- Up-to-date: /home/jw/YongYiHanYong/install/interface_pkg/include/interface_pkg/interface_pkg/srv/detail/string_to_string__type_support.c
[0.436s] -- Up-to-date: /home/jw/YongYiHanYong/install/interface_pkg/include/interface_pkg/interface_pkg/srv/detail/get_target_point__type_support.c
[0.436s] -- Up-to-date: /home/jw/YongYiHanYong/install/interface_pkg/include/interface_pkg/interface_pkg/srv/detail/get_target_point__type_support.h
[0.436s] -- Up-to-date: /home/jw/YongYiHanYong/install/interface_pkg/include/interface_pkg/interface_pkg/srv/detail/string_to_string__functions.c
[0.436s] -- Up-to-date: /home/jw/YongYiHanYong/install/interface_pkg/include/interface_pkg/interface_pkg/srv/string_to_string.h
[0.436s] -- Up-to-date: /home/jw/YongYiHanYong/install/interface_pkg/include/interface_pkg/interface_pkg/srv/get_target_point.h
[0.437s] -- Up-to-date: /home/jw/YongYiHanYong/install/interface_pkg/share/interface_pkg/environment/library_path.sh
[0.437s] -- Up-to-date: /home/jw/YongYiHanYong/install/interface_pkg/share/interface_pkg/environment/library_path.dsv
[0.437s] -- Up-to-date: /home/jw/YongYiHanYong/install/interface_pkg/lib/libinterface_pkg__rosidl_generator_c.so
[0.437s] -- Up-to-date: /home/jw/YongYiHanYong/install/interface_pkg/include/interface_pkg/interface_pkg
[0.437s] -- Up-to-date: /home/jw/YongYiHanYong/install/interface_pkg/include/interface_pkg/interface_pkg/msg
[0.437s] -- Up-to-date: /home/jw/YongYiHanYong/install/interface_pkg/include/interface_pkg/interface_pkg/msg/rosidl_typesupport_fastrtps_c__visibility_control.h
[0.437s] -- Up-to-date: /home/jw/YongYiHanYong/install/interface_pkg/include/interface_pkg/interface_pkg/srv
[0.437s] -- Up-to-date: /home/jw/YongYiHanYong/install/interface_pkg/include/interface_pkg/interface_pkg/srv/detail
[0.437s] -- Up-to-date: /home/jw/YongYiHanYong/install/interface_pkg/include/interface_pkg/interface_pkg/srv/detail/string_to_string__rosidl_typesupport_fastrtps_c.h
[0.437s] -- Up-to-date: /home/jw/YongYiHanYong/install/interface_pkg/include/interface_pkg/interface_pkg/srv/detail/get_target_point__rosidl_typesupport_fastrtps_c.h
[0.437s] -- Up-to-date: /home/jw/YongYiHanYong/install/interface_pkg/lib/libinterface_pkg__rosidl_typesupport_fastrtps_c.so
[0.437s] -- Up-to-date: /home/jw/YongYiHanYong/install/interface_pkg/include/interface_pkg/interface_pkg
[0.437s] -- Up-to-date: /home/jw/YongYiHanYong/install/interface_pkg/include/interface_pkg/interface_pkg/msg
[0.438s] -- Up-to-date: /home/jw/YongYiHanYong/install/interface_pkg/include/interface_pkg/interface_pkg/msg/rosidl_typesupport_introspection_c__visibility_control.h
[0.438s] -- Up-to-date: /home/jw/YongYiHanYong/install/interface_pkg/include/interface_pkg/interface_pkg/srv
[0.438s] -- Up-to-date: /home/jw/YongYiHanYong/install/interface_pkg/include/interface_pkg/interface_pkg/srv/detail
[0.438s] -- Up-to-date: /home/jw/YongYiHanYong/install/interface_pkg/include/interface_pkg/interface_pkg/srv/detail/string_to_string__rosidl_typesupport_introspection_c.h
[0.438s] -- Up-to-date: /home/jw/YongYiHanYong/install/interface_pkg/include/interface_pkg/interface_pkg/srv/detail/string_to_string__type_support.c
[0.438s] -- Up-to-date: /home/jw/YongYiHanYong/install/interface_pkg/include/interface_pkg/interface_pkg/srv/detail/get_target_point__rosidl_typesupport_introspection_c.h
[0.439s] -- Up-to-date: /home/jw/YongYiHanYong/install/interface_pkg/include/interface_pkg/interface_pkg/srv/detail/get_target_point__type_support.c
[0.439s] -- Up-to-date: /home/jw/YongYiHanYong/install/interface_pkg/lib/libinterface_pkg__rosidl_typesupport_introspection_c.so
[0.439s] -- Up-to-date: /home/jw/YongYiHanYong/install/interface_pkg/lib/libinterface_pkg__rosidl_typesupport_c.so
[0.439s] -- Up-to-date: /home/jw/YongYiHanYong/install/interface_pkg/include/interface_pkg/interface_pkg
[0.439s] -- Up-to-date: /home/jw/YongYiHanYong/install/interface_pkg/include/interface_pkg/interface_pkg/msg
[0.439s] -- Up-to-date: /home/jw/YongYiHanYong/install/interface_pkg/include/interface_pkg/interface_pkg/msg/rosidl_generator_cpp__visibility_control.hpp
[0.439s] -- Up-to-date: /home/jw/YongYiHanYong/install/interface_pkg/include/interface_pkg/interface_pkg/srv
[0.439s] -- Up-to-date: /home/jw/YongYiHanYong/install/interface_pkg/include/interface_pkg/interface_pkg/srv/detail
[0.439s] -- Up-to-date: /home/jw/YongYiHanYong/install/interface_pkg/include/interface_pkg/interface_pkg/srv/detail/string_to_string__builder.hpp
[0.439s] -- Up-to-date: /home/jw/YongYiHanYong/install/interface_pkg/include/interface_pkg/interface_pkg/srv/detail/string_to_string__traits.hpp
[0.439s] -- Up-to-date: /home/jw/YongYiHanYong/install/interface_pkg/include/interface_pkg/interface_pkg/srv/detail/string_to_string__type_support.hpp
[0.439s] -- Up-to-date: /home/jw/YongYiHanYong/install/interface_pkg/include/interface_pkg/interface_pkg/srv/detail/string_to_string__struct.hpp
[0.439s] -- Up-to-date: /home/jw/YongYiHanYong/install/interface_pkg/include/interface_pkg/interface_pkg/srv/detail/get_target_point__struct.hpp
[0.439s] -- Up-to-date: /home/jw/YongYiHanYong/install/interface_pkg/include/interface_pkg/interface_pkg/srv/detail/get_target_point__type_support.hpp
[0.439s] -- Up-to-date: /home/jw/YongYiHanYong/install/interface_pkg/include/interface_pkg/interface_pkg/srv/detail/get_target_point__builder.hpp
[0.439s] -- Up-to-date: /home/jw/YongYiHanYong/install/interface_pkg/include/interface_pkg/interface_pkg/srv/detail/get_target_point__traits.hpp
[0.439s] -- Up-to-date: /home/jw/YongYiHanYong/install/interface_pkg/include/interface_pkg/interface_pkg/srv/string_to_string.hpp
[0.439s] -- Up-to-date: /home/jw/YongYiHanYong/install/interface_pkg/include/interface_pkg/interface_pkg/srv/get_target_point.hpp
[0.440s] -- Up-to-date: /home/jw/YongYiHanYong/install/interface_pkg/include/interface_pkg/interface_pkg
[0.440s] -- Up-to-date: /home/jw/YongYiHanYong/install/interface_pkg/include/interface_pkg/interface_pkg/msg
[0.440s] -- Up-to-date: /home/jw/YongYiHanYong/install/interface_pkg/include/interface_pkg/interface_pkg/msg/rosidl_typesupport_fastrtps_cpp__visibility_control.h
[0.440s] -- Up-to-date: /home/jw/YongYiHanYong/install/interface_pkg/include/interface_pkg/interface_pkg/srv
[0.440s] -- Up-to-date: /home/jw/YongYiHanYong/install/interface_pkg/include/interface_pkg/interface_pkg/srv/detail
[0.440s] -- Up-to-date: /home/jw/YongYiHanYong/install/interface_pkg/include/interface_pkg/interface_pkg/srv/detail/string_to_string__rosidl_typesupport_fastrtps_cpp.hpp
[0.440s] -- Up-to-date: /home/jw/YongYiHanYong/install/interface_pkg/include/interface_pkg/interface_pkg/srv/detail/dds_fastrtps
[0.440s] -- Up-to-date: /home/jw/YongYiHanYong/install/interface_pkg/include/interface_pkg/interface_pkg/srv/detail/get_target_point__rosidl_typesupport_fastrtps_cpp.hpp
[0.440s] -- Up-to-date: /home/jw/YongYiHanYong/install/interface_pkg/lib/libinterface_pkg__rosidl_typesupport_fastrtps_cpp.so
[0.440s] -- Up-to-date: /home/jw/YongYiHanYong/install/interface_pkg/include/interface_pkg/interface_pkg
[0.440s] -- Up-to-date: /home/jw/YongYiHanYong/install/interface_pkg/include/interface_pkg/interface_pkg/srv
[0.440s] -- Up-to-date: /home/jw/YongYiHanYong/install/interface_pkg/include/interface_pkg/interface_pkg/srv/detail
[0.440s] -- Up-to-date: /home/jw/YongYiHanYong/install/interface_pkg/include/interface_pkg/interface_pkg/srv/detail/get_target_point__rosidl_typesupport_introspection_cpp.hpp
[0.440s] -- Up-to-date: /home/jw/YongYiHanYong/install/interface_pkg/include/interface_pkg/interface_pkg/srv/detail/string_to_string__rosidl_typesupport_introspection_cpp.hpp
[0.440s] -- Up-to-date: /home/jw/YongYiHanYong/install/interface_pkg/include/interface_pkg/interface_pkg/srv/detail/get_target_point__type_support.cpp
[0.440s] -- Up-to-date: /home/jw/YongYiHanYong/install/interface_pkg/include/interface_pkg/interface_pkg/srv/detail/string_to_string__type_support.cpp
[0.440s] -- Up-to-date: /home/jw/YongYiHanYong/install/interface_pkg/lib/libinterface_pkg__rosidl_typesupport_introspection_cpp.so
[0.440s] -- Up-to-date: /home/jw/YongYiHanYong/install/interface_pkg/lib/libinterface_pkg__rosidl_typesupport_cpp.so
[0.440s] -- Up-to-date: /home/jw/YongYiHanYong/install/interface_pkg/share/interface_pkg/environment/pythonpath.sh
[0.440s] -- Up-to-date: /home/jw/YongYiHanYong/install/interface_pkg/share/interface_pkg/environment/pythonpath.dsv
[0.440s] -- Up-to-date: /home/jw/YongYiHanYong/install/interface_pkg/lib/python3.12/site-packages/interface_pkg-0.0.0-py3.12.egg-info
[0.440s] -- Installing: /home/jw/YongYiHanYong/install/interface_pkg/lib/python3.12/site-packages/interface_pkg-0.0.0-py3.12.egg-info/top_level.txt
[0.440s] -- Installing: /home/jw/YongYiHanYong/install/interface_pkg/lib/python3.12/site-packages/interface_pkg-0.0.0-py3.12.egg-info/PKG-INFO
[0.440s] -- Installing: /home/jw/YongYiHanYong/install/interface_pkg/lib/python3.12/site-packages/interface_pkg-0.0.0-py3.12.egg-info/dependency_links.txt
[0.441s] -- Installing: /home/jw/YongYiHanYong/install/interface_pkg/lib/python3.12/site-packages/interface_pkg-0.0.0-py3.12.egg-info/SOURCES.txt
[0.441s] -- Up-to-date: /home/jw/YongYiHanYong/install/interface_pkg/lib/python3.12/site-packages/interface_pkg
[0.441s] -- Up-to-date: /home/jw/YongYiHanYong/install/interface_pkg/lib/python3.12/site-packages/interface_pkg/_interface_pkg_s.ep.rosidl_typesupport_c.c
[0.441s] -- Up-to-date: /home/jw/YongYiHanYong/install/interface_pkg/lib/python3.12/site-packages/interface_pkg/_interface_pkg_s.ep.rosidl_typesupport_introspection_c.c
[0.441s] -- Up-to-date: /home/jw/YongYiHanYong/install/interface_pkg/lib/python3.12/site-packages/interface_pkg/interface_pkg_s__rosidl_typesupport_fastrtps_c.so
[0.441s] -- Up-to-date: /home/jw/YongYiHanYong/install/interface_pkg/lib/python3.12/site-packages/interface_pkg/srv
[0.441s] -- Up-to-date: /home/jw/YongYiHanYong/install/interface_pkg/lib/python3.12/site-packages/interface_pkg/srv/_get_target_point_s.c
[0.441s] -- Up-to-date: /home/jw/YongYiHanYong/install/interface_pkg/lib/python3.12/site-packages/interface_pkg/srv/__init__.py
[0.441s] -- Up-to-date: /home/jw/YongYiHanYong/install/interface_pkg/lib/python3.12/site-packages/interface_pkg/srv/_get_target_point.py
[0.441s] -- Up-to-date: /home/jw/YongYiHanYong/install/interface_pkg/lib/python3.12/site-packages/interface_pkg/srv/_string_to_string_s.c
[0.441s] -- Up-to-date: /home/jw/YongYiHanYong/install/interface_pkg/lib/python3.12/site-packages/interface_pkg/srv/_string_to_string.py
[0.441s] -- Up-to-date: /home/jw/YongYiHanYong/install/interface_pkg/lib/python3.12/site-packages/interface_pkg/interface_pkg_s__rosidl_typesupport_c.so
[0.441s] -- Up-to-date: /home/jw/YongYiHanYong/install/interface_pkg/lib/python3.12/site-packages/interface_pkg/__init__.py
[0.441s] -- Up-to-date: /home/jw/YongYiHanYong/install/interface_pkg/lib/python3.12/site-packages/interface_pkg/interface_pkg_s__rosidl_typesupport_introspection_c.so
[0.441s] -- Up-to-date: /home/jw/YongYiHanYong/install/interface_pkg/lib/python3.12/site-packages/interface_pkg/_interface_pkg_s.ep.rosidl_typesupport_fastrtps_c.c
[0.467s] Listing '/home/jw/YongYiHanYong/install/interface_pkg/lib/python3.12/site-packages/interface_pkg'...
[0.468s] Listing '/home/jw/YongYiHanYong/install/interface_pkg/lib/python3.12/site-packages/interface_pkg/srv'...
[0.472s] -- Up-to-date: /home/jw/YongYiHanYong/install/interface_pkg/lib/python3.12/site-packages/interface_pkg/interface_pkg_s__rosidl_typesupport_fastrtps_c.so
[0.472s] -- Up-to-date: /home/jw/YongYiHanYong/install/interface_pkg/lib/python3.12/site-packages/interface_pkg/interface_pkg_s__rosidl_typesupport_introspection_c.so
[0.472s] -- Up-to-date: /home/jw/YongYiHanYong/install/interface_pkg/lib/python3.12/site-packages/interface_pkg/interface_pkg_s__rosidl_typesupport_c.so
[0.473s] -- Up-to-date: /home/jw/YongYiHanYong/install/interface_pkg/lib/libinterface_pkg__rosidl_generator_py.so
[0.473s] -- Up-to-date: /home/jw/YongYiHanYong/install/interface_pkg/share/interface_pkg/srv/StringToString.idl
[0.473s] -- Up-to-date: /home/jw/YongYiHanYong/install/interface_pkg/share/interface_pkg/srv/GetTargetPoint.idl
[0.473s] -- Up-to-date: /home/jw/YongYiHanYong/install/interface_pkg/share/interface_pkg/srv/StringToString.srv
[0.473s] -- Up-to-date: /home/jw/YongYiHanYong/install/interface_pkg/share/interface_pkg/srv/GetTargetPoint.srv
[0.473s] -- Up-to-date: /home/jw/YongYiHanYong/install/interface_pkg/share/ament_index/resource_index/package_run_dependencies/interface_pkg
[0.473s] -- Up-to-date: /home/jw/YongYiHanYong/install/interface_pkg/share/ament_index/resource_index/parent_prefix_path/interface_pkg
[0.473s] -- Up-to-date: /home/jw/YongYiHanYong/install/interface_pkg/share/interface_pkg/environment/ament_prefix_path.sh
[0.473s] -- Up-to-date: /home/jw/YongYiHanYong/install/interface_pkg/share/interface_pkg/environment/ament_prefix_path.dsv
[0.473s] -- Up-to-date: /home/jw/YongYiHanYong/install/interface_pkg/share/interface_pkg/environment/path.sh
[0.473s] -- Up-to-date: /home/jw/YongYiHanYong/install/interface_pkg/share/interface_pkg/environment/path.dsv
[0.473s] -- Up-to-date: /home/jw/YongYiHanYong/install/interface_pkg/share/interface_pkg/local_setup.bash
[0.473s] -- Up-to-date: /home/jw/YongYiHanYong/install/interface_pkg/share/interface_pkg/local_setup.sh
[0.473s] -- Up-to-date: /home/jw/YongYiHanYong/install/interface_pkg/share/interface_pkg/local_setup.zsh
[0.473s] -- Up-to-date: /home/jw/YongYiHanYong/install/interface_pkg/share/interface_pkg/local_setup.dsv
[0.473s] -- Installing: /home/jw/YongYiHanYong/install/interface_pkg/share/interface_pkg/package.dsv
[0.474s] -- Up-to-date: /home/jw/YongYiHanYong/install/interface_pkg/share/ament_index/resource_index/packages/interface_pkg
[0.474s] -- Up-to-date: /home/jw/YongYiHanYong/install/interface_pkg/share/interface_pkg/cmake/export_interface_pkg__rosidl_generator_cExport.cmake
[0.474s] -- Up-to-date: /home/jw/YongYiHanYong/install/interface_pkg/share/interface_pkg/cmake/export_interface_pkg__rosidl_generator_cExport-noconfig.cmake
[0.474s] -- Up-to-date: /home/jw/YongYiHanYong/install/interface_pkg/share/interface_pkg/cmake/export_interface_pkg__rosidl_typesupport_fastrtps_cExport.cmake
[0.474s] -- Up-to-date: /home/jw/YongYiHanYong/install/interface_pkg/share/interface_pkg/cmake/export_interface_pkg__rosidl_typesupport_fastrtps_cExport-noconfig.cmake
[0.474s] -- Up-to-date: /home/jw/YongYiHanYong/install/interface_pkg/share/interface_pkg/cmake/interface_pkg__rosidl_typesupport_introspection_cExport.cmake
[0.474s] -- Up-to-date: /home/jw/YongYiHanYong/install/interface_pkg/share/interface_pkg/cmake/interface_pkg__rosidl_typesupport_introspection_cExport-noconfig.cmake
[0.474s] -- Up-to-date: /home/jw/YongYiHanYong/install/interface_pkg/share/interface_pkg/cmake/interface_pkg__rosidl_typesupport_cExport.cmake
[0.474s] -- Up-to-date: /home/jw/YongYiHanYong/install/interface_pkg/share/interface_pkg/cmake/interface_pkg__rosidl_typesupport_cExport-noconfig.cmake
[0.474s] -- Up-to-date: /home/jw/YongYiHanYong/install/interface_pkg/share/interface_pkg/cmake/export_interface_pkg__rosidl_generator_cppExport.cmake
[0.474s] -- Up-to-date: /home/jw/YongYiHanYong/install/interface_pkg/share/interface_pkg/cmake/export_interface_pkg__rosidl_typesupport_fastrtps_cppExport.cmake
[0.475s] -- Up-to-date: /home/jw/YongYiHanYong/install/interface_pkg/share/interface_pkg/cmake/export_interface_pkg__rosidl_typesupport_fastrtps_cppExport-noconfig.cmake
[0.475s] -- Up-to-date: /home/jw/YongYiHanYong/install/interface_pkg/share/interface_pkg/cmake/interface_pkg__rosidl_typesupport_introspection_cppExport.cmake
[0.475s] -- Up-to-date: /home/jw/YongYiHanYong/install/interface_pkg/share/interface_pkg/cmake/interface_pkg__rosidl_typesupport_introspection_cppExport-noconfig.cmake
[0.475s] -- Up-to-date: /home/jw/YongYiHanYong/install/interface_pkg/share/interface_pkg/cmake/interface_pkg__rosidl_typesupport_cppExport.cmake
[0.475s] -- Up-to-date: /home/jw/YongYiHanYong/install/interface_pkg/share/interface_pkg/cmake/interface_pkg__rosidl_typesupport_cppExport-noconfig.cmake
[0.475s] -- Up-to-date: /home/jw/YongYiHanYong/install/interface_pkg/share/interface_pkg/cmake/export_interface_pkg__rosidl_generator_pyExport.cmake
[0.475s] -- Up-to-date: /home/jw/YongYiHanYong/install/interface_pkg/share/interface_pkg/cmake/export_interface_pkg__rosidl_generator_pyExport-noconfig.cmake
[0.475s] -- Up-to-date: /home/jw/YongYiHanYong/install/interface_pkg/share/interface_pkg/cmake/rosidl_cmake-extras.cmake
[0.475s] -- Up-to-date: /home/jw/YongYiHanYong/install/interface_pkg/share/interface_pkg/cmake/ament_cmake_export_dependencies-extras.cmake
[0.475s] -- Up-to-date: /home/jw/YongYiHanYong/install/interface_pkg/share/interface_pkg/cmake/ament_cmake_export_include_directories-extras.cmake
[0.475s] -- Up-to-date: /home/jw/YongYiHanYong/install/interface_pkg/share/interface_pkg/cmake/ament_cmake_export_libraries-extras.cmake
[0.475s] -- Up-to-date: /home/jw/YongYiHanYong/install/interface_pkg/share/interface_pkg/cmake/ament_cmake_export_targets-extras.cmake
[0.475s] -- Up-to-date: /home/jw/YongYiHanYong/install/interface_pkg/share/interface_pkg/cmake/rosidl_cmake_export_typesupport_targets-extras.cmake
[0.475s] -- Up-to-date: /home/jw/YongYiHanYong/install/interface_pkg/share/interface_pkg/cmake/rosidl_cmake_export_typesupport_libraries-extras.cmake
[0.476s] -- Up-to-date: /home/jw/YongYiHanYong/install/interface_pkg/share/interface_pkg/cmake/interface_pkgConfig.cmake
[0.476s] -- Up-to-date: /home/jw/YongYiHanYong/install/interface_pkg/share/interface_pkg/cmake/interface_pkgConfig-version.cmake
[0.476s] -- Up-to-date: /home/jw/YongYiHanYong/install/interface_pkg/share/interface_pkg/package.xml
[0.477s] Invoked command in '/home/jw/YongYiHanYong/build/interface_pkg' returned '0': CMAKE_PREFIX_PATH=${CMAKE_PREFIX_PATH}:/home/jw/YongYiHanYong/install/llm_for_pick_place_voice:/opt/ros/jazzy DEBUGINFOD_URLS=https://debuginfod.ubuntu.com /usr/bin/cmake --install /home/jw/YongYiHanYong/build/interface_pkg
