[0.526s] Invoking command in '/home/jw/YongYiHanYong/src/llm_for_pick_place_voice': DEBUGINFOD_URLS=https://debuginfod.ubuntu.com PYTHONPATH=/home/jw/YongYiHanYong/build/llm_for_pick_place_voice/prefix_override:/usr/lib/python3/dist-packages/colcon_core/task/python/colcon_distutils_commands:/home/jw/YongYiHanYong/install/llm_for_pick_place_voice/lib/python3.12/site-packages:/home/jw/YongYiHanYong/install/interface_pkg/lib/python3.12/site-packages:/home/jw/YongYiHanYong/install/llm_for_pick_place_voice/lib/python3.12/site-packages:/opt/ros/jazzy/lib/python3.12/site-packages /usr/bin/python3 -W ignore:setup.py install is deprecated -W ignore:easy_install command is deprecated setup.py egg_info --egg-base ../../build/llm_for_pick_place_voice build --build-base /home/jw/YongYiHanYong/build/llm_for_pick_place_voice/build install --record /home/jw/YongYiHanYong/build/llm_for_pick_place_voice/install.log --single-version-externally-managed install_data
[0.690s] running egg_info
[0.701s] writing ../../build/llm_for_pick_place_voice/llm_for_pick_place_voice.egg-info/PKG-INFO
[0.701s] writing dependency_links to ../../build/llm_for_pick_place_voice/llm_for_pick_place_voice.egg-info/dependency_links.txt
[0.701s] writing entry points to ../../build/llm_for_pick_place_voice/llm_for_pick_place_voice.egg-info/entry_points.txt
[0.701s] writing requirements to ../../build/llm_for_pick_place_voice/llm_for_pick_place_voice.egg-info/requires.txt
[0.701s] writing top-level names to ../../build/llm_for_pick_place_voice/llm_for_pick_place_voice.egg-info/top_level.txt
[0.726s] reading manifest file '../../build/llm_for_pick_place_voice/llm_for_pick_place_voice.egg-info/SOURCES.txt'
[0.726s] writing manifest file '../../build/llm_for_pick_place_voice/llm_for_pick_place_voice.egg-info/SOURCES.txt'
[0.726s] running build
[0.726s] running build_py
[0.727s] copying llm_for_pick_place_voice/get_keyword.py -> /home/jw/YongYiHanYong/build/llm_for_pick_place_voice/build/lib/llm_for_pick_place_voice
[0.727s] running install
[0.731s] running install_lib
[0.743s] copying /home/jw/YongYiHanYong/build/llm_for_pick_place_voice/build/lib/llm_for_pick_place_voice/get_keyword.py -> /home/jw/YongYiHanYong/install/llm_for_pick_place_voice/lib/python3.12/site-packages/llm_for_pick_place_voice
[0.744s] byte-compiling /home/jw/YongYiHanYong/install/llm_for_pick_place_voice/lib/python3.12/site-packages/llm_for_pick_place_voice/get_keyword.py to get_keyword.cpython-312.pyc
[0.745s] running install_data
[0.745s] running install_egg_info
[0.758s] removing '/home/jw/YongYiHanYong/install/llm_for_pick_place_voice/lib/python3.12/site-packages/llm_for_pick_place_voice-0.0.0-py3.12.egg-info' (and everything under it)
[0.758s] Copying ../../build/llm_for_pick_place_voice/llm_for_pick_place_voice.egg-info to /home/jw/YongYiHanYong/install/llm_for_pick_place_voice/lib/python3.12/site-packages/llm_for_pick_place_voice-0.0.0-py3.12.egg-info
[0.759s] running install_scripts
[0.843s] Installing arrive_test script to /home/jw/YongYiHanYong/install/llm_for_pick_place_voice/lib/llm_for_pick_place_voice
[0.843s] Installing get_keyword script to /home/jw/YongYiHanYong/install/llm_for_pick_place_voice/lib/llm_for_pick_place_voice
[0.844s] Installing get_keyword_client script to /home/jw/YongYiHanYong/install/llm_for_pick_place_voice/lib/llm_for_pick_place_voice
[0.844s] Installing ros_web_bridge script to /home/jw/YongYiHanYong/install/llm_for_pick_place_voice/lib/llm_for_pick_place_voice
[0.844s] Installing stt script to /home/jw/YongYiHanYong/install/llm_for_pick_place_voice/lib/llm_for_pick_place_voice
[0.844s] Installing test_robot script to /home/jw/YongYiHanYong/install/llm_for_pick_place_voice/lib/llm_for_pick_place_voice
[0.844s] Installing wakeup_word script to /home/jw/YongYiHanYong/install/llm_for_pick_place_voice/lib/llm_for_pick_place_voice
[0.844s] writing list of installed files to '/home/jw/YongYiHanYong/build/llm_for_pick_place_voice/install.log'
[0.867s] Invoked command in '/home/jw/YongYiHanYong/src/llm_for_pick_place_voice' returned '0': DEBUGINFOD_URLS=https://debuginfod.ubuntu.com PYTHONPATH=/home/jw/YongYiHanYong/build/llm_for_pick_place_voice/prefix_override:/usr/lib/python3/dist-packages/colcon_core/task/python/colcon_distutils_commands:/home/jw/YongYiHanYong/install/llm_for_pick_place_voice/lib/python3.12/site-packages:/home/jw/YongYiHanYong/install/interface_pkg/lib/python3.12/site-packages:/home/jw/YongYiHanYong/install/llm_for_pick_place_voice/lib/python3.12/site-packages:/opt/ros/jazzy/lib/python3.12/site-packages /usr/bin/python3 -W ignore:setup.py install is deprecated -W ignore:easy_install command is deprecated setup.py egg_info --egg-base ../../build/llm_for_pick_place_voice build --build-base /home/jw/YongYiHanYong/build/llm_for_pick_place_voice/build install --record /home/jw/YongYiHanYong/build/llm_for_pick_place_voice/install.log --single-version-externally-managed install_data
