[0.025s] Invoking command in '/home/hun/YongYiHanYong/build/interface_pkg': CMAKE_PREFIX_PATH=${CMAKE_PREFIX_PATH}:/home/hun/YongYiHanYong/install/yolo_realsense:/home/hun/YongYiHanYong/install/llm_for_pick_place_voice:/opt/ros/jazzy DEBUGINFOD_URLS=https://debuginfod.ubuntu.com /usr/bin/cmake --build /home/hun/YongYiHanYong/build/interface_pkg -- -j12 -l12
[0.193s] [  2%] Built target interface_pkg__rosidl_generator_type_description
[0.219s] [  2%] Built target ament_cmake_python_copy_interface_pkg
[0.268s] [  4%] Built target interface_pkg__cpp
[0.277s] [ 22%] Built target interface_pkg__rosidl_generator_c
[0.348s] [ 31%] Built target interface_pkg__rosidl_typesupport_c
[0.349s] [ 40%] Built target interface_pkg__rosidl_typesupport_fastrtps_c
[0.352s] [ 50%] Built target interface_pkg__rosidl_typesupport_fastrtps_cpp
[0.364s] [ 59%] Built target interface_pkg__rosidl_typesupport_introspection_cpp
[0.370s] [ 68%] Built target interface_pkg__rosidl_typesupport_cpp
[0.371s] [ 77%] Built target interface_pkg__rosidl_typesupport_introspection_c
[0.407s] [ 77%] Built target interface_pkg
[0.441s] [ 79%] Built target interface_pkg__py
[0.492s] [ 86%] Built target interface_pkg__rosidl_generator_py
[0.535s] [ 90%] Built target interface_pkg_s__rosidl_typesupport_introspection_c
[0.536s] [ 95%] Built target interface_pkg_s__rosidl_typesupport_fastrtps_c
[0.541s] [100%] Built target interface_pkg_s__rosidl_typesupport_c
[0.867s] running egg_info
[0.933s] writing interface_pkg.egg-info/PKG-INFO
[0.934s] writing dependency_links to interface_pkg.egg-info/dependency_links.txt
[0.934s] writing top-level names to interface_pkg.egg-info/top_level.txt
[1.135s] reading manifest file 'interface_pkg.egg-info/SOURCES.txt'
[1.136s] writing manifest file 'interface_pkg.egg-info/SOURCES.txt'
[1.214s] [100%] Built target ament_cmake_python_build_interface_pkg_egg
[1.240s] Invoked command in '/home/hun/YongYiHanYong/build/interface_pkg' returned '0': CMAKE_PREFIX_PATH=${CMAKE_PREFIX_PATH}:/home/hun/YongYiHanYong/install/yolo_realsense:/home/hun/YongYiHanYong/install/llm_for_pick_place_voice:/opt/ros/jazzy DEBUGINFOD_URLS=https://debuginfod.ubuntu.com /usr/bin/cmake --build /home/hun/YongYiHanYong/build/interface_pkg -- -j12 -l12
[1.242s] Invoking command in '/home/hun/YongYiHanYong/build/interface_pkg': CMAKE_PREFIX_PATH=${CMAKE_PREFIX_PATH}:/home/hun/YongYiHanYong/install/yolo_realsense:/home/hun/YongYiHanYong/install/llm_for_pick_place_voice:/opt/ros/jazzy DEBUGINFOD_URLS=https://debuginfod.ubuntu.com /usr/bin/cmake --install /home/hun/YongYiHanYong/build/interface_pkg
[1.264s] -- Install configuration: ""
[1.264s] -- Up-to-date: /home/hun/YongYiHanYong/install/interface_pkg/share/ament_index/resource_index/rosidl_interfaces/interface_pkg
[1.264s] -- Up-to-date: /home/hun/YongYiHanYong/install/interface_pkg/share/interface_pkg/srv/StringToString.json
[1.265s] -- Up-to-date: /home/hun/YongYiHanYong/install/interface_pkg/share/interface_pkg/srv/GetTargetPoint.json
[1.265s] -- Up-to-date: /home/hun/YongYiHanYong/install/interface_pkg/include/interface_pkg/interface_pkg
[1.265s] -- Up-to-date: /home/hun/YongYiHanYong/install/interface_pkg/include/interface_pkg/interface_pkg/msg
[1.265s] -- Up-to-date: /home/hun/YongYiHanYong/install/interface_pkg/include/interface_pkg/interface_pkg/msg/rosidl_generator_c__visibility_control.h
[1.266s] -- Up-to-date: /home/hun/YongYiHanYong/install/interface_pkg/include/interface_pkg/interface_pkg/srv
[1.266s] -- Up-to-date: /home/hun/YongYiHanYong/install/interface_pkg/include/interface_pkg/interface_pkg/srv/string_to_string.h
[1.266s] -- Up-to-date: /home/hun/YongYiHanYong/install/interface_pkg/include/interface_pkg/interface_pkg/srv/get_target_point.h
[1.266s] -- Up-to-date: /home/hun/YongYiHanYong/install/interface_pkg/include/interface_pkg/interface_pkg/srv/detail
[1.266s] -- Up-to-date: /home/hun/YongYiHanYong/install/interface_pkg/include/interface_pkg/interface_pkg/srv/detail/string_to_string__type_support.h
[1.266s] -- Up-to-date: /home/hun/YongYiHanYong/install/interface_pkg/include/interface_pkg/interface_pkg/srv/detail/get_target_point__functions.c
[1.267s] -- Up-to-date: /home/hun/YongYiHanYong/install/interface_pkg/include/interface_pkg/interface_pkg/srv/detail/string_to_string__functions.h
[1.267s] -- Up-to-date: /home/hun/YongYiHanYong/install/interface_pkg/include/interface_pkg/interface_pkg/srv/detail/string_to_string__struct.h
[1.267s] -- Up-to-date: /home/hun/YongYiHanYong/install/interface_pkg/include/interface_pkg/interface_pkg/srv/detail/get_target_point__description.c
[1.267s] -- Up-to-date: /home/hun/YongYiHanYong/install/interface_pkg/include/interface_pkg/interface_pkg/srv/detail/get_target_point__functions.h
[1.267s] -- Up-to-date: /home/hun/YongYiHanYong/install/interface_pkg/include/interface_pkg/interface_pkg/srv/detail/get_target_point__type_support.c
[1.267s] -- Up-to-date: /home/hun/YongYiHanYong/install/interface_pkg/include/interface_pkg/interface_pkg/srv/detail/string_to_string__description.c
[1.267s] -- Up-to-date: /home/hun/YongYiHanYong/install/interface_pkg/include/interface_pkg/interface_pkg/srv/detail/string_to_string__type_support.c
[1.267s] -- Up-to-date: /home/hun/YongYiHanYong/install/interface_pkg/include/interface_pkg/interface_pkg/srv/detail/get_target_point__type_support.h
[1.267s] -- Up-to-date: /home/hun/YongYiHanYong/install/interface_pkg/include/interface_pkg/interface_pkg/srv/detail/string_to_string__functions.c
[1.267s] -- Up-to-date: /home/hun/YongYiHanYong/install/interface_pkg/include/interface_pkg/interface_pkg/srv/detail/get_target_point__struct.h
[1.267s] -- Up-to-date: /home/hun/YongYiHanYong/install/interface_pkg/share/interface_pkg/environment/library_path.sh
[1.267s] -- Up-to-date: /home/hun/YongYiHanYong/install/interface_pkg/share/interface_pkg/environment/library_path.dsv
[1.267s] -- Up-to-date: /home/hun/YongYiHanYong/install/interface_pkg/lib/libinterface_pkg__rosidl_generator_c.so
[1.268s] -- Up-to-date: /home/hun/YongYiHanYong/install/interface_pkg/include/interface_pkg/interface_pkg
[1.268s] -- Up-to-date: /home/hun/YongYiHanYong/install/interface_pkg/include/interface_pkg/interface_pkg/msg
[1.268s] -- Up-to-date: /home/hun/YongYiHanYong/install/interface_pkg/include/interface_pkg/interface_pkg/msg/rosidl_typesupport_fastrtps_c__visibility_control.h
[1.268s] -- Up-to-date: /home/hun/YongYiHanYong/install/interface_pkg/include/interface_pkg/interface_pkg/srv
[1.268s] -- Up-to-date: /home/hun/YongYiHanYong/install/interface_pkg/include/interface_pkg/interface_pkg/srv/detail
[1.268s] -- Up-to-date: /home/hun/YongYiHanYong/install/interface_pkg/include/interface_pkg/interface_pkg/srv/detail/string_to_string__rosidl_typesupport_fastrtps_c.h
[1.268s] -- Up-to-date: /home/hun/YongYiHanYong/install/interface_pkg/include/interface_pkg/interface_pkg/srv/detail/get_target_point__rosidl_typesupport_fastrtps_c.h
[1.268s] -- Up-to-date: /home/hun/YongYiHanYong/install/interface_pkg/lib/libinterface_pkg__rosidl_typesupport_fastrtps_c.so
[1.268s] -- Up-to-date: /home/hun/YongYiHanYong/install/interface_pkg/include/interface_pkg/interface_pkg
[1.268s] -- Up-to-date: /home/hun/YongYiHanYong/install/interface_pkg/include/interface_pkg/interface_pkg/msg
[1.268s] -- Up-to-date: /home/hun/YongYiHanYong/install/interface_pkg/include/interface_pkg/interface_pkg/msg/rosidl_typesupport_introspection_c__visibility_control.h
[1.268s] -- Up-to-date: /home/hun/YongYiHanYong/install/interface_pkg/include/interface_pkg/interface_pkg/srv
[1.268s] -- Up-to-date: /home/hun/YongYiHanYong/install/interface_pkg/include/interface_pkg/interface_pkg/srv/detail
[1.269s] -- Up-to-date: /home/hun/YongYiHanYong/install/interface_pkg/include/interface_pkg/interface_pkg/srv/detail/string_to_string__rosidl_typesupport_introspection_c.h
[1.269s] -- Up-to-date: /home/hun/YongYiHanYong/install/interface_pkg/include/interface_pkg/interface_pkg/srv/detail/get_target_point__type_support.c
[1.269s] -- Up-to-date: /home/hun/YongYiHanYong/install/interface_pkg/include/interface_pkg/interface_pkg/srv/detail/string_to_string__type_support.c
[1.269s] -- Up-to-date: /home/hun/YongYiHanYong/install/interface_pkg/include/interface_pkg/interface_pkg/srv/detail/get_target_point__rosidl_typesupport_introspection_c.h
[1.269s] -- Up-to-date: /home/hun/YongYiHanYong/install/interface_pkg/lib/libinterface_pkg__rosidl_typesupport_introspection_c.so
[1.269s] -- Up-to-date: /home/hun/YongYiHanYong/install/interface_pkg/lib/libinterface_pkg__rosidl_typesupport_c.so
[1.269s] -- Up-to-date: /home/hun/YongYiHanYong/install/interface_pkg/include/interface_pkg/interface_pkg
[1.269s] -- Up-to-date: /home/hun/YongYiHanYong/install/interface_pkg/include/interface_pkg/interface_pkg/msg
[1.269s] -- Up-to-date: /home/hun/YongYiHanYong/install/interface_pkg/include/interface_pkg/interface_pkg/msg/rosidl_generator_cpp__visibility_control.hpp
[1.269s] -- Up-to-date: /home/hun/YongYiHanYong/install/interface_pkg/include/interface_pkg/interface_pkg/srv
[1.270s] -- Up-to-date: /home/hun/YongYiHanYong/install/interface_pkg/include/interface_pkg/interface_pkg/srv/get_target_point.hpp
[1.270s] -- Up-to-date: /home/hun/YongYiHanYong/install/interface_pkg/include/interface_pkg/interface_pkg/srv/detail
[1.270s] -- Up-to-date: /home/hun/YongYiHanYong/install/interface_pkg/include/interface_pkg/interface_pkg/srv/detail/get_target_point__type_support.hpp
[1.270s] -- Up-to-date: /home/hun/YongYiHanYong/install/interface_pkg/include/interface_pkg/interface_pkg/srv/detail/string_to_string__struct.hpp
[1.270s] -- Up-to-date: /home/hun/YongYiHanYong/install/interface_pkg/include/interface_pkg/interface_pkg/srv/detail/string_to_string__traits.hpp
[1.270s] -- Up-to-date: /home/hun/YongYiHanYong/install/interface_pkg/include/interface_pkg/interface_pkg/srv/detail/get_target_point__builder.hpp
[1.270s] -- Up-to-date: /home/hun/YongYiHanYong/install/interface_pkg/include/interface_pkg/interface_pkg/srv/detail/string_to_string__builder.hpp
[1.270s] -- Up-to-date: /home/hun/YongYiHanYong/install/interface_pkg/include/interface_pkg/interface_pkg/srv/detail/get_target_point__struct.hpp
[1.270s] -- Up-to-date: /home/hun/YongYiHanYong/install/interface_pkg/include/interface_pkg/interface_pkg/srv/detail/string_to_string__type_support.hpp
[1.270s] -- Up-to-date: /home/hun/YongYiHanYong/install/interface_pkg/include/interface_pkg/interface_pkg/srv/detail/get_target_point__traits.hpp
[1.270s] -- Up-to-date: /home/hun/YongYiHanYong/install/interface_pkg/include/interface_pkg/interface_pkg/srv/string_to_string.hpp
[1.270s] -- Up-to-date: /home/hun/YongYiHanYong/install/interface_pkg/include/interface_pkg/interface_pkg
[1.271s] -- Up-to-date: /home/hun/YongYiHanYong/install/interface_pkg/include/interface_pkg/interface_pkg/msg
[1.271s] -- Up-to-date: /home/hun/YongYiHanYong/install/interface_pkg/include/interface_pkg/interface_pkg/msg/rosidl_typesupport_fastrtps_cpp__visibility_control.h
[1.271s] -- Up-to-date: /home/hun/YongYiHanYong/install/interface_pkg/include/interface_pkg/interface_pkg/srv
[1.271s] -- Up-to-date: /home/hun/YongYiHanYong/install/interface_pkg/include/interface_pkg/interface_pkg/srv/detail
[1.271s] -- Up-to-date: /home/hun/YongYiHanYong/install/interface_pkg/include/interface_pkg/interface_pkg/srv/detail/dds_fastrtps
[1.271s] -- Up-to-date: /home/hun/YongYiHanYong/install/interface_pkg/include/interface_pkg/interface_pkg/srv/detail/string_to_string__rosidl_typesupport_fastrtps_cpp.hpp
[1.271s] -- Up-to-date: /home/hun/YongYiHanYong/install/interface_pkg/include/interface_pkg/interface_pkg/srv/detail/get_target_point__rosidl_typesupport_fastrtps_cpp.hpp
[1.271s] -- Up-to-date: /home/hun/YongYiHanYong/install/interface_pkg/lib/libinterface_pkg__rosidl_typesupport_fastrtps_cpp.so
[1.271s] -- Up-to-date: /home/hun/YongYiHanYong/install/interface_pkg/include/interface_pkg/interface_pkg
[1.271s] -- Up-to-date: /home/hun/YongYiHanYong/install/interface_pkg/include/interface_pkg/interface_pkg/srv
[1.271s] -- Up-to-date: /home/hun/YongYiHanYong/install/interface_pkg/include/interface_pkg/interface_pkg/srv/detail
[1.271s] -- Up-to-date: /home/hun/YongYiHanYong/install/interface_pkg/include/interface_pkg/interface_pkg/srv/detail/get_target_point__type_support.cpp
[1.272s] -- Up-to-date: /home/hun/YongYiHanYong/install/interface_pkg/include/interface_pkg/interface_pkg/srv/detail/get_target_point__rosidl_typesupport_introspection_cpp.hpp
[1.272s] -- Up-to-date: /home/hun/YongYiHanYong/install/interface_pkg/include/interface_pkg/interface_pkg/srv/detail/string_to_string__type_support.cpp
[1.272s] -- Up-to-date: /home/hun/YongYiHanYong/install/interface_pkg/include/interface_pkg/interface_pkg/srv/detail/string_to_string__rosidl_typesupport_introspection_cpp.hpp
[1.272s] -- Up-to-date: /home/hun/YongYiHanYong/install/interface_pkg/lib/libinterface_pkg__rosidl_typesupport_introspection_cpp.so
[1.272s] -- Up-to-date: /home/hun/YongYiHanYong/install/interface_pkg/lib/libinterface_pkg__rosidl_typesupport_cpp.so
[1.272s] -- Up-to-date: /home/hun/YongYiHanYong/install/interface_pkg/share/interface_pkg/environment/pythonpath.sh
[1.272s] -- Up-to-date: /home/hun/YongYiHanYong/install/interface_pkg/share/interface_pkg/environment/pythonpath.dsv
[1.272s] -- Up-to-date: /home/hun/YongYiHanYong/install/interface_pkg/lib/python3.12/site-packages/interface_pkg-0.0.0-py3.12.egg-info
[1.272s] -- Installing: /home/hun/YongYiHanYong/install/interface_pkg/lib/python3.12/site-packages/interface_pkg-0.0.0-py3.12.egg-info/top_level.txt
[1.272s] -- Installing: /home/hun/YongYiHanYong/install/interface_pkg/lib/python3.12/site-packages/interface_pkg-0.0.0-py3.12.egg-info/SOURCES.txt
[1.273s] -- Installing: /home/hun/YongYiHanYong/install/interface_pkg/lib/python3.12/site-packages/interface_pkg-0.0.0-py3.12.egg-info/PKG-INFO
[1.273s] -- Installing: /home/hun/YongYiHanYong/install/interface_pkg/lib/python3.12/site-packages/interface_pkg-0.0.0-py3.12.egg-info/dependency_links.txt
[1.273s] -- Up-to-date: /home/hun/YongYiHanYong/install/interface_pkg/lib/python3.12/site-packages/interface_pkg
[1.273s] -- Up-to-date: /home/hun/YongYiHanYong/install/interface_pkg/lib/python3.12/site-packages/interface_pkg/__init__.py
[1.274s] -- Up-to-date: /home/hun/YongYiHanYong/install/interface_pkg/lib/python3.12/site-packages/interface_pkg/interface_pkg_s__rosidl_typesupport_introspection_c.so
[1.274s] -- Up-to-date: /home/hun/YongYiHanYong/install/interface_pkg/lib/python3.12/site-packages/interface_pkg/_interface_pkg_s.ep.rosidl_typesupport_fastrtps_c.c
[1.274s] -- Up-to-date: /home/hun/YongYiHanYong/install/interface_pkg/lib/python3.12/site-packages/interface_pkg/_interface_pkg_s.ep.rosidl_typesupport_introspection_c.c
[1.275s] -- Up-to-date: /home/hun/YongYiHanYong/install/interface_pkg/lib/python3.12/site-packages/interface_pkg/interface_pkg_s__rosidl_typesupport_fastrtps_c.so
[1.275s] -- Up-to-date: /home/hun/YongYiHanYong/install/interface_pkg/lib/python3.12/site-packages/interface_pkg/interface_pkg_s__rosidl_typesupport_c.so
[1.275s] -- Up-to-date: /home/hun/YongYiHanYong/install/interface_pkg/lib/python3.12/site-packages/interface_pkg/srv
[1.275s] -- Up-to-date: /home/hun/YongYiHanYong/install/interface_pkg/lib/python3.12/site-packages/interface_pkg/srv/__init__.py
[1.275s] -- Up-to-date: /home/hun/YongYiHanYong/install/interface_pkg/lib/python3.12/site-packages/interface_pkg/srv/_string_to_string.py
[1.276s] -- Up-to-date: /home/hun/YongYiHanYong/install/interface_pkg/lib/python3.12/site-packages/interface_pkg/srv/_string_to_string_s.c
[1.276s] -- Up-to-date: /home/hun/YongYiHanYong/install/interface_pkg/lib/python3.12/site-packages/interface_pkg/srv/_get_target_point_s.c
[1.276s] -- Up-to-date: /home/hun/YongYiHanYong/install/interface_pkg/lib/python3.12/site-packages/interface_pkg/srv/_get_target_point.py
[1.276s] -- Up-to-date: /home/hun/YongYiHanYong/install/interface_pkg/lib/python3.12/site-packages/interface_pkg/_interface_pkg_s.ep.rosidl_typesupport_c.c
[1.348s] Listing '/home/hun/YongYiHanYong/install/interface_pkg/lib/python3.12/site-packages/interface_pkg'...
[1.348s] Listing '/home/hun/YongYiHanYong/install/interface_pkg/lib/python3.12/site-packages/interface_pkg/srv'...
[1.355s] -- Up-to-date: /home/hun/YongYiHanYong/install/interface_pkg/lib/python3.12/site-packages/interface_pkg/interface_pkg_s__rosidl_typesupport_fastrtps_c.so
[1.355s] -- Up-to-date: /home/hun/YongYiHanYong/install/interface_pkg/lib/python3.12/site-packages/interface_pkg/interface_pkg_s__rosidl_typesupport_introspection_c.so
[1.356s] -- Up-to-date: /home/hun/YongYiHanYong/install/interface_pkg/lib/python3.12/site-packages/interface_pkg/interface_pkg_s__rosidl_typesupport_c.so
[1.356s] -- Up-to-date: /home/hun/YongYiHanYong/install/interface_pkg/lib/libinterface_pkg__rosidl_generator_py.so
[1.356s] -- Up-to-date: /home/hun/YongYiHanYong/install/interface_pkg/share/interface_pkg/srv/StringToString.idl
[1.356s] -- Up-to-date: /home/hun/YongYiHanYong/install/interface_pkg/share/interface_pkg/srv/GetTargetPoint.idl
[1.356s] -- Up-to-date: /home/hun/YongYiHanYong/install/interface_pkg/share/interface_pkg/srv/StringToString.srv
[1.357s] -- Up-to-date: /home/hun/YongYiHanYong/install/interface_pkg/share/interface_pkg/srv/GetTargetPoint.srv
[1.357s] -- Up-to-date: /home/hun/YongYiHanYong/install/interface_pkg/share/ament_index/resource_index/package_run_dependencies/interface_pkg
[1.357s] -- Up-to-date: /home/hun/YongYiHanYong/install/interface_pkg/share/ament_index/resource_index/parent_prefix_path/interface_pkg
[1.357s] -- Up-to-date: /home/hun/YongYiHanYong/install/interface_pkg/share/interface_pkg/environment/ament_prefix_path.sh
[1.357s] -- Up-to-date: /home/hun/YongYiHanYong/install/interface_pkg/share/interface_pkg/environment/ament_prefix_path.dsv
[1.357s] -- Up-to-date: /home/hun/YongYiHanYong/install/interface_pkg/share/interface_pkg/environment/path.sh
[1.358s] -- Up-to-date: /home/hun/YongYiHanYong/install/interface_pkg/share/interface_pkg/environment/path.dsv
[1.358s] -- Up-to-date: /home/hun/YongYiHanYong/install/interface_pkg/share/interface_pkg/local_setup.bash
[1.358s] -- Up-to-date: /home/hun/YongYiHanYong/install/interface_pkg/share/interface_pkg/local_setup.sh
[1.358s] -- Up-to-date: /home/hun/YongYiHanYong/install/interface_pkg/share/interface_pkg/local_setup.zsh
[1.358s] -- Up-to-date: /home/hun/YongYiHanYong/install/interface_pkg/share/interface_pkg/local_setup.dsv
[1.358s] -- Installing: /home/hun/YongYiHanYong/install/interface_pkg/share/interface_pkg/package.dsv
[1.359s] -- Up-to-date: /home/hun/YongYiHanYong/install/interface_pkg/share/ament_index/resource_index/packages/interface_pkg
[1.359s] -- Up-to-date: /home/hun/YongYiHanYong/install/interface_pkg/share/interface_pkg/cmake/export_interface_pkg__rosidl_generator_cExport.cmake
[1.359s] -- Up-to-date: /home/hun/YongYiHanYong/install/interface_pkg/share/interface_pkg/cmake/export_interface_pkg__rosidl_generator_cExport-noconfig.cmake
[1.359s] -- Up-to-date: /home/hun/YongYiHanYong/install/interface_pkg/share/interface_pkg/cmake/export_interface_pkg__rosidl_typesupport_fastrtps_cExport.cmake
[1.359s] -- Up-to-date: /home/hun/YongYiHanYong/install/interface_pkg/share/interface_pkg/cmake/export_interface_pkg__rosidl_typesupport_fastrtps_cExport-noconfig.cmake
[1.360s] -- Up-to-date: /home/hun/YongYiHanYong/install/interface_pkg/share/interface_pkg/cmake/interface_pkg__rosidl_typesupport_introspection_cExport.cmake
[1.360s] -- Up-to-date: /home/hun/YongYiHanYong/install/interface_pkg/share/interface_pkg/cmake/interface_pkg__rosidl_typesupport_introspection_cExport-noconfig.cmake
[1.360s] -- Up-to-date: /home/hun/YongYiHanYong/install/interface_pkg/share/interface_pkg/cmake/interface_pkg__rosidl_typesupport_cExport.cmake
[1.360s] -- Up-to-date: /home/hun/YongYiHanYong/install/interface_pkg/share/interface_pkg/cmake/interface_pkg__rosidl_typesupport_cExport-noconfig.cmake
[1.360s] -- Up-to-date: /home/hun/YongYiHanYong/install/interface_pkg/share/interface_pkg/cmake/export_interface_pkg__rosidl_generator_cppExport.cmake
[1.361s] -- Up-to-date: /home/hun/YongYiHanYong/install/interface_pkg/share/interface_pkg/cmake/export_interface_pkg__rosidl_typesupport_fastrtps_cppExport.cmake
[1.361s] -- Up-to-date: /home/hun/YongYiHanYong/install/interface_pkg/share/interface_pkg/cmake/export_interface_pkg__rosidl_typesupport_fastrtps_cppExport-noconfig.cmake
[1.361s] -- Up-to-date: /home/hun/YongYiHanYong/install/interface_pkg/share/interface_pkg/cmake/interface_pkg__rosidl_typesupport_introspection_cppExport.cmake
[1.361s] -- Up-to-date: /home/hun/YongYiHanYong/install/interface_pkg/share/interface_pkg/cmake/interface_pkg__rosidl_typesupport_introspection_cppExport-noconfig.cmake
[1.362s] -- Up-to-date: /home/hun/YongYiHanYong/install/interface_pkg/share/interface_pkg/cmake/interface_pkg__rosidl_typesupport_cppExport.cmake
[1.362s] -- Up-to-date: /home/hun/YongYiHanYong/install/interface_pkg/share/interface_pkg/cmake/interface_pkg__rosidl_typesupport_cppExport-noconfig.cmake
[1.362s] -- Up-to-date: /home/hun/YongYiHanYong/install/interface_pkg/share/interface_pkg/cmake/export_interface_pkg__rosidl_generator_pyExport.cmake
[1.362s] -- Up-to-date: /home/hun/YongYiHanYong/install/interface_pkg/share/interface_pkg/cmake/export_interface_pkg__rosidl_generator_pyExport-noconfig.cmake
[1.362s] -- Up-to-date: /home/hun/YongYiHanYong/install/interface_pkg/share/interface_pkg/cmake/rosidl_cmake-extras.cmake
[1.362s] -- Up-to-date: /home/hun/YongYiHanYong/install/interface_pkg/share/interface_pkg/cmake/ament_cmake_export_dependencies-extras.cmake
[1.363s] -- Up-to-date: /home/hun/YongYiHanYong/install/interface_pkg/share/interface_pkg/cmake/ament_cmake_export_include_directories-extras.cmake
[1.363s] -- Up-to-date: /home/hun/YongYiHanYong/install/interface_pkg/share/interface_pkg/cmake/ament_cmake_export_libraries-extras.cmake
[1.363s] -- Up-to-date: /home/hun/YongYiHanYong/install/interface_pkg/share/interface_pkg/cmake/ament_cmake_export_targets-extras.cmake
[1.363s] -- Up-to-date: /home/hun/YongYiHanYong/install/interface_pkg/share/interface_pkg/cmake/rosidl_cmake_export_typesupport_targets-extras.cmake
[1.363s] -- Up-to-date: /home/hun/YongYiHanYong/install/interface_pkg/share/interface_pkg/cmake/rosidl_cmake_export_typesupport_libraries-extras.cmake
[1.364s] -- Up-to-date: /home/hun/YongYiHanYong/install/interface_pkg/share/interface_pkg/cmake/interface_pkgConfig.cmake
[1.364s] -- Up-to-date: /home/hun/YongYiHanYong/install/interface_pkg/share/interface_pkg/cmake/interface_pkgConfig-version.cmake
[1.364s] -- Up-to-date: /home/hun/YongYiHanYong/install/interface_pkg/share/interface_pkg/package.xml
[1.366s] Invoked command in '/home/hun/YongYiHanYong/build/interface_pkg' returned '0': CMAKE_PREFIX_PATH=${CMAKE_PREFIX_PATH}:/home/hun/YongYiHanYong/install/yolo_realsense:/home/hun/YongYiHanYong/install/llm_for_pick_place_voice:/opt/ros/jazzy DEBUGINFOD_URLS=https://debuginfod.ubuntu.com /usr/bin/cmake --install /home/hun/YongYiHanYong/build/interface_pkg
