[ 50%] Building CXX object CMakeFiles/target_move_node.dir/src/target_move.cpp.o
[100%] Linking CXX executable target_move_node
[100%] Built target target_move_node
-- Install configuration: ""
-- Installing: /home/hun/YongYiHanYong/install/target_move/lib/target_move/target_move_node
-- Set non-toolchain portion of runtime path of "/home/hun/YongYiHanYong/install/target_move/lib/target_move/target_move_node" to ""
-- Installing: /home/hun/YongYiHanYong/install/target_move/share/target_move/launch
-- Installing: /home/hun/YongYiHanYong/install/target_move/share/target_move/launch/target_move_dsr.launch.py
-- Installing: /home/hun/YongYiHanYong/install/target_move/share/ament_index/resource_index/package_run_dependencies/target_move
-- Installing: /home/hun/YongYiHanYong/install/target_move/share/ament_index/resource_index/parent_prefix_path/target_move
-- Installing: /home/hun/YongYiHanYong/install/target_move/share/target_move/environment/ament_prefix_path.sh
-- Installing: /home/hun/YongYiHanYong/install/target_move/share/target_move/environment/ament_prefix_path.dsv
-- Installing: /home/hun/YongYiHanYong/install/target_move/share/target_move/environment/path.sh
-- Installing: /home/hun/YongYiHanYong/install/target_move/share/target_move/environment/path.dsv
-- Installing: /home/hun/YongYiHanYong/install/target_move/share/target_move/local_setup.bash
-- Installing: /home/hun/YongYiHanYong/install/target_move/share/target_move/local_setup.sh
-- Installing: /home/hun/YongYiHanYong/install/target_move/share/target_move/local_setup.zsh
-- Installing: /home/hun/YongYiHanYong/install/target_move/share/target_move/local_setup.dsv
-- Installing: /home/hun/YongYiHanYong/install/target_move/share/target_move/package.dsv
-- Installing: /home/hun/YongYiHanYong/install/target_move/share/ament_index/resource_index/packages/target_move
-- Installing: /home/hun/YongYiHanYong/install/target_move/share/target_move/cmake/target_moveConfig.cmake
-- Installing: /home/hun/YongYiHanYong/install/target_move/share/target_move/cmake/target_moveConfig-version.cmake
-- Installing: /home/hun/YongYiHanYong/install/target_move/share/target_move/package.xml
