running egg_info
creating ../../build/llm_for_pick_place_voice/llm_for_pick_place_voice.egg-info
writing ../../build/llm_for_pick_place_voice/llm_for_pick_place_voice.egg-info/PKG-INFO
writing dependency_links to ../../build/llm_for_pick_place_voice/llm_for_pick_place_voice.egg-info/dependency_links.txt
writing entry points to ../../build/llm_for_pick_place_voice/llm_for_pick_place_voice.egg-info/entry_points.txt
writing requirements to ../../build/llm_for_pick_place_voice/llm_for_pick_place_voice.egg-info/requires.txt
writing top-level names to ../../build/llm_for_pick_place_voice/llm_for_pick_place_voice.egg-info/top_level.txt
writing manifest file '../../build/llm_for_pick_place_voice/llm_for_pick_place_voice.egg-info/SOURCES.txt'
reading manifest file '../../build/llm_for_pick_place_voice/llm_for_pick_place_voice.egg-info/SOURCES.txt'
writing manifest file '../../build/llm_for_pick_place_voice/llm_for_pick_place_voice.egg-info/SOURCES.txt'
running build
running build_py
creating /home/hun/YongYiHanYong/build/llm_for_pick_place_voice/build
creating /home/hun/YongYiHanYong/build/llm_for_pick_place_voice/build/lib
creating /home/hun/YongYiHanYong/build/llm_for_pick_place_voice/build/lib/llm_for_pick_place_voice
copying llm_for_pick_place_voice/__init__.py -> /home/hun/YongYiHanYong/build/llm_for_pick_place_voice/build/lib/llm_for_pick_place_voice
copying llm_for_pick_place_voice/arrive_test.py -> /home/hun/YongYiHanYong/build/llm_for_pick_place_voice/build/lib/llm_for_pick_place_voice
copying llm_for_pick_place_voice/MicController.py -> /home/hun/YongYiHanYong/build/llm_for_pick_place_voice/build/lib/llm_for_pick_place_voice
copying llm_for_pick_place_voice/test_moveit.py -> /home/hun/YongYiHanYong/build/llm_for_pick_place_voice/build/lib/llm_for_pick_place_voice
copying llm_for_pick_place_voice/get_keyword.py -> /home/hun/YongYiHanYong/build/llm_for_pick_place_voice/build/lib/llm_for_pick_place_voice
copying llm_for_pick_place_voice/pixel1.py -> /home/hun/YongYiHanYong/build/llm_for_pick_place_voice/build/lib/llm_for_pick_place_voice
copying llm_for_pick_place_voice/test_robot.py -> /home/hun/YongYiHanYong/build/llm_for_pick_place_voice/build/lib/llm_for_pick_place_voice
copying llm_for_pick_place_voice/pixel3.py -> /home/hun/YongYiHanYong/build/llm_for_pick_place_voice/build/lib/llm_for_pick_place_voice
copying llm_for_pick_place_voice/test_moveit_joint.py -> /home/hun/YongYiHanYong/build/llm_for_pick_place_voice/build/lib/llm_for_pick_place_voice
copying llm_for_pick_place_voice/get_keyword_client.py -> /home/hun/YongYiHanYong/build/llm_for_pick_place_voice/build/lib/llm_for_pick_place_voice
copying llm_for_pick_place_voice/robot2.py -> /home/hun/YongYiHanYong/build/llm_for_pick_place_voice/build/lib/llm_for_pick_place_voice
copying llm_for_pick_place_voice/wakeup_word.py -> /home/hun/YongYiHanYong/build/llm_for_pick_place_voice/build/lib/llm_for_pick_place_voice
copying llm_for_pick_place_voice/pixel2.py -> /home/hun/YongYiHanYong/build/llm_for_pick_place_voice/build/lib/llm_for_pick_place_voice
copying llm_for_pick_place_voice/ros_web_bridge.py -> /home/hun/YongYiHanYong/build/llm_for_pick_place_voice/build/lib/llm_for_pick_place_voice
copying llm_for_pick_place_voice/stt.py -> /home/hun/YongYiHanYong/build/llm_for_pick_place_voice/build/lib/llm_for_pick_place_voice
copying llm_for_pick_place_voice/get_keyword copy.py -> /home/hun/YongYiHanYong/build/llm_for_pick_place_voice/build/lib/llm_for_pick_place_voice
copying llm_for_pick_place_voice/get_keyword_client copy.py -> /home/hun/YongYiHanYong/build/llm_for_pick_place_voice/build/lib/llm_for_pick_place_voice
copying llm_for_pick_place_voice/robot.py -> /home/hun/YongYiHanYong/build/llm_for_pick_place_voice/build/lib/llm_for_pick_place_voice
running install
running install_lib
creating /home/hun/YongYiHanYong/install/llm_for_pick_place_voice/lib/python3.12/site-packages/llm_for_pick_place_voice
copying /home/hun/YongYiHanYong/build/llm_for_pick_place_voice/build/lib/llm_for_pick_place_voice/__init__.py -> /home/hun/YongYiHanYong/install/llm_for_pick_place_voice/lib/python3.12/site-packages/llm_for_pick_place_voice
copying /home/hun/YongYiHanYong/build/llm_for_pick_place_voice/build/lib/llm_for_pick_place_voice/arrive_test.py -> /home/hun/YongYiHanYong/install/llm_for_pick_place_voice/lib/python3.12/site-packages/llm_for_pick_place_voice
copying /home/hun/YongYiHanYong/build/llm_for_pick_place_voice/build/lib/llm_for_pick_place_voice/MicController.py -> /home/hun/YongYiHanYong/install/llm_for_pick_place_voice/lib/python3.12/site-packages/llm_for_pick_place_voice
copying /home/hun/YongYiHanYong/build/llm_for_pick_place_voice/build/lib/llm_for_pick_place_voice/test_moveit.py -> /home/hun/YongYiHanYong/install/llm_for_pick_place_voice/lib/python3.12/site-packages/llm_for_pick_place_voice
copying /home/hun/YongYiHanYong/build/llm_for_pick_place_voice/build/lib/llm_for_pick_place_voice/get_keyword.py -> /home/hun/YongYiHanYong/install/llm_for_pick_place_voice/lib/python3.12/site-packages/llm_for_pick_place_voice
copying /home/hun/YongYiHanYong/build/llm_for_pick_place_voice/build/lib/llm_for_pick_place_voice/pixel1.py -> /home/hun/YongYiHanYong/install/llm_for_pick_place_voice/lib/python3.12/site-packages/llm_for_pick_place_voice
copying /home/hun/YongYiHanYong/build/llm_for_pick_place_voice/build/lib/llm_for_pick_place_voice/test_robot.py -> /home/hun/YongYiHanYong/install/llm_for_pick_place_voice/lib/python3.12/site-packages/llm_for_pick_place_voice
copying /home/hun/YongYiHanYong/build/llm_for_pick_place_voice/build/lib/llm_for_pick_place_voice/pixel3.py -> /home/hun/YongYiHanYong/install/llm_for_pick_place_voice/lib/python3.12/site-packages/llm_for_pick_place_voice
copying /home/hun/YongYiHanYong/build/llm_for_pick_place_voice/build/lib/llm_for_pick_place_voice/test_moveit_joint.py -> /home/hun/YongYiHanYong/install/llm_for_pick_place_voice/lib/python3.12/site-packages/llm_for_pick_place_voice
copying /home/hun/YongYiHanYong/build/llm_for_pick_place_voice/build/lib/llm_for_pick_place_voice/get_keyword_client.py -> /home/hun/YongYiHanYong/install/llm_for_pick_place_voice/lib/python3.12/site-packages/llm_for_pick_place_voice
copying /home/hun/YongYiHanYong/build/llm_for_pick_place_voice/build/lib/llm_for_pick_place_voice/robot2.py -> /home/hun/YongYiHanYong/install/llm_for_pick_place_voice/lib/python3.12/site-packages/llm_for_pick_place_voice
copying /home/hun/YongYiHanYong/build/llm_for_pick_place_voice/build/lib/llm_for_pick_place_voice/wakeup_word.py -> /home/hun/YongYiHanYong/install/llm_for_pick_place_voice/lib/python3.12/site-packages/llm_for_pick_place_voice
copying /home/hun/YongYiHanYong/build/llm_for_pick_place_voice/build/lib/llm_for_pick_place_voice/pixel2.py -> /home/hun/YongYiHanYong/install/llm_for_pick_place_voice/lib/python3.12/site-packages/llm_for_pick_place_voice
copying /home/hun/YongYiHanYong/build/llm_for_pick_place_voice/build/lib/llm_for_pick_place_voice/ros_web_bridge.py -> /home/hun/YongYiHanYong/install/llm_for_pick_place_voice/lib/python3.12/site-packages/llm_for_pick_place_voice
copying /home/hun/YongYiHanYong/build/llm_for_pick_place_voice/build/lib/llm_for_pick_place_voice/stt.py -> /home/hun/YongYiHanYong/install/llm_for_pick_place_voice/lib/python3.12/site-packages/llm_for_pick_place_voice
copying /home/hun/YongYiHanYong/build/llm_for_pick_place_voice/build/lib/llm_for_pick_place_voice/get_keyword copy.py -> /home/hun/YongYiHanYong/install/llm_for_pick_place_voice/lib/python3.12/site-packages/llm_for_pick_place_voice
copying /home/hun/YongYiHanYong/build/llm_for_pick_place_voice/build/lib/llm_for_pick_place_voice/get_keyword_client copy.py -> /home/hun/YongYiHanYong/install/llm_for_pick_place_voice/lib/python3.12/site-packages/llm_for_pick_place_voice
copying /home/hun/YongYiHanYong/build/llm_for_pick_place_voice/build/lib/llm_for_pick_place_voice/robot.py -> /home/hun/YongYiHanYong/install/llm_for_pick_place_voice/lib/python3.12/site-packages/llm_for_pick_place_voice
byte-compiling /home/hun/YongYiHanYong/install/llm_for_pick_place_voice/lib/python3.12/site-packages/llm_for_pick_place_voice/__init__.py to __init__.cpython-312.pyc
byte-compiling /home/hun/YongYiHanYong/install/llm_for_pick_place_voice/lib/python3.12/site-packages/llm_for_pick_place_voice/arrive_test.py to arrive_test.cpython-312.pyc
byte-compiling /home/hun/YongYiHanYong/install/llm_for_pick_place_voice/lib/python3.12/site-packages/llm_for_pick_place_voice/MicController.py to MicController.cpython-312.pyc
byte-compiling /home/hun/YongYiHanYong/install/llm_for_pick_place_voice/lib/python3.12/site-packages/llm_for_pick_place_voice/test_moveit.py to test_moveit.cpython-312.pyc
byte-compiling /home/hun/YongYiHanYong/install/llm_for_pick_place_voice/lib/python3.12/site-packages/llm_for_pick_place_voice/get_keyword.py to get_keyword.cpython-312.pyc
byte-compiling /home/hun/YongYiHanYong/install/llm_for_pick_place_voice/lib/python3.12/site-packages/llm_for_pick_place_voice/pixel1.py to pixel1.cpython-312.pyc
byte-compiling /home/hun/YongYiHanYong/install/llm_for_pick_place_voice/lib/python3.12/site-packages/llm_for_pick_place_voice/test_robot.py to test_robot.cpython-312.pyc
byte-compiling /home/hun/YongYiHanYong/install/llm_for_pick_place_voice/lib/python3.12/site-packages/llm_for_pick_place_voice/pixel3.py to pixel3.cpython-312.pyc
byte-compiling /home/hun/YongYiHanYong/install/llm_for_pick_place_voice/lib/python3.12/site-packages/llm_for_pick_place_voice/test_moveit_joint.py to test_moveit_joint.cpython-312.pyc
byte-compiling /home/hun/YongYiHanYong/install/llm_for_pick_place_voice/lib/python3.12/site-packages/llm_for_pick_place_voice/get_keyword_client.py to get_keyword_client.cpython-312.pyc
byte-compiling /home/hun/YongYiHanYong/install/llm_for_pick_place_voice/lib/python3.12/site-packages/llm_for_pick_place_voice/robot2.py to robot2.cpython-312.pyc
byte-compiling /home/hun/YongYiHanYong/install/llm_for_pick_place_voice/lib/python3.12/site-packages/llm_for_pick_place_voice/wakeup_word.py to wakeup_word.cpython-312.pyc
byte-compiling /home/hun/YongYiHanYong/install/llm_for_pick_place_voice/lib/python3.12/site-packages/llm_for_pick_place_voice/pixel2.py to pixel2.cpython-312.pyc
byte-compiling /home/hun/YongYiHanYong/install/llm_for_pick_place_voice/lib/python3.12/site-packages/llm_for_pick_place_voice/ros_web_bridge.py to ros_web_bridge.cpython-312.pyc
byte-compiling /home/hun/YongYiHanYong/install/llm_for_pick_place_voice/lib/python3.12/site-packages/llm_for_pick_place_voice/stt.py to stt.cpython-312.pyc
byte-compiling /home/hun/YongYiHanYong/install/llm_for_pick_place_voice/lib/python3.12/site-packages/llm_for_pick_place_voice/get_keyword copy.py to get_keyword copy.cpython-312.pyc
byte-compiling /home/hun/YongYiHanYong/install/llm_for_pick_place_voice/lib/python3.12/site-packages/llm_for_pick_place_voice/get_keyword_client copy.py to get_keyword_client copy.cpython-312.pyc
byte-compiling /home/hun/YongYiHanYong/install/llm_for_pick_place_voice/lib/python3.12/site-packages/llm_for_pick_place_voice/robot.py to robot.cpython-312.pyc
running install_data
creating /home/hun/YongYiHanYong/install/llm_for_pick_place_voice/share/ament_index
creating /home/hun/YongYiHanYong/install/llm_for_pick_place_voice/share/ament_index/resource_index
creating /home/hun/YongYiHanYong/install/llm_for_pick_place_voice/share/ament_index/resource_index/packages
copying resource/llm_for_pick_place_voice -> /home/hun/YongYiHanYong/install/llm_for_pick_place_voice/share/ament_index/resource_index/packages
copying package.xml -> /home/hun/YongYiHanYong/install/llm_for_pick_place_voice/share/llm_for_pick_place_voice
creating /home/hun/YongYiHanYong/install/llm_for_pick_place_voice/share/llm_for_pick_place_voice/resource
copying resource/.env -> /home/hun/YongYiHanYong/install/llm_for_pick_place_voice/share/llm_for_pick_place_voice/resource
copying resource/alexa.onnx -> /home/hun/YongYiHanYong/install/llm_for_pick_place_voice/share/llm_for_pick_place_voice/resource
copying resource/hey_yong_yihan.onnx -> /home/hun/YongYiHanYong/install/llm_for_pick_place_voice/share/llm_for_pick_place_voice/resource
running install_egg_info
Copying ../../build/llm_for_pick_place_voice/llm_for_pick_place_voice.egg-info to /home/hun/YongYiHanYong/install/llm_for_pick_place_voice/lib/python3.12/site-packages/llm_for_pick_place_voice-0.0.0-py3.12.egg-info
running install_scripts
Installing arrive_test script to /home/hun/YongYiHanYong/install/llm_for_pick_place_voice/lib/llm_for_pick_place_voice
Installing get_keyword script to /home/hun/YongYiHanYong/install/llm_for_pick_place_voice/lib/llm_for_pick_place_voice
Installing get_keyword_client script to /home/hun/YongYiHanYong/install/llm_for_pick_place_voice/lib/llm_for_pick_place_voice
Installing ros_web_bridge script to /home/hun/YongYiHanYong/install/llm_for_pick_place_voice/lib/llm_for_pick_place_voice
Installing stt script to /home/hun/YongYiHanYong/install/llm_for_pick_place_voice/lib/llm_for_pick_place_voice
Installing test_robot script to /home/hun/YongYiHanYong/install/llm_for_pick_place_voice/lib/llm_for_pick_place_voice
Installing wakeup_word script to /home/hun/YongYiHanYong/install/llm_for_pick_place_voice/lib/llm_for_pick_place_voice
writing list of installed files to '/home/hun/YongYiHanYong/build/llm_for_pick_place_voice/install.log'
