[0.645s] Invoking command in '/home/jw/YongYiHanYong/src/llm_for_pick_place_voice': CMAKE_PREFIX_PATH=/home/jw/YongYiHanYong/install/interface_pkg:/home/jw/YongYiHanYong/install/target_move:/home/jw/YongYiHanYong/install/yolo_depth_interfaces:/opt/ros/jazzy/opt/gz_sim_vendor:/opt/ros/jazzy/opt/gz_sensors_vendor:/opt/ros/jazzy/opt/gz_physics_vendor:/opt/ros/jazzy/opt/sdformat_vendor:/opt/ros/jazzy/opt/gz_gui_vendor:/opt/ros/jazzy/opt/gz_transport_vendor:/opt/ros/jazzy/opt/gz_rendering_vendor:/opt/ros/jazzy/opt/gz_plugin_vendor:/opt/ros/jazzy/opt/gz_fuel_tools_vendor:/opt/ros/jazzy/opt/gz_msgs_vendor:/opt/ros/jazzy/opt/gz_common_vendor:/opt/ros/jazzy/opt/gz_math_vendor:/opt/ros/jazzy/opt/gz_utils_vendor:/opt/ros/jazzy/opt/gz_tools_vendor:/opt/ros/jazzy/opt/gz_ogre_next_vendor:/opt/ros/jazzy/opt/gz_dartsim_vendor:/opt/ros/jazzy/opt/gz_cmake_vendor DEBUGINFOD_URLS=https://debuginfod.ubuntu.com LD_LIBRARY_PATH=/home/jw/YongYiHanYong/install/interface_pkg/lib:/home/jw/YongYiHanYong/install/yolo_depth_interfaces/lib:/opt/ros/jazzy/opt/gz_sim_vendor/lib:/opt/ros/jazzy/opt/gz_sensors_vendor/lib:/opt/ros/jazzy/opt/gz_physics_vendor/lib:/opt/ros/jazzy/opt/sdformat_vendor/lib:/opt/ros/jazzy/opt/rviz_ogre_vendor/lib:/opt/ros/jazzy/lib/x86_64-linux-gnu:/opt/ros/jazzy/opt/gz_gui_vendor/lib:/opt/ros/jazzy/opt/gz_transport_vendor/lib:/opt/ros/jazzy/opt/gz_rendering_vendor/lib:/opt/ros/jazzy/opt/gz_plugin_vendor/lib:/opt/ros/jazzy/opt/gz_fuel_tools_vendor/lib:/opt/ros/jazzy/opt/gz_msgs_vendor/lib:/opt/ros/jazzy/opt/gz_common_vendor/lib:/opt/ros/jazzy/opt/gz_math_vendor/lib:/opt/ros/jazzy/opt/gz_utils_vendor/lib:/opt/ros/jazzy/opt/gz_tools_vendor/lib:/opt/ros/jazzy/opt/gz_ogre_next_vendor/lib:/opt/ros/jazzy/opt/gz_dartsim_vendor/lib:/opt/ros/jazzy/opt/gz_cmake_vendor/lib:/opt/ros/jazzy/lib PYTHONPATH=/home/jw/YongYiHanYong/build/llm_for_pick_place_voice/prefix_override:/usr/lib/python3/dist-packages/colcon_core/task/python/colcon_distutils_commands:/home/jw/YongYiHanYong/install/llm_for_pick_place_voice/lib/python3.12/site-packages:/home/jw/YongYiHanYong/install/interface_pkg/lib/python3.12/site-packages:/home/jw/YongYiHanYong/install/yolo_realsense/lib/python3.12/site-packages:/home/jw/YongYiHanYong/install/yolo_depth_interfaces/lib/python3.12/site-packages:/home/jw/YongYiHanYong/install/llm_for_pick_place_voice/lib/python3.12/site-packages:/opt/ros/jazzy/lib/python3.12/site-packages /usr/bin/python3 -W ignore:setup.py install is deprecated -W ignore:easy_install command is deprecated setup.py egg_info --egg-base ../../build/llm_for_pick_place_voice build --build-base /home/jw/YongYiHanYong/build/llm_for_pick_place_voice/build install --record /home/jw/YongYiHanYong/build/llm_for_pick_place_voice/install.log --single-version-externally-managed install_data
[0.842s] running egg_info
[0.856s] writing ../../build/llm_for_pick_place_voice/llm_for_pick_place_voice.egg-info/PKG-INFO
[0.856s] writing dependency_links to ../../build/llm_for_pick_place_voice/llm_for_pick_place_voice.egg-info/dependency_links.txt
[0.856s] writing entry points to ../../build/llm_for_pick_place_voice/llm_for_pick_place_voice.egg-info/entry_points.txt
[0.856s] writing requirements to ../../build/llm_for_pick_place_voice/llm_for_pick_place_voice.egg-info/requires.txt
[0.856s] writing top-level names to ../../build/llm_for_pick_place_voice/llm_for_pick_place_voice.egg-info/top_level.txt
[0.888s] reading manifest file '../../build/llm_for_pick_place_voice/llm_for_pick_place_voice.egg-info/SOURCES.txt'
[0.889s] writing manifest file '../../build/llm_for_pick_place_voice/llm_for_pick_place_voice.egg-info/SOURCES.txt'
[0.889s] running build
[0.889s] running build_py
[0.890s] running install
[0.893s] running install_lib
[0.908s] running install_data
[0.908s] running install_egg_info
[0.923s] removing '/home/jw/YongYiHanYong/install/llm_for_pick_place_voice/lib/python3.12/site-packages/llm_for_pick_place_voice-0.0.0-py3.12.egg-info' (and everything under it)
[0.923s] Copying ../../build/llm_for_pick_place_voice/llm_for_pick_place_voice.egg-info to /home/jw/YongYiHanYong/install/llm_for_pick_place_voice/lib/python3.12/site-packages/llm_for_pick_place_voice-0.0.0-py3.12.egg-info
[0.924s] running install_scripts
[1.026s] Installing arrive_test script to /home/jw/YongYiHanYong/install/llm_for_pick_place_voice/lib/llm_for_pick_place_voice
[1.026s] Installing get_keyword script to /home/jw/YongYiHanYong/install/llm_for_pick_place_voice/lib/llm_for_pick_place_voice
[1.027s] Installing get_keyword_client script to /home/jw/YongYiHanYong/install/llm_for_pick_place_voice/lib/llm_for_pick_place_voice
[1.027s] Installing ros_web_bridge script to /home/jw/YongYiHanYong/install/llm_for_pick_place_voice/lib/llm_for_pick_place_voice
[1.027s] Installing stt script to /home/jw/YongYiHanYong/install/llm_for_pick_place_voice/lib/llm_for_pick_place_voice
[1.027s] Installing test_robot script to /home/jw/YongYiHanYong/install/llm_for_pick_place_voice/lib/llm_for_pick_place_voice
[1.027s] Installing wakeup_word script to /home/jw/YongYiHanYong/install/llm_for_pick_place_voice/lib/llm_for_pick_place_voice
[1.027s] writing list of installed files to '/home/jw/YongYiHanYong/build/llm_for_pick_place_voice/install.log'
[1.055s] Invoked command in '/home/jw/YongYiHanYong/src/llm_for_pick_place_voice' returned '0': CMAKE_PREFIX_PATH=/home/jw/YongYiHanYong/install/interface_pkg:/home/jw/YongYiHanYong/install/target_move:/home/jw/YongYiHanYong/install/yolo_depth_interfaces:/opt/ros/jazzy/opt/gz_sim_vendor:/opt/ros/jazzy/opt/gz_sensors_vendor:/opt/ros/jazzy/opt/gz_physics_vendor:/opt/ros/jazzy/opt/sdformat_vendor:/opt/ros/jazzy/opt/gz_gui_vendor:/opt/ros/jazzy/opt/gz_transport_vendor:/opt/ros/jazzy/opt/gz_rendering_vendor:/opt/ros/jazzy/opt/gz_plugin_vendor:/opt/ros/jazzy/opt/gz_fuel_tools_vendor:/opt/ros/jazzy/opt/gz_msgs_vendor:/opt/ros/jazzy/opt/gz_common_vendor:/opt/ros/jazzy/opt/gz_math_vendor:/opt/ros/jazzy/opt/gz_utils_vendor:/opt/ros/jazzy/opt/gz_tools_vendor:/opt/ros/jazzy/opt/gz_ogre_next_vendor:/opt/ros/jazzy/opt/gz_dartsim_vendor:/opt/ros/jazzy/opt/gz_cmake_vendor DEBUGINFOD_URLS=https://debuginfod.ubuntu.com LD_LIBRARY_PATH=/home/jw/YongYiHanYong/install/interface_pkg/lib:/home/jw/YongYiHanYong/install/yolo_depth_interfaces/lib:/opt/ros/jazzy/opt/gz_sim_vendor/lib:/opt/ros/jazzy/opt/gz_sensors_vendor/lib:/opt/ros/jazzy/opt/gz_physics_vendor/lib:/opt/ros/jazzy/opt/sdformat_vendor/lib:/opt/ros/jazzy/opt/rviz_ogre_vendor/lib:/opt/ros/jazzy/lib/x86_64-linux-gnu:/opt/ros/jazzy/opt/gz_gui_vendor/lib:/opt/ros/jazzy/opt/gz_transport_vendor/lib:/opt/ros/jazzy/opt/gz_rendering_vendor/lib:/opt/ros/jazzy/opt/gz_plugin_vendor/lib:/opt/ros/jazzy/opt/gz_fuel_tools_vendor/lib:/opt/ros/jazzy/opt/gz_msgs_vendor/lib:/opt/ros/jazzy/opt/gz_common_vendor/lib:/opt/ros/jazzy/opt/gz_math_vendor/lib:/opt/ros/jazzy/opt/gz_utils_vendor/lib:/opt/ros/jazzy/opt/gz_tools_vendor/lib:/opt/ros/jazzy/opt/gz_ogre_next_vendor/lib:/opt/ros/jazzy/opt/gz_dartsim_vendor/lib:/opt/ros/jazzy/opt/gz_cmake_vendor/lib:/opt/ros/jazzy/lib PYTHONPATH=/home/jw/YongYiHanYong/build/llm_for_pick_place_voice/prefix_override:/usr/lib/python3/dist-packages/colcon_core/task/python/colcon_distutils_commands:/home/jw/YongYiHanYong/install/llm_for_pick_place_voice/lib/python3.12/site-packages:/home/jw/YongYiHanYong/install/interface_pkg/lib/python3.12/site-packages:/home/jw/YongYiHanYong/install/yolo_realsense/lib/python3.12/site-packages:/home/jw/YongYiHanYong/install/yolo_depth_interfaces/lib/python3.12/site-packages:/home/jw/YongYiHanYong/install/llm_for_pick_place_voice/lib/python3.12/site-packages:/opt/ros/jazzy/lib/python3.12/site-packages /usr/bin/python3 -W ignore:setup.py install is deprecated -W ignore:easy_install command is deprecated setup.py egg_info --egg-base ../../build/llm_for_pick_place_voice build --build-base /home/jw/YongYiHanYong/build/llm_for_pick_place_voice/build install --record /home/jw/YongYiHanYong/build/llm_for_pick_place_voice/install.log --single-version-externally-managed install_data
