[2.940s] Invoking command in '/home/hun/YongYiHanYong/src/yolo_realsense': DEBUGINFOD_URLS=https://debuginfod.ubuntu.com PYTHONPATH=/home/hun/YongYiHanYong/build/yolo_realsense/prefix_override:/usr/lib/python3/dist-packages/colcon_core/task/python/colcon_distutils_commands:/home/hun/YongYiHanYong/install/yolo_realsense/lib/python3.12/site-packages:${PYTHONPATH} /usr/bin/python3 -W ignore:setup.py install is deprecated -W ignore:easy_install command is deprecated setup.py egg_info --egg-base ../../build/yolo_realsense build --build-base /home/hun/YongYiHanYong/build/yolo_realsense/build install --record /home/hun/YongYiHanYong/build/yolo_realsense/install.log --single-version-externally-managed install_data
[3.892s] running egg_info
[3.964s] writing ../../build/yolo_realsense/yolo_realsense.egg-info/PKG-INFO
[3.964s] writing dependency_links to ../../build/yolo_realsense/yolo_realsense.egg-info/dependency_links.txt
[3.967s] writing entry points to ../../build/yolo_realsense/yolo_realsense.egg-info/entry_points.txt
[3.968s] writing requirements to ../../build/yolo_realsense/yolo_realsense.egg-info/requires.txt
[3.969s] writing top-level names to ../../build/yolo_realsense/yolo_realsense.egg-info/top_level.txt
[4.109s] reading manifest file '../../build/yolo_realsense/yolo_realsense.egg-info/SOURCES.txt'
[4.115s] writing manifest file '../../build/yolo_realsense/yolo_realsense.egg-info/SOURCES.txt'
[4.118s] running build
[4.118s] running build_py
[4.121s] running install
[4.136s] running install_lib
[4.212s] running install_data
[4.214s] running install_egg_info
[4.293s] removing '/home/hun/YongYiHanYong/install/yolo_realsense/lib/python3.12/site-packages/yolo_realsense-0.0.0-py3.12.egg-info' (and everything under it)
[4.293s] Copying ../../build/yolo_realsense/yolo_realsense.egg-info to /home/hun/YongYiHanYong/install/yolo_realsense/lib/python3.12/site-packages/yolo_realsense-0.0.0-py3.12.egg-info
[4.293s] running install_scripts
[4.727s] Installing picxel2world script to /home/hun/YongYiHanYong/install/yolo_realsense/lib/yolo_realsense
[4.730s] Installing priority_object script to /home/hun/YongYiHanYong/install/yolo_realsense/lib/yolo_realsense
[4.730s] Installing world_trigger script to /home/hun/YongYiHanYong/install/yolo_realsense/lib/yolo_realsense
[4.731s] Installing yolo_depth_viewer script to /home/hun/YongYiHanYong/install/yolo_realsense/lib/yolo_realsense
[4.732s] Installing yolo_result_publisher script to /home/hun/YongYiHanYong/install/yolo_realsense/lib/yolo_realsense
[4.733s] writing list of installed files to '/home/hun/YongYiHanYong/build/yolo_realsense/install.log'
[4.827s] Invoked command in '/home/hun/YongYiHanYong/src/yolo_realsense' returned '0': DEBUGINFOD_URLS=https://debuginfod.ubuntu.com PYTHONPATH=/home/hun/YongYiHanYong/build/yolo_realsense/prefix_override:/usr/lib/python3/dist-packages/colcon_core/task/python/colcon_distutils_commands:/home/hun/YongYiHanYong/install/yolo_realsense/lib/python3.12/site-packages:${PYTHONPATH} /usr/bin/python3 -W ignore:setup.py install is deprecated -W ignore:easy_install command is deprecated setup.py egg_info --egg-base ../../build/yolo_realsense build --build-base /home/hun/YongYiHanYong/build/yolo_realsense/build install --record /home/hun/YongYiHanYong/build/yolo_realsense/install.log --single-version-externally-managed install_data
