[100%] Built target target_move_node
-- Install configuration: ""
-- Up-to-date: /home/jw/YongYiHanYong/install/target_move/lib/target_move/target_move_node
-- Up-to-date: /home/jw/YongYiHanYong/install/target_move/share/target_move/launch
-- Up-to-date: /home/jw/YongYiHanYong/install/target_move/share/target_move/launch/target_move_dsr.launch.py
-- Up-to-date: /home/jw/YongYiHanYong/install/target_move/share/ament_index/resource_index/package_run_dependencies/target_move
-- Up-to-date: /home/jw/YongYiHanYong/install/target_move/share/ament_index/resource_index/parent_prefix_path/target_move
-- Up-to-date: /home/jw/YongYiHanYong/install/target_move/share/target_move/environment/ament_prefix_path.sh
-- Up-to-date: /home/jw/YongYiHanYong/install/target_move/share/target_move/environment/ament_prefix_path.dsv
-- Up-to-date: /home/jw/YongYiHanYong/install/target_move/share/target_move/environment/path.sh
-- Up-to-date: /home/jw/YongYiHanYong/install/target_move/share/target_move/environment/path.dsv
-- Up-to-date: /home/jw/YongYiHanYong/install/target_move/share/target_move/local_setup.bash
-- Up-to-date: /home/jw/YongYiHanYong/install/target_move/share/target_move/local_setup.sh
-- Up-to-date: /home/jw/YongYiHanYong/install/target_move/share/target_move/local_setup.zsh
-- Up-to-date: /home/jw/YongYiHanYong/install/target_move/share/target_move/local_setup.dsv
-- Installing: /home/jw/YongYiHanYong/install/target_move/share/target_move/package.dsv
-- Up-to-date: /home/jw/YongYiHanYong/install/target_move/share/ament_index/resource_index/packages/target_move
-- Up-to-date: /home/jw/YongYiHanYong/install/target_move/share/target_move/cmake/target_moveConfig.cmake
-- Up-to-date: /home/jw/YongYiHanYong/install/target_move/share/target_move/cmake/target_moveConfig-version.cmake
-- Up-to-date: /home/jw/YongYiHanYong/install/target_move/share/target_move/package.xml
