[0.175s] Invoking command in '/home/jw/YongYiHanYong/build/target_move': CMAKE_PREFIX_PATH=/home/jw/YongYiHanYong/install/llm_for_pick_place_voice:/opt/ros/jazzy:/home/jw/YongYiHanYong/install/yolo_depth_interfaces:${CMAKE_PREFIX_PATH} DEBUGINFOD_URLS=https://debuginfod.ubuntu.com LD_LIBRARY_PATH=/home/jw/YongYiHanYong/install/yolo_depth_interfaces/lib:${LD_LIBRARY_PATH} PKG_CONFIG_PATH=/home/jw/YongYiHanYong/install/yolo_depth_interfaces/lib/x86_64-linux-gnu/pkgconfig:/home/jw/YongYiHanYong/install/yolo_depth_interfaces/lib/pkgconfig PYTHONPATH=/home/jw/YongYiHanYong/install/yolo_depth_interfaces/lib/python3.12/site-packages:${PYTHONPATH} ROS_PACKAGE_PATH=/home/jw/YongYiHanYong/install/yolo_depth_interfaces/share /usr/bin/cmake --build /home/jw/YongYiHanYong/build/target_move -- -j16 -l16
[0.256s] [100%] Built target target_move_node
[0.270s] Invoked command in '/home/jw/YongYiHanYong/build/target_move' returned '0': CMAKE_PREFIX_PATH=/home/jw/YongYiHanYong/install/llm_for_pick_place_voice:/opt/ros/jazzy:/home/jw/YongYiHanYong/install/yolo_depth_interfaces:${CMAKE_PREFIX_PATH} DEBUGINFOD_URLS=https://debuginfod.ubuntu.com LD_LIBRARY_PATH=/home/jw/YongYiHanYong/install/yolo_depth_interfaces/lib:${LD_LIBRARY_PATH} PKG_CONFIG_PATH=/home/jw/YongYiHanYong/install/yolo_depth_interfaces/lib/x86_64-linux-gnu/pkgconfig:/home/jw/YongYiHanYong/install/yolo_depth_interfaces/lib/pkgconfig PYTHONPATH=/home/jw/YongYiHanYong/install/yolo_depth_interfaces/lib/python3.12/site-packages:${PYTHONPATH} ROS_PACKAGE_PATH=/home/jw/YongYiHanYong/install/yolo_depth_interfaces/share /usr/bin/cmake --build /home/jw/YongYiHanYong/build/target_move -- -j16 -l16
[0.271s] Invoking command in '/home/jw/YongYiHanYong/build/target_move': CMAKE_PREFIX_PATH=/home/jw/YongYiHanYong/install/llm_for_pick_place_voice:/opt/ros/jazzy:/home/jw/YongYiHanYong/install/yolo_depth_interfaces:${CMAKE_PREFIX_PATH} DEBUGINFOD_URLS=https://debuginfod.ubuntu.com LD_LIBRARY_PATH=/home/jw/YongYiHanYong/install/yolo_depth_interfaces/lib:${LD_LIBRARY_PATH} PKG_CONFIG_PATH=/home/jw/YongYiHanYong/install/yolo_depth_interfaces/lib/x86_64-linux-gnu/pkgconfig:/home/jw/YongYiHanYong/install/yolo_depth_interfaces/lib/pkgconfig PYTHONPATH=/home/jw/YongYiHanYong/install/yolo_depth_interfaces/lib/python3.12/site-packages:${PYTHONPATH} ROS_PACKAGE_PATH=/home/jw/YongYiHanYong/install/yolo_depth_interfaces/share /usr/bin/cmake --install /home/jw/YongYiHanYong/build/target_move
[0.281s] -- Install configuration: ""
[0.281s] -- Up-to-date: /home/jw/YongYiHanYong/install/target_move/lib/target_move/target_move_node
[0.282s] -- Up-to-date: /home/jw/YongYiHanYong/install/target_move/share/target_move/launch
[0.282s] -- Up-to-date: /home/jw/YongYiHanYong/install/target_move/share/target_move/launch/target_move_dsr.launch.py
[0.282s] -- Up-to-date: /home/jw/YongYiHanYong/install/target_move/share/ament_index/resource_index/package_run_dependencies/target_move
[0.282s] -- Up-to-date: /home/jw/YongYiHanYong/install/target_move/share/ament_index/resource_index/parent_prefix_path/target_move
[0.282s] -- Up-to-date: /home/jw/YongYiHanYong/install/target_move/share/target_move/environment/ament_prefix_path.sh
[0.282s] -- Up-to-date: /home/jw/YongYiHanYong/install/target_move/share/target_move/environment/ament_prefix_path.dsv
[0.282s] -- Up-to-date: /home/jw/YongYiHanYong/install/target_move/share/target_move/environment/path.sh
[0.282s] -- Up-to-date: /home/jw/YongYiHanYong/install/target_move/share/target_move/environment/path.dsv
[0.282s] -- Up-to-date: /home/jw/YongYiHanYong/install/target_move/share/target_move/local_setup.bash
[0.282s] -- Up-to-date: /home/jw/YongYiHanYong/install/target_move/share/target_move/local_setup.sh
[0.282s] -- Up-to-date: /home/jw/YongYiHanYong/install/target_move/share/target_move/local_setup.zsh
[0.283s] -- Up-to-date: /home/jw/YongYiHanYong/install/target_move/share/target_move/local_setup.dsv
[0.283s] -- Installing: /home/jw/YongYiHanYong/install/target_move/share/target_move/package.dsv
[0.283s] -- Up-to-date: /home/jw/YongYiHanYong/install/target_move/share/ament_index/resource_index/packages/target_move
[0.283s] -- Up-to-date: /home/jw/YongYiHanYong/install/target_move/share/target_move/cmake/target_moveConfig.cmake
[0.283s] -- Up-to-date: /home/jw/YongYiHanYong/install/target_move/share/target_move/cmake/target_moveConfig-version.cmake
[0.283s] -- Up-to-date: /home/jw/YongYiHanYong/install/target_move/share/target_move/package.xml
[0.285s] Invoked command in '/home/jw/YongYiHanYong/build/target_move' returned '0': CMAKE_PREFIX_PATH=/home/jw/YongYiHanYong/install/llm_for_pick_place_voice:/opt/ros/jazzy:/home/jw/YongYiHanYong/install/yolo_depth_interfaces:${CMAKE_PREFIX_PATH} DEBUGINFOD_URLS=https://debuginfod.ubuntu.com LD_LIBRARY_PATH=/home/jw/YongYiHanYong/install/yolo_depth_interfaces/lib:${LD_LIBRARY_PATH} PKG_CONFIG_PATH=/home/jw/YongYiHanYong/install/yolo_depth_interfaces/lib/x86_64-linux-gnu/pkgconfig:/home/jw/YongYiHanYong/install/yolo_depth_interfaces/lib/pkgconfig PYTHONPATH=/home/jw/YongYiHanYong/install/yolo_depth_interfaces/lib/python3.12/site-packages:${PYTHONPATH} ROS_PACKAGE_PATH=/home/jw/YongYiHanYong/install/yolo_depth_interfaces/share /usr/bin/cmake --install /home/jw/YongYiHanYong/build/target_move
