[0.033s] Invoking command in '/home/hun/YongYiHanYong/build/interface_pkg': CMAKE_PREFIX_PATH=${CMAKE_PREFIX_PATH}:/home/hun/YongYiHanYong/install/llm_for_pick_place_voice:/opt/ros/jazzy DEBUGINFOD_URLS=https://debuginfod.ubuntu.com /usr/bin/cmake /home/hun/YongYiHanYong/src/interface_pkg -DCMAKE_INSTALL_PREFIX=/home/hun/YongYiHanYong/install/interface_pkg
[0.153s] -- The C compiler identification is GNU 13.3.0
[0.276s] -- The CXX compiler identification is GNU 13.3.0
[0.311s] -- Detecting C compiler ABI info
[0.464s] -- Detecting C compiler ABI info - done
[0.489s] -- Check for working C compiler: /usr/bin/cc - skipped
[0.490s] -- Detecting C compile features
[0.491s] -- Detecting C compile features - done
[0.513s] -- Detecting CXX compiler ABI info
[0.737s] -- Detecting CXX compiler ABI info - done
[0.762s] -- Check for working CXX compiler: /usr/bin/c++ - skipped
[0.762s] -- Detecting CXX compile features
[0.763s] -- Detecting CXX compile features - done
[0.773s] -- Found ament_cmake: 2.5.4 (/opt/ros/jazzy/share/ament_cmake/cmake)
[1.109s] -- Found Python3: /usr/bin/python3 (found version "3.12.3") found components: Interpreter 
[1.406s] -- Found rosidl_default_generators: 1.6.0 (/opt/ros/jazzy/share/rosidl_default_generators/cmake)
[1.416s] -- Using all available rosidl_typesupport_c: rosidl_typesupport_fastrtps_c;rosidl_typesupport_introspection_c
[1.531s] -- Using all available rosidl_typesupport_cpp: rosidl_typesupport_fastrtps_cpp;rosidl_typesupport_introspection_cpp
[1.668s] -- Found rosidl_adapter: 4.6.6 (/opt/ros/jazzy/share/rosidl_adapter/cmake)
[1.680s] -- Found std_msgs: 5.3.6 (/opt/ros/jazzy/share/std_msgs/cmake)
[2.936s] -- Found ament_cmake_ros: 0.12.0 (/opt/ros/jazzy/share/ament_cmake_ros/cmake)
[3.790s] -- Using all available rosidl_typesupport_c: rosidl_typesupport_fastrtps_c;rosidl_typesupport_introspection_c
[4.805s] -- Using all available rosidl_typesupport_cpp: rosidl_typesupport_fastrtps_cpp;rosidl_typesupport_introspection_cpp
[4.816s] -- Found python_cmake_module: 0.11.1 (/opt/ros/jazzy/share/python_cmake_module/cmake)
[5.130s] -- Found PythonExtra: /usr/bin/python3  
[5.998s] -- Found Python3: /usr/bin/python3 (found version "3.12.3") found components: Interpreter Development NumPy Development.Module Development.Embed 
[6.109s] -- Found ament_lint_auto: 0.17.3 (/opt/ros/jazzy/share/ament_lint_auto/cmake)
[6.176s] -- Added test 'lint_cmake' to check CMake code style
[6.178s] -- Added test 'xmllint' to check XML markup files
[6.184s] -- Configuring done (6.1s)
[6.257s] -- Generating done (0.1s)
[6.281s] -- Build files have been written to: /home/hun/YongYiHanYong/build/interface_pkg
[6.300s] Invoked command in '/home/hun/YongYiHanYong/build/interface_pkg' returned '0': CMAKE_PREFIX_PATH=${CMAKE_PREFIX_PATH}:/home/hun/YongYiHanYong/install/llm_for_pick_place_voice:/opt/ros/jazzy DEBUGINFOD_URLS=https://debuginfod.ubuntu.com /usr/bin/cmake /home/hun/YongYiHanYong/src/interface_pkg -DCMAKE_INSTALL_PREFIX=/home/hun/YongYiHanYong/install/interface_pkg
[6.303s] Invoking command in '/home/hun/YongYiHanYong/build/interface_pkg': CMAKE_PREFIX_PATH=${CMAKE_PREFIX_PATH}:/home/hun/YongYiHanYong/install/llm_for_pick_place_voice:/opt/ros/jazzy DEBUGINFOD_URLS=https://debuginfod.ubuntu.com /usr/bin/cmake --build /home/hun/YongYiHanYong/build/interface_pkg -- -j12 -l12
[6.413s] [  2%] [34m[1mGenerating type hashes for ROS interfaces[0m
[6.432s] [  2%] Built target ament_cmake_python_copy_interface_pkg
[6.677s] [  2%] Built target interface_pkg__rosidl_generator_type_description
[6.699s] [  5%] [34m[1mGenerating C code for ROS interfaces[0m
[6.717s] [  8%] [34m[1mGenerating C++ code for ROS interfaces[0m
[6.970s] running egg_info
[6.972s] creating interface_pkg.egg-info
[7.038s] writing interface_pkg.egg-info/PKG-INFO
[7.038s] writing dependency_links to interface_pkg.egg-info/dependency_links.txt
[7.038s] writing top-level names to interface_pkg.egg-info/top_level.txt
[7.038s] writing manifest file 'interface_pkg.egg-info/SOURCES.txt'
[7.110s] [  8%] Built target interface_pkg__cpp
[7.225s] reading manifest file 'interface_pkg.egg-info/SOURCES.txt'
[7.226s] writing manifest file 'interface_pkg.egg-info/SOURCES.txt'
[7.275s] [  8%] Built target ament_cmake_python_build_interface_pkg_egg
[7.352s] [ 11%] [32mBuilding C object CMakeFiles/interface_pkg__rosidl_generator_c.dir/rosidl_generator_c/interface_pkg/srv/detail/string_to_string__functions.c.o[0m
[7.357s] [ 14%] [32mBuilding C object CMakeFiles/interface_pkg__rosidl_generator_c.dir/rosidl_generator_c/interface_pkg/srv/detail/string_to_string__type_support.c.o[0m
[7.358s] [ 17%] [32mBuilding C object CMakeFiles/interface_pkg__rosidl_generator_c.dir/rosidl_generator_c/interface_pkg/srv/detail/string_to_string__description.c.o[0m
[7.460s] [ 20%] [32m[1mLinking C shared library libinterface_pkg__rosidl_generator_c.so[0m
[7.537s] [ 20%] Built target interface_pkg__rosidl_generator_c
[7.559s] [ 26%] [34m[1mGenerating C++ type support dispatch for ROS interfaces[0m
[7.560s] [ 35%] [34m[1mGenerating C++ introspection for ROS interfaces[0m
[7.560s] [ 35%] [34m[1mGenerating C type support for eProsima Fast-RTPS[0m
[7.560s] [ 26%] [34m[1mGenerating C++ type support for eProsima Fast-RTPS[0m
[7.560s] [ 35%] [34m[1mGenerating C introspection for ROS interfaces[0m
[7.561s] [ 38%] [34m[1mGenerating C type support dispatch for ROS interfaces[0m
[8.072s] [ 41%] [32mBuilding CXX object CMakeFiles/interface_pkg__rosidl_typesupport_c.dir/rosidl_typesupport_c/interface_pkg/srv/string_to_string__type_support.cpp.o[0m
[8.085s] [ 44%] [32mBuilding CXX object CMakeFiles/interface_pkg__rosidl_typesupport_cpp.dir/rosidl_typesupport_cpp/interface_pkg/srv/string_to_string__type_support.cpp.o[0m
[8.148s] [ 50%] [32mBuilding C object CMakeFiles/interface_pkg__rosidl_typesupport_introspection_c.dir/rosidl_typesupport_introspection_c/interface_pkg/srv/detail/string_to_string__type_support.c.o[0m
[8.149s] [ 50%] [32mBuilding CXX object CMakeFiles/interface_pkg__rosidl_typesupport_introspection_cpp.dir/rosidl_typesupport_introspection_cpp/interface_pkg/srv/detail/string_to_string__type_support.cpp.o[0m
[8.180s] [ 52%] [32m[1mLinking CXX shared library libinterface_pkg__rosidl_typesupport_c.so[0m
[8.226s] [ 55%] [32mBuilding CXX object CMakeFiles/interface_pkg__rosidl_typesupport_fastrtps_cpp.dir/rosidl_typesupport_fastrtps_cpp/interface_pkg/srv/detail/dds_fastrtps/string_to_string__type_support.cpp.o[0m
[8.249s] [ 58%] [32mBuilding CXX object CMakeFiles/interface_pkg__rosidl_typesupport_fastrtps_c.dir/rosidl_typesupport_fastrtps_c/interface_pkg/srv/detail/string_to_string__type_support_c.cpp.o[0m
[8.249s] [ 61%] [32m[1mLinking C shared library libinterface_pkg__rosidl_typesupport_introspection_c.so[0m
[8.262s] [ 61%] Built target interface_pkg__rosidl_typesupport_c
[8.304s] [ 61%] Built target interface_pkg__rosidl_typesupport_introspection_c
[8.859s] [ 64%] [32m[1mLinking CXX shared library libinterface_pkg__rosidl_typesupport_cpp.so[0m
[9.021s] [ 64%] Built target interface_pkg__rosidl_typesupport_cpp
[9.100s] [ 67%] [32m[1mLinking CXX shared library libinterface_pkg__rosidl_typesupport_fastrtps_cpp.so[0m
[9.135s] [ 70%] [32m[1mLinking CXX shared library libinterface_pkg__rosidl_typesupport_introspection_cpp.so[0m
[9.270s] [ 70%] Built target interface_pkg__rosidl_typesupport_fastrtps_cpp
[9.295s] [ 70%] Built target interface_pkg__rosidl_typesupport_introspection_cpp
[9.352s] [ 73%] [32m[1mLinking CXX shared library libinterface_pkg__rosidl_typesupport_fastrtps_c.so[0m
[9.456s] [ 73%] Built target interface_pkg__rosidl_typesupport_fastrtps_c
[9.501s] [ 73%] Built target interface_pkg
[9.545s] [ 76%] [34m[1mGenerating Python code for ROS interfaces[0m
[10.254s] [ 76%] Built target interface_pkg__py
[10.296s] [ 79%] [32mBuilding C object CMakeFiles/interface_pkg__rosidl_generator_py.dir/rosidl_generator_py/interface_pkg/srv/_string_to_string_s.c.o[0m
[10.529s] [ 82%] [32m[1mLinking C shared library libinterface_pkg__rosidl_generator_py.so[0m
[10.621s] [ 82%] Built target interface_pkg__rosidl_generator_py
[10.648s] [ 85%] [32mBuilding C object CMakeFiles/interface_pkg_s__rosidl_typesupport_c.dir/rosidl_generator_py/interface_pkg/_interface_pkg_s.ep.rosidl_typesupport_c.c.o[0m
[10.662s] [ 91%] [32mBuilding C object CMakeFiles/interface_pkg_s__rosidl_typesupport_fastrtps_c.dir/rosidl_generator_py/interface_pkg/_interface_pkg_s.ep.rosidl_typesupport_fastrtps_c.c.o[0m
[10.662s] [ 91%] [32mBuilding C object CMakeFiles/interface_pkg_s__rosidl_typesupport_introspection_c.dir/rosidl_generator_py/interface_pkg/_interface_pkg_s.ep.rosidl_typesupport_introspection_c.c.o[0m
[10.775s] [ 94%] [32m[1mLinking C shared module rosidl_generator_py/interface_pkg/interface_pkg_s__rosidl_typesupport_c.so[0m
[10.833s] [ 94%] Built target interface_pkg_s__rosidl_typesupport_c
[10.884s] [ 97%] [32m[1mLinking C shared module rosidl_generator_py/interface_pkg/interface_pkg_s__rosidl_typesupport_fastrtps_c.so[0m
[10.891s] [100%] [32m[1mLinking C shared module rosidl_generator_py/interface_pkg/interface_pkg_s__rosidl_typesupport_introspection_c.so[0m
[10.936s] [100%] Built target interface_pkg_s__rosidl_typesupport_fastrtps_c
[10.958s] [100%] Built target interface_pkg_s__rosidl_typesupport_introspection_c
[10.983s] Invoked command in '/home/hun/YongYiHanYong/build/interface_pkg' returned '0': CMAKE_PREFIX_PATH=${CMAKE_PREFIX_PATH}:/home/hun/YongYiHanYong/install/llm_for_pick_place_voice:/opt/ros/jazzy DEBUGINFOD_URLS=https://debuginfod.ubuntu.com /usr/bin/cmake --build /home/hun/YongYiHanYong/build/interface_pkg -- -j12 -l12
[11.001s] Invoking command in '/home/hun/YongYiHanYong/build/interface_pkg': CMAKE_PREFIX_PATH=${CMAKE_PREFIX_PATH}:/home/hun/YongYiHanYong/install/llm_for_pick_place_voice:/opt/ros/jazzy DEBUGINFOD_URLS=https://debuginfod.ubuntu.com /usr/bin/cmake --install /home/hun/YongYiHanYong/build/interface_pkg
[11.012s] -- Install configuration: ""
[11.013s] -- Installing: /home/hun/YongYiHanYong/install/interface_pkg/share/ament_index/resource_index/rosidl_interfaces/interface_pkg
[11.013s] -- Installing: /home/hun/YongYiHanYong/install/interface_pkg/share/interface_pkg/srv/StringToString.json
[11.014s] -- Installing: /home/hun/YongYiHanYong/install/interface_pkg/include/interface_pkg/interface_pkg
[11.014s] -- Installing: /home/hun/YongYiHanYong/install/interface_pkg/include/interface_pkg/interface_pkg/msg
[11.014s] -- Installing: /home/hun/YongYiHanYong/install/interface_pkg/include/interface_pkg/interface_pkg/msg/rosidl_generator_c__visibility_control.h
[11.014s] -- Installing: /home/hun/YongYiHanYong/install/interface_pkg/include/interface_pkg/interface_pkg/srv
[11.014s] -- Installing: /home/hun/YongYiHanYong/install/interface_pkg/include/interface_pkg/interface_pkg/srv/string_to_string.h
[11.015s] -- Installing: /home/hun/YongYiHanYong/install/interface_pkg/include/interface_pkg/interface_pkg/srv/detail
[11.015s] -- Installing: /home/hun/YongYiHanYong/install/interface_pkg/include/interface_pkg/interface_pkg/srv/detail/string_to_string__type_support.h
[11.015s] -- Installing: /home/hun/YongYiHanYong/install/interface_pkg/include/interface_pkg/interface_pkg/srv/detail/string_to_string__functions.h
[11.015s] -- Installing: /home/hun/YongYiHanYong/install/interface_pkg/include/interface_pkg/interface_pkg/srv/detail/string_to_string__struct.h
[11.015s] -- Installing: /home/hun/YongYiHanYong/install/interface_pkg/include/interface_pkg/interface_pkg/srv/detail/string_to_string__description.c
[11.016s] -- Installing: /home/hun/YongYiHanYong/install/interface_pkg/include/interface_pkg/interface_pkg/srv/detail/string_to_string__type_support.c
[11.016s] -- Installing: /home/hun/YongYiHanYong/install/interface_pkg/include/interface_pkg/interface_pkg/srv/detail/string_to_string__functions.c
[11.016s] -- Installing: /home/hun/YongYiHanYong/install/interface_pkg/share/interface_pkg/environment/library_path.sh
[11.016s] -- Installing: /home/hun/YongYiHanYong/install/interface_pkg/share/interface_pkg/environment/library_path.dsv
[11.016s] -- Installing: /home/hun/YongYiHanYong/install/interface_pkg/lib/libinterface_pkg__rosidl_generator_c.so
[11.017s] -- Set non-toolchain portion of runtime path of "/home/hun/YongYiHanYong/install/interface_pkg/lib/libinterface_pkg__rosidl_generator_c.so" to ""
[11.017s] -- Up-to-date: /home/hun/YongYiHanYong/install/interface_pkg/include/interface_pkg/interface_pkg
[11.017s] -- Up-to-date: /home/hun/YongYiHanYong/install/interface_pkg/include/interface_pkg/interface_pkg/msg
[11.017s] -- Installing: /home/hun/YongYiHanYong/install/interface_pkg/include/interface_pkg/interface_pkg/msg/rosidl_typesupport_fastrtps_c__visibility_control.h
[11.017s] -- Up-to-date: /home/hun/YongYiHanYong/install/interface_pkg/include/interface_pkg/interface_pkg/srv
[11.018s] -- Up-to-date: /home/hun/YongYiHanYong/install/interface_pkg/include/interface_pkg/interface_pkg/srv/detail
[11.018s] -- Installing: /home/hun/YongYiHanYong/install/interface_pkg/include/interface_pkg/interface_pkg/srv/detail/string_to_string__rosidl_typesupport_fastrtps_c.h
[11.018s] -- Installing: /home/hun/YongYiHanYong/install/interface_pkg/lib/libinterface_pkg__rosidl_typesupport_fastrtps_c.so
[11.018s] -- Set non-toolchain portion of runtime path of "/home/hun/YongYiHanYong/install/interface_pkg/lib/libinterface_pkg__rosidl_typesupport_fastrtps_c.so" to ""
[11.018s] -- Up-to-date: /home/hun/YongYiHanYong/install/interface_pkg/include/interface_pkg/interface_pkg
[11.019s] -- Up-to-date: /home/hun/YongYiHanYong/install/interface_pkg/include/interface_pkg/interface_pkg/msg
[11.019s] -- Installing: /home/hun/YongYiHanYong/install/interface_pkg/include/interface_pkg/interface_pkg/msg/rosidl_typesupport_introspection_c__visibility_control.h
[11.019s] -- Up-to-date: /home/hun/YongYiHanYong/install/interface_pkg/include/interface_pkg/interface_pkg/srv
[11.019s] -- Up-to-date: /home/hun/YongYiHanYong/install/interface_pkg/include/interface_pkg/interface_pkg/srv/detail
[11.019s] -- Installing: /home/hun/YongYiHanYong/install/interface_pkg/include/interface_pkg/interface_pkg/srv/detail/string_to_string__rosidl_typesupport_introspection_c.h
[11.020s] -- Installing: /home/hun/YongYiHanYong/install/interface_pkg/include/interface_pkg/interface_pkg/srv/detail/string_to_string__type_support.c
[11.020s] -- Installing: /home/hun/YongYiHanYong/install/interface_pkg/lib/libinterface_pkg__rosidl_typesupport_introspection_c.so
[11.020s] -- Set non-toolchain portion of runtime path of "/home/hun/YongYiHanYong/install/interface_pkg/lib/libinterface_pkg__rosidl_typesupport_introspection_c.so" to ""
[11.020s] -- Installing: /home/hun/YongYiHanYong/install/interface_pkg/lib/libinterface_pkg__rosidl_typesupport_c.so
[11.020s] -- Set non-toolchain portion of runtime path of "/home/hun/YongYiHanYong/install/interface_pkg/lib/libinterface_pkg__rosidl_typesupport_c.so" to ""
[11.020s] -- Up-to-date: /home/hun/YongYiHanYong/install/interface_pkg/include/interface_pkg/interface_pkg
[11.020s] -- Up-to-date: /home/hun/YongYiHanYong/install/interface_pkg/include/interface_pkg/interface_pkg/msg
[11.021s] -- Installing: /home/hun/YongYiHanYong/install/interface_pkg/include/interface_pkg/interface_pkg/msg/rosidl_generator_cpp__visibility_control.hpp
[11.021s] -- Up-to-date: /home/hun/YongYiHanYong/install/interface_pkg/include/interface_pkg/interface_pkg/srv
[11.021s] -- Up-to-date: /home/hun/YongYiHanYong/install/interface_pkg/include/interface_pkg/interface_pkg/srv/detail
[11.021s] -- Installing: /home/hun/YongYiHanYong/install/interface_pkg/include/interface_pkg/interface_pkg/srv/detail/string_to_string__struct.hpp
[11.021s] -- Installing: /home/hun/YongYiHanYong/install/interface_pkg/include/interface_pkg/interface_pkg/srv/detail/string_to_string__traits.hpp
[11.021s] -- Installing: /home/hun/YongYiHanYong/install/interface_pkg/include/interface_pkg/interface_pkg/srv/detail/string_to_string__builder.hpp
[11.021s] -- Installing: /home/hun/YongYiHanYong/install/interface_pkg/include/interface_pkg/interface_pkg/srv/detail/string_to_string__type_support.hpp
[11.022s] -- Installing: /home/hun/YongYiHanYong/install/interface_pkg/include/interface_pkg/interface_pkg/srv/string_to_string.hpp
[11.022s] -- Up-to-date: /home/hun/YongYiHanYong/install/interface_pkg/include/interface_pkg/interface_pkg
[11.022s] -- Up-to-date: /home/hun/YongYiHanYong/install/interface_pkg/include/interface_pkg/interface_pkg/msg
[11.022s] -- Installing: /home/hun/YongYiHanYong/install/interface_pkg/include/interface_pkg/interface_pkg/msg/rosidl_typesupport_fastrtps_cpp__visibility_control.h
[11.022s] -- Up-to-date: /home/hun/YongYiHanYong/install/interface_pkg/include/interface_pkg/interface_pkg/srv
[11.022s] -- Up-to-date: /home/hun/YongYiHanYong/install/interface_pkg/include/interface_pkg/interface_pkg/srv/detail
[11.023s] -- Installing: /home/hun/YongYiHanYong/install/interface_pkg/include/interface_pkg/interface_pkg/srv/detail/dds_fastrtps
[11.023s] -- Installing: /home/hun/YongYiHanYong/install/interface_pkg/include/interface_pkg/interface_pkg/srv/detail/string_to_string__rosidl_typesupport_fastrtps_cpp.hpp
[11.023s] -- Installing: /home/hun/YongYiHanYong/install/interface_pkg/lib/libinterface_pkg__rosidl_typesupport_fastrtps_cpp.so
[11.023s] -- Set non-toolchain portion of runtime path of "/home/hun/YongYiHanYong/install/interface_pkg/lib/libinterface_pkg__rosidl_typesupport_fastrtps_cpp.so" to ""
[11.023s] -- Up-to-date: /home/hun/YongYiHanYong/install/interface_pkg/include/interface_pkg/interface_pkg
[11.023s] -- Up-to-date: /home/hun/YongYiHanYong/install/interface_pkg/include/interface_pkg/interface_pkg/srv
[11.023s] -- Up-to-date: /home/hun/YongYiHanYong/install/interface_pkg/include/interface_pkg/interface_pkg/srv/detail
[11.024s] -- Installing: /home/hun/YongYiHanYong/install/interface_pkg/include/interface_pkg/interface_pkg/srv/detail/string_to_string__type_support.cpp
[11.024s] -- Installing: /home/hun/YongYiHanYong/install/interface_pkg/include/interface_pkg/interface_pkg/srv/detail/string_to_string__rosidl_typesupport_introspection_cpp.hpp
[11.024s] -- Installing: /home/hun/YongYiHanYong/install/interface_pkg/lib/libinterface_pkg__rosidl_typesupport_introspection_cpp.so
[11.024s] -- Set non-toolchain portion of runtime path of "/home/hun/YongYiHanYong/install/interface_pkg/lib/libinterface_pkg__rosidl_typesupport_introspection_cpp.so" to ""
[11.024s] -- Installing: /home/hun/YongYiHanYong/install/interface_pkg/lib/libinterface_pkg__rosidl_typesupport_cpp.so
[11.024s] -- Set non-toolchain portion of runtime path of "/home/hun/YongYiHanYong/install/interface_pkg/lib/libinterface_pkg__rosidl_typesupport_cpp.so" to ""
[11.024s] -- Installing: /home/hun/YongYiHanYong/install/interface_pkg/share/interface_pkg/environment/pythonpath.sh
[11.025s] -- Installing: /home/hun/YongYiHanYong/install/interface_pkg/share/interface_pkg/environment/pythonpath.dsv
[11.025s] -- Installing: /home/hun/YongYiHanYong/install/interface_pkg/lib/python3.12/site-packages/interface_pkg-0.0.0-py3.12.egg-info
[11.025s] -- Installing: /home/hun/YongYiHanYong/install/interface_pkg/lib/python3.12/site-packages/interface_pkg-0.0.0-py3.12.egg-info/top_level.txt
[11.025s] -- Installing: /home/hun/YongYiHanYong/install/interface_pkg/lib/python3.12/site-packages/interface_pkg-0.0.0-py3.12.egg-info/SOURCES.txt
[11.025s] -- Installing: /home/hun/YongYiHanYong/install/interface_pkg/lib/python3.12/site-packages/interface_pkg-0.0.0-py3.12.egg-info/PKG-INFO
[11.025s] -- Installing: /home/hun/YongYiHanYong/install/interface_pkg/lib/python3.12/site-packages/interface_pkg-0.0.0-py3.12.egg-info/dependency_links.txt
[11.026s] -- Installing: /home/hun/YongYiHanYong/install/interface_pkg/lib/python3.12/site-packages/interface_pkg
[11.026s] -- Installing: /home/hun/YongYiHanYong/install/interface_pkg/lib/python3.12/site-packages/interface_pkg/__init__.py
[11.026s] -- Installing: /home/hun/YongYiHanYong/install/interface_pkg/lib/python3.12/site-packages/interface_pkg/interface_pkg_s__rosidl_typesupport_introspection_c.so
[11.026s] -- Installing: /home/hun/YongYiHanYong/install/interface_pkg/lib/python3.12/site-packages/interface_pkg/_interface_pkg_s.ep.rosidl_typesupport_fastrtps_c.c
[11.026s] -- Installing: /home/hun/YongYiHanYong/install/interface_pkg/lib/python3.12/site-packages/interface_pkg/_interface_pkg_s.ep.rosidl_typesupport_introspection_c.c
[11.026s] -- Installing: /home/hun/YongYiHanYong/install/interface_pkg/lib/python3.12/site-packages/interface_pkg/interface_pkg_s__rosidl_typesupport_fastrtps_c.so
[11.026s] -- Installing: /home/hun/YongYiHanYong/install/interface_pkg/lib/python3.12/site-packages/interface_pkg/interface_pkg_s__rosidl_typesupport_c.so
[11.027s] -- Installing: /home/hun/YongYiHanYong/install/interface_pkg/lib/python3.12/site-packages/interface_pkg/srv
[11.027s] -- Installing: /home/hun/YongYiHanYong/install/interface_pkg/lib/python3.12/site-packages/interface_pkg/srv/__init__.py
[11.027s] -- Installing: /home/hun/YongYiHanYong/install/interface_pkg/lib/python3.12/site-packages/interface_pkg/srv/_string_to_string.py
[11.027s] -- Installing: /home/hun/YongYiHanYong/install/interface_pkg/lib/python3.12/site-packages/interface_pkg/srv/_string_to_string_s.c
[11.027s] -- Installing: /home/hun/YongYiHanYong/install/interface_pkg/lib/python3.12/site-packages/interface_pkg/_interface_pkg_s.ep.rosidl_typesupport_c.c
[11.073s] Listing '/home/hun/YongYiHanYong/install/interface_pkg/lib/python3.12/site-packages/interface_pkg'...
[11.073s] Compiling '/home/hun/YongYiHanYong/install/interface_pkg/lib/python3.12/site-packages/interface_pkg/__init__.py'...
[11.073s] Listing '/home/hun/YongYiHanYong/install/interface_pkg/lib/python3.12/site-packages/interface_pkg/srv'...
[11.073s] Compiling '/home/hun/YongYiHanYong/install/interface_pkg/lib/python3.12/site-packages/interface_pkg/srv/__init__.py'...
[11.073s] Compiling '/home/hun/YongYiHanYong/install/interface_pkg/lib/python3.12/site-packages/interface_pkg/srv/_string_to_string.py'...
[11.080s] -- Installing: /home/hun/YongYiHanYong/install/interface_pkg/lib/python3.12/site-packages/interface_pkg/interface_pkg_s__rosidl_typesupport_fastrtps_c.so
[11.081s] -- Set non-toolchain portion of runtime path of "/home/hun/YongYiHanYong/install/interface_pkg/lib/python3.12/site-packages/interface_pkg/interface_pkg_s__rosidl_typesupport_fastrtps_c.so" to ""
[11.081s] -- Installing: /home/hun/YongYiHanYong/install/interface_pkg/lib/python3.12/site-packages/interface_pkg/interface_pkg_s__rosidl_typesupport_introspection_c.so
[11.081s] -- Set non-toolchain portion of runtime path of "/home/hun/YongYiHanYong/install/interface_pkg/lib/python3.12/site-packages/interface_pkg/interface_pkg_s__rosidl_typesupport_introspection_c.so" to ""
[11.082s] -- Installing: /home/hun/YongYiHanYong/install/interface_pkg/lib/python3.12/site-packages/interface_pkg/interface_pkg_s__rosidl_typesupport_c.so
[11.082s] -- Set non-toolchain portion of runtime path of "/home/hun/YongYiHanYong/install/interface_pkg/lib/python3.12/site-packages/interface_pkg/interface_pkg_s__rosidl_typesupport_c.so" to ""
[11.082s] -- Installing: /home/hun/YongYiHanYong/install/interface_pkg/lib/libinterface_pkg__rosidl_generator_py.so
[11.082s] -- Set non-toolchain portion of runtime path of "/home/hun/YongYiHanYong/install/interface_pkg/lib/libinterface_pkg__rosidl_generator_py.so" to ""
[11.082s] -- Installing: /home/hun/YongYiHanYong/install/interface_pkg/share/interface_pkg/srv/StringToString.idl
[11.083s] -- Installing: /home/hun/YongYiHanYong/install/interface_pkg/share/interface_pkg/srv/StringToString.srv
[11.083s] -- Installing: /home/hun/YongYiHanYong/install/interface_pkg/share/ament_index/resource_index/package_run_dependencies/interface_pkg
[11.083s] -- Installing: /home/hun/YongYiHanYong/install/interface_pkg/share/ament_index/resource_index/parent_prefix_path/interface_pkg
[11.083s] -- Installing: /home/hun/YongYiHanYong/install/interface_pkg/share/interface_pkg/environment/ament_prefix_path.sh
[11.084s] -- Installing: /home/hun/YongYiHanYong/install/interface_pkg/share/interface_pkg/environment/ament_prefix_path.dsv
[11.084s] -- Installing: /home/hun/YongYiHanYong/install/interface_pkg/share/interface_pkg/environment/path.sh
[11.084s] -- Installing: /home/hun/YongYiHanYong/install/interface_pkg/share/interface_pkg/environment/path.dsv
[11.084s] -- Installing: /home/hun/YongYiHanYong/install/interface_pkg/share/interface_pkg/local_setup.bash
[11.084s] -- Installing: /home/hun/YongYiHanYong/install/interface_pkg/share/interface_pkg/local_setup.sh
[11.085s] -- Installing: /home/hun/YongYiHanYong/install/interface_pkg/share/interface_pkg/local_setup.zsh
[11.085s] -- Installing: /home/hun/YongYiHanYong/install/interface_pkg/share/interface_pkg/local_setup.dsv
[11.085s] -- Installing: /home/hun/YongYiHanYong/install/interface_pkg/share/interface_pkg/package.dsv
[11.085s] -- Installing: /home/hun/YongYiHanYong/install/interface_pkg/share/ament_index/resource_index/packages/interface_pkg
[11.086s] -- Installing: /home/hun/YongYiHanYong/install/interface_pkg/share/interface_pkg/cmake/export_interface_pkg__rosidl_generator_cExport.cmake
[11.086s] -- Installing: /home/hun/YongYiHanYong/install/interface_pkg/share/interface_pkg/cmake/export_interface_pkg__rosidl_generator_cExport-noconfig.cmake
[11.086s] -- Installing: /home/hun/YongYiHanYong/install/interface_pkg/share/interface_pkg/cmake/export_interface_pkg__rosidl_typesupport_fastrtps_cExport.cmake
[11.086s] -- Installing: /home/hun/YongYiHanYong/install/interface_pkg/share/interface_pkg/cmake/export_interface_pkg__rosidl_typesupport_fastrtps_cExport-noconfig.cmake
[11.086s] -- Installing: /home/hun/YongYiHanYong/install/interface_pkg/share/interface_pkg/cmake/interface_pkg__rosidl_typesupport_introspection_cExport.cmake
[11.086s] -- Installing: /home/hun/YongYiHanYong/install/interface_pkg/share/interface_pkg/cmake/interface_pkg__rosidl_typesupport_introspection_cExport-noconfig.cmake
[11.087s] -- Installing: /home/hun/YongYiHanYong/install/interface_pkg/share/interface_pkg/cmake/interface_pkg__rosidl_typesupport_cExport.cmake
[11.087s] -- Installing: /home/hun/YongYiHanYong/install/interface_pkg/share/interface_pkg/cmake/interface_pkg__rosidl_typesupport_cExport-noconfig.cmake
[11.087s] -- Installing: /home/hun/YongYiHanYong/install/interface_pkg/share/interface_pkg/cmake/export_interface_pkg__rosidl_generator_cppExport.cmake
[11.087s] -- Installing: /home/hun/YongYiHanYong/install/interface_pkg/share/interface_pkg/cmake/export_interface_pkg__rosidl_typesupport_fastrtps_cppExport.cmake
[11.087s] -- Installing: /home/hun/YongYiHanYong/install/interface_pkg/share/interface_pkg/cmake/export_interface_pkg__rosidl_typesupport_fastrtps_cppExport-noconfig.cmake
[11.087s] -- Installing: /home/hun/YongYiHanYong/install/interface_pkg/share/interface_pkg/cmake/interface_pkg__rosidl_typesupport_introspection_cppExport.cmake
[11.088s] -- Installing: /home/hun/YongYiHanYong/install/interface_pkg/share/interface_pkg/cmake/interface_pkg__rosidl_typesupport_introspection_cppExport-noconfig.cmake
[11.088s] -- Installing: /home/hun/YongYiHanYong/install/interface_pkg/share/interface_pkg/cmake/interface_pkg__rosidl_typesupport_cppExport.cmake
[11.088s] -- Installing: /home/hun/YongYiHanYong/install/interface_pkg/share/interface_pkg/cmake/interface_pkg__rosidl_typesupport_cppExport-noconfig.cmake
[11.088s] -- Installing: /home/hun/YongYiHanYong/install/interface_pkg/share/interface_pkg/cmake/export_interface_pkg__rosidl_generator_pyExport.cmake
[11.088s] -- Installing: /home/hun/YongYiHanYong/install/interface_pkg/share/interface_pkg/cmake/export_interface_pkg__rosidl_generator_pyExport-noconfig.cmake
[11.088s] -- Installing: /home/hun/YongYiHanYong/install/interface_pkg/share/interface_pkg/cmake/rosidl_cmake-extras.cmake
[11.089s] -- Installing: /home/hun/YongYiHanYong/install/interface_pkg/share/interface_pkg/cmake/ament_cmake_export_dependencies-extras.cmake
[11.089s] -- Installing: /home/hun/YongYiHanYong/install/interface_pkg/share/interface_pkg/cmake/ament_cmake_export_include_directories-extras.cmake
[11.089s] -- Installing: /home/hun/YongYiHanYong/install/interface_pkg/share/interface_pkg/cmake/ament_cmake_export_libraries-extras.cmake
[11.089s] -- Installing: /home/hun/YongYiHanYong/install/interface_pkg/share/interface_pkg/cmake/ament_cmake_export_targets-extras.cmake
[11.089s] -- Installing: /home/hun/YongYiHanYong/install/interface_pkg/share/interface_pkg/cmake/rosidl_cmake_export_typesupport_targets-extras.cmake
[11.090s] -- Installing: /home/hun/YongYiHanYong/install/interface_pkg/share/interface_pkg/cmake/rosidl_cmake_export_typesupport_libraries-extras.cmake
[11.090s] -- Installing: /home/hun/YongYiHanYong/install/interface_pkg/share/interface_pkg/cmake/interface_pkgConfig.cmake
[11.090s] -- Installing: /home/hun/YongYiHanYong/install/interface_pkg/share/interface_pkg/cmake/interface_pkgConfig-version.cmake
[11.090s] -- Installing: /home/hun/YongYiHanYong/install/interface_pkg/share/interface_pkg/package.xml
[11.092s] Invoked command in '/home/hun/YongYiHanYong/build/interface_pkg' returned '0': CMAKE_PREFIX_PATH=${CMAKE_PREFIX_PATH}:/home/hun/YongYiHanYong/install/llm_for_pick_place_voice:/opt/ros/jazzy DEBUGINFOD_URLS=https://debuginfod.ubuntu.com /usr/bin/cmake --install /home/hun/YongYiHanYong/build/interface_pkg
