[0.022s] Invoking command in '/home/hun/YongYiHanYong/build/target_move': CMAKE_PREFIX_PATH=/home/hun/YongYiHanYong/install/yolo_realsense:/home/hun/YongYiHanYong/install/llm_for_pick_place_voice:/opt/ros/jazzy:/home/hun/YongYiHanYong/install/yolo_depth_interfaces:${CMAKE_PREFIX_PATH} DEBUGINFOD_URLS=https://debuginfod.ubuntu.com LD_LIBRARY_PATH=/home/hun/YongYiHanYong/install/yolo_depth_interfaces/lib:${LD_LIBRARY_PATH} PKG_CONFIG_PATH=/home/hun/YongYiHanYong/install/yolo_depth_interfaces/lib/x86_64-linux-gnu/pkgconfig:/home/hun/YongYiHanYong/install/yolo_depth_interfaces/lib/pkgconfig PYTHONPATH=/home/hun/YongYiHanYong/install/yolo_depth_interfaces/lib/python3.12/site-packages:${PYTHONPATH} ROS_PACKAGE_PATH=/home/hun/YongYiHanYong/install/yolo_depth_interfaces/share /usr/bin/cmake --build /home/hun/YongYiHanYong/build/target_move -- -j12 -l12
[0.167s] [ 50%] [32mBuilding CXX object CMakeFiles/target_move_node.dir/src/target_move.cpp.o[0m
[27.410s] [100%] [32m[1mLinking CXX executable target_move_node[0m
[30.127s] [100%] Built target target_move_node
[30.196s] Invoked command in '/home/hun/YongYiHanYong/build/target_move' returned '0': CMAKE_PREFIX_PATH=/home/hun/YongYiHanYong/install/yolo_realsense:/home/hun/YongYiHanYong/install/llm_for_pick_place_voice:/opt/ros/jazzy:/home/hun/YongYiHanYong/install/yolo_depth_interfaces:${CMAKE_PREFIX_PATH} DEBUGINFOD_URLS=https://debuginfod.ubuntu.com LD_LIBRARY_PATH=/home/hun/YongYiHanYong/install/yolo_depth_interfaces/lib:${LD_LIBRARY_PATH} PKG_CONFIG_PATH=/home/hun/YongYiHanYong/install/yolo_depth_interfaces/lib/x86_64-linux-gnu/pkgconfig:/home/hun/YongYiHanYong/install/yolo_depth_interfaces/lib/pkgconfig PYTHONPATH=/home/hun/YongYiHanYong/install/yolo_depth_interfaces/lib/python3.12/site-packages:${PYTHONPATH} ROS_PACKAGE_PATH=/home/hun/YongYiHanYong/install/yolo_depth_interfaces/share /usr/bin/cmake --build /home/hun/YongYiHanYong/build/target_move -- -j12 -l12
[30.202s] Invoking command in '/home/hun/YongYiHanYong/build/target_move': CMAKE_PREFIX_PATH=/home/hun/YongYiHanYong/install/yolo_realsense:/home/hun/YongYiHanYong/install/llm_for_pick_place_voice:/opt/ros/jazzy:/home/hun/YongYiHanYong/install/yolo_depth_interfaces:${CMAKE_PREFIX_PATH} DEBUGINFOD_URLS=https://debuginfod.ubuntu.com LD_LIBRARY_PATH=/home/hun/YongYiHanYong/install/yolo_depth_interfaces/lib:${LD_LIBRARY_PATH} PKG_CONFIG_PATH=/home/hun/YongYiHanYong/install/yolo_depth_interfaces/lib/x86_64-linux-gnu/pkgconfig:/home/hun/YongYiHanYong/install/yolo_depth_interfaces/lib/pkgconfig PYTHONPATH=/home/hun/YongYiHanYong/install/yolo_depth_interfaces/lib/python3.12/site-packages:${PYTHONPATH} ROS_PACKAGE_PATH=/home/hun/YongYiHanYong/install/yolo_depth_interfaces/share /usr/bin/cmake --install /home/hun/YongYiHanYong/build/target_move
[30.252s] -- Install configuration: ""
[30.254s] -- Installing: /home/hun/YongYiHanYong/install/target_move/lib/target_move/target_move_node
[30.279s] -- Set non-toolchain portion of runtime path of "/home/hun/YongYiHanYong/install/target_move/lib/target_move/target_move_node" to ""
[30.280s] -- Up-to-date: /home/hun/YongYiHanYong/install/target_move/share/target_move/launch
[30.280s] -- Up-to-date: /home/hun/YongYiHanYong/install/target_move/share/target_move/launch/target_move_dsr.launch.py
[30.284s] -- Up-to-date: /home/hun/YongYiHanYong/install/target_move/share/ament_index/resource_index/package_run_dependencies/target_move
[30.284s] -- Up-to-date: /home/hun/YongYiHanYong/install/target_move/share/ament_index/resource_index/parent_prefix_path/target_move
[30.284s] -- Up-to-date: /home/hun/YongYiHanYong/install/target_move/share/target_move/environment/ament_prefix_path.sh
[30.284s] -- Up-to-date: /home/hun/YongYiHanYong/install/target_move/share/target_move/environment/ament_prefix_path.dsv
[30.284s] -- Up-to-date: /home/hun/YongYiHanYong/install/target_move/share/target_move/environment/path.sh
[30.285s] -- Up-to-date: /home/hun/YongYiHanYong/install/target_move/share/target_move/environment/path.dsv
[30.285s] -- Up-to-date: /home/hun/YongYiHanYong/install/target_move/share/target_move/local_setup.bash
[30.285s] -- Up-to-date: /home/hun/YongYiHanYong/install/target_move/share/target_move/local_setup.sh
[30.288s] -- Up-to-date: /home/hun/YongYiHanYong/install/target_move/share/target_move/local_setup.zsh
[30.288s] -- Up-to-date: /home/hun/YongYiHanYong/install/target_move/share/target_move/local_setup.dsv
[30.288s] -- Installing: /home/hun/YongYiHanYong/install/target_move/share/target_move/package.dsv
[30.288s] -- Up-to-date: /home/hun/YongYiHanYong/install/target_move/share/ament_index/resource_index/packages/target_move
[30.288s] -- Up-to-date: /home/hun/YongYiHanYong/install/target_move/share/target_move/cmake/target_moveConfig.cmake
[30.288s] -- Up-to-date: /home/hun/YongYiHanYong/install/target_move/share/target_move/cmake/target_moveConfig-version.cmake
[30.291s] -- Up-to-date: /home/hun/YongYiHanYong/install/target_move/share/target_move/package.xml
[30.296s] Invoked command in '/home/hun/YongYiHanYong/build/target_move' returned '0': CMAKE_PREFIX_PATH=/home/hun/YongYiHanYong/install/yolo_realsense:/home/hun/YongYiHanYong/install/llm_for_pick_place_voice:/opt/ros/jazzy:/home/hun/YongYiHanYong/install/yolo_depth_interfaces:${CMAKE_PREFIX_PATH} DEBUGINFOD_URLS=https://debuginfod.ubuntu.com LD_LIBRARY_PATH=/home/hun/YongYiHanYong/install/yolo_depth_interfaces/lib:${LD_LIBRARY_PATH} PKG_CONFIG_PATH=/home/hun/YongYiHanYong/install/yolo_depth_interfaces/lib/x86_64-linux-gnu/pkgconfig:/home/hun/YongYiHanYong/install/yolo_depth_interfaces/lib/pkgconfig PYTHONPATH=/home/hun/YongYiHanYong/install/yolo_depth_interfaces/lib/python3.12/site-packages:${PYTHONPATH} ROS_PACKAGE_PATH=/home/hun/YongYiHanYong/install/yolo_depth_interfaces/share /usr/bin/cmake --install /home/hun/YongYiHanYong/build/target_move
