[0.025s] Invoking command in '/home/jw/YongYiHanYong/build/yolo_depth_interfaces': DEBUGINFOD_URLS=https://debuginfod.ubuntu.com /usr/bin/cmake /home/jw/YongYiHanYong/src/yolo_depth_interfaces -DCATKIN_INSTALL_INTO_PREFIX_ROOT=0 -DCMAKE_INSTALL_PREFIX=/home/jw/YongYiHanYong/install/yolo_depth_interfaces
[0.217s] -- The C compiler identification is GNU 13.3.0
[0.217s] -- The CXX compiler identification is GNU 13.3.0
[0.217s] -- Detecting C compiler ABI info
[0.238s] -- Detecting C compiler ABI info - done
[0.245s] -- Check for working C compiler: /usr/bin/cc - skipped
[0.245s] -- Detecting C compile features
[0.246s] -- Detecting C compile features - done
[0.255s] -- Detecting CXX compiler ABI info
[0.360s] -- Detecting CXX compiler ABI info - done
[0.367s] -- Check for working CXX compiler: /usr/bin/c++ - skipped
[0.367s] -- Detecting CXX compile features
[0.368s] -- Detecting CXX compile features - done
[0.372s] -- Found ament_cmake: 2.5.4 (/opt/ros/jazzy/share/ament_cmake/cmake)
[0.517s] -- Found Python3: /usr/bin/python3 (found version "3.12.3") found components: Interpreter 
[0.633s] -- Found rosidl_default_generators: 1.6.0 (/opt/ros/jazzy/share/rosidl_default_generators/cmake)
[0.641s] -- Using all available rosidl_typesupport_c: rosidl_typesupport_fastrtps_c;rosidl_typesupport_introspection_c
[0.708s] -- Using all available rosidl_typesupport_cpp: rosidl_typesupport_fastrtps_cpp;rosidl_typesupport_introspection_cpp
[0.762s] -- Found rosidl_adapter: 4.6.6 (/opt/ros/jazzy/share/rosidl_adapter/cmake)
[0.766s] -- Found std_msgs: 5.3.6 (/opt/ros/jazzy/share/std_msgs/cmake)
[0.797s] -- Found geometry_msgs: 5.3.6 (/opt/ros/jazzy/share/geometry_msgs/cmake)
[1.394s] -- Found ament_cmake_ros: 0.12.0 (/opt/ros/jazzy/share/ament_cmake_ros/cmake)
[1.845s] -- Using all available rosidl_typesupport_c: rosidl_typesupport_fastrtps_c;rosidl_typesupport_introspection_c
[2.433s] -- Using all available rosidl_typesupport_cpp: rosidl_typesupport_fastrtps_cpp;rosidl_typesupport_introspection_cpp
[2.437s] -- Found python_cmake_module: 0.11.1 (/opt/ros/jazzy/share/python_cmake_module/cmake)
[2.555s] -- Found PythonExtra: /usr/bin/python3  
[2.945s] -- Found Python3: /usr/bin/python3 (found version "3.12.3") found components: Interpreter Development NumPy Development.Module Development.Embed 
[2.998s] -- Configuring done (3.0s)
[3.034s] -- Generating done (0.0s)
[3.036s] [33mCMake Warning:
[3.036s]   Manually-specified variables were not used by the project:
[3.036s] 
[3.036s]     CATKIN_INSTALL_INTO_PREFIX_ROOT
[3.036s] 
[3.036s] [0m
[3.044s] -- Build files have been written to: /home/jw/YongYiHanYong/build/yolo_depth_interfaces
[3.059s] Invoked command in '/home/jw/YongYiHanYong/build/yolo_depth_interfaces' returned '0': DEBUGINFOD_URLS=https://debuginfod.ubuntu.com /usr/bin/cmake /home/jw/YongYiHanYong/src/yolo_depth_interfaces -DCATKIN_INSTALL_INTO_PREFIX_ROOT=0 -DCMAKE_INSTALL_PREFIX=/home/jw/YongYiHanYong/install/yolo_depth_interfaces
[3.060s] Invoking command in '/home/jw/YongYiHanYong/build/yolo_depth_interfaces': DEBUGINFOD_URLS=https://debuginfod.ubuntu.com /usr/bin/cmake --build /home/jw/YongYiHanYong/build/yolo_depth_interfaces -- -j16 -l16
[3.118s] [  1%] [34m[1mGenerating type hashes for ROS interfaces[0m
[3.127s] [  1%] Built target ament_cmake_python_copy_yolo_depth_interfaces
[3.308s] running egg_info
[3.308s] creating yolo_depth_interfaces.egg-info
[3.322s] writing yolo_depth_interfaces.egg-info/PKG-INFO
[3.322s] writing dependency_links to yolo_depth_interfaces.egg-info/dependency_links.txt
[3.322s] writing top-level names to yolo_depth_interfaces.egg-info/top_level.txt
[3.322s] writing manifest file 'yolo_depth_interfaces.egg-info/SOURCES.txt'
[3.333s] [  1%] Built target yolo_depth_interfaces__rosidl_generator_type_description
[3.348s] [  2%] [34m[1mGenerating C code for ROS interfaces[0m
[3.358s] [  4%] [34m[1mGenerating C++ code for ROS interfaces[0m
[3.367s] reading manifest file 'yolo_depth_interfaces.egg-info/SOURCES.txt'
[3.367s] writing manifest file 'yolo_depth_interfaces.egg-info/SOURCES.txt'
[3.396s] [  4%] Built target ament_cmake_python_build_yolo_depth_interfaces_egg
[3.742s] [  4%] Built target yolo_depth_interfaces__cpp
[3.809s] [ 13%] [32mBuilding C object CMakeFiles/yolo_depth_interfaces__rosidl_generator_c.dir/rosidl_generator_c/yolo_depth_interfaces/msg/detail/object_depth_array__type_support.c.o[0m
[3.809s] [ 13%] [32mBuilding C object CMakeFiles/yolo_depth_interfaces__rosidl_generator_c.dir/rosidl_generator_c/yolo_depth_interfaces/srv/detail/set_target__type_support.c.o[0m
[3.809s] [ 13%] [32mBuilding C object CMakeFiles/yolo_depth_interfaces__rosidl_generator_c.dir/rosidl_generator_c/yolo_depth_interfaces/msg/detail/object_depth_array__description.c.o[0m
[3.809s] [ 13%] [32mBuilding C object CMakeFiles/yolo_depth_interfaces__rosidl_generator_c.dir/rosidl_generator_c/yolo_depth_interfaces/msg/detail/object_depth__type_support.c.o[0m
[3.809s] [ 13%] [32mBuilding C object CMakeFiles/yolo_depth_interfaces__rosidl_generator_c.dir/rosidl_generator_c/yolo_depth_interfaces/srv/detail/set_target__description.c.o[0m
[3.809s] [ 13%] [32mBuilding C object CMakeFiles/yolo_depth_interfaces__rosidl_generator_c.dir/rosidl_generator_c/yolo_depth_interfaces/msg/detail/object_depth_array__functions.c.o[0m
[3.809s] [ 14%] [32mBuilding C object CMakeFiles/yolo_depth_interfaces__rosidl_generator_c.dir/rosidl_generator_c/yolo_depth_interfaces/srv/detail/move_to_point__description.c.o[0m
[3.809s] [ 13%] [32mBuilding C object CMakeFiles/yolo_depth_interfaces__rosidl_generator_c.dir/rosidl_generator_c/yolo_depth_interfaces/srv/detail/set_target__functions.c.o[0m
[3.809s] [ 16%] [32mBuilding C object CMakeFiles/yolo_depth_interfaces__rosidl_generator_c.dir/rosidl_generator_c/yolo_depth_interfaces/srv/detail/move_to_point__functions.c.o[0m
[3.809s] [ 17%] [32mBuilding C object CMakeFiles/yolo_depth_interfaces__rosidl_generator_c.dir/rosidl_generator_c/yolo_depth_interfaces/srv/detail/move_to_point__type_support.c.o[0m
[3.809s] [ 18%] [32mBuilding C object CMakeFiles/yolo_depth_interfaces__rosidl_generator_c.dir/rosidl_generator_c/yolo_depth_interfaces/srv/detail/target_center__type_support.c.o[0m
[3.809s] [ 20%] [32mBuilding C object CMakeFiles/yolo_depth_interfaces__rosidl_generator_c.dir/rosidl_generator_c/yolo_depth_interfaces/srv/detail/target_center__functions.c.o[0m
[3.809s] [ 21%] [32mBuilding C object CMakeFiles/yolo_depth_interfaces__rosidl_generator_c.dir/rosidl_generator_c/yolo_depth_interfaces/srv/detail/target_center__description.c.o[0m
[3.810s] [ 22%] [32mBuilding C object CMakeFiles/yolo_depth_interfaces__rosidl_generator_c.dir/rosidl_generator_c/yolo_depth_interfaces/msg/detail/object_depth__functions.c.o[0m
[3.810s] [ 24%] [32mBuilding C object CMakeFiles/yolo_depth_interfaces__rosidl_generator_c.dir/rosidl_generator_c/yolo_depth_interfaces/msg/detail/object_depth__description.c.o[0m
[3.882s] [ 25%] [32m[1mLinking C shared library libyolo_depth_interfaces__rosidl_generator_c.so[0m
[3.925s] [ 25%] Built target yolo_depth_interfaces__rosidl_generator_c
[3.936s] [ 32%] [34m[1mGenerating C type support dispatch for ROS interfaces[0m
[3.937s] [ 32%] [34m[1mGenerating C++ type support for eProsima Fast-RTPS[0m
[3.937s] [ 32%] [34m[1mGenerating C++ type support dispatch for ROS interfaces[0m
[3.937s] [ 32%] [34m[1mGenerating C++ introspection for ROS interfaces[0m
[3.937s] [ 32%] [34m[1mGenerating C introspection for ROS interfaces[0m
[3.937s] [ 33%] [34m[1mGenerating C type support for eProsima Fast-RTPS[0m
[4.215s] [ 39%] [32mBuilding CXX object CMakeFiles/yolo_depth_interfaces__rosidl_typesupport_c.dir/rosidl_typesupport_c/yolo_depth_interfaces/msg/object_depth__type_support.cpp.o[0m
[4.215s] [ 39%] [32mBuilding CXX object CMakeFiles/yolo_depth_interfaces__rosidl_typesupport_c.dir/rosidl_typesupport_c/yolo_depth_interfaces/srv/set_target__type_support.cpp.o[0m
[4.215s] [ 39%] [32mBuilding CXX object CMakeFiles/yolo_depth_interfaces__rosidl_typesupport_c.dir/rosidl_typesupport_c/yolo_depth_interfaces/srv/move_to_point__type_support.cpp.o[0m
[4.215s] [ 39%] [32mBuilding CXX object CMakeFiles/yolo_depth_interfaces__rosidl_typesupport_c.dir/rosidl_typesupport_c/yolo_depth_interfaces/msg/object_depth_array__type_support.cpp.o[0m
[4.215s] [ 40%] [32mBuilding CXX object CMakeFiles/yolo_depth_interfaces__rosidl_typesupport_c.dir/rosidl_typesupport_c/yolo_depth_interfaces/srv/target_center__type_support.cpp.o[0m
[4.245s] [ 44%] [32mBuilding CXX object CMakeFiles/yolo_depth_interfaces__rosidl_typesupport_cpp.dir/rosidl_typesupport_cpp/yolo_depth_interfaces/msg/object_depth_array__type_support.cpp.o[0m
[4.245s] [ 44%] [32mBuilding CXX object CMakeFiles/yolo_depth_interfaces__rosidl_typesupport_cpp.dir/rosidl_typesupport_cpp/yolo_depth_interfaces/srv/set_target__type_support.cpp.o[0m
[4.245s] [ 44%] [32mBuilding CXX object CMakeFiles/yolo_depth_interfaces__rosidl_typesupport_cpp.dir/rosidl_typesupport_cpp/yolo_depth_interfaces/srv/move_to_point__type_support.cpp.o[0m
[4.245s] [ 45%] [32mBuilding CXX object CMakeFiles/yolo_depth_interfaces__rosidl_typesupport_cpp.dir/rosidl_typesupport_cpp/yolo_depth_interfaces/msg/object_depth__type_support.cpp.o[0m
[4.251s] [ 47%] [32mBuilding CXX object CMakeFiles/yolo_depth_interfaces__rosidl_typesupport_cpp.dir/rosidl_typesupport_cpp/yolo_depth_interfaces/srv/target_center__type_support.cpp.o[0m
[4.280s] [ 48%] [32m[1mLinking CXX shared library libyolo_depth_interfaces__rosidl_typesupport_c.so[0m
[4.310s] [ 50%] [32mBuilding CXX object CMakeFiles/yolo_depth_interfaces__rosidl_typesupport_introspection_cpp.dir/rosidl_typesupport_introspection_cpp/yolo_depth_interfaces/msg/detail/object_depth_array__type_support.cpp.o[0m
[4.310s] [ 52%] [32mBuilding CXX object CMakeFiles/yolo_depth_interfaces__rosidl_typesupport_introspection_cpp.dir/rosidl_typesupport_introspection_cpp/yolo_depth_interfaces/srv/detail/set_target__type_support.cpp.o[0m
[4.310s] [ 52%] [32mBuilding CXX object CMakeFiles/yolo_depth_interfaces__rosidl_typesupport_introspection_cpp.dir/rosidl_typesupport_introspection_cpp/yolo_depth_interfaces/srv/detail/move_to_point__type_support.cpp.o[0m
[4.310s] [ 54%] [32mBuilding C object CMakeFiles/yolo_depth_interfaces__rosidl_typesupport_introspection_c.dir/rosidl_typesupport_introspection_c/yolo_depth_interfaces/msg/detail/object_depth__type_support.c.o[0m
[4.311s] [ 55%] [32mBuilding C object CMakeFiles/yolo_depth_interfaces__rosidl_typesupport_introspection_c.dir/rosidl_typesupport_introspection_c/yolo_depth_interfaces/msg/detail/object_depth_array__type_support.c.o[0m
[4.311s] [ 56%] [32mBuilding CXX object CMakeFiles/yolo_depth_interfaces__rosidl_typesupport_introspection_cpp.dir/rosidl_typesupport_introspection_cpp/yolo_depth_interfaces/msg/detail/object_depth__type_support.cpp.o[0m
[4.311s] [ 58%] [32mBuilding CXX object CMakeFiles/yolo_depth_interfaces__rosidl_typesupport_introspection_cpp.dir/rosidl_typesupport_introspection_cpp/yolo_depth_interfaces/srv/detail/target_center__type_support.cpp.o[0m
[4.312s] [ 59%] [32mBuilding C object CMakeFiles/yolo_depth_interfaces__rosidl_typesupport_introspection_c.dir/rosidl_typesupport_introspection_c/yolo_depth_interfaces/srv/detail/set_target__type_support.c.o[0m
[4.340s] [ 59%] Built target yolo_depth_interfaces__rosidl_typesupport_c
[4.356s] [ 60%] [32mBuilding C object CMakeFiles/yolo_depth_interfaces__rosidl_typesupport_introspection_c.dir/rosidl_typesupport_introspection_c/yolo_depth_interfaces/srv/detail/move_to_point__type_support.c.o[0m
[4.357s] [ 62%] [32mBuilding C object CMakeFiles/yolo_depth_interfaces__rosidl_typesupport_introspection_c.dir/rosidl_typesupport_introspection_c/yolo_depth_interfaces/srv/detail/target_center__type_support.c.o[0m
[4.423s] [ 63%] [32m[1mLinking C shared library libyolo_depth_interfaces__rosidl_typesupport_introspection_c.so[0m
[4.465s] [ 64%] [32mBuilding CXX object CMakeFiles/yolo_depth_interfaces__rosidl_typesupport_fastrtps_cpp.dir/rosidl_typesupport_fastrtps_cpp/yolo_depth_interfaces/msg/detail/dds_fastrtps/object_depth__type_support.cpp.o[0m
[4.465s] [ 66%] [32mBuilding CXX object CMakeFiles/yolo_depth_interfaces__rosidl_typesupport_fastrtps_cpp.dir/rosidl_typesupport_fastrtps_cpp/yolo_depth_interfaces/msg/detail/dds_fastrtps/object_depth_array__type_support.cpp.o[0m
[4.481s] [ 67%] [32mBuilding CXX object CMakeFiles/yolo_depth_interfaces__rosidl_typesupport_fastrtps_cpp.dir/rosidl_typesupport_fastrtps_cpp/yolo_depth_interfaces/srv/detail/dds_fastrtps/move_to_point__type_support.cpp.o[0m
[4.481s] [ 67%] Built target yolo_depth_interfaces__rosidl_typesupport_introspection_c
[4.482s] [ 68%] [32mBuilding CXX object CMakeFiles/yolo_depth_interfaces__rosidl_typesupport_fastrtps_cpp.dir/rosidl_typesupport_fastrtps_cpp/yolo_depth_interfaces/srv/detail/dds_fastrtps/set_target__type_support.cpp.o[0m
[4.496s] [ 70%] [32mBuilding CXX object CMakeFiles/yolo_depth_interfaces__rosidl_typesupport_fastrtps_c.dir/rosidl_typesupport_fastrtps_c/yolo_depth_interfaces/msg/detail/object_depth_array__type_support_c.cpp.o[0m
[4.503s] [ 71%] [32mBuilding CXX object CMakeFiles/yolo_depth_interfaces__rosidl_typesupport_fastrtps_c.dir/rosidl_typesupport_fastrtps_c/yolo_depth_interfaces/msg/detail/object_depth__type_support_c.cpp.o[0m
[4.581s] [ 72%] [32mBuilding CXX object CMakeFiles/yolo_depth_interfaces__rosidl_typesupport_fastrtps_cpp.dir/rosidl_typesupport_fastrtps_cpp/yolo_depth_interfaces/srv/detail/dds_fastrtps/target_center__type_support.cpp.o[0m
[4.640s] [ 74%] [32mBuilding CXX object CMakeFiles/yolo_depth_interfaces__rosidl_typesupport_fastrtps_c.dir/rosidl_typesupport_fastrtps_c/yolo_depth_interfaces/srv/detail/set_target__type_support_c.cpp.o[0m
[4.667s] [ 75%] [32mBuilding CXX object CMakeFiles/yolo_depth_interfaces__rosidl_typesupport_fastrtps_c.dir/rosidl_typesupport_fastrtps_c/yolo_depth_interfaces/srv/detail/move_to_point__type_support_c.cpp.o[0m
[4.678s] [ 77%] [32mBuilding CXX object CMakeFiles/yolo_depth_interfaces__rosidl_typesupport_fastrtps_c.dir/rosidl_typesupport_fastrtps_c/yolo_depth_interfaces/srv/detail/target_center__type_support_c.cpp.o[0m
[4.723s] [ 78%] [32m[1mLinking CXX shared library libyolo_depth_interfaces__rosidl_typesupport_cpp.so[0m
[4.818s] [ 79%] [32m[1mLinking CXX shared library libyolo_depth_interfaces__rosidl_typesupport_introspection_cpp.so[0m
[4.859s] [ 79%] Built target yolo_depth_interfaces__rosidl_typesupport_cpp
[4.951s] [ 79%] Built target yolo_depth_interfaces__rosidl_typesupport_introspection_cpp
[5.151s] [ 81%] [32m[1mLinking CXX shared library libyolo_depth_interfaces__rosidl_typesupport_fastrtps_c.so[0m
[5.175s] [ 82%] [32m[1mLinking CXX shared library libyolo_depth_interfaces__rosidl_typesupport_fastrtps_cpp.so[0m
[5.223s] [ 82%] Built target yolo_depth_interfaces__rosidl_typesupport_fastrtps_c
[5.254s] [ 82%] Built target yolo_depth_interfaces__rosidl_typesupport_fastrtps_cpp
[5.276s] [ 82%] Built target yolo_depth_interfaces
[5.304s] [ 83%] [34m[1mGenerating Python code for ROS interfaces[0m
[5.860s] [ 83%] Built target yolo_depth_interfaces__py
[5.887s] [ 90%] [32mBuilding C object CMakeFiles/yolo_depth_interfaces__rosidl_generator_py.dir/rosidl_generator_py/yolo_depth_interfaces/srv/_move_to_point_s.c.o[0m
[5.887s] [ 90%] [32mBuilding C object CMakeFiles/yolo_depth_interfaces__rosidl_generator_py.dir/rosidl_generator_py/yolo_depth_interfaces/msg/_object_depth_s.c.o[0m
[5.887s] [ 90%] [32mBuilding C object CMakeFiles/yolo_depth_interfaces__rosidl_generator_py.dir/rosidl_generator_py/yolo_depth_interfaces/msg/_object_depth_array_s.c.o[0m
[5.887s] [ 90%] [32mBuilding C object CMakeFiles/yolo_depth_interfaces__rosidl_generator_py.dir/rosidl_generator_py/yolo_depth_interfaces/srv/_set_target_s.c.o[0m
[5.887s] [ 90%] [32mBuilding C object CMakeFiles/yolo_depth_interfaces__rosidl_generator_py.dir/rosidl_generator_py/yolo_depth_interfaces/srv/_target_center_s.c.o[0m
[6.008s] [ 91%] [32m[1mLinking C shared library libyolo_depth_interfaces__rosidl_generator_py.so[0m
[6.057s] [ 91%] Built target yolo_depth_interfaces__rosidl_generator_py
[6.082s] [ 95%] [32mBuilding C object CMakeFiles/yolo_depth_interfaces_s__rosidl_typesupport_c.dir/rosidl_generator_py/yolo_depth_interfaces/_yolo_depth_interfaces_s.ep.rosidl_typesupport_c.c.o[0m
[6.082s] [ 95%] [32mBuilding C object CMakeFiles/yolo_depth_interfaces_s__rosidl_typesupport_introspection_c.dir/rosidl_generator_py/yolo_depth_interfaces/_yolo_depth_interfaces_s.ep.rosidl_typesupport_introspection_c.c.o[0m
[6.082s] [ 95%] [32mBuilding C object CMakeFiles/yolo_depth_interfaces_s__rosidl_typesupport_fastrtps_c.dir/rosidl_generator_py/yolo_depth_interfaces/_yolo_depth_interfaces_s.ep.rosidl_typesupport_fastrtps_c.c.o[0m
[6.185s] [ 97%] [32m[1mLinking C shared module rosidl_generator_py/yolo_depth_interfaces/yolo_depth_interfaces_s__rosidl_typesupport_c.so[0m
[6.190s] [100%] [32m[1mLinking C shared module rosidl_generator_py/yolo_depth_interfaces/yolo_depth_interfaces_s__rosidl_typesupport_fastrtps_c.so[0m
[6.190s] [100%] [32m[1mLinking C shared module rosidl_generator_py/yolo_depth_interfaces/yolo_depth_interfaces_s__rosidl_typesupport_introspection_c.so[0m
[6.217s] [100%] Built target yolo_depth_interfaces_s__rosidl_typesupport_c
[6.220s] [100%] Built target yolo_depth_interfaces_s__rosidl_typesupport_introspection_c
[6.222s] [100%] Built target yolo_depth_interfaces_s__rosidl_typesupport_fastrtps_c
[6.236s] Invoked command in '/home/jw/YongYiHanYong/build/yolo_depth_interfaces' returned '0': DEBUGINFOD_URLS=https://debuginfod.ubuntu.com /usr/bin/cmake --build /home/jw/YongYiHanYong/build/yolo_depth_interfaces -- -j16 -l16
[6.237s] Invoking command in '/home/jw/YongYiHanYong/build/yolo_depth_interfaces': DEBUGINFOD_URLS=https://debuginfod.ubuntu.com /usr/bin/cmake --install /home/jw/YongYiHanYong/build/yolo_depth_interfaces
[6.246s] -- Install configuration: ""
[6.246s] -- Installing: /home/jw/YongYiHanYong/install/yolo_depth_interfaces/share/ament_index/resource_index/rosidl_interfaces/yolo_depth_interfaces
[6.246s] -- Installing: /home/jw/YongYiHanYong/install/yolo_depth_interfaces/share/yolo_depth_interfaces/msg/ObjectDepth.json
[6.246s] -- Installing: /home/jw/YongYiHanYong/install/yolo_depth_interfaces/share/yolo_depth_interfaces/msg/ObjectDepthArray.json
[6.247s] -- Installing: /home/jw/YongYiHanYong/install/yolo_depth_interfaces/share/yolo_depth_interfaces/srv/SetTarget.json
[6.247s] -- Installing: /home/jw/YongYiHanYong/install/yolo_depth_interfaces/share/yolo_depth_interfaces/srv/MoveToPoint.json
[6.247s] -- Installing: /home/jw/YongYiHanYong/install/yolo_depth_interfaces/share/yolo_depth_interfaces/srv/TargetCenter.json
[6.247s] -- Installing: /home/jw/YongYiHanYong/install/yolo_depth_interfaces/include/yolo_depth_interfaces/yolo_depth_interfaces
[6.247s] -- Installing: /home/jw/YongYiHanYong/install/yolo_depth_interfaces/include/yolo_depth_interfaces/yolo_depth_interfaces/msg
[6.247s] -- Installing: /home/jw/YongYiHanYong/install/yolo_depth_interfaces/include/yolo_depth_interfaces/yolo_depth_interfaces/msg/detail
[6.247s] -- Installing: /home/jw/YongYiHanYong/install/yolo_depth_interfaces/include/yolo_depth_interfaces/yolo_depth_interfaces/msg/detail/object_depth_array__description.c
[6.247s] -- Installing: /home/jw/YongYiHanYong/install/yolo_depth_interfaces/include/yolo_depth_interfaces/yolo_depth_interfaces/msg/detail/object_depth__type_support.c
[6.247s] -- Installing: /home/jw/YongYiHanYong/install/yolo_depth_interfaces/include/yolo_depth_interfaces/yolo_depth_interfaces/msg/detail/object_depth_array__functions.c
[6.248s] -- Installing: /home/jw/YongYiHanYong/install/yolo_depth_interfaces/include/yolo_depth_interfaces/yolo_depth_interfaces/msg/detail/object_depth_array__type_support.c
[6.248s] -- Installing: /home/jw/YongYiHanYong/install/yolo_depth_interfaces/include/yolo_depth_interfaces/yolo_depth_interfaces/msg/detail/object_depth__description.c
[6.248s] -- Installing: /home/jw/YongYiHanYong/install/yolo_depth_interfaces/include/yolo_depth_interfaces/yolo_depth_interfaces/msg/detail/object_depth_array__struct.h
[6.248s] -- Installing: /home/jw/YongYiHanYong/install/yolo_depth_interfaces/include/yolo_depth_interfaces/yolo_depth_interfaces/msg/detail/object_depth__functions.c
[6.248s] -- Installing: /home/jw/YongYiHanYong/install/yolo_depth_interfaces/include/yolo_depth_interfaces/yolo_depth_interfaces/msg/detail/object_depth_array__type_support.h
[6.248s] -- Installing: /home/jw/YongYiHanYong/install/yolo_depth_interfaces/include/yolo_depth_interfaces/yolo_depth_interfaces/msg/detail/object_depth__type_support.h
[6.248s] -- Installing: /home/jw/YongYiHanYong/install/yolo_depth_interfaces/include/yolo_depth_interfaces/yolo_depth_interfaces/msg/detail/object_depth__functions.h
[6.248s] -- Installing: /home/jw/YongYiHanYong/install/yolo_depth_interfaces/include/yolo_depth_interfaces/yolo_depth_interfaces/msg/detail/object_depth_array__functions.h
[6.248s] -- Installing: /home/jw/YongYiHanYong/install/yolo_depth_interfaces/include/yolo_depth_interfaces/yolo_depth_interfaces/msg/detail/object_depth__struct.h
[6.249s] -- Installing: /home/jw/YongYiHanYong/install/yolo_depth_interfaces/include/yolo_depth_interfaces/yolo_depth_interfaces/msg/rosidl_generator_c__visibility_control.h
[6.249s] -- Installing: /home/jw/YongYiHanYong/install/yolo_depth_interfaces/include/yolo_depth_interfaces/yolo_depth_interfaces/msg/object_depth_array.h
[6.249s] -- Installing: /home/jw/YongYiHanYong/install/yolo_depth_interfaces/include/yolo_depth_interfaces/yolo_depth_interfaces/msg/object_depth.h
[6.249s] -- Installing: /home/jw/YongYiHanYong/install/yolo_depth_interfaces/include/yolo_depth_interfaces/yolo_depth_interfaces/srv
[6.249s] -- Installing: /home/jw/YongYiHanYong/install/yolo_depth_interfaces/include/yolo_depth_interfaces/yolo_depth_interfaces/srv/target_center.h
[6.249s] -- Installing: /home/jw/YongYiHanYong/install/yolo_depth_interfaces/include/yolo_depth_interfaces/yolo_depth_interfaces/srv/detail
[6.249s] -- Installing: /home/jw/YongYiHanYong/install/yolo_depth_interfaces/include/yolo_depth_interfaces/yolo_depth_interfaces/srv/detail/set_target__type_support.h
[6.249s] -- Installing: /home/jw/YongYiHanYong/install/yolo_depth_interfaces/include/yolo_depth_interfaces/yolo_depth_interfaces/srv/detail/move_to_point__functions.h
[6.249s] -- Installing: /home/jw/YongYiHanYong/install/yolo_depth_interfaces/include/yolo_depth_interfaces/yolo_depth_interfaces/srv/detail/set_target__functions.h
[6.250s] -- Installing: /home/jw/YongYiHanYong/install/yolo_depth_interfaces/include/yolo_depth_interfaces/yolo_depth_interfaces/srv/detail/move_to_point__struct.h
[6.250s] -- Installing: /home/jw/YongYiHanYong/install/yolo_depth_interfaces/include/yolo_depth_interfaces/yolo_depth_interfaces/srv/detail/set_target__functions.c
[6.250s] -- Installing: /home/jw/YongYiHanYong/install/yolo_depth_interfaces/include/yolo_depth_interfaces/yolo_depth_interfaces/srv/detail/move_to_point__type_support.c
[6.250s] -- Installing: /home/jw/YongYiHanYong/install/yolo_depth_interfaces/include/yolo_depth_interfaces/yolo_depth_interfaces/srv/detail/set_target__struct.h
[6.250s] -- Installing: /home/jw/YongYiHanYong/install/yolo_depth_interfaces/include/yolo_depth_interfaces/yolo_depth_interfaces/srv/detail/target_center__type_support.h
[6.250s] -- Installing: /home/jw/YongYiHanYong/install/yolo_depth_interfaces/include/yolo_depth_interfaces/yolo_depth_interfaces/srv/detail/move_to_point__description.c
[6.250s] -- Installing: /home/jw/YongYiHanYong/install/yolo_depth_interfaces/include/yolo_depth_interfaces/yolo_depth_interfaces/srv/detail/target_center__struct.h
[6.250s] -- Installing: /home/jw/YongYiHanYong/install/yolo_depth_interfaces/include/yolo_depth_interfaces/yolo_depth_interfaces/srv/detail/target_center__type_support.c
[6.250s] -- Installing: /home/jw/YongYiHanYong/install/yolo_depth_interfaces/include/yolo_depth_interfaces/yolo_depth_interfaces/srv/detail/target_center__functions.h
[6.250s] -- Installing: /home/jw/YongYiHanYong/install/yolo_depth_interfaces/include/yolo_depth_interfaces/yolo_depth_interfaces/srv/detail/target_center__description.c
[6.251s] -- Installing: /home/jw/YongYiHanYong/install/yolo_depth_interfaces/include/yolo_depth_interfaces/yolo_depth_interfaces/srv/detail/set_target__description.c
[6.251s] -- Installing: /home/jw/YongYiHanYong/install/yolo_depth_interfaces/include/yolo_depth_interfaces/yolo_depth_interfaces/srv/detail/move_to_point__functions.c
[6.251s] -- Installing: /home/jw/YongYiHanYong/install/yolo_depth_interfaces/include/yolo_depth_interfaces/yolo_depth_interfaces/srv/detail/target_center__functions.c
[6.251s] -- Installing: /home/jw/YongYiHanYong/install/yolo_depth_interfaces/include/yolo_depth_interfaces/yolo_depth_interfaces/srv/detail/set_target__type_support.c
[6.251s] -- Installing: /home/jw/YongYiHanYong/install/yolo_depth_interfaces/include/yolo_depth_interfaces/yolo_depth_interfaces/srv/detail/move_to_point__type_support.h
[6.251s] -- Installing: /home/jw/YongYiHanYong/install/yolo_depth_interfaces/include/yolo_depth_interfaces/yolo_depth_interfaces/srv/set_target.h
[6.251s] -- Installing: /home/jw/YongYiHanYong/install/yolo_depth_interfaces/include/yolo_depth_interfaces/yolo_depth_interfaces/srv/move_to_point.h
[6.251s] -- Installing: /home/jw/YongYiHanYong/install/yolo_depth_interfaces/share/yolo_depth_interfaces/environment/library_path.sh
[6.251s] -- Installing: /home/jw/YongYiHanYong/install/yolo_depth_interfaces/share/yolo_depth_interfaces/environment/library_path.dsv
[6.251s] -- Installing: /home/jw/YongYiHanYong/install/yolo_depth_interfaces/lib/libyolo_depth_interfaces__rosidl_generator_c.so
[6.252s] -- Set non-toolchain portion of runtime path of "/home/jw/YongYiHanYong/install/yolo_depth_interfaces/lib/libyolo_depth_interfaces__rosidl_generator_c.so" to ""
[6.252s] -- Up-to-date: /home/jw/YongYiHanYong/install/yolo_depth_interfaces/include/yolo_depth_interfaces/yolo_depth_interfaces
[6.252s] -- Up-to-date: /home/jw/YongYiHanYong/install/yolo_depth_interfaces/include/yolo_depth_interfaces/yolo_depth_interfaces/msg
[6.252s] -- Up-to-date: /home/jw/YongYiHanYong/install/yolo_depth_interfaces/include/yolo_depth_interfaces/yolo_depth_interfaces/msg/detail
[6.252s] -- Installing: /home/jw/YongYiHanYong/install/yolo_depth_interfaces/include/yolo_depth_interfaces/yolo_depth_interfaces/msg/detail/object_depth_array__rosidl_typesupport_fastrtps_c.h
[6.252s] -- Installing: /home/jw/YongYiHanYong/install/yolo_depth_interfaces/include/yolo_depth_interfaces/yolo_depth_interfaces/msg/detail/object_depth__rosidl_typesupport_fastrtps_c.h
[6.252s] -- Installing: /home/jw/YongYiHanYong/install/yolo_depth_interfaces/include/yolo_depth_interfaces/yolo_depth_interfaces/msg/rosidl_typesupport_fastrtps_c__visibility_control.h
[6.252s] -- Up-to-date: /home/jw/YongYiHanYong/install/yolo_depth_interfaces/include/yolo_depth_interfaces/yolo_depth_interfaces/srv
[6.252s] -- Up-to-date: /home/jw/YongYiHanYong/install/yolo_depth_interfaces/include/yolo_depth_interfaces/yolo_depth_interfaces/srv/detail
[6.253s] -- Installing: /home/jw/YongYiHanYong/install/yolo_depth_interfaces/include/yolo_depth_interfaces/yolo_depth_interfaces/srv/detail/target_center__rosidl_typesupport_fastrtps_c.h
[6.253s] -- Installing: /home/jw/YongYiHanYong/install/yolo_depth_interfaces/include/yolo_depth_interfaces/yolo_depth_interfaces/srv/detail/move_to_point__rosidl_typesupport_fastrtps_c.h
[6.253s] -- Installing: /home/jw/YongYiHanYong/install/yolo_depth_interfaces/include/yolo_depth_interfaces/yolo_depth_interfaces/srv/detail/set_target__rosidl_typesupport_fastrtps_c.h
[6.253s] -- Installing: /home/jw/YongYiHanYong/install/yolo_depth_interfaces/lib/libyolo_depth_interfaces__rosidl_typesupport_fastrtps_c.so
[6.253s] -- Set non-toolchain portion of runtime path of "/home/jw/YongYiHanYong/install/yolo_depth_interfaces/lib/libyolo_depth_interfaces__rosidl_typesupport_fastrtps_c.so" to ""
[6.253s] -- Up-to-date: /home/jw/YongYiHanYong/install/yolo_depth_interfaces/include/yolo_depth_interfaces/yolo_depth_interfaces
[6.253s] -- Up-to-date: /home/jw/YongYiHanYong/install/yolo_depth_interfaces/include/yolo_depth_interfaces/yolo_depth_interfaces/msg
[6.253s] -- Up-to-date: /home/jw/YongYiHanYong/install/yolo_depth_interfaces/include/yolo_depth_interfaces/yolo_depth_interfaces/msg/detail
[6.253s] -- Up-to-date: /home/jw/YongYiHanYong/install/yolo_depth_interfaces/include/yolo_depth_interfaces/yolo_depth_interfaces/msg/detail/object_depth__type_support.c
[6.253s] -- Up-to-date: /home/jw/YongYiHanYong/install/yolo_depth_interfaces/include/yolo_depth_interfaces/yolo_depth_interfaces/msg/detail/object_depth_array__type_support.c
[6.254s] -- Installing: /home/jw/YongYiHanYong/install/yolo_depth_interfaces/include/yolo_depth_interfaces/yolo_depth_interfaces/msg/detail/object_depth__rosidl_typesupport_introspection_c.h
[6.254s] -- Installing: /home/jw/YongYiHanYong/install/yolo_depth_interfaces/include/yolo_depth_interfaces/yolo_depth_interfaces/msg/detail/object_depth_array__rosidl_typesupport_introspection_c.h
[6.254s] -- Installing: /home/jw/YongYiHanYong/install/yolo_depth_interfaces/include/yolo_depth_interfaces/yolo_depth_interfaces/msg/rosidl_typesupport_introspection_c__visibility_control.h
[6.254s] -- Up-to-date: /home/jw/YongYiHanYong/install/yolo_depth_interfaces/include/yolo_depth_interfaces/yolo_depth_interfaces/srv
[6.254s] -- Up-to-date: /home/jw/YongYiHanYong/install/yolo_depth_interfaces/include/yolo_depth_interfaces/yolo_depth_interfaces/srv/detail
[6.254s] -- Installing: /home/jw/YongYiHanYong/install/yolo_depth_interfaces/include/yolo_depth_interfaces/yolo_depth_interfaces/srv/detail/set_target__rosidl_typesupport_introspection_c.h
[6.254s] -- Up-to-date: /home/jw/YongYiHanYong/install/yolo_depth_interfaces/include/yolo_depth_interfaces/yolo_depth_interfaces/srv/detail/move_to_point__type_support.c
[6.254s] -- Installing: /home/jw/YongYiHanYong/install/yolo_depth_interfaces/include/yolo_depth_interfaces/yolo_depth_interfaces/srv/detail/move_to_point__rosidl_typesupport_introspection_c.h
[6.254s] -- Up-to-date: /home/jw/YongYiHanYong/install/yolo_depth_interfaces/include/yolo_depth_interfaces/yolo_depth_interfaces/srv/detail/target_center__type_support.c
[6.254s] -- Installing: /home/jw/YongYiHanYong/install/yolo_depth_interfaces/include/yolo_depth_interfaces/yolo_depth_interfaces/srv/detail/target_center__rosidl_typesupport_introspection_c.h
[6.254s] -- Up-to-date: /home/jw/YongYiHanYong/install/yolo_depth_interfaces/include/yolo_depth_interfaces/yolo_depth_interfaces/srv/detail/set_target__type_support.c
[6.255s] -- Installing: /home/jw/YongYiHanYong/install/yolo_depth_interfaces/lib/libyolo_depth_interfaces__rosidl_typesupport_introspection_c.so
[6.255s] -- Set non-toolchain portion of runtime path of "/home/jw/YongYiHanYong/install/yolo_depth_interfaces/lib/libyolo_depth_interfaces__rosidl_typesupport_introspection_c.so" to ""
[6.255s] -- Installing: /home/jw/YongYiHanYong/install/yolo_depth_interfaces/lib/libyolo_depth_interfaces__rosidl_typesupport_c.so
[6.255s] -- Set non-toolchain portion of runtime path of "/home/jw/YongYiHanYong/install/yolo_depth_interfaces/lib/libyolo_depth_interfaces__rosidl_typesupport_c.so" to ""
[6.255s] -- Up-to-date: /home/jw/YongYiHanYong/install/yolo_depth_interfaces/include/yolo_depth_interfaces/yolo_depth_interfaces
[6.255s] -- Up-to-date: /home/jw/YongYiHanYong/install/yolo_depth_interfaces/include/yolo_depth_interfaces/yolo_depth_interfaces/msg
[6.255s] -- Up-to-date: /home/jw/YongYiHanYong/install/yolo_depth_interfaces/include/yolo_depth_interfaces/yolo_depth_interfaces/msg/detail
[6.255s] -- Installing: /home/jw/YongYiHanYong/install/yolo_depth_interfaces/include/yolo_depth_interfaces/yolo_depth_interfaces/msg/detail/object_depth__struct.hpp
[6.255s] -- Installing: /home/jw/YongYiHanYong/install/yolo_depth_interfaces/include/yolo_depth_interfaces/yolo_depth_interfaces/msg/detail/object_depth_array__traits.hpp
[6.255s] -- Installing: /home/jw/YongYiHanYong/install/yolo_depth_interfaces/include/yolo_depth_interfaces/yolo_depth_interfaces/msg/detail/object_depth__traits.hpp
[6.255s] -- Installing: /home/jw/YongYiHanYong/install/yolo_depth_interfaces/include/yolo_depth_interfaces/yolo_depth_interfaces/msg/detail/object_depth__builder.hpp
[6.255s] -- Installing: /home/jw/YongYiHanYong/install/yolo_depth_interfaces/include/yolo_depth_interfaces/yolo_depth_interfaces/msg/detail/object_depth_array__builder.hpp
[6.255s] -- Installing: /home/jw/YongYiHanYong/install/yolo_depth_interfaces/include/yolo_depth_interfaces/yolo_depth_interfaces/msg/detail/object_depth_array__type_support.hpp
[6.255s] -- Installing: /home/jw/YongYiHanYong/install/yolo_depth_interfaces/include/yolo_depth_interfaces/yolo_depth_interfaces/msg/detail/object_depth_array__struct.hpp
[6.255s] -- Installing: /home/jw/YongYiHanYong/install/yolo_depth_interfaces/include/yolo_depth_interfaces/yolo_depth_interfaces/msg/detail/object_depth__type_support.hpp
[6.255s] -- Installing: /home/jw/YongYiHanYong/install/yolo_depth_interfaces/include/yolo_depth_interfaces/yolo_depth_interfaces/msg/object_depth.hpp
[6.256s] -- Installing: /home/jw/YongYiHanYong/install/yolo_depth_interfaces/include/yolo_depth_interfaces/yolo_depth_interfaces/msg/object_depth_array.hpp
[6.256s] -- Installing: /home/jw/YongYiHanYong/install/yolo_depth_interfaces/include/yolo_depth_interfaces/yolo_depth_interfaces/msg/rosidl_generator_cpp__visibility_control.hpp
[6.256s] -- Up-to-date: /home/jw/YongYiHanYong/install/yolo_depth_interfaces/include/yolo_depth_interfaces/yolo_depth_interfaces/srv
[6.256s] -- Up-to-date: /home/jw/YongYiHanYong/install/yolo_depth_interfaces/include/yolo_depth_interfaces/yolo_depth_interfaces/srv/detail
[6.256s] -- Installing: /home/jw/YongYiHanYong/install/yolo_depth_interfaces/include/yolo_depth_interfaces/yolo_depth_interfaces/srv/detail/target_center__type_support.hpp
[6.256s] -- Installing: /home/jw/YongYiHanYong/install/yolo_depth_interfaces/include/yolo_depth_interfaces/yolo_depth_interfaces/srv/detail/set_target__traits.hpp
[6.256s] -- Installing: /home/jw/YongYiHanYong/install/yolo_depth_interfaces/include/yolo_depth_interfaces/yolo_depth_interfaces/srv/detail/target_center__struct.hpp
[6.256s] -- Installing: /home/jw/YongYiHanYong/install/yolo_depth_interfaces/include/yolo_depth_interfaces/yolo_depth_interfaces/srv/detail/set_target__type_support.hpp
[6.256s] -- Installing: /home/jw/YongYiHanYong/install/yolo_depth_interfaces/include/yolo_depth_interfaces/yolo_depth_interfaces/srv/detail/move_to_point__traits.hpp
[6.256s] -- Installing: /home/jw/YongYiHanYong/install/yolo_depth_interfaces/include/yolo_depth_interfaces/yolo_depth_interfaces/srv/detail/move_to_point__type_support.hpp
[6.257s] -- Installing: /home/jw/YongYiHanYong/install/yolo_depth_interfaces/include/yolo_depth_interfaces/yolo_depth_interfaces/srv/detail/move_to_point__struct.hpp
[6.257s] -- Installing: /home/jw/YongYiHanYong/install/yolo_depth_interfaces/include/yolo_depth_interfaces/yolo_depth_interfaces/srv/detail/target_center__traits.hpp
[6.257s] -- Installing: /home/jw/YongYiHanYong/install/yolo_depth_interfaces/include/yolo_depth_interfaces/yolo_depth_interfaces/srv/detail/set_target__struct.hpp
[6.257s] -- Installing: /home/jw/YongYiHanYong/install/yolo_depth_interfaces/include/yolo_depth_interfaces/yolo_depth_interfaces/srv/detail/set_target__builder.hpp
[6.257s] -- Installing: /home/jw/YongYiHanYong/install/yolo_depth_interfaces/include/yolo_depth_interfaces/yolo_depth_interfaces/srv/detail/move_to_point__builder.hpp
[6.257s] -- Installing: /home/jw/YongYiHanYong/install/yolo_depth_interfaces/include/yolo_depth_interfaces/yolo_depth_interfaces/srv/detail/target_center__builder.hpp
[6.257s] -- Installing: /home/jw/YongYiHanYong/install/yolo_depth_interfaces/include/yolo_depth_interfaces/yolo_depth_interfaces/srv/move_to_point.hpp
[6.257s] -- Installing: /home/jw/YongYiHanYong/install/yolo_depth_interfaces/include/yolo_depth_interfaces/yolo_depth_interfaces/srv/target_center.hpp
[6.257s] -- Installing: /home/jw/YongYiHanYong/install/yolo_depth_interfaces/include/yolo_depth_interfaces/yolo_depth_interfaces/srv/set_target.hpp
[6.257s] -- Up-to-date: /home/jw/YongYiHanYong/install/yolo_depth_interfaces/include/yolo_depth_interfaces/yolo_depth_interfaces
[6.257s] -- Up-to-date: /home/jw/YongYiHanYong/install/yolo_depth_interfaces/include/yolo_depth_interfaces/yolo_depth_interfaces/msg
[6.257s] -- Up-to-date: /home/jw/YongYiHanYong/install/yolo_depth_interfaces/include/yolo_depth_interfaces/yolo_depth_interfaces/msg/detail
[6.258s] -- Installing: /home/jw/YongYiHanYong/install/yolo_depth_interfaces/include/yolo_depth_interfaces/yolo_depth_interfaces/msg/detail/object_depth__rosidl_typesupport_fastrtps_cpp.hpp
[6.258s] -- Installing: /home/jw/YongYiHanYong/install/yolo_depth_interfaces/include/yolo_depth_interfaces/yolo_depth_interfaces/msg/detail/dds_fastrtps
[6.258s] -- Installing: /home/jw/YongYiHanYong/install/yolo_depth_interfaces/include/yolo_depth_interfaces/yolo_depth_interfaces/msg/detail/object_depth_array__rosidl_typesupport_fastrtps_cpp.hpp
[6.258s] -- Installing: /home/jw/YongYiHanYong/install/yolo_depth_interfaces/include/yolo_depth_interfaces/yolo_depth_interfaces/msg/rosidl_typesupport_fastrtps_cpp__visibility_control.h
[6.258s] -- Up-to-date: /home/jw/YongYiHanYong/install/yolo_depth_interfaces/include/yolo_depth_interfaces/yolo_depth_interfaces/srv
[6.258s] -- Up-to-date: /home/jw/YongYiHanYong/install/yolo_depth_interfaces/include/yolo_depth_interfaces/yolo_depth_interfaces/srv/detail
[6.258s] -- Installing: /home/jw/YongYiHanYong/install/yolo_depth_interfaces/include/yolo_depth_interfaces/yolo_depth_interfaces/srv/detail/move_to_point__rosidl_typesupport_fastrtps_cpp.hpp
[6.258s] -- Installing: /home/jw/YongYiHanYong/install/yolo_depth_interfaces/include/yolo_depth_interfaces/yolo_depth_interfaces/srv/detail/dds_fastrtps
[6.258s] -- Installing: /home/jw/YongYiHanYong/install/yolo_depth_interfaces/include/yolo_depth_interfaces/yolo_depth_interfaces/srv/detail/target_center__rosidl_typesupport_fastrtps_cpp.hpp
[6.258s] -- Installing: /home/jw/YongYiHanYong/install/yolo_depth_interfaces/include/yolo_depth_interfaces/yolo_depth_interfaces/srv/detail/set_target__rosidl_typesupport_fastrtps_cpp.hpp
[6.258s] -- Installing: /home/jw/YongYiHanYong/install/yolo_depth_interfaces/lib/libyolo_depth_interfaces__rosidl_typesupport_fastrtps_cpp.so
[6.259s] -- Set non-toolchain portion of runtime path of "/home/jw/YongYiHanYong/install/yolo_depth_interfaces/lib/libyolo_depth_interfaces__rosidl_typesupport_fastrtps_cpp.so" to ""
[6.259s] -- Up-to-date: /home/jw/YongYiHanYong/install/yolo_depth_interfaces/include/yolo_depth_interfaces/yolo_depth_interfaces
[6.259s] -- Up-to-date: /home/jw/YongYiHanYong/install/yolo_depth_interfaces/include/yolo_depth_interfaces/yolo_depth_interfaces/msg
[6.259s] -- Up-to-date: /home/jw/YongYiHanYong/install/yolo_depth_interfaces/include/yolo_depth_interfaces/yolo_depth_interfaces/msg/detail
[6.259s] -- Installing: /home/jw/YongYiHanYong/install/yolo_depth_interfaces/include/yolo_depth_interfaces/yolo_depth_interfaces/msg/detail/object_depth__rosidl_typesupport_introspection_cpp.hpp
[6.259s] -- Installing: /home/jw/YongYiHanYong/install/yolo_depth_interfaces/include/yolo_depth_interfaces/yolo_depth_interfaces/msg/detail/object_depth_array__type_support.cpp
[6.259s] -- Installing: /home/jw/YongYiHanYong/install/yolo_depth_interfaces/include/yolo_depth_interfaces/yolo_depth_interfaces/msg/detail/object_depth__type_support.cpp
[6.259s] -- Installing: /home/jw/YongYiHanYong/install/yolo_depth_interfaces/include/yolo_depth_interfaces/yolo_depth_interfaces/msg/detail/object_depth_array__rosidl_typesupport_introspection_cpp.hpp
[6.259s] -- Up-to-date: /home/jw/YongYiHanYong/install/yolo_depth_interfaces/include/yolo_depth_interfaces/yolo_depth_interfaces/srv
[6.259s] -- Up-to-date: /home/jw/YongYiHanYong/install/yolo_depth_interfaces/include/yolo_depth_interfaces/yolo_depth_interfaces/srv/detail
[6.259s] -- Installing: /home/jw/YongYiHanYong/install/yolo_depth_interfaces/include/yolo_depth_interfaces/yolo_depth_interfaces/srv/detail/move_to_point__type_support.cpp
[6.259s] -- Installing: /home/jw/YongYiHanYong/install/yolo_depth_interfaces/include/yolo_depth_interfaces/yolo_depth_interfaces/srv/detail/move_to_point__rosidl_typesupport_introspection_cpp.hpp
[6.259s] -- Installing: /home/jw/YongYiHanYong/install/yolo_depth_interfaces/include/yolo_depth_interfaces/yolo_depth_interfaces/srv/detail/set_target__type_support.cpp
[6.260s] -- Installing: /home/jw/YongYiHanYong/install/yolo_depth_interfaces/include/yolo_depth_interfaces/yolo_depth_interfaces/srv/detail/target_center__type_support.cpp
[6.260s] -- Installing: /home/jw/YongYiHanYong/install/yolo_depth_interfaces/include/yolo_depth_interfaces/yolo_depth_interfaces/srv/detail/set_target__rosidl_typesupport_introspection_cpp.hpp
[6.260s] -- Installing: /home/jw/YongYiHanYong/install/yolo_depth_interfaces/include/yolo_depth_interfaces/yolo_depth_interfaces/srv/detail/target_center__rosidl_typesupport_introspection_cpp.hpp
[6.260s] -- Installing: /home/jw/YongYiHanYong/install/yolo_depth_interfaces/lib/libyolo_depth_interfaces__rosidl_typesupport_introspection_cpp.so
[6.261s] -- Set non-toolchain portion of runtime path of "/home/jw/YongYiHanYong/install/yolo_depth_interfaces/lib/libyolo_depth_interfaces__rosidl_typesupport_introspection_cpp.so" to ""
[6.261s] -- Installing: /home/jw/YongYiHanYong/install/yolo_depth_interfaces/lib/libyolo_depth_interfaces__rosidl_typesupport_cpp.so
[6.261s] -- Set non-toolchain portion of runtime path of "/home/jw/YongYiHanYong/install/yolo_depth_interfaces/lib/libyolo_depth_interfaces__rosidl_typesupport_cpp.so" to ""
[6.261s] -- Installing: /home/jw/YongYiHanYong/install/yolo_depth_interfaces/share/yolo_depth_interfaces/environment/pythonpath.sh
[6.261s] -- Installing: /home/jw/YongYiHanYong/install/yolo_depth_interfaces/share/yolo_depth_interfaces/environment/pythonpath.dsv
[6.262s] -- Installing: /home/jw/YongYiHanYong/install/yolo_depth_interfaces/lib/python3.12/site-packages/yolo_depth_interfaces-0.0.0-py3.12.egg-info
[6.262s] -- Installing: /home/jw/YongYiHanYong/install/yolo_depth_interfaces/lib/python3.12/site-packages/yolo_depth_interfaces-0.0.0-py3.12.egg-info/top_level.txt
[6.262s] -- Installing: /home/jw/YongYiHanYong/install/yolo_depth_interfaces/lib/python3.12/site-packages/yolo_depth_interfaces-0.0.0-py3.12.egg-info/PKG-INFO
[6.262s] -- Installing: /home/jw/YongYiHanYong/install/yolo_depth_interfaces/lib/python3.12/site-packages/yolo_depth_interfaces-0.0.0-py3.12.egg-info/dependency_links.txt
[6.262s] -- Installing: /home/jw/YongYiHanYong/install/yolo_depth_interfaces/lib/python3.12/site-packages/yolo_depth_interfaces-0.0.0-py3.12.egg-info/SOURCES.txt
[6.262s] -- Installing: /home/jw/YongYiHanYong/install/yolo_depth_interfaces/lib/python3.12/site-packages/yolo_depth_interfaces
[6.262s] -- Installing: /home/jw/YongYiHanYong/install/yolo_depth_interfaces/lib/python3.12/site-packages/yolo_depth_interfaces/msg
[6.262s] -- Installing: /home/jw/YongYiHanYong/install/yolo_depth_interfaces/lib/python3.12/site-packages/yolo_depth_interfaces/msg/__init__.py
[6.262s] -- Installing: /home/jw/YongYiHanYong/install/yolo_depth_interfaces/lib/python3.12/site-packages/yolo_depth_interfaces/msg/_object_depth_array_s.c
[6.263s] -- Installing: /home/jw/YongYiHanYong/install/yolo_depth_interfaces/lib/python3.12/site-packages/yolo_depth_interfaces/msg/_object_depth.py
[6.264s] -- Installing: /home/jw/YongYiHanYong/install/yolo_depth_interfaces/lib/python3.12/site-packages/yolo_depth_interfaces/msg/_object_depth_s.c
[6.264s] -- Installing: /home/jw/YongYiHanYong/install/yolo_depth_interfaces/lib/python3.12/site-packages/yolo_depth_interfaces/msg/_object_depth_array.py
[6.264s] -- Installing: /home/jw/YongYiHanYong/install/yolo_depth_interfaces/lib/python3.12/site-packages/yolo_depth_interfaces/yolo_depth_interfaces_s__rosidl_typesupport_c.so
[6.264s] -- Installing: /home/jw/YongYiHanYong/install/yolo_depth_interfaces/lib/python3.12/site-packages/yolo_depth_interfaces/_yolo_depth_interfaces_s.ep.rosidl_typesupport_introspection_c.c
[6.264s] -- Installing: /home/jw/YongYiHanYong/install/yolo_depth_interfaces/lib/python3.12/site-packages/yolo_depth_interfaces/_yolo_depth_interfaces_s.ep.rosidl_typesupport_fastrtps_c.c
[6.265s] -- Installing: /home/jw/YongYiHanYong/install/yolo_depth_interfaces/lib/python3.12/site-packages/yolo_depth_interfaces/srv
[6.265s] -- Installing: /home/jw/YongYiHanYong/install/yolo_depth_interfaces/lib/python3.12/site-packages/yolo_depth_interfaces/srv/_target_center.py
[6.265s] -- Installing: /home/jw/YongYiHanYong/install/yolo_depth_interfaces/lib/python3.12/site-packages/yolo_depth_interfaces/srv/_move_to_point_s.c
[6.265s] -- Installing: /home/jw/YongYiHanYong/install/yolo_depth_interfaces/lib/python3.12/site-packages/yolo_depth_interfaces/srv/__init__.py
[6.265s] -- Installing: /home/jw/YongYiHanYong/install/yolo_depth_interfaces/lib/python3.12/site-packages/yolo_depth_interfaces/srv/_set_target.py
[6.265s] -- Installing: /home/jw/YongYiHanYong/install/yolo_depth_interfaces/lib/python3.12/site-packages/yolo_depth_interfaces/srv/_set_target_s.c
[6.265s] -- Installing: /home/jw/YongYiHanYong/install/yolo_depth_interfaces/lib/python3.12/site-packages/yolo_depth_interfaces/srv/_target_center_s.c
[6.265s] -- Installing: /home/jw/YongYiHanYong/install/yolo_depth_interfaces/lib/python3.12/site-packages/yolo_depth_interfaces/srv/_move_to_point.py
[6.266s] -- Installing: /home/jw/YongYiHanYong/install/yolo_depth_interfaces/lib/python3.12/site-packages/yolo_depth_interfaces/__init__.py
[6.266s] -- Installing: /home/jw/YongYiHanYong/install/yolo_depth_interfaces/lib/python3.12/site-packages/yolo_depth_interfaces/yolo_depth_interfaces_s__rosidl_typesupport_fastrtps_c.so
[6.266s] -- Installing: /home/jw/YongYiHanYong/install/yolo_depth_interfaces/lib/python3.12/site-packages/yolo_depth_interfaces/yolo_depth_interfaces_s__rosidl_typesupport_introspection_c.so
[6.266s] -- Installing: /home/jw/YongYiHanYong/install/yolo_depth_interfaces/lib/python3.12/site-packages/yolo_depth_interfaces/_yolo_depth_interfaces_s.ep.rosidl_typesupport_c.c
[6.308s] Listing '/home/jw/YongYiHanYong/install/yolo_depth_interfaces/lib/python3.12/site-packages/yolo_depth_interfaces'...
[6.308s] Compiling '/home/jw/YongYiHanYong/install/yolo_depth_interfaces/lib/python3.12/site-packages/yolo_depth_interfaces/__init__.py'...
[6.308s] Listing '/home/jw/YongYiHanYong/install/yolo_depth_interfaces/lib/python3.12/site-packages/yolo_depth_interfaces/msg'...
[6.308s] Compiling '/home/jw/YongYiHanYong/install/yolo_depth_interfaces/lib/python3.12/site-packages/yolo_depth_interfaces/msg/__init__.py'...
[6.308s] Compiling '/home/jw/YongYiHanYong/install/yolo_depth_interfaces/lib/python3.12/site-packages/yolo_depth_interfaces/msg/_object_depth.py'...
[6.308s] Compiling '/home/jw/YongYiHanYong/install/yolo_depth_interfaces/lib/python3.12/site-packages/yolo_depth_interfaces/msg/_object_depth_array.py'...
[6.308s] Listing '/home/jw/YongYiHanYong/install/yolo_depth_interfaces/lib/python3.12/site-packages/yolo_depth_interfaces/srv'...
[6.308s] Compiling '/home/jw/YongYiHanYong/install/yolo_depth_interfaces/lib/python3.12/site-packages/yolo_depth_interfaces/srv/__init__.py'...
[6.308s] Compiling '/home/jw/YongYiHanYong/install/yolo_depth_interfaces/lib/python3.12/site-packages/yolo_depth_interfaces/srv/_move_to_point.py'...
[6.308s] Compiling '/home/jw/YongYiHanYong/install/yolo_depth_interfaces/lib/python3.12/site-packages/yolo_depth_interfaces/srv/_set_target.py'...
[6.308s] Compiling '/home/jw/YongYiHanYong/install/yolo_depth_interfaces/lib/python3.12/site-packages/yolo_depth_interfaces/srv/_target_center.py'...
[6.317s] -- Installing: /home/jw/YongYiHanYong/install/yolo_depth_interfaces/lib/python3.12/site-packages/yolo_depth_interfaces/yolo_depth_interfaces_s__rosidl_typesupport_fastrtps_c.so
[6.317s] -- Set non-toolchain portion of runtime path of "/home/jw/YongYiHanYong/install/yolo_depth_interfaces/lib/python3.12/site-packages/yolo_depth_interfaces/yolo_depth_interfaces_s__rosidl_typesupport_fastrtps_c.so" to ""
[6.318s] -- Installing: /home/jw/YongYiHanYong/install/yolo_depth_interfaces/lib/python3.12/site-packages/yolo_depth_interfaces/yolo_depth_interfaces_s__rosidl_typesupport_introspection_c.so
[6.318s] -- Set non-toolchain portion of runtime path of "/home/jw/YongYiHanYong/install/yolo_depth_interfaces/lib/python3.12/site-packages/yolo_depth_interfaces/yolo_depth_interfaces_s__rosidl_typesupport_introspection_c.so" to ""
[6.318s] -- Installing: /home/jw/YongYiHanYong/install/yolo_depth_interfaces/lib/python3.12/site-packages/yolo_depth_interfaces/yolo_depth_interfaces_s__rosidl_typesupport_c.so
[6.319s] -- Set non-toolchain portion of runtime path of "/home/jw/YongYiHanYong/install/yolo_depth_interfaces/lib/python3.12/site-packages/yolo_depth_interfaces/yolo_depth_interfaces_s__rosidl_typesupport_c.so" to ""
[6.319s] -- Installing: /home/jw/YongYiHanYong/install/yolo_depth_interfaces/lib/libyolo_depth_interfaces__rosidl_generator_py.so
[6.321s] -- Set non-toolchain portion of runtime path of "/home/jw/YongYiHanYong/install/yolo_depth_interfaces/lib/libyolo_depth_interfaces__rosidl_generator_py.so" to ""
[6.321s] -- Installing: /home/jw/YongYiHanYong/install/yolo_depth_interfaces/share/yolo_depth_interfaces/msg/ObjectDepth.idl
[6.321s] -- Installing: /home/jw/YongYiHanYong/install/yolo_depth_interfaces/share/yolo_depth_interfaces/msg/ObjectDepthArray.idl
[6.321s] -- Installing: /home/jw/YongYiHanYong/install/yolo_depth_interfaces/share/yolo_depth_interfaces/srv/SetTarget.idl
[6.321s] -- Installing: /home/jw/YongYiHanYong/install/yolo_depth_interfaces/share/yolo_depth_interfaces/srv/MoveToPoint.idl
[6.321s] -- Installing: /home/jw/YongYiHanYong/install/yolo_depth_interfaces/share/yolo_depth_interfaces/srv/TargetCenter.idl
[6.321s] -- Installing: /home/jw/YongYiHanYong/install/yolo_depth_interfaces/share/yolo_depth_interfaces/msg/ObjectDepth.msg
[6.322s] -- Installing: /home/jw/YongYiHanYong/install/yolo_depth_interfaces/share/yolo_depth_interfaces/msg/ObjectDepthArray.msg
[6.322s] -- Installing: /home/jw/YongYiHanYong/install/yolo_depth_interfaces/share/yolo_depth_interfaces/srv/SetTarget.srv
[6.322s] -- Installing: /home/jw/YongYiHanYong/install/yolo_depth_interfaces/share/yolo_depth_interfaces/srv/MoveToPoint.srv
[6.322s] -- Installing: /home/jw/YongYiHanYong/install/yolo_depth_interfaces/share/yolo_depth_interfaces/srv/TargetCenter.srv
[6.322s] -- Installing: /home/jw/YongYiHanYong/install/yolo_depth_interfaces/share/ament_index/resource_index/package_run_dependencies/yolo_depth_interfaces
[6.322s] -- Installing: /home/jw/YongYiHanYong/install/yolo_depth_interfaces/share/ament_index/resource_index/parent_prefix_path/yolo_depth_interfaces
[6.322s] -- Installing: /home/jw/YongYiHanYong/install/yolo_depth_interfaces/share/yolo_depth_interfaces/environment/ament_prefix_path.sh
[6.322s] -- Installing: /home/jw/YongYiHanYong/install/yolo_depth_interfaces/share/yolo_depth_interfaces/environment/ament_prefix_path.dsv
[6.322s] -- Installing: /home/jw/YongYiHanYong/install/yolo_depth_interfaces/share/yolo_depth_interfaces/environment/path.sh
[6.322s] -- Installing: /home/jw/YongYiHanYong/install/yolo_depth_interfaces/share/yolo_depth_interfaces/environment/path.dsv
[6.322s] -- Installing: /home/jw/YongYiHanYong/install/yolo_depth_interfaces/share/yolo_depth_interfaces/local_setup.bash
[6.323s] -- Installing: /home/jw/YongYiHanYong/install/yolo_depth_interfaces/share/yolo_depth_interfaces/local_setup.sh
[6.323s] -- Installing: /home/jw/YongYiHanYong/install/yolo_depth_interfaces/share/yolo_depth_interfaces/local_setup.zsh
[6.323s] -- Installing: /home/jw/YongYiHanYong/install/yolo_depth_interfaces/share/yolo_depth_interfaces/local_setup.dsv
[6.323s] -- Installing: /home/jw/YongYiHanYong/install/yolo_depth_interfaces/share/yolo_depth_interfaces/package.dsv
[6.323s] -- Installing: /home/jw/YongYiHanYong/install/yolo_depth_interfaces/share/ament_index/resource_index/packages/yolo_depth_interfaces
[6.323s] -- Installing: /home/jw/YongYiHanYong/install/yolo_depth_interfaces/share/yolo_depth_interfaces/cmake/export_yolo_depth_interfaces__rosidl_generator_cExport.cmake
[6.323s] -- Installing: /home/jw/YongYiHanYong/install/yolo_depth_interfaces/share/yolo_depth_interfaces/cmake/export_yolo_depth_interfaces__rosidl_generator_cExport-noconfig.cmake
[6.323s] -- Installing: /home/jw/YongYiHanYong/install/yolo_depth_interfaces/share/yolo_depth_interfaces/cmake/export_yolo_depth_interfaces__rosidl_typesupport_fastrtps_cExport.cmake
[6.324s] -- Installing: /home/jw/YongYiHanYong/install/yolo_depth_interfaces/share/yolo_depth_interfaces/cmake/export_yolo_depth_interfaces__rosidl_typesupport_fastrtps_cExport-noconfig.cmake
[6.324s] -- Installing: /home/jw/YongYiHanYong/install/yolo_depth_interfaces/share/yolo_depth_interfaces/cmake/yolo_depth_interfaces__rosidl_typesupport_introspection_cExport.cmake
[6.324s] -- Installing: /home/jw/YongYiHanYong/install/yolo_depth_interfaces/share/yolo_depth_interfaces/cmake/yolo_depth_interfaces__rosidl_typesupport_introspection_cExport-noconfig.cmake
[6.324s] -- Installing: /home/jw/YongYiHanYong/install/yolo_depth_interfaces/share/yolo_depth_interfaces/cmake/yolo_depth_interfaces__rosidl_typesupport_cExport.cmake
[6.324s] -- Installing: /home/jw/YongYiHanYong/install/yolo_depth_interfaces/share/yolo_depth_interfaces/cmake/yolo_depth_interfaces__rosidl_typesupport_cExport-noconfig.cmake
[6.324s] -- Installing: /home/jw/YongYiHanYong/install/yolo_depth_interfaces/share/yolo_depth_interfaces/cmake/export_yolo_depth_interfaces__rosidl_generator_cppExport.cmake
[6.324s] -- Installing: /home/jw/YongYiHanYong/install/yolo_depth_interfaces/share/yolo_depth_interfaces/cmake/export_yolo_depth_interfaces__rosidl_typesupport_fastrtps_cppExport.cmake
[6.324s] -- Installing: /home/jw/YongYiHanYong/install/yolo_depth_interfaces/share/yolo_depth_interfaces/cmake/export_yolo_depth_interfaces__rosidl_typesupport_fastrtps_cppExport-noconfig.cmake
[6.325s] -- Installing: /home/jw/YongYiHanYong/install/yolo_depth_interfaces/share/yolo_depth_interfaces/cmake/yolo_depth_interfaces__rosidl_typesupport_introspection_cppExport.cmake
[6.325s] -- Installing: /home/jw/YongYiHanYong/install/yolo_depth_interfaces/share/yolo_depth_interfaces/cmake/yolo_depth_interfaces__rosidl_typesupport_introspection_cppExport-noconfig.cmake
[6.325s] -- Installing: /home/jw/YongYiHanYong/install/yolo_depth_interfaces/share/yolo_depth_interfaces/cmake/yolo_depth_interfaces__rosidl_typesupport_cppExport.cmake
[6.325s] -- Installing: /home/jw/YongYiHanYong/install/yolo_depth_interfaces/share/yolo_depth_interfaces/cmake/yolo_depth_interfaces__rosidl_typesupport_cppExport-noconfig.cmake
[6.325s] -- Installing: /home/jw/YongYiHanYong/install/yolo_depth_interfaces/share/yolo_depth_interfaces/cmake/export_yolo_depth_interfaces__rosidl_generator_pyExport.cmake
[6.325s] -- Installing: /home/jw/YongYiHanYong/install/yolo_depth_interfaces/share/yolo_depth_interfaces/cmake/export_yolo_depth_interfaces__rosidl_generator_pyExport-noconfig.cmake
[6.325s] -- Installing: /home/jw/YongYiHanYong/install/yolo_depth_interfaces/share/yolo_depth_interfaces/cmake/rosidl_cmake-extras.cmake
[6.325s] -- Installing: /home/jw/YongYiHanYong/install/yolo_depth_interfaces/share/yolo_depth_interfaces/cmake/ament_cmake_export_dependencies-extras.cmake
[6.325s] -- Installing: /home/jw/YongYiHanYong/install/yolo_depth_interfaces/share/yolo_depth_interfaces/cmake/ament_cmake_export_include_directories-extras.cmake
[6.326s] -- Installing: /home/jw/YongYiHanYong/install/yolo_depth_interfaces/share/yolo_depth_interfaces/cmake/ament_cmake_export_libraries-extras.cmake
[6.326s] -- Installing: /home/jw/YongYiHanYong/install/yolo_depth_interfaces/share/yolo_depth_interfaces/cmake/ament_cmake_export_targets-extras.cmake
[6.326s] -- Installing: /home/jw/YongYiHanYong/install/yolo_depth_interfaces/share/yolo_depth_interfaces/cmake/rosidl_cmake_export_typesupport_targets-extras.cmake
[6.326s] -- Installing: /home/jw/YongYiHanYong/install/yolo_depth_interfaces/share/yolo_depth_interfaces/cmake/rosidl_cmake_export_typesupport_libraries-extras.cmake
[6.326s] -- Installing: /home/jw/YongYiHanYong/install/yolo_depth_interfaces/share/yolo_depth_interfaces/cmake/yolo_depth_interfacesConfig.cmake
[6.326s] -- Installing: /home/jw/YongYiHanYong/install/yolo_depth_interfaces/share/yolo_depth_interfaces/cmake/yolo_depth_interfacesConfig-version.cmake
[6.326s] -- Installing: /home/jw/YongYiHanYong/install/yolo_depth_interfaces/share/yolo_depth_interfaces/package.xml
[6.329s] Invoked command in '/home/jw/YongYiHanYong/build/yolo_depth_interfaces' returned '0': DEBUGINFOD_URLS=https://debuginfod.ubuntu.com /usr/bin/cmake --install /home/jw/YongYiHanYong/build/yolo_depth_interfaces
