[0.657s] Invoking command in '/home/hun/YongYiHanYong/build/target_move': CMAKE_PREFIX_PATH=/home/hun/YongYiHanYong/install/yolo_realsense:/home/hun/YongYiHanYong/install/llm_for_pick_place_voice:/opt/ros/jazzy:/home/hun/YongYiHanYong/install/yolo_depth_interfaces:${CMAKE_PREFIX_PATH} DEBUGINFOD_URLS=https://debuginfod.ubuntu.com LD_LIBRARY_PATH=/home/hun/YongYiHanYong/install/yolo_depth_interfaces/lib:${LD_LIBRARY_PATH} PKG_CONFIG_PATH=/home/hun/YongYiHanYong/install/yolo_depth_interfaces/lib/x86_64-linux-gnu/pkgconfig:/home/hun/YongYiHanYong/install/yolo_depth_interfaces/lib/pkgconfig PYTHONPATH=/home/hun/YongYiHanYong/install/yolo_depth_interfaces/lib/python3.12/site-packages:${PYTHONPATH} ROS_PACKAGE_PATH=/home/hun/YongYiHanYong/install/yolo_depth_interfaces/share /usr/bin/cmake --build /home/hun/YongYiHanYong/build/target_move -- -j12 -l12
[0.841s] [ 50%] [32mBuilding CXX object CMakeFiles/target_move_node.dir/src/target_move.cpp.o[0m
[27.689s] [100%] [32m[1mLinking CXX executable target_move_node[0m
[28.930s] [100%] Built target target_move_node
[28.952s] Invoked command in '/home/hun/YongYiHanYong/build/target_move' returned '0': CMAKE_PREFIX_PATH=/home/hun/YongYiHanYong/install/yolo_realsense:/home/hun/YongYiHanYong/install/llm_for_pick_place_voice:/opt/ros/jazzy:/home/hun/YongYiHanYong/install/yolo_depth_interfaces:${CMAKE_PREFIX_PATH} DEBUGINFOD_URLS=https://debuginfod.ubuntu.com LD_LIBRARY_PATH=/home/hun/YongYiHanYong/install/yolo_depth_interfaces/lib:${LD_LIBRARY_PATH} PKG_CONFIG_PATH=/home/hun/YongYiHanYong/install/yolo_depth_interfaces/lib/x86_64-linux-gnu/pkgconfig:/home/hun/YongYiHanYong/install/yolo_depth_interfaces/lib/pkgconfig PYTHONPATH=/home/hun/YongYiHanYong/install/yolo_depth_interfaces/lib/python3.12/site-packages:${PYTHONPATH} ROS_PACKAGE_PATH=/home/hun/YongYiHanYong/install/yolo_depth_interfaces/share /usr/bin/cmake --build /home/hun/YongYiHanYong/build/target_move -- -j12 -l12
[28.955s] Invoking command in '/home/hun/YongYiHanYong/build/target_move': CMAKE_PREFIX_PATH=/home/hun/YongYiHanYong/install/yolo_realsense:/home/hun/YongYiHanYong/install/llm_for_pick_place_voice:/opt/ros/jazzy:/home/hun/YongYiHanYong/install/yolo_depth_interfaces:${CMAKE_PREFIX_PATH} DEBUGINFOD_URLS=https://debuginfod.ubuntu.com LD_LIBRARY_PATH=/home/hun/YongYiHanYong/install/yolo_depth_interfaces/lib:${LD_LIBRARY_PATH} PKG_CONFIG_PATH=/home/hun/YongYiHanYong/install/yolo_depth_interfaces/lib/x86_64-linux-gnu/pkgconfig:/home/hun/YongYiHanYong/install/yolo_depth_interfaces/lib/pkgconfig PYTHONPATH=/home/hun/YongYiHanYong/install/yolo_depth_interfaces/lib/python3.12/site-packages:${PYTHONPATH} ROS_PACKAGE_PATH=/home/hun/YongYiHanYong/install/yolo_depth_interfaces/share /usr/bin/cmake --install /home/hun/YongYiHanYong/build/target_move
[28.973s] -- Install configuration: ""
[28.973s] -- Installing: /home/hun/YongYiHanYong/install/target_move/lib/target_move/target_move_node
[28.984s] -- Set non-toolchain portion of runtime path of "/home/hun/YongYiHanYong/install/target_move/lib/target_move/target_move_node" to ""
[28.984s] -- Up-to-date: /home/hun/YongYiHanYong/install/target_move/share/target_move/launch
[28.984s] -- Up-to-date: /home/hun/YongYiHanYong/install/target_move/share/target_move/launch/target_move_dsr.launch.py
[28.984s] -- Up-to-date: /home/hun/YongYiHanYong/install/target_move/share/ament_index/resource_index/package_run_dependencies/target_move
[28.985s] -- Up-to-date: /home/hun/YongYiHanYong/install/target_move/share/ament_index/resource_index/parent_prefix_path/target_move
[28.985s] -- Up-to-date: /home/hun/YongYiHanYong/install/target_move/share/target_move/environment/ament_prefix_path.sh
[28.985s] -- Up-to-date: /home/hun/YongYiHanYong/install/target_move/share/target_move/environment/ament_prefix_path.dsv
[28.985s] -- Up-to-date: /home/hun/YongYiHanYong/install/target_move/share/target_move/environment/path.sh
[28.985s] -- Up-to-date: /home/hun/YongYiHanYong/install/target_move/share/target_move/environment/path.dsv
[28.986s] -- Up-to-date: /home/hun/YongYiHanYong/install/target_move/share/target_move/local_setup.bash
[28.986s] -- Up-to-date: /home/hun/YongYiHanYong/install/target_move/share/target_move/local_setup.sh
[28.986s] -- Up-to-date: /home/hun/YongYiHanYong/install/target_move/share/target_move/local_setup.zsh
[28.986s] -- Up-to-date: /home/hun/YongYiHanYong/install/target_move/share/target_move/local_setup.dsv
[28.986s] -- Installing: /home/hun/YongYiHanYong/install/target_move/share/target_move/package.dsv
[28.986s] -- Up-to-date: /home/hun/YongYiHanYong/install/target_move/share/ament_index/resource_index/packages/target_move
[28.987s] -- Up-to-date: /home/hun/YongYiHanYong/install/target_move/share/target_move/cmake/target_moveConfig.cmake
[28.987s] -- Up-to-date: /home/hun/YongYiHanYong/install/target_move/share/target_move/cmake/target_moveConfig-version.cmake
[28.987s] -- Up-to-date: /home/hun/YongYiHanYong/install/target_move/share/target_move/package.xml
[28.990s] Invoked command in '/home/hun/YongYiHanYong/build/target_move' returned '0': CMAKE_PREFIX_PATH=/home/hun/YongYiHanYong/install/yolo_realsense:/home/hun/YongYiHanYong/install/llm_for_pick_place_voice:/opt/ros/jazzy:/home/hun/YongYiHanYong/install/yolo_depth_interfaces:${CMAKE_PREFIX_PATH} DEBUGINFOD_URLS=https://debuginfod.ubuntu.com LD_LIBRARY_PATH=/home/hun/YongYiHanYong/install/yolo_depth_interfaces/lib:${LD_LIBRARY_PATH} PKG_CONFIG_PATH=/home/hun/YongYiHanYong/install/yolo_depth_interfaces/lib/x86_64-linux-gnu/pkgconfig:/home/hun/YongYiHanYong/install/yolo_depth_interfaces/lib/pkgconfig PYTHONPATH=/home/hun/YongYiHanYong/install/yolo_depth_interfaces/lib/python3.12/site-packages:${PYTHONPATH} ROS_PACKAGE_PATH=/home/hun/YongYiHanYong/install/yolo_depth_interfaces/share /usr/bin/cmake --install /home/hun/YongYiHanYong/build/target_move
