-- The C compiler identification is GNU 13.3.0
-- The CXX compiler identification is GNU 13.3.0
-- Detecting C compiler ABI info
-- Detecting C compiler ABI info - done
-- Check for working C compiler: /usr/bin/cc - skipped
-- Detecting C compile features
-- Detecting C compile features - done
-- Detecting CXX compiler ABI info
-- Detecting CXX compiler ABI info - done
-- Check for working CXX compiler: /usr/bin/c++ - skipped
-- Detecting CXX compile features
-- Detecting CXX compile features - done
-- Found ament_cmake: 2.5.4 (/opt/ros/jazzy/share/ament_cmake/cmake)
-- Found Python3: /usr/bin/python3 (found version "3.12.3") found components: Interpreter 
-- Found rosidl_default_generators: 1.6.0 (/opt/ros/jazzy/share/rosidl_default_generators/cmake)
-- Using all available rosidl_typesupport_c: rosidl_typesupport_fastrtps_c;rosidl_typesupport_introspection_c
-- Using all available rosidl_typesupport_cpp: rosidl_typesupport_fastrtps_cpp;rosidl_typesupport_introspection_cpp
-- Found rosidl_adapter: 4.6.6 (/opt/ros/jazzy/share/rosidl_adapter/cmake)
-- Found std_msgs: 5.3.6 (/opt/ros/jazzy/share/std_msgs/cmake)
-- Found geometry_msgs: 5.3.6 (/opt/ros/jazzy/share/geometry_msgs/cmake)
-- Found ament_cmake_ros: 0.12.0 (/opt/ros/jazzy/share/ament_cmake_ros/cmake)
-- Using all available rosidl_typesupport_c: rosidl_typesupport_fastrtps_c;rosidl_typesupport_introspection_c
-- Using all available rosidl_typesupport_cpp: rosidl_typesupport_fastrtps_cpp;rosidl_typesupport_introspection_cpp
-- Found python_cmake_module: 0.11.1 (/opt/ros/jazzy/share/python_cmake_module/cmake)
-- Found PythonExtra: /usr/bin/python3  
-- Found Python3: /usr/bin/python3 (found version "3.12.3") found components: Interpreter Development NumPy Development.Module Development.Embed 
-- Configuring done (4.2s)
-- Generating done (0.0s)
-- Build files have been written to: /home/hun/YongYiHanYong/build/yolo_depth_interfaces
[  1%] [34m[1mGenerating type hashes for ROS interfaces[0m
[  1%] Built target ament_cmake_python_copy_yolo_depth_interfaces
[  1%] Built target yolo_depth_interfaces__rosidl_generator_type_description
[  2%] [34m[1mGenerating C code for ROS interfaces[0m
[  4%] [34m[1mGenerating C++ code for ROS interfaces[0m
running egg_info
creating yolo_depth_interfaces.egg-info
writing yolo_depth_interfaces.egg-info/PKG-INFO
writing dependency_links to yolo_depth_interfaces.egg-info/dependency_links.txt
writing top-level names to yolo_depth_interfaces.egg-info/top_level.txt
writing manifest file 'yolo_depth_interfaces.egg-info/SOURCES.txt'
reading manifest file 'yolo_depth_interfaces.egg-info/SOURCES.txt'
writing manifest file 'yolo_depth_interfaces.egg-info/SOURCES.txt'
[  4%] Built target ament_cmake_python_build_yolo_depth_interfaces_egg
[  4%] Built target yolo_depth_interfaces__cpp
[  5%] [32mBuilding C object CMakeFiles/yolo_depth_interfaces__rosidl_generator_c.dir/rosidl_generator_c/yolo_depth_interfaces/msg/detail/object_depth_array__functions.c.o[0m
[  6%] [32mBuilding C object CMakeFiles/yolo_depth_interfaces__rosidl_generator_c.dir/rosidl_generator_c/yolo_depth_interfaces/msg/detail/object_depth__functions.c.o[0m
[  8%] [32mBuilding C object CMakeFiles/yolo_depth_interfaces__rosidl_generator_c.dir/rosidl_generator_c/yolo_depth_interfaces/msg/detail/object_depth_array__type_support.c.o[0m
[  9%] [32mBuilding C object CMakeFiles/yolo_depth_interfaces__rosidl_generator_c.dir/rosidl_generator_c/yolo_depth_interfaces/msg/detail/object_depth__description.c.o[0m
[ 10%] [32mBuilding C object CMakeFiles/yolo_depth_interfaces__rosidl_generator_c.dir/rosidl_generator_c/yolo_depth_interfaces/msg/detail/object_depth__type_support.c.o[0m
[ 12%] [32mBuilding C object CMakeFiles/yolo_depth_interfaces__rosidl_generator_c.dir/rosidl_generator_c/yolo_depth_interfaces/srv/detail/set_target__description.c.o[0m
[ 13%] [32mBuilding C object CMakeFiles/yolo_depth_interfaces__rosidl_generator_c.dir/rosidl_generator_c/yolo_depth_interfaces/msg/detail/object_depth_array__description.c.o[0m
[ 14%] [32mBuilding C object CMakeFiles/yolo_depth_interfaces__rosidl_generator_c.dir/rosidl_generator_c/yolo_depth_interfaces/srv/detail/move_to_point__type_support.c.o[0m
[ 16%] [32mBuilding C object CMakeFiles/yolo_depth_interfaces__rosidl_generator_c.dir/rosidl_generator_c/yolo_depth_interfaces/srv/detail/set_target__type_support.c.o[0m
[ 17%] [32mBuilding C object CMakeFiles/yolo_depth_interfaces__rosidl_generator_c.dir/rosidl_generator_c/yolo_depth_interfaces/srv/detail/move_to_point__functions.c.o[0m
[ 18%] [32mBuilding C object CMakeFiles/yolo_depth_interfaces__rosidl_generator_c.dir/rosidl_generator_c/yolo_depth_interfaces/srv/detail/set_target__functions.c.o[0m
[ 20%] [32mBuilding C object CMakeFiles/yolo_depth_interfaces__rosidl_generator_c.dir/rosidl_generator_c/yolo_depth_interfaces/srv/detail/move_to_point__description.c.o[0m
[ 21%] [32mBuilding C object CMakeFiles/yolo_depth_interfaces__rosidl_generator_c.dir/rosidl_generator_c/yolo_depth_interfaces/srv/detail/target_center__description.c.o[0m
[ 22%] [32mBuilding C object CMakeFiles/yolo_depth_interfaces__rosidl_generator_c.dir/rosidl_generator_c/yolo_depth_interfaces/srv/detail/target_center__type_support.c.o[0m
[ 24%] [32mBuilding C object CMakeFiles/yolo_depth_interfaces__rosidl_generator_c.dir/rosidl_generator_c/yolo_depth_interfaces/srv/detail/target_center__functions.c.o[0m
[ 25%] [32m[1mLinking C shared library libyolo_depth_interfaces__rosidl_generator_c.so[0m
[ 25%] Built target yolo_depth_interfaces__rosidl_generator_c
[ 27%] [34m[1mGenerating C type support for eProsima Fast-RTPS[0m
[ 33%] [34m[1mGenerating C++ type support dispatch for ROS interfaces[0m
[ 33%] [34m[1mGenerating C++ type support for eProsima Fast-RTPS[0m
[ 33%] [34m[1mGenerating C++ introspection for ROS interfaces[0m
[ 33%] [34m[1mGenerating C type support dispatch for ROS interfaces[0m
[ 33%] [34m[1mGenerating C introspection for ROS interfaces[0m
[ 36%] [32mBuilding CXX object CMakeFiles/yolo_depth_interfaces__rosidl_typesupport_fastrtps_c.dir/rosidl_typesupport_fastrtps_c/yolo_depth_interfaces/msg/detail/object_depth__type_support_c.cpp.o[0m
[ 36%] [32mBuilding CXX object CMakeFiles/yolo_depth_interfaces__rosidl_typesupport_fastrtps_c.dir/rosidl_typesupport_fastrtps_c/yolo_depth_interfaces/srv/detail/set_target__type_support_c.cpp.o[0m
[ 37%] [32mBuilding CXX object CMakeFiles/yolo_depth_interfaces__rosidl_typesupport_fastrtps_c.dir/rosidl_typesupport_fastrtps_c/yolo_depth_interfaces/srv/detail/target_center__type_support_c.cpp.o[0m
[ 39%] [32mBuilding CXX object CMakeFiles/yolo_depth_interfaces__rosidl_typesupport_fastrtps_c.dir/rosidl_typesupport_fastrtps_c/yolo_depth_interfaces/srv/detail/move_to_point__type_support_c.cpp.o[0m
[ 40%] [32mBuilding CXX object CMakeFiles/yolo_depth_interfaces__rosidl_typesupport_fastrtps_c.dir/rosidl_typesupport_fastrtps_c/yolo_depth_interfaces/msg/detail/object_depth_array__type_support_c.cpp.o[0m
[ 41%] [32mBuilding CXX object CMakeFiles/yolo_depth_interfaces__rosidl_typesupport_cpp.dir/rosidl_typesupport_cpp/yolo_depth_interfaces/msg/object_depth__type_support.cpp.o[0m
[ 43%] [32mBuilding CXX object CMakeFiles/yolo_depth_interfaces__rosidl_typesupport_cpp.dir/rosidl_typesupport_cpp/yolo_depth_interfaces/msg/object_depth_array__type_support.cpp.o[0m
[ 44%] [32mBuilding CXX object CMakeFiles/yolo_depth_interfaces__rosidl_typesupport_cpp.dir/rosidl_typesupport_cpp/yolo_depth_interfaces/srv/set_target__type_support.cpp.o[0m
[ 45%] [32mBuilding CXX object CMakeFiles/yolo_depth_interfaces__rosidl_typesupport_c.dir/rosidl_typesupport_c/yolo_depth_interfaces/msg/object_depth__type_support.cpp.o[0m
[ 47%] [32mBuilding CXX object CMakeFiles/yolo_depth_interfaces__rosidl_typesupport_c.dir/rosidl_typesupport_c/yolo_depth_interfaces/msg/object_depth_array__type_support.cpp.o[0m
[ 48%] [32mBuilding CXX object CMakeFiles/yolo_depth_interfaces__rosidl_typesupport_c.dir/rosidl_typesupport_c/yolo_depth_interfaces/srv/set_target__type_support.cpp.o[0m
[ 50%] [32mBuilding CXX object CMakeFiles/yolo_depth_interfaces__rosidl_typesupport_c.dir/rosidl_typesupport_c/yolo_depth_interfaces/srv/move_to_point__type_support.cpp.o[0m
[ 51%] [32mBuilding CXX object CMakeFiles/yolo_depth_interfaces__rosidl_typesupport_introspection_cpp.dir/rosidl_typesupport_introspection_cpp/yolo_depth_interfaces/msg/detail/object_depth__type_support.cpp.o[0m
[ 52%] [32mBuilding C object CMakeFiles/yolo_depth_interfaces__rosidl_typesupport_introspection_c.dir/rosidl_typesupport_introspection_c/yolo_depth_interfaces/msg/detail/object_depth__type_support.c.o[0m
[ 54%] [32mBuilding CXX object CMakeFiles/yolo_depth_interfaces__rosidl_typesupport_c.dir/rosidl_typesupport_c/yolo_depth_interfaces/srv/target_center__type_support.cpp.o[0m
[ 55%] [32mBuilding C object CMakeFiles/yolo_depth_interfaces__rosidl_typesupport_introspection_c.dir/rosidl_typesupport_introspection_c/yolo_depth_interfaces/msg/detail/object_depth_array__type_support.c.o[0m
[ 56%] [32mBuilding C object CMakeFiles/yolo_depth_interfaces__rosidl_typesupport_introspection_c.dir/rosidl_typesupport_introspection_c/yolo_depth_interfaces/srv/detail/set_target__type_support.c.o[0m
[ 58%] [32m[1mLinking CXX shared library libyolo_depth_interfaces__rosidl_typesupport_c.so[0m
[ 59%] [32mBuilding C object CMakeFiles/yolo_depth_interfaces__rosidl_typesupport_introspection_c.dir/rosidl_typesupport_introspection_c/yolo_depth_interfaces/srv/detail/move_to_point__type_support.c.o[0m
[ 60%] [32mBuilding CXX object CMakeFiles/yolo_depth_interfaces__rosidl_typesupport_cpp.dir/rosidl_typesupport_cpp/yolo_depth_interfaces/srv/move_to_point__type_support.cpp.o[0m
[ 62%] [32mBuilding CXX object CMakeFiles/yolo_depth_interfaces__rosidl_typesupport_cpp.dir/rosidl_typesupport_cpp/yolo_depth_interfaces/srv/target_center__type_support.cpp.o[0m
[ 63%] [32mBuilding CXX object CMakeFiles/yolo_depth_interfaces__rosidl_typesupport_introspection_cpp.dir/rosidl_typesupport_introspection_cpp/yolo_depth_interfaces/msg/detail/object_depth_array__type_support.cpp.o[0m
[ 64%] [32mBuilding CXX object CMakeFiles/yolo_depth_interfaces__rosidl_typesupport_fastrtps_cpp.dir/rosidl_typesupport_fastrtps_cpp/yolo_depth_interfaces/msg/detail/dds_fastrtps/object_depth__type_support.cpp.o[0m
[ 64%] Built target yolo_depth_interfaces__rosidl_typesupport_c
[ 66%] [32mBuilding C object CMakeFiles/yolo_depth_interfaces__rosidl_typesupport_introspection_c.dir/rosidl_typesupport_introspection_c/yolo_depth_interfaces/srv/detail/target_center__type_support.c.o[0m
[ 67%] [32mBuilding CXX object CMakeFiles/yolo_depth_interfaces__rosidl_typesupport_introspection_cpp.dir/rosidl_typesupport_introspection_cpp/yolo_depth_interfaces/srv/detail/set_target__type_support.cpp.o[0m
[ 68%] [32mBuilding CXX object CMakeFiles/yolo_depth_interfaces__rosidl_typesupport_introspection_cpp.dir/rosidl_typesupport_introspection_cpp/yolo_depth_interfaces/srv/detail/move_to_point__type_support.cpp.o[0m
[ 70%] [32m[1mLinking C shared library libyolo_depth_interfaces__rosidl_typesupport_introspection_c.so[0m
[ 71%] [32mBuilding CXX object CMakeFiles/yolo_depth_interfaces__rosidl_typesupport_fastrtps_cpp.dir/rosidl_typesupport_fastrtps_cpp/yolo_depth_interfaces/msg/detail/dds_fastrtps/object_depth_array__type_support.cpp.o[0m
[ 71%] Built target yolo_depth_interfaces__rosidl_typesupport_introspection_c
[ 72%] [32mBuilding CXX object CMakeFiles/yolo_depth_interfaces__rosidl_typesupport_introspection_cpp.dir/rosidl_typesupport_introspection_cpp/yolo_depth_interfaces/srv/detail/target_center__type_support.cpp.o[0m
[ 74%] [32mBuilding CXX object CMakeFiles/yolo_depth_interfaces__rosidl_typesupport_fastrtps_cpp.dir/rosidl_typesupport_fastrtps_cpp/yolo_depth_interfaces/srv/detail/dds_fastrtps/set_target__type_support.cpp.o[0m
[ 75%] [32mBuilding CXX object CMakeFiles/yolo_depth_interfaces__rosidl_typesupport_fastrtps_cpp.dir/rosidl_typesupport_fastrtps_cpp/yolo_depth_interfaces/srv/detail/dds_fastrtps/move_to_point__type_support.cpp.o[0m
[ 77%] [32mBuilding CXX object CMakeFiles/yolo_depth_interfaces__rosidl_typesupport_fastrtps_cpp.dir/rosidl_typesupport_fastrtps_cpp/yolo_depth_interfaces/srv/detail/dds_fastrtps/target_center__type_support.cpp.o[0m
[ 78%] [32m[1mLinking CXX shared library libyolo_depth_interfaces__rosidl_typesupport_fastrtps_c.so[0m
[ 78%] Built target yolo_depth_interfaces__rosidl_typesupport_fastrtps_c
[ 79%] [32m[1mLinking CXX shared library libyolo_depth_interfaces__rosidl_typesupport_cpp.so[0m
[ 79%] Built target yolo_depth_interfaces__rosidl_typesupport_cpp
[ 81%] [32m[1mLinking CXX shared library libyolo_depth_interfaces__rosidl_typesupport_introspection_cpp.so[0m
[ 81%] Built target yolo_depth_interfaces__rosidl_typesupport_introspection_cpp
[ 82%] [32m[1mLinking CXX shared library libyolo_depth_interfaces__rosidl_typesupport_fastrtps_cpp.so[0m
[ 82%] Built target yolo_depth_interfaces__rosidl_typesupport_fastrtps_cpp
[ 82%] Built target yolo_depth_interfaces
[ 83%] [34m[1mGenerating Python code for ROS interfaces[0m
[ 83%] Built target yolo_depth_interfaces__py
[ 85%] [32mBuilding C object CMakeFiles/yolo_depth_interfaces__rosidl_generator_py.dir/rosidl_generator_py/yolo_depth_interfaces/srv/_set_target_s.c.o[0m
[ 89%] [32mBuilding C object CMakeFiles/yolo_depth_interfaces__rosidl_generator_py.dir/rosidl_generator_py/yolo_depth_interfaces/msg/_object_depth_s.c.o[0m
[ 89%] [32mBuilding C object CMakeFiles/yolo_depth_interfaces__rosidl_generator_py.dir/rosidl_generator_py/yolo_depth_interfaces/srv/_target_center_s.c.o[0m
[ 89%] [32mBuilding C object CMakeFiles/yolo_depth_interfaces__rosidl_generator_py.dir/rosidl_generator_py/yolo_depth_interfaces/srv/_move_to_point_s.c.o[0m
[ 90%] [32mBuilding C object CMakeFiles/yolo_depth_interfaces__rosidl_generator_py.dir/rosidl_generator_py/yolo_depth_interfaces/msg/_object_depth_array_s.c.o[0m
[ 91%] [32m[1mLinking C shared library libyolo_depth_interfaces__rosidl_generator_py.so[0m
[ 91%] Built target yolo_depth_interfaces__rosidl_generator_py
[ 93%] [32mBuilding C object CMakeFiles/yolo_depth_interfaces_s__rosidl_typesupport_fastrtps_c.dir/rosidl_generator_py/yolo_depth_interfaces/_yolo_depth_interfaces_s.ep.rosidl_typesupport_fastrtps_c.c.o[0m
[ 94%] [32mBuilding C object CMakeFiles/yolo_depth_interfaces_s__rosidl_typesupport_introspection_c.dir/rosidl_generator_py/yolo_depth_interfaces/_yolo_depth_interfaces_s.ep.rosidl_typesupport_introspection_c.c.o[0m
[ 95%] [32mBuilding C object CMakeFiles/yolo_depth_interfaces_s__rosidl_typesupport_c.dir/rosidl_generator_py/yolo_depth_interfaces/_yolo_depth_interfaces_s.ep.rosidl_typesupport_c.c.o[0m
[ 97%] [32m[1mLinking C shared module rosidl_generator_py/yolo_depth_interfaces/yolo_depth_interfaces_s__rosidl_typesupport_introspection_c.so[0m
[ 98%] [32m[1mLinking C shared module rosidl_generator_py/yolo_depth_interfaces/yolo_depth_interfaces_s__rosidl_typesupport_fastrtps_c.so[0m
[100%] [32m[1mLinking C shared module rosidl_generator_py/yolo_depth_interfaces/yolo_depth_interfaces_s__rosidl_typesupport_c.so[0m
[100%] Built target yolo_depth_interfaces_s__rosidl_typesupport_fastrtps_c
[100%] Built target yolo_depth_interfaces_s__rosidl_typesupport_introspection_c
[100%] Built target yolo_depth_interfaces_s__rosidl_typesupport_c
-- Install configuration: ""
-- Installing: /home/hun/YongYiHanYong/install/yolo_depth_interfaces/share/ament_index/resource_index/rosidl_interfaces/yolo_depth_interfaces
-- Installing: /home/hun/YongYiHanYong/install/yolo_depth_interfaces/share/yolo_depth_interfaces/msg/ObjectDepth.json
-- Installing: /home/hun/YongYiHanYong/install/yolo_depth_interfaces/share/yolo_depth_interfaces/msg/ObjectDepthArray.json
-- Installing: /home/hun/YongYiHanYong/install/yolo_depth_interfaces/share/yolo_depth_interfaces/srv/SetTarget.json
-- Installing: /home/hun/YongYiHanYong/install/yolo_depth_interfaces/share/yolo_depth_interfaces/srv/MoveToPoint.json
-- Installing: /home/hun/YongYiHanYong/install/yolo_depth_interfaces/share/yolo_depth_interfaces/srv/TargetCenter.json
-- Installing: /home/hun/YongYiHanYong/install/yolo_depth_interfaces/include/yolo_depth_interfaces/yolo_depth_interfaces
-- Installing: /home/hun/YongYiHanYong/install/yolo_depth_interfaces/include/yolo_depth_interfaces/yolo_depth_interfaces/msg
-- Installing: /home/hun/YongYiHanYong/install/yolo_depth_interfaces/include/yolo_depth_interfaces/yolo_depth_interfaces/msg/rosidl_generator_c__visibility_control.h
-- Installing: /home/hun/YongYiHanYong/install/yolo_depth_interfaces/include/yolo_depth_interfaces/yolo_depth_interfaces/msg/object_depth_array.h
-- Installing: /home/hun/YongYiHanYong/install/yolo_depth_interfaces/include/yolo_depth_interfaces/yolo_depth_interfaces/msg/detail
-- Installing: /home/hun/YongYiHanYong/install/yolo_depth_interfaces/include/yolo_depth_interfaces/yolo_depth_interfaces/msg/detail/object_depth_array__type_support.c
-- Installing: /home/hun/YongYiHanYong/install/yolo_depth_interfaces/include/yolo_depth_interfaces/yolo_depth_interfaces/msg/detail/object_depth_array__struct.h
-- Installing: /home/hun/YongYiHanYong/install/yolo_depth_interfaces/include/yolo_depth_interfaces/yolo_depth_interfaces/msg/detail/object_depth__description.c
-- Installing: /home/hun/YongYiHanYong/install/yolo_depth_interfaces/include/yolo_depth_interfaces/yolo_depth_interfaces/msg/detail/object_depth__struct.h
-- Installing: /home/hun/YongYiHanYong/install/yolo_depth_interfaces/include/yolo_depth_interfaces/yolo_depth_interfaces/msg/detail/object_depth_array__functions.h
-- Installing: /home/hun/YongYiHanYong/install/yolo_depth_interfaces/include/yolo_depth_interfaces/yolo_depth_interfaces/msg/detail/object_depth__functions.h
-- Installing: /home/hun/YongYiHanYong/install/yolo_depth_interfaces/include/yolo_depth_interfaces/yolo_depth_interfaces/msg/detail/object_depth__type_support.h
-- Installing: /home/hun/YongYiHanYong/install/yolo_depth_interfaces/include/yolo_depth_interfaces/yolo_depth_interfaces/msg/detail/object_depth_array__type_support.h
-- Installing: /home/hun/YongYiHanYong/install/yolo_depth_interfaces/include/yolo_depth_interfaces/yolo_depth_interfaces/msg/detail/object_depth_array__description.c
-- Installing: /home/hun/YongYiHanYong/install/yolo_depth_interfaces/include/yolo_depth_interfaces/yolo_depth_interfaces/msg/detail/object_depth__functions.c
-- Installing: /home/hun/YongYiHanYong/install/yolo_depth_interfaces/include/yolo_depth_interfaces/yolo_depth_interfaces/msg/detail/object_depth_array__functions.c
-- Installing: /home/hun/YongYiHanYong/install/yolo_depth_interfaces/include/yolo_depth_interfaces/yolo_depth_interfaces/msg/detail/object_depth__type_support.c
-- Installing: /home/hun/YongYiHanYong/install/yolo_depth_interfaces/include/yolo_depth_interfaces/yolo_depth_interfaces/msg/object_depth.h
-- Installing: /home/hun/YongYiHanYong/install/yolo_depth_interfaces/include/yolo_depth_interfaces/yolo_depth_interfaces/srv
-- Installing: /home/hun/YongYiHanYong/install/yolo_depth_interfaces/include/yolo_depth_interfaces/yolo_depth_interfaces/srv/move_to_point.h
-- Installing: /home/hun/YongYiHanYong/install/yolo_depth_interfaces/include/yolo_depth_interfaces/yolo_depth_interfaces/srv/target_center.h
-- Installing: /home/hun/YongYiHanYong/install/yolo_depth_interfaces/include/yolo_depth_interfaces/yolo_depth_interfaces/srv/set_target.h
-- Installing: /home/hun/YongYiHanYong/install/yolo_depth_interfaces/include/yolo_depth_interfaces/yolo_depth_interfaces/srv/detail
-- Installing: /home/hun/YongYiHanYong/install/yolo_depth_interfaces/include/yolo_depth_interfaces/yolo_depth_interfaces/srv/detail/move_to_point__functions.c
-- Installing: /home/hun/YongYiHanYong/install/yolo_depth_interfaces/include/yolo_depth_interfaces/yolo_depth_interfaces/srv/detail/move_to_point__type_support.h
-- Installing: /home/hun/YongYiHanYong/install/yolo_depth_interfaces/include/yolo_depth_interfaces/yolo_depth_interfaces/srv/detail/set_target__description.c
-- Installing: /home/hun/YongYiHanYong/install/yolo_depth_interfaces/include/yolo_depth_interfaces/yolo_depth_interfaces/srv/detail/set_target__struct.h
-- Installing: /home/hun/YongYiHanYong/install/yolo_depth_interfaces/include/yolo_depth_interfaces/yolo_depth_interfaces/srv/detail/set_target__functions.c
-- Installing: /home/hun/YongYiHanYong/install/yolo_depth_interfaces/include/yolo_depth_interfaces/yolo_depth_interfaces/srv/detail/set_target__type_support.h
-- Installing: /home/hun/YongYiHanYong/install/yolo_depth_interfaces/include/yolo_depth_interfaces/yolo_depth_interfaces/srv/detail/set_target__type_support.c
-- Installing: /home/hun/YongYiHanYong/install/yolo_depth_interfaces/include/yolo_depth_interfaces/yolo_depth_interfaces/srv/detail/move_to_point__type_support.c
-- Installing: /home/hun/YongYiHanYong/install/yolo_depth_interfaces/include/yolo_depth_interfaces/yolo_depth_interfaces/srv/detail/target_center__type_support.h
-- Installing: /home/hun/YongYiHanYong/install/yolo_depth_interfaces/include/yolo_depth_interfaces/yolo_depth_interfaces/srv/detail/target_center__struct.h
-- Installing: /home/hun/YongYiHanYong/install/yolo_depth_interfaces/include/yolo_depth_interfaces/yolo_depth_interfaces/srv/detail/target_center__functions.c
-- Installing: /home/hun/YongYiHanYong/install/yolo_depth_interfaces/include/yolo_depth_interfaces/yolo_depth_interfaces/srv/detail/target_center__functions.h
-- Installing: /home/hun/YongYiHanYong/install/yolo_depth_interfaces/include/yolo_depth_interfaces/yolo_depth_interfaces/srv/detail/target_center__type_support.c
-- Installing: /home/hun/YongYiHanYong/install/yolo_depth_interfaces/include/yolo_depth_interfaces/yolo_depth_interfaces/srv/detail/move_to_point__description.c
-- Installing: /home/hun/YongYiHanYong/install/yolo_depth_interfaces/include/yolo_depth_interfaces/yolo_depth_interfaces/srv/detail/set_target__functions.h
-- Installing: /home/hun/YongYiHanYong/install/yolo_depth_interfaces/include/yolo_depth_interfaces/yolo_depth_interfaces/srv/detail/move_to_point__struct.h
-- Installing: /home/hun/YongYiHanYong/install/yolo_depth_interfaces/include/yolo_depth_interfaces/yolo_depth_interfaces/srv/detail/target_center__description.c
-- Installing: /home/hun/YongYiHanYong/install/yolo_depth_interfaces/include/yolo_depth_interfaces/yolo_depth_interfaces/srv/detail/move_to_point__functions.h
-- Installing: /home/hun/YongYiHanYong/install/yolo_depth_interfaces/share/yolo_depth_interfaces/environment/library_path.sh
-- Installing: /home/hun/YongYiHanYong/install/yolo_depth_interfaces/share/yolo_depth_interfaces/environment/library_path.dsv
-- Installing: /home/hun/YongYiHanYong/install/yolo_depth_interfaces/lib/libyolo_depth_interfaces__rosidl_generator_c.so
-- Set non-toolchain portion of runtime path of "/home/hun/YongYiHanYong/install/yolo_depth_interfaces/lib/libyolo_depth_interfaces__rosidl_generator_c.so" to ""
-- Up-to-date: /home/hun/YongYiHanYong/install/yolo_depth_interfaces/include/yolo_depth_interfaces/yolo_depth_interfaces
-- Up-to-date: /home/hun/YongYiHanYong/install/yolo_depth_interfaces/include/yolo_depth_interfaces/yolo_depth_interfaces/msg
-- Installing: /home/hun/YongYiHanYong/install/yolo_depth_interfaces/include/yolo_depth_interfaces/yolo_depth_interfaces/msg/rosidl_typesupport_fastrtps_c__visibility_control.h
-- Up-to-date: /home/hun/YongYiHanYong/install/yolo_depth_interfaces/include/yolo_depth_interfaces/yolo_depth_interfaces/msg/detail
-- Installing: /home/hun/YongYiHanYong/install/yolo_depth_interfaces/include/yolo_depth_interfaces/yolo_depth_interfaces/msg/detail/object_depth_array__rosidl_typesupport_fastrtps_c.h
-- Installing: /home/hun/YongYiHanYong/install/yolo_depth_interfaces/include/yolo_depth_interfaces/yolo_depth_interfaces/msg/detail/object_depth__rosidl_typesupport_fastrtps_c.h
-- Up-to-date: /home/hun/YongYiHanYong/install/yolo_depth_interfaces/include/yolo_depth_interfaces/yolo_depth_interfaces/srv
-- Up-to-date: /home/hun/YongYiHanYong/install/yolo_depth_interfaces/include/yolo_depth_interfaces/yolo_depth_interfaces/srv/detail
-- Installing: /home/hun/YongYiHanYong/install/yolo_depth_interfaces/include/yolo_depth_interfaces/yolo_depth_interfaces/srv/detail/target_center__rosidl_typesupport_fastrtps_c.h
-- Installing: /home/hun/YongYiHanYong/install/yolo_depth_interfaces/include/yolo_depth_interfaces/yolo_depth_interfaces/srv/detail/set_target__rosidl_typesupport_fastrtps_c.h
-- Installing: /home/hun/YongYiHanYong/install/yolo_depth_interfaces/include/yolo_depth_interfaces/yolo_depth_interfaces/srv/detail/move_to_point__rosidl_typesupport_fastrtps_c.h
-- Installing: /home/hun/YongYiHanYong/install/yolo_depth_interfaces/lib/libyolo_depth_interfaces__rosidl_typesupport_fastrtps_c.so
-- Set non-toolchain portion of runtime path of "/home/hun/YongYiHanYong/install/yolo_depth_interfaces/lib/libyolo_depth_interfaces__rosidl_typesupport_fastrtps_c.so" to ""
-- Up-to-date: /home/hun/YongYiHanYong/install/yolo_depth_interfaces/include/yolo_depth_interfaces/yolo_depth_interfaces
-- Up-to-date: /home/hun/YongYiHanYong/install/yolo_depth_interfaces/include/yolo_depth_interfaces/yolo_depth_interfaces/msg
-- Installing: /home/hun/YongYiHanYong/install/yolo_depth_interfaces/include/yolo_depth_interfaces/yolo_depth_interfaces/msg/rosidl_typesupport_introspection_c__visibility_control.h
-- Up-to-date: /home/hun/YongYiHanYong/install/yolo_depth_interfaces/include/yolo_depth_interfaces/yolo_depth_interfaces/msg/detail
-- Installing: /home/hun/YongYiHanYong/install/yolo_depth_interfaces/include/yolo_depth_interfaces/yolo_depth_interfaces/msg/detail/object_depth_array__type_support.c
-- Installing: /home/hun/YongYiHanYong/install/yolo_depth_interfaces/include/yolo_depth_interfaces/yolo_depth_interfaces/msg/detail/object_depth__rosidl_typesupport_introspection_c.h
-- Installing: /home/hun/YongYiHanYong/install/yolo_depth_interfaces/include/yolo_depth_interfaces/yolo_depth_interfaces/msg/detail/object_depth_array__rosidl_typesupport_introspection_c.h
-- Installing: /home/hun/YongYiHanYong/install/yolo_depth_interfaces/include/yolo_depth_interfaces/yolo_depth_interfaces/msg/detail/object_depth__type_support.c
-- Up-to-date: /home/hun/YongYiHanYong/install/yolo_depth_interfaces/include/yolo_depth_interfaces/yolo_depth_interfaces/srv
-- Up-to-date: /home/hun/YongYiHanYong/install/yolo_depth_interfaces/include/yolo_depth_interfaces/yolo_depth_interfaces/srv/detail
-- Installing: /home/hun/YongYiHanYong/install/yolo_depth_interfaces/include/yolo_depth_interfaces/yolo_depth_interfaces/srv/detail/set_target__type_support.c
-- Installing: /home/hun/YongYiHanYong/install/yolo_depth_interfaces/include/yolo_depth_interfaces/yolo_depth_interfaces/srv/detail/move_to_point__rosidl_typesupport_introspection_c.h
-- Installing: /home/hun/YongYiHanYong/install/yolo_depth_interfaces/include/yolo_depth_interfaces/yolo_depth_interfaces/srv/detail/set_target__rosidl_typesupport_introspection_c.h
-- Installing: /home/hun/YongYiHanYong/install/yolo_depth_interfaces/include/yolo_depth_interfaces/yolo_depth_interfaces/srv/detail/move_to_point__type_support.c
-- Installing: /home/hun/YongYiHanYong/install/yolo_depth_interfaces/include/yolo_depth_interfaces/yolo_depth_interfaces/srv/detail/target_center__rosidl_typesupport_introspection_c.h
-- Installing: /home/hun/YongYiHanYong/install/yolo_depth_interfaces/include/yolo_depth_interfaces/yolo_depth_interfaces/srv/detail/target_center__type_support.c
-- Installing: /home/hun/YongYiHanYong/install/yolo_depth_interfaces/lib/libyolo_depth_interfaces__rosidl_typesupport_introspection_c.so
-- Set non-toolchain portion of runtime path of "/home/hun/YongYiHanYong/install/yolo_depth_interfaces/lib/libyolo_depth_interfaces__rosidl_typesupport_introspection_c.so" to ""
-- Installing: /home/hun/YongYiHanYong/install/yolo_depth_interfaces/lib/libyolo_depth_interfaces__rosidl_typesupport_c.so
-- Set non-toolchain portion of runtime path of "/home/hun/YongYiHanYong/install/yolo_depth_interfaces/lib/libyolo_depth_interfaces__rosidl_typesupport_c.so" to ""
-- Up-to-date: /home/hun/YongYiHanYong/install/yolo_depth_interfaces/include/yolo_depth_interfaces/yolo_depth_interfaces
-- Up-to-date: /home/hun/YongYiHanYong/install/yolo_depth_interfaces/include/yolo_depth_interfaces/yolo_depth_interfaces/msg
-- Installing: /home/hun/YongYiHanYong/install/yolo_depth_interfaces/include/yolo_depth_interfaces/yolo_depth_interfaces/msg/object_depth_array.hpp
-- Installing: /home/hun/YongYiHanYong/install/yolo_depth_interfaces/include/yolo_depth_interfaces/yolo_depth_interfaces/msg/object_depth.hpp
-- Installing: /home/hun/YongYiHanYong/install/yolo_depth_interfaces/include/yolo_depth_interfaces/yolo_depth_interfaces/msg/rosidl_generator_cpp__visibility_control.hpp
-- Up-to-date: /home/hun/YongYiHanYong/install/yolo_depth_interfaces/include/yolo_depth_interfaces/yolo_depth_interfaces/msg/detail
-- Installing: /home/hun/YongYiHanYong/install/yolo_depth_interfaces/include/yolo_depth_interfaces/yolo_depth_interfaces/msg/detail/object_depth__builder.hpp
-- Installing: /home/hun/YongYiHanYong/install/yolo_depth_interfaces/include/yolo_depth_interfaces/yolo_depth_interfaces/msg/detail/object_depth__struct.hpp
-- Installing: /home/hun/YongYiHanYong/install/yolo_depth_interfaces/include/yolo_depth_interfaces/yolo_depth_interfaces/msg/detail/object_depth_array__struct.hpp
-- Installing: /home/hun/YongYiHanYong/install/yolo_depth_interfaces/include/yolo_depth_interfaces/yolo_depth_interfaces/msg/detail/object_depth_array__type_support.hpp
-- Installing: /home/hun/YongYiHanYong/install/yolo_depth_interfaces/include/yolo_depth_interfaces/yolo_depth_interfaces/msg/detail/object_depth__traits.hpp
-- Installing: /home/hun/YongYiHanYong/install/yolo_depth_interfaces/include/yolo_depth_interfaces/yolo_depth_interfaces/msg/detail/object_depth__type_support.hpp
-- Installing: /home/hun/YongYiHanYong/install/yolo_depth_interfaces/include/yolo_depth_interfaces/yolo_depth_interfaces/msg/detail/object_depth_array__builder.hpp
-- Installing: /home/hun/YongYiHanYong/install/yolo_depth_interfaces/include/yolo_depth_interfaces/yolo_depth_interfaces/msg/detail/object_depth_array__traits.hpp
-- Up-to-date: /home/hun/YongYiHanYong/install/yolo_depth_interfaces/include/yolo_depth_interfaces/yolo_depth_interfaces/srv
-- Installing: /home/hun/YongYiHanYong/install/yolo_depth_interfaces/include/yolo_depth_interfaces/yolo_depth_interfaces/srv/move_to_point.hpp
-- Installing: /home/hun/YongYiHanYong/install/yolo_depth_interfaces/include/yolo_depth_interfaces/yolo_depth_interfaces/srv/target_center.hpp
-- Up-to-date: /home/hun/YongYiHanYong/install/yolo_depth_interfaces/include/yolo_depth_interfaces/yolo_depth_interfaces/srv/detail
-- Installing: /home/hun/YongYiHanYong/install/yolo_depth_interfaces/include/yolo_depth_interfaces/yolo_depth_interfaces/srv/detail/target_center__traits.hpp
-- Installing: /home/hun/YongYiHanYong/install/yolo_depth_interfaces/include/yolo_depth_interfaces/yolo_depth_interfaces/srv/detail/move_to_point__builder.hpp
-- Installing: /home/hun/YongYiHanYong/install/yolo_depth_interfaces/include/yolo_depth_interfaces/yolo_depth_interfaces/srv/detail/move_to_point__traits.hpp
-- Installing: /home/hun/YongYiHanYong/install/yolo_depth_interfaces/include/yolo_depth_interfaces/yolo_depth_interfaces/srv/detail/set_target__builder.hpp
-- Installing: /home/hun/YongYiHanYong/install/yolo_depth_interfaces/include/yolo_depth_interfaces/yolo_depth_interfaces/srv/detail/target_center__builder.hpp
-- Installing: /home/hun/YongYiHanYong/install/yolo_depth_interfaces/include/yolo_depth_interfaces/yolo_depth_interfaces/srv/detail/move_to_point__struct.hpp
-- Installing: /home/hun/YongYiHanYong/install/yolo_depth_interfaces/include/yolo_depth_interfaces/yolo_depth_interfaces/srv/detail/move_to_point__type_support.hpp
-- Installing: /home/hun/YongYiHanYong/install/yolo_depth_interfaces/include/yolo_depth_interfaces/yolo_depth_interfaces/srv/detail/target_center__type_support.hpp
-- Installing: /home/hun/YongYiHanYong/install/yolo_depth_interfaces/include/yolo_depth_interfaces/yolo_depth_interfaces/srv/detail/set_target__traits.hpp
-- Installing: /home/hun/YongYiHanYong/install/yolo_depth_interfaces/include/yolo_depth_interfaces/yolo_depth_interfaces/srv/detail/set_target__type_support.hpp
-- Installing: /home/hun/YongYiHanYong/install/yolo_depth_interfaces/include/yolo_depth_interfaces/yolo_depth_interfaces/srv/detail/target_center__struct.hpp
-- Installing: /home/hun/YongYiHanYong/install/yolo_depth_interfaces/include/yolo_depth_interfaces/yolo_depth_interfaces/srv/detail/set_target__struct.hpp
-- Installing: /home/hun/YongYiHanYong/install/yolo_depth_interfaces/include/yolo_depth_interfaces/yolo_depth_interfaces/srv/set_target.hpp
-- Up-to-date: /home/hun/YongYiHanYong/install/yolo_depth_interfaces/include/yolo_depth_interfaces/yolo_depth_interfaces
-- Up-to-date: /home/hun/YongYiHanYong/install/yolo_depth_interfaces/include/yolo_depth_interfaces/yolo_depth_interfaces/msg
-- Installing: /home/hun/YongYiHanYong/install/yolo_depth_interfaces/include/yolo_depth_interfaces/yolo_depth_interfaces/msg/rosidl_typesupport_fastrtps_cpp__visibility_control.h
-- Up-to-date: /home/hun/YongYiHanYong/install/yolo_depth_interfaces/include/yolo_depth_interfaces/yolo_depth_interfaces/msg/detail
-- Installing: /home/hun/YongYiHanYong/install/yolo_depth_interfaces/include/yolo_depth_interfaces/yolo_depth_interfaces/msg/detail/object_depth_array__rosidl_typesupport_fastrtps_cpp.hpp
-- Installing: /home/hun/YongYiHanYong/install/yolo_depth_interfaces/include/yolo_depth_interfaces/yolo_depth_interfaces/msg/detail/object_depth__rosidl_typesupport_fastrtps_cpp.hpp
-- Installing: /home/hun/YongYiHanYong/install/yolo_depth_interfaces/include/yolo_depth_interfaces/yolo_depth_interfaces/msg/detail/dds_fastrtps
-- Up-to-date: /home/hun/YongYiHanYong/install/yolo_depth_interfaces/include/yolo_depth_interfaces/yolo_depth_interfaces/srv
-- Up-to-date: /home/hun/YongYiHanYong/install/yolo_depth_interfaces/include/yolo_depth_interfaces/yolo_depth_interfaces/srv/detail
-- Installing: /home/hun/YongYiHanYong/install/yolo_depth_interfaces/include/yolo_depth_interfaces/yolo_depth_interfaces/srv/detail/dds_fastrtps
-- Installing: /home/hun/YongYiHanYong/install/yolo_depth_interfaces/include/yolo_depth_interfaces/yolo_depth_interfaces/srv/detail/target_center__rosidl_typesupport_fastrtps_cpp.hpp
-- Installing: /home/hun/YongYiHanYong/install/yolo_depth_interfaces/include/yolo_depth_interfaces/yolo_depth_interfaces/srv/detail/move_to_point__rosidl_typesupport_fastrtps_cpp.hpp
-- Installing: /home/hun/YongYiHanYong/install/yolo_depth_interfaces/include/yolo_depth_interfaces/yolo_depth_interfaces/srv/detail/set_target__rosidl_typesupport_fastrtps_cpp.hpp
-- Installing: /home/hun/YongYiHanYong/install/yolo_depth_interfaces/lib/libyolo_depth_interfaces__rosidl_typesupport_fastrtps_cpp.so
-- Set non-toolchain portion of runtime path of "/home/hun/YongYiHanYong/install/yolo_depth_interfaces/lib/libyolo_depth_interfaces__rosidl_typesupport_fastrtps_cpp.so" to ""
-- Up-to-date: /home/hun/YongYiHanYong/install/yolo_depth_interfaces/include/yolo_depth_interfaces/yolo_depth_interfaces
-- Up-to-date: /home/hun/YongYiHanYong/install/yolo_depth_interfaces/include/yolo_depth_interfaces/yolo_depth_interfaces/msg
-- Up-to-date: /home/hun/YongYiHanYong/install/yolo_depth_interfaces/include/yolo_depth_interfaces/yolo_depth_interfaces/msg/detail
-- Installing: /home/hun/YongYiHanYong/install/yolo_depth_interfaces/include/yolo_depth_interfaces/yolo_depth_interfaces/msg/detail/object_depth__type_support.cpp
-- Installing: /home/hun/YongYiHanYong/install/yolo_depth_interfaces/include/yolo_depth_interfaces/yolo_depth_interfaces/msg/detail/object_depth_array__type_support.cpp
-- Installing: /home/hun/YongYiHanYong/install/yolo_depth_interfaces/include/yolo_depth_interfaces/yolo_depth_interfaces/msg/detail/object_depth_array__rosidl_typesupport_introspection_cpp.hpp
-- Installing: /home/hun/YongYiHanYong/install/yolo_depth_interfaces/include/yolo_depth_interfaces/yolo_depth_interfaces/msg/detail/object_depth__rosidl_typesupport_introspection_cpp.hpp
-- Up-to-date: /home/hun/YongYiHanYong/install/yolo_depth_interfaces/include/yolo_depth_interfaces/yolo_depth_interfaces/srv
-- Up-to-date: /home/hun/YongYiHanYong/install/yolo_depth_interfaces/include/yolo_depth_interfaces/yolo_depth_interfaces/srv/detail
-- Installing: /home/hun/YongYiHanYong/install/yolo_depth_interfaces/include/yolo_depth_interfaces/yolo_depth_interfaces/srv/detail/move_to_point__rosidl_typesupport_introspection_cpp.hpp
-- Installing: /home/hun/YongYiHanYong/install/yolo_depth_interfaces/include/yolo_depth_interfaces/yolo_depth_interfaces/srv/detail/set_target__type_support.cpp
-- Installing: /home/hun/YongYiHanYong/install/yolo_depth_interfaces/include/yolo_depth_interfaces/yolo_depth_interfaces/srv/detail/target_center__type_support.cpp
-- Installing: /home/hun/YongYiHanYong/install/yolo_depth_interfaces/include/yolo_depth_interfaces/yolo_depth_interfaces/srv/detail/target_center__rosidl_typesupport_introspection_cpp.hpp
-- Installing: /home/hun/YongYiHanYong/install/yolo_depth_interfaces/include/yolo_depth_interfaces/yolo_depth_interfaces/srv/detail/move_to_point__type_support.cpp
-- Installing: /home/hun/YongYiHanYong/install/yolo_depth_interfaces/include/yolo_depth_interfaces/yolo_depth_interfaces/srv/detail/set_target__rosidl_typesupport_introspection_cpp.hpp
-- Installing: /home/hun/YongYiHanYong/install/yolo_depth_interfaces/lib/libyolo_depth_interfaces__rosidl_typesupport_introspection_cpp.so
-- Set non-toolchain portion of runtime path of "/home/hun/YongYiHanYong/install/yolo_depth_interfaces/lib/libyolo_depth_interfaces__rosidl_typesupport_introspection_cpp.so" to ""
-- Installing: /home/hun/YongYiHanYong/install/yolo_depth_interfaces/lib/libyolo_depth_interfaces__rosidl_typesupport_cpp.so
-- Set non-toolchain portion of runtime path of "/home/hun/YongYiHanYong/install/yolo_depth_interfaces/lib/libyolo_depth_interfaces__rosidl_typesupport_cpp.so" to ""
-- Installing: /home/hun/YongYiHanYong/install/yolo_depth_interfaces/share/yolo_depth_interfaces/environment/pythonpath.sh
-- Installing: /home/hun/YongYiHanYong/install/yolo_depth_interfaces/share/yolo_depth_interfaces/environment/pythonpath.dsv
-- Installing: /home/hun/YongYiHanYong/install/yolo_depth_interfaces/lib/python3.12/site-packages/yolo_depth_interfaces-0.0.0-py3.12.egg-info
-- Installing: /home/hun/YongYiHanYong/install/yolo_depth_interfaces/lib/python3.12/site-packages/yolo_depth_interfaces-0.0.0-py3.12.egg-info/top_level.txt
-- Installing: /home/hun/YongYiHanYong/install/yolo_depth_interfaces/lib/python3.12/site-packages/yolo_depth_interfaces-0.0.0-py3.12.egg-info/SOURCES.txt
-- Installing: /home/hun/YongYiHanYong/install/yolo_depth_interfaces/lib/python3.12/site-packages/yolo_depth_interfaces-0.0.0-py3.12.egg-info/PKG-INFO
-- Installing: /home/hun/YongYiHanYong/install/yolo_depth_interfaces/lib/python3.12/site-packages/yolo_depth_interfaces-0.0.0-py3.12.egg-info/dependency_links.txt
-- Installing: /home/hun/YongYiHanYong/install/yolo_depth_interfaces/lib/python3.12/site-packages/yolo_depth_interfaces
-- Installing: /home/hun/YongYiHanYong/install/yolo_depth_interfaces/lib/python3.12/site-packages/yolo_depth_interfaces/__init__.py
-- Installing: /home/hun/YongYiHanYong/install/yolo_depth_interfaces/lib/python3.12/site-packages/yolo_depth_interfaces/_yolo_depth_interfaces_s.ep.rosidl_typesupport_introspection_c.c
-- Installing: /home/hun/YongYiHanYong/install/yolo_depth_interfaces/lib/python3.12/site-packages/yolo_depth_interfaces/msg
-- Installing: /home/hun/YongYiHanYong/install/yolo_depth_interfaces/lib/python3.12/site-packages/yolo_depth_interfaces/msg/_object_depth.py
-- Installing: /home/hun/YongYiHanYong/install/yolo_depth_interfaces/lib/python3.12/site-packages/yolo_depth_interfaces/msg/_object_depth_s.c
-- Installing: /home/hun/YongYiHanYong/install/yolo_depth_interfaces/lib/python3.12/site-packages/yolo_depth_interfaces/msg/__init__.py
-- Installing: /home/hun/YongYiHanYong/install/yolo_depth_interfaces/lib/python3.12/site-packages/yolo_depth_interfaces/msg/_object_depth_array.py
-- Installing: /home/hun/YongYiHanYong/install/yolo_depth_interfaces/lib/python3.12/site-packages/yolo_depth_interfaces/msg/_object_depth_array_s.c
-- Installing: /home/hun/YongYiHanYong/install/yolo_depth_interfaces/lib/python3.12/site-packages/yolo_depth_interfaces/_yolo_depth_interfaces_s.ep.rosidl_typesupport_c.c
-- Installing: /home/hun/YongYiHanYong/install/yolo_depth_interfaces/lib/python3.12/site-packages/yolo_depth_interfaces/yolo_depth_interfaces_s__rosidl_typesupport_c.so
-- Installing: /home/hun/YongYiHanYong/install/yolo_depth_interfaces/lib/python3.12/site-packages/yolo_depth_interfaces/yolo_depth_interfaces_s__rosidl_typesupport_fastrtps_c.so
-- Installing: /home/hun/YongYiHanYong/install/yolo_depth_interfaces/lib/python3.12/site-packages/yolo_depth_interfaces/_yolo_depth_interfaces_s.ep.rosidl_typesupport_fastrtps_c.c
-- Installing: /home/hun/YongYiHanYong/install/yolo_depth_interfaces/lib/python3.12/site-packages/yolo_depth_interfaces/srv
-- Installing: /home/hun/YongYiHanYong/install/yolo_depth_interfaces/lib/python3.12/site-packages/yolo_depth_interfaces/srv/_move_to_point_s.c
-- Installing: /home/hun/YongYiHanYong/install/yolo_depth_interfaces/lib/python3.12/site-packages/yolo_depth_interfaces/srv/__init__.py
-- Installing: /home/hun/YongYiHanYong/install/yolo_depth_interfaces/lib/python3.12/site-packages/yolo_depth_interfaces/srv/_set_target.py
-- Installing: /home/hun/YongYiHanYong/install/yolo_depth_interfaces/lib/python3.12/site-packages/yolo_depth_interfaces/srv/_target_center.py
-- Installing: /home/hun/YongYiHanYong/install/yolo_depth_interfaces/lib/python3.12/site-packages/yolo_depth_interfaces/srv/_set_target_s.c
-- Installing: /home/hun/YongYiHanYong/install/yolo_depth_interfaces/lib/python3.12/site-packages/yolo_depth_interfaces/srv/_target_center_s.c
-- Installing: /home/hun/YongYiHanYong/install/yolo_depth_interfaces/lib/python3.12/site-packages/yolo_depth_interfaces/srv/_move_to_point.py
-- Installing: /home/hun/YongYiHanYong/install/yolo_depth_interfaces/lib/python3.12/site-packages/yolo_depth_interfaces/yolo_depth_interfaces_s__rosidl_typesupport_introspection_c.so
Listing '/home/hun/YongYiHanYong/install/yolo_depth_interfaces/lib/python3.12/site-packages/yolo_depth_interfaces'...
Compiling '/home/hun/YongYiHanYong/install/yolo_depth_interfaces/lib/python3.12/site-packages/yolo_depth_interfaces/__init__.py'...
Listing '/home/hun/YongYiHanYong/install/yolo_depth_interfaces/lib/python3.12/site-packages/yolo_depth_interfaces/msg'...
Compiling '/home/hun/YongYiHanYong/install/yolo_depth_interfaces/lib/python3.12/site-packages/yolo_depth_interfaces/msg/__init__.py'...
Compiling '/home/hun/YongYiHanYong/install/yolo_depth_interfaces/lib/python3.12/site-packages/yolo_depth_interfaces/msg/_object_depth.py'...
Compiling '/home/hun/YongYiHanYong/install/yolo_depth_interfaces/lib/python3.12/site-packages/yolo_depth_interfaces/msg/_object_depth_array.py'...
Listing '/home/hun/YongYiHanYong/install/yolo_depth_interfaces/lib/python3.12/site-packages/yolo_depth_interfaces/srv'...
Compiling '/home/hun/YongYiHanYong/install/yolo_depth_interfaces/lib/python3.12/site-packages/yolo_depth_interfaces/srv/__init__.py'...
Compiling '/home/hun/YongYiHanYong/install/yolo_depth_interfaces/lib/python3.12/site-packages/yolo_depth_interfaces/srv/_move_to_point.py'...
Compiling '/home/hun/YongYiHanYong/install/yolo_depth_interfaces/lib/python3.12/site-packages/yolo_depth_interfaces/srv/_set_target.py'...
Compiling '/home/hun/YongYiHanYong/install/yolo_depth_interfaces/lib/python3.12/site-packages/yolo_depth_interfaces/srv/_target_center.py'...
-- Installing: /home/hun/YongYiHanYong/install/yolo_depth_interfaces/lib/python3.12/site-packages/yolo_depth_interfaces/yolo_depth_interfaces_s__rosidl_typesupport_fastrtps_c.so
-- Set non-toolchain portion of runtime path of "/home/hun/YongYiHanYong/install/yolo_depth_interfaces/lib/python3.12/site-packages/yolo_depth_interfaces/yolo_depth_interfaces_s__rosidl_typesupport_fastrtps_c.so" to ""
-- Installing: /home/hun/YongYiHanYong/install/yolo_depth_interfaces/lib/python3.12/site-packages/yolo_depth_interfaces/yolo_depth_interfaces_s__rosidl_typesupport_introspection_c.so
-- Set non-toolchain portion of runtime path of "/home/hun/YongYiHanYong/install/yolo_depth_interfaces/lib/python3.12/site-packages/yolo_depth_interfaces/yolo_depth_interfaces_s__rosidl_typesupport_introspection_c.so" to ""
-- Installing: /home/hun/YongYiHanYong/install/yolo_depth_interfaces/lib/python3.12/site-packages/yolo_depth_interfaces/yolo_depth_interfaces_s__rosidl_typesupport_c.so
-- Set non-toolchain portion of runtime path of "/home/hun/YongYiHanYong/install/yolo_depth_interfaces/lib/python3.12/site-packages/yolo_depth_interfaces/yolo_depth_interfaces_s__rosidl_typesupport_c.so" to ""
-- Installing: /home/hun/YongYiHanYong/install/yolo_depth_interfaces/lib/libyolo_depth_interfaces__rosidl_generator_py.so
-- Set non-toolchain portion of runtime path of "/home/hun/YongYiHanYong/install/yolo_depth_interfaces/lib/libyolo_depth_interfaces__rosidl_generator_py.so" to ""
-- Installing: /home/hun/YongYiHanYong/install/yolo_depth_interfaces/share/yolo_depth_interfaces/msg/ObjectDepth.idl
-- Installing: /home/hun/YongYiHanYong/install/yolo_depth_interfaces/share/yolo_depth_interfaces/msg/ObjectDepthArray.idl
-- Installing: /home/hun/YongYiHanYong/install/yolo_depth_interfaces/share/yolo_depth_interfaces/srv/SetTarget.idl
-- Installing: /home/hun/YongYiHanYong/install/yolo_depth_interfaces/share/yolo_depth_interfaces/srv/MoveToPoint.idl
-- Installing: /home/hun/YongYiHanYong/install/yolo_depth_interfaces/share/yolo_depth_interfaces/srv/TargetCenter.idl
-- Installing: /home/hun/YongYiHanYong/install/yolo_depth_interfaces/share/yolo_depth_interfaces/msg/ObjectDepth.msg
-- Installing: /home/hun/YongYiHanYong/install/yolo_depth_interfaces/share/yolo_depth_interfaces/msg/ObjectDepthArray.msg
-- Installing: /home/hun/YongYiHanYong/install/yolo_depth_interfaces/share/yolo_depth_interfaces/srv/SetTarget.srv
-- Installing: /home/hun/YongYiHanYong/install/yolo_depth_interfaces/share/yolo_depth_interfaces/srv/MoveToPoint.srv
-- Installing: /home/hun/YongYiHanYong/install/yolo_depth_interfaces/share/yolo_depth_interfaces/srv/TargetCenter.srv
-- Installing: /home/hun/YongYiHanYong/install/yolo_depth_interfaces/share/ament_index/resource_index/package_run_dependencies/yolo_depth_interfaces
-- Installing: /home/hun/YongYiHanYong/install/yolo_depth_interfaces/share/ament_index/resource_index/parent_prefix_path/yolo_depth_interfaces
-- Installing: /home/hun/YongYiHanYong/install/yolo_depth_interfaces/share/yolo_depth_interfaces/environment/ament_prefix_path.sh
-- Installing: /home/hun/YongYiHanYong/install/yolo_depth_interfaces/share/yolo_depth_interfaces/environment/ament_prefix_path.dsv
-- Installing: /home/hun/YongYiHanYong/install/yolo_depth_interfaces/share/yolo_depth_interfaces/environment/path.sh
-- Installing: /home/hun/YongYiHanYong/install/yolo_depth_interfaces/share/yolo_depth_interfaces/environment/path.dsv
-- Installing: /home/hun/YongYiHanYong/install/yolo_depth_interfaces/share/yolo_depth_interfaces/local_setup.bash
-- Installing: /home/hun/YongYiHanYong/install/yolo_depth_interfaces/share/yolo_depth_interfaces/local_setup.sh
-- Installing: /home/hun/YongYiHanYong/install/yolo_depth_interfaces/share/yolo_depth_interfaces/local_setup.zsh
-- Installing: /home/hun/YongYiHanYong/install/yolo_depth_interfaces/share/yolo_depth_interfaces/local_setup.dsv
-- Installing: /home/hun/YongYiHanYong/install/yolo_depth_interfaces/share/yolo_depth_interfaces/package.dsv
-- Installing: /home/hun/YongYiHanYong/install/yolo_depth_interfaces/share/ament_index/resource_index/packages/yolo_depth_interfaces
-- Installing: /home/hun/YongYiHanYong/install/yolo_depth_interfaces/share/yolo_depth_interfaces/cmake/export_yolo_depth_interfaces__rosidl_generator_cExport.cmake
-- Installing: /home/hun/YongYiHanYong/install/yolo_depth_interfaces/share/yolo_depth_interfaces/cmake/export_yolo_depth_interfaces__rosidl_generator_cExport-noconfig.cmake
-- Installing: /home/hun/YongYiHanYong/install/yolo_depth_interfaces/share/yolo_depth_interfaces/cmake/export_yolo_depth_interfaces__rosidl_typesupport_fastrtps_cExport.cmake
-- Installing: /home/hun/YongYiHanYong/install/yolo_depth_interfaces/share/yolo_depth_interfaces/cmake/export_yolo_depth_interfaces__rosidl_typesupport_fastrtps_cExport-noconfig.cmake
-- Installing: /home/hun/YongYiHanYong/install/yolo_depth_interfaces/share/yolo_depth_interfaces/cmake/yolo_depth_interfaces__rosidl_typesupport_introspection_cExport.cmake
-- Installing: /home/hun/YongYiHanYong/install/yolo_depth_interfaces/share/yolo_depth_interfaces/cmake/yolo_depth_interfaces__rosidl_typesupport_introspection_cExport-noconfig.cmake
-- Installing: /home/hun/YongYiHanYong/install/yolo_depth_interfaces/share/yolo_depth_interfaces/cmake/yolo_depth_interfaces__rosidl_typesupport_cExport.cmake
-- Installing: /home/hun/YongYiHanYong/install/yolo_depth_interfaces/share/yolo_depth_interfaces/cmake/yolo_depth_interfaces__rosidl_typesupport_cExport-noconfig.cmake
-- Installing: /home/hun/YongYiHanYong/install/yolo_depth_interfaces/share/yolo_depth_interfaces/cmake/export_yolo_depth_interfaces__rosidl_generator_cppExport.cmake
-- Installing: /home/hun/YongYiHanYong/install/yolo_depth_interfaces/share/yolo_depth_interfaces/cmake/export_yolo_depth_interfaces__rosidl_typesupport_fastrtps_cppExport.cmake
-- Installing: /home/hun/YongYiHanYong/install/yolo_depth_interfaces/share/yolo_depth_interfaces/cmake/export_yolo_depth_interfaces__rosidl_typesupport_fastrtps_cppExport-noconfig.cmake
-- Installing: /home/hun/YongYiHanYong/install/yolo_depth_interfaces/share/yolo_depth_interfaces/cmake/yolo_depth_interfaces__rosidl_typesupport_introspection_cppExport.cmake
-- Installing: /home/hun/YongYiHanYong/install/yolo_depth_interfaces/share/yolo_depth_interfaces/cmake/yolo_depth_interfaces__rosidl_typesupport_introspection_cppExport-noconfig.cmake
-- Installing: /home/hun/YongYiHanYong/install/yolo_depth_interfaces/share/yolo_depth_interfaces/cmake/yolo_depth_interfaces__rosidl_typesupport_cppExport.cmake
-- Installing: /home/hun/YongYiHanYong/install/yolo_depth_interfaces/share/yolo_depth_interfaces/cmake/yolo_depth_interfaces__rosidl_typesupport_cppExport-noconfig.cmake
-- Installing: /home/hun/YongYiHanYong/install/yolo_depth_interfaces/share/yolo_depth_interfaces/cmake/export_yolo_depth_interfaces__rosidl_generator_pyExport.cmake
-- Installing: /home/hun/YongYiHanYong/install/yolo_depth_interfaces/share/yolo_depth_interfaces/cmake/export_yolo_depth_interfaces__rosidl_generator_pyExport-noconfig.cmake
-- Installing: /home/hun/YongYiHanYong/install/yolo_depth_interfaces/share/yolo_depth_interfaces/cmake/rosidl_cmake-extras.cmake
-- Installing: /home/hun/YongYiHanYong/install/yolo_depth_interfaces/share/yolo_depth_interfaces/cmake/ament_cmake_export_dependencies-extras.cmake
-- Installing: /home/hun/YongYiHanYong/install/yolo_depth_interfaces/share/yolo_depth_interfaces/cmake/ament_cmake_export_include_directories-extras.cmake
-- Installing: /home/hun/YongYiHanYong/install/yolo_depth_interfaces/share/yolo_depth_interfaces/cmake/ament_cmake_export_libraries-extras.cmake
-- Installing: /home/hun/YongYiHanYong/install/yolo_depth_interfaces/share/yolo_depth_interfaces/cmake/ament_cmake_export_targets-extras.cmake
-- Installing: /home/hun/YongYiHanYong/install/yolo_depth_interfaces/share/yolo_depth_interfaces/cmake/rosidl_cmake_export_typesupport_targets-extras.cmake
-- Installing: /home/hun/YongYiHanYong/install/yolo_depth_interfaces/share/yolo_depth_interfaces/cmake/rosidl_cmake_export_typesupport_libraries-extras.cmake
-- Installing: /home/hun/YongYiHanYong/install/yolo_depth_interfaces/share/yolo_depth_interfaces/cmake/yolo_depth_interfacesConfig.cmake
-- Installing: /home/hun/YongYiHanYong/install/yolo_depth_interfaces/share/yolo_depth_interfaces/cmake/yolo_depth_interfacesConfig-version.cmake
-- Installing: /home/hun/YongYiHanYong/install/yolo_depth_interfaces/share/yolo_depth_interfaces/package.xml
