[0.011s] Invoking command in '/home/hun/YongYiHanYong/build/yolo_depth_interfaces': DEBUGINFOD_URLS=https://debuginfod.ubuntu.com /usr/bin/cmake /home/hun/YongYiHanYong/src/yolo_depth_interfaces -DCATKIN_INSTALL_INTO_PREFIX_ROOT=0 -DCMAKE_INSTALL_PREFIX=/home/hun/YongYiHanYong/install/yolo_depth_interfaces
[0.102s] -- The C compiler identification is GNU 13.3.0
[0.173s] -- The CXX compiler identification is GNU 13.3.0
[0.194s] -- Detecting C compiler ABI info
[0.306s] -- Detecting C compiler ABI info - done
[0.312s] -- Check for working C compiler: /usr/bin/cc - skipped
[0.312s] -- Detecting C compile features
[0.313s] -- Detecting C compile features - done
[0.324s] -- Detecting CXX compiler ABI info
[0.441s] -- Detecting CXX compiler ABI info - done
[0.448s] -- Check for working CXX compiler: /usr/bin/c++ - skipped
[0.448s] -- Detecting CXX compile features
[0.448s] -- Detecting CXX compile features - done
[0.452s] -- Found ament_cmake: 2.5.4 (/opt/ros/jazzy/share/ament_cmake/cmake)
[0.644s] -- Found Python3: /usr/bin/python3 (found version "3.12.3") found components: Interpreter 
[0.773s] -- Found rosidl_default_generators: 1.6.0 (/opt/ros/jazzy/share/rosidl_default_generators/cmake)
[0.781s] -- Using all available rosidl_typesupport_c: rosidl_typesupport_fastrtps_c;rosidl_typesupport_introspection_c
[0.831s] -- Using all available rosidl_typesupport_cpp: rosidl_typesupport_fastrtps_cpp;rosidl_typesupport_introspection_cpp
[0.872s] -- Found rosidl_adapter: 4.6.6 (/opt/ros/jazzy/share/rosidl_adapter/cmake)
[0.875s] -- Found std_msgs: 5.3.6 (/opt/ros/jazzy/share/std_msgs/cmake)
[0.911s] -- Found geometry_msgs: 5.3.6 (/opt/ros/jazzy/share/geometry_msgs/cmake)
[1.680s] -- Found ament_cmake_ros: 0.12.0 (/opt/ros/jazzy/share/ament_cmake_ros/cmake)
[2.360s] -- Using all available rosidl_typesupport_c: rosidl_typesupport_fastrtps_c;rosidl_typesupport_introspection_c
[3.295s] -- Using all available rosidl_typesupport_cpp: rosidl_typesupport_fastrtps_cpp;rosidl_typesupport_introspection_cpp
[3.303s] -- Found python_cmake_module: 0.11.1 (/opt/ros/jazzy/share/python_cmake_module/cmake)
[3.501s] -- Found PythonExtra: /usr/bin/python3  
[4.169s] -- Found Python3: /usr/bin/python3 (found version "3.12.3") found components: Interpreter Development NumPy Development.Module Development.Embed 
[4.224s] -- Configuring done (4.2s)
[4.258s] -- Generating done (0.0s)
[4.259s] [33mCMake Warning:
[4.259s]   Manually-specified variables were not used by the project:
[4.259s] 
[4.259s]     CATKIN_INSTALL_INTO_PREFIX_ROOT
[4.259s] 
[4.259s] [0m
[4.267s] -- Build files have been written to: /home/hun/YongYiHanYong/build/yolo_depth_interfaces
[4.275s] Invoked command in '/home/hun/YongYiHanYong/build/yolo_depth_interfaces' returned '0': DEBUGINFOD_URLS=https://debuginfod.ubuntu.com /usr/bin/cmake /home/hun/YongYiHanYong/src/yolo_depth_interfaces -DCATKIN_INSTALL_INTO_PREFIX_ROOT=0 -DCMAKE_INSTALL_PREFIX=/home/hun/YongYiHanYong/install/yolo_depth_interfaces
[4.276s] Invoking command in '/home/hun/YongYiHanYong/build/yolo_depth_interfaces': DEBUGINFOD_URLS=https://debuginfod.ubuntu.com /usr/bin/cmake --build /home/hun/YongYiHanYong/build/yolo_depth_interfaces -- -j12 -l12
[4.339s] [  1%] [34m[1mGenerating type hashes for ROS interfaces[0m
[4.354s] [  1%] Built target ament_cmake_python_copy_yolo_depth_interfaces
[4.567s] [  1%] Built target yolo_depth_interfaces__rosidl_generator_type_description
[4.579s] [  2%] [34m[1mGenerating C code for ROS interfaces[0m
[4.587s] [  4%] [34m[1mGenerating C++ code for ROS interfaces[0m
[4.743s] running egg_info
[4.744s] creating yolo_depth_interfaces.egg-info
[4.785s] writing yolo_depth_interfaces.egg-info/PKG-INFO
[4.785s] writing dependency_links to yolo_depth_interfaces.egg-info/dependency_links.txt
[4.785s] writing top-level names to yolo_depth_interfaces.egg-info/top_level.txt
[4.785s] writing manifest file 'yolo_depth_interfaces.egg-info/SOURCES.txt'
[4.905s] reading manifest file 'yolo_depth_interfaces.egg-info/SOURCES.txt'
[4.905s] writing manifest file 'yolo_depth_interfaces.egg-info/SOURCES.txt'
[4.951s] [  4%] Built target ament_cmake_python_build_yolo_depth_interfaces_egg
[4.987s] [  4%] Built target yolo_depth_interfaces__cpp
[5.443s] [  5%] [32mBuilding C object CMakeFiles/yolo_depth_interfaces__rosidl_generator_c.dir/rosidl_generator_c/yolo_depth_interfaces/msg/detail/object_depth_array__functions.c.o[0m
[5.448s] [  6%] [32mBuilding C object CMakeFiles/yolo_depth_interfaces__rosidl_generator_c.dir/rosidl_generator_c/yolo_depth_interfaces/msg/detail/object_depth__functions.c.o[0m
[5.449s] [  8%] [32mBuilding C object CMakeFiles/yolo_depth_interfaces__rosidl_generator_c.dir/rosidl_generator_c/yolo_depth_interfaces/msg/detail/object_depth_array__type_support.c.o[0m
[5.449s] [  9%] [32mBuilding C object CMakeFiles/yolo_depth_interfaces__rosidl_generator_c.dir/rosidl_generator_c/yolo_depth_interfaces/msg/detail/object_depth__description.c.o[0m
[5.449s] [ 10%] [32mBuilding C object CMakeFiles/yolo_depth_interfaces__rosidl_generator_c.dir/rosidl_generator_c/yolo_depth_interfaces/msg/detail/object_depth__type_support.c.o[0m
[5.449s] [ 12%] [32mBuilding C object CMakeFiles/yolo_depth_interfaces__rosidl_generator_c.dir/rosidl_generator_c/yolo_depth_interfaces/srv/detail/set_target__description.c.o[0m
[5.449s] [ 13%] [32mBuilding C object CMakeFiles/yolo_depth_interfaces__rosidl_generator_c.dir/rosidl_generator_c/yolo_depth_interfaces/msg/detail/object_depth_array__description.c.o[0m
[5.453s] [ 14%] [32mBuilding C object CMakeFiles/yolo_depth_interfaces__rosidl_generator_c.dir/rosidl_generator_c/yolo_depth_interfaces/srv/detail/move_to_point__type_support.c.o[0m
[5.453s] [ 16%] [32mBuilding C object CMakeFiles/yolo_depth_interfaces__rosidl_generator_c.dir/rosidl_generator_c/yolo_depth_interfaces/srv/detail/set_target__type_support.c.o[0m
[5.453s] [ 17%] [32mBuilding C object CMakeFiles/yolo_depth_interfaces__rosidl_generator_c.dir/rosidl_generator_c/yolo_depth_interfaces/srv/detail/move_to_point__functions.c.o[0m
[5.453s] [ 18%] [32mBuilding C object CMakeFiles/yolo_depth_interfaces__rosidl_generator_c.dir/rosidl_generator_c/yolo_depth_interfaces/srv/detail/set_target__functions.c.o[0m
[5.455s] [ 20%] [32mBuilding C object CMakeFiles/yolo_depth_interfaces__rosidl_generator_c.dir/rosidl_generator_c/yolo_depth_interfaces/srv/detail/move_to_point__description.c.o[0m
[5.496s] [ 21%] [32mBuilding C object CMakeFiles/yolo_depth_interfaces__rosidl_generator_c.dir/rosidl_generator_c/yolo_depth_interfaces/srv/detail/target_center__description.c.o[0m
[5.505s] [ 22%] [32mBuilding C object CMakeFiles/yolo_depth_interfaces__rosidl_generator_c.dir/rosidl_generator_c/yolo_depth_interfaces/srv/detail/target_center__type_support.c.o[0m
[5.506s] [ 24%] [32mBuilding C object CMakeFiles/yolo_depth_interfaces__rosidl_generator_c.dir/rosidl_generator_c/yolo_depth_interfaces/srv/detail/target_center__functions.c.o[0m
[5.597s] [ 25%] [32m[1mLinking C shared library libyolo_depth_interfaces__rosidl_generator_c.so[0m
[5.644s] [ 25%] Built target yolo_depth_interfaces__rosidl_generator_c
[5.654s] [ 27%] [34m[1mGenerating C type support for eProsima Fast-RTPS[0m
[5.659s] [ 33%] [34m[1mGenerating C++ type support dispatch for ROS interfaces[0m
[5.659s] [ 33%] [34m[1mGenerating C++ type support for eProsima Fast-RTPS[0m
[5.659s] [ 33%] [34m[1mGenerating C++ introspection for ROS interfaces[0m
[5.659s] [ 33%] [34m[1mGenerating C type support dispatch for ROS interfaces[0m
[5.659s] [ 33%] [34m[1mGenerating C introspection for ROS interfaces[0m
[6.137s] [ 36%] [32mBuilding CXX object CMakeFiles/yolo_depth_interfaces__rosidl_typesupport_fastrtps_c.dir/rosidl_typesupport_fastrtps_c/yolo_depth_interfaces/msg/detail/object_depth__type_support_c.cpp.o[0m
[6.142s] [ 36%] [32mBuilding CXX object CMakeFiles/yolo_depth_interfaces__rosidl_typesupport_fastrtps_c.dir/rosidl_typesupport_fastrtps_c/yolo_depth_interfaces/srv/detail/set_target__type_support_c.cpp.o[0m
[6.142s] [ 37%] [32mBuilding CXX object CMakeFiles/yolo_depth_interfaces__rosidl_typesupport_fastrtps_c.dir/rosidl_typesupport_fastrtps_c/yolo_depth_interfaces/srv/detail/target_center__type_support_c.cpp.o[0m
[6.142s] [ 39%] [32mBuilding CXX object CMakeFiles/yolo_depth_interfaces__rosidl_typesupport_fastrtps_c.dir/rosidl_typesupport_fastrtps_c/yolo_depth_interfaces/srv/detail/move_to_point__type_support_c.cpp.o[0m
[6.142s] [ 40%] [32mBuilding CXX object CMakeFiles/yolo_depth_interfaces__rosidl_typesupport_fastrtps_c.dir/rosidl_typesupport_fastrtps_c/yolo_depth_interfaces/msg/detail/object_depth_array__type_support_c.cpp.o[0m
[6.164s] [ 41%] [32mBuilding CXX object CMakeFiles/yolo_depth_interfaces__rosidl_typesupport_cpp.dir/rosidl_typesupport_cpp/yolo_depth_interfaces/msg/object_depth__type_support.cpp.o[0m
[6.189s] [ 43%] [32mBuilding CXX object CMakeFiles/yolo_depth_interfaces__rosidl_typesupport_cpp.dir/rosidl_typesupport_cpp/yolo_depth_interfaces/msg/object_depth_array__type_support.cpp.o[0m
[6.189s] [ 44%] [32mBuilding CXX object CMakeFiles/yolo_depth_interfaces__rosidl_typesupport_cpp.dir/rosidl_typesupport_cpp/yolo_depth_interfaces/srv/set_target__type_support.cpp.o[0m
[6.207s] [ 45%] [32mBuilding CXX object CMakeFiles/yolo_depth_interfaces__rosidl_typesupport_c.dir/rosidl_typesupport_c/yolo_depth_interfaces/msg/object_depth__type_support.cpp.o[0m
[6.276s] [ 47%] [32mBuilding CXX object CMakeFiles/yolo_depth_interfaces__rosidl_typesupport_c.dir/rosidl_typesupport_c/yolo_depth_interfaces/msg/object_depth_array__type_support.cpp.o[0m
[6.362s] [ 48%] [32mBuilding CXX object CMakeFiles/yolo_depth_interfaces__rosidl_typesupport_c.dir/rosidl_typesupport_c/yolo_depth_interfaces/srv/set_target__type_support.cpp.o[0m
[6.492s] [ 50%] [32mBuilding CXX object CMakeFiles/yolo_depth_interfaces__rosidl_typesupport_c.dir/rosidl_typesupport_c/yolo_depth_interfaces/srv/move_to_point__type_support.cpp.o[0m
[6.537s] [ 51%] [32mBuilding CXX object CMakeFiles/yolo_depth_interfaces__rosidl_typesupport_introspection_cpp.dir/rosidl_typesupport_introspection_cpp/yolo_depth_interfaces/msg/detail/object_depth__type_support.cpp.o[0m
[6.553s] [ 52%] [32mBuilding C object CMakeFiles/yolo_depth_interfaces__rosidl_typesupport_introspection_c.dir/rosidl_typesupport_introspection_c/yolo_depth_interfaces/msg/detail/object_depth__type_support.c.o[0m
[6.655s] [ 54%] [32mBuilding CXX object CMakeFiles/yolo_depth_interfaces__rosidl_typesupport_c.dir/rosidl_typesupport_c/yolo_depth_interfaces/srv/target_center__type_support.cpp.o[0m
[6.656s] [ 55%] [32mBuilding C object CMakeFiles/yolo_depth_interfaces__rosidl_typesupport_introspection_c.dir/rosidl_typesupport_introspection_c/yolo_depth_interfaces/msg/detail/object_depth_array__type_support.c.o[0m
[6.669s] [ 56%] [32mBuilding C object CMakeFiles/yolo_depth_interfaces__rosidl_typesupport_introspection_c.dir/rosidl_typesupport_introspection_c/yolo_depth_interfaces/srv/detail/set_target__type_support.c.o[0m
[6.741s] [ 58%] [32m[1mLinking CXX shared library libyolo_depth_interfaces__rosidl_typesupport_c.so[0m
[6.744s] [ 59%] [32mBuilding C object CMakeFiles/yolo_depth_interfaces__rosidl_typesupport_introspection_c.dir/rosidl_typesupport_introspection_c/yolo_depth_interfaces/srv/detail/move_to_point__type_support.c.o[0m
[6.761s] [ 60%] [32mBuilding CXX object CMakeFiles/yolo_depth_interfaces__rosidl_typesupport_cpp.dir/rosidl_typesupport_cpp/yolo_depth_interfaces/srv/move_to_point__type_support.cpp.o[0m
[6.773s] [ 62%] [32mBuilding CXX object CMakeFiles/yolo_depth_interfaces__rosidl_typesupport_cpp.dir/rosidl_typesupport_cpp/yolo_depth_interfaces/srv/target_center__type_support.cpp.o[0m
[6.787s] [ 63%] [32mBuilding CXX object CMakeFiles/yolo_depth_interfaces__rosidl_typesupport_introspection_cpp.dir/rosidl_typesupport_introspection_cpp/yolo_depth_interfaces/msg/detail/object_depth_array__type_support.cpp.o[0m
[6.831s] [ 64%] [32mBuilding CXX object CMakeFiles/yolo_depth_interfaces__rosidl_typesupport_fastrtps_cpp.dir/rosidl_typesupport_fastrtps_cpp/yolo_depth_interfaces/msg/detail/dds_fastrtps/object_depth__type_support.cpp.o[0m
[6.835s] [ 64%] Built target yolo_depth_interfaces__rosidl_typesupport_c
[6.842s] [ 66%] [32mBuilding C object CMakeFiles/yolo_depth_interfaces__rosidl_typesupport_introspection_c.dir/rosidl_typesupport_introspection_c/yolo_depth_interfaces/srv/detail/target_center__type_support.c.o[0m
[6.856s] [ 67%] [32mBuilding CXX object CMakeFiles/yolo_depth_interfaces__rosidl_typesupport_introspection_cpp.dir/rosidl_typesupport_introspection_cpp/yolo_depth_interfaces/srv/detail/set_target__type_support.cpp.o[0m
[6.907s] [ 68%] [32mBuilding CXX object CMakeFiles/yolo_depth_interfaces__rosidl_typesupport_introspection_cpp.dir/rosidl_typesupport_introspection_cpp/yolo_depth_interfaces/srv/detail/move_to_point__type_support.cpp.o[0m
[6.924s] [ 70%] [32m[1mLinking C shared library libyolo_depth_interfaces__rosidl_typesupport_introspection_c.so[0m
[6.948s] [ 71%] [32mBuilding CXX object CMakeFiles/yolo_depth_interfaces__rosidl_typesupport_fastrtps_cpp.dir/rosidl_typesupport_fastrtps_cpp/yolo_depth_interfaces/msg/detail/dds_fastrtps/object_depth_array__type_support.cpp.o[0m
[7.009s] [ 71%] Built target yolo_depth_interfaces__rosidl_typesupport_introspection_c
[7.025s] [ 72%] [32mBuilding CXX object CMakeFiles/yolo_depth_interfaces__rosidl_typesupport_introspection_cpp.dir/rosidl_typesupport_introspection_cpp/yolo_depth_interfaces/srv/detail/target_center__type_support.cpp.o[0m
[7.030s] [ 74%] [32mBuilding CXX object CMakeFiles/yolo_depth_interfaces__rosidl_typesupport_fastrtps_cpp.dir/rosidl_typesupport_fastrtps_cpp/yolo_depth_interfaces/srv/detail/dds_fastrtps/set_target__type_support.cpp.o[0m
[7.085s] [ 75%] [32mBuilding CXX object CMakeFiles/yolo_depth_interfaces__rosidl_typesupport_fastrtps_cpp.dir/rosidl_typesupport_fastrtps_cpp/yolo_depth_interfaces/srv/detail/dds_fastrtps/move_to_point__type_support.cpp.o[0m
[7.156s] [ 77%] [32mBuilding CXX object CMakeFiles/yolo_depth_interfaces__rosidl_typesupport_fastrtps_cpp.dir/rosidl_typesupport_fastrtps_cpp/yolo_depth_interfaces/srv/detail/dds_fastrtps/target_center__type_support.cpp.o[0m
[7.270s] [ 78%] [32m[1mLinking CXX shared library libyolo_depth_interfaces__rosidl_typesupport_fastrtps_c.so[0m
[7.383s] [ 78%] Built target yolo_depth_interfaces__rosidl_typesupport_fastrtps_c
[7.537s] [ 79%] [32m[1mLinking CXX shared library libyolo_depth_interfaces__rosidl_typesupport_cpp.so[0m
[7.642s] [ 79%] Built target yolo_depth_interfaces__rosidl_typesupport_cpp
[7.776s] [ 81%] [32m[1mLinking CXX shared library libyolo_depth_interfaces__rosidl_typesupport_introspection_cpp.so[0m
[7.891s] [ 81%] Built target yolo_depth_interfaces__rosidl_typesupport_introspection_cpp
[8.015s] [ 82%] [32m[1mLinking CXX shared library libyolo_depth_interfaces__rosidl_typesupport_fastrtps_cpp.so[0m
[8.091s] [ 82%] Built target yolo_depth_interfaces__rosidl_typesupport_fastrtps_cpp
[8.110s] [ 82%] Built target yolo_depth_interfaces
[8.133s] [ 83%] [34m[1mGenerating Python code for ROS interfaces[0m
[8.715s] [ 83%] Built target yolo_depth_interfaces__py
[8.741s] [ 85%] [32mBuilding C object CMakeFiles/yolo_depth_interfaces__rosidl_generator_py.dir/rosidl_generator_py/yolo_depth_interfaces/srv/_set_target_s.c.o[0m
[8.745s] [ 89%] [32mBuilding C object CMakeFiles/yolo_depth_interfaces__rosidl_generator_py.dir/rosidl_generator_py/yolo_depth_interfaces/msg/_object_depth_s.c.o[0m
[8.745s] [ 89%] [32mBuilding C object CMakeFiles/yolo_depth_interfaces__rosidl_generator_py.dir/rosidl_generator_py/yolo_depth_interfaces/srv/_target_center_s.c.o[0m
[8.745s] [ 89%] [32mBuilding C object CMakeFiles/yolo_depth_interfaces__rosidl_generator_py.dir/rosidl_generator_py/yolo_depth_interfaces/srv/_move_to_point_s.c.o[0m
[8.745s] [ 90%] [32mBuilding C object CMakeFiles/yolo_depth_interfaces__rosidl_generator_py.dir/rosidl_generator_py/yolo_depth_interfaces/msg/_object_depth_array_s.c.o[0m
[8.915s] [ 91%] [32m[1mLinking C shared library libyolo_depth_interfaces__rosidl_generator_py.so[0m
[8.961s] [ 91%] Built target yolo_depth_interfaces__rosidl_generator_py
[8.983s] [ 93%] [32mBuilding C object CMakeFiles/yolo_depth_interfaces_s__rosidl_typesupport_fastrtps_c.dir/rosidl_generator_py/yolo_depth_interfaces/_yolo_depth_interfaces_s.ep.rosidl_typesupport_fastrtps_c.c.o[0m
[8.985s] [ 94%] [32mBuilding C object CMakeFiles/yolo_depth_interfaces_s__rosidl_typesupport_introspection_c.dir/rosidl_generator_py/yolo_depth_interfaces/_yolo_depth_interfaces_s.ep.rosidl_typesupport_introspection_c.c.o[0m
[8.988s] [ 95%] [32mBuilding C object CMakeFiles/yolo_depth_interfaces_s__rosidl_typesupport_c.dir/rosidl_generator_py/yolo_depth_interfaces/_yolo_depth_interfaces_s.ep.rosidl_typesupport_c.c.o[0m
[9.083s] [ 97%] [32m[1mLinking C shared module rosidl_generator_py/yolo_depth_interfaces/yolo_depth_interfaces_s__rosidl_typesupport_introspection_c.so[0m
[9.083s] [ 98%] [32m[1mLinking C shared module rosidl_generator_py/yolo_depth_interfaces/yolo_depth_interfaces_s__rosidl_typesupport_fastrtps_c.so[0m
[9.123s] [100%] [32m[1mLinking C shared module rosidl_generator_py/yolo_depth_interfaces/yolo_depth_interfaces_s__rosidl_typesupport_c.so[0m
[9.128s] [100%] Built target yolo_depth_interfaces_s__rosidl_typesupport_fastrtps_c
[9.128s] [100%] Built target yolo_depth_interfaces_s__rosidl_typesupport_introspection_c
[9.162s] [100%] Built target yolo_depth_interfaces_s__rosidl_typesupport_c
[9.173s] Invoked command in '/home/hun/YongYiHanYong/build/yolo_depth_interfaces' returned '0': DEBUGINFOD_URLS=https://debuginfod.ubuntu.com /usr/bin/cmake --build /home/hun/YongYiHanYong/build/yolo_depth_interfaces -- -j12 -l12
[9.175s] Invoking command in '/home/hun/YongYiHanYong/build/yolo_depth_interfaces': DEBUGINFOD_URLS=https://debuginfod.ubuntu.com /usr/bin/cmake --install /home/hun/YongYiHanYong/build/yolo_depth_interfaces
[9.183s] -- Install configuration: ""
[9.183s] -- Installing: /home/hun/YongYiHanYong/install/yolo_depth_interfaces/share/ament_index/resource_index/rosidl_interfaces/yolo_depth_interfaces
[9.183s] -- Installing: /home/hun/YongYiHanYong/install/yolo_depth_interfaces/share/yolo_depth_interfaces/msg/ObjectDepth.json
[9.183s] -- Installing: /home/hun/YongYiHanYong/install/yolo_depth_interfaces/share/yolo_depth_interfaces/msg/ObjectDepthArray.json
[9.183s] -- Installing: /home/hun/YongYiHanYong/install/yolo_depth_interfaces/share/yolo_depth_interfaces/srv/SetTarget.json
[9.183s] -- Installing: /home/hun/YongYiHanYong/install/yolo_depth_interfaces/share/yolo_depth_interfaces/srv/MoveToPoint.json
[9.183s] -- Installing: /home/hun/YongYiHanYong/install/yolo_depth_interfaces/share/yolo_depth_interfaces/srv/TargetCenter.json
[9.183s] -- Installing: /home/hun/YongYiHanYong/install/yolo_depth_interfaces/include/yolo_depth_interfaces/yolo_depth_interfaces
[9.184s] -- Installing: /home/hun/YongYiHanYong/install/yolo_depth_interfaces/include/yolo_depth_interfaces/yolo_depth_interfaces/msg
[9.184s] -- Installing: /home/hun/YongYiHanYong/install/yolo_depth_interfaces/include/yolo_depth_interfaces/yolo_depth_interfaces/msg/rosidl_generator_c__visibility_control.h
[9.184s] -- Installing: /home/hun/YongYiHanYong/install/yolo_depth_interfaces/include/yolo_depth_interfaces/yolo_depth_interfaces/msg/object_depth_array.h
[9.184s] -- Installing: /home/hun/YongYiHanYong/install/yolo_depth_interfaces/include/yolo_depth_interfaces/yolo_depth_interfaces/msg/detail
[9.184s] -- Installing: /home/hun/YongYiHanYong/install/yolo_depth_interfaces/include/yolo_depth_interfaces/yolo_depth_interfaces/msg/detail/object_depth_array__type_support.c
[9.184s] -- Installing: /home/hun/YongYiHanYong/install/yolo_depth_interfaces/include/yolo_depth_interfaces/yolo_depth_interfaces/msg/detail/object_depth_array__struct.h
[9.184s] -- Installing: /home/hun/YongYiHanYong/install/yolo_depth_interfaces/include/yolo_depth_interfaces/yolo_depth_interfaces/msg/detail/object_depth__description.c
[9.184s] -- Installing: /home/hun/YongYiHanYong/install/yolo_depth_interfaces/include/yolo_depth_interfaces/yolo_depth_interfaces/msg/detail/object_depth__struct.h
[9.184s] -- Installing: /home/hun/YongYiHanYong/install/yolo_depth_interfaces/include/yolo_depth_interfaces/yolo_depth_interfaces/msg/detail/object_depth_array__functions.h
[9.184s] -- Installing: /home/hun/YongYiHanYong/install/yolo_depth_interfaces/include/yolo_depth_interfaces/yolo_depth_interfaces/msg/detail/object_depth__functions.h
[9.184s] -- Installing: /home/hun/YongYiHanYong/install/yolo_depth_interfaces/include/yolo_depth_interfaces/yolo_depth_interfaces/msg/detail/object_depth__type_support.h
[9.184s] -- Installing: /home/hun/YongYiHanYong/install/yolo_depth_interfaces/include/yolo_depth_interfaces/yolo_depth_interfaces/msg/detail/object_depth_array__type_support.h
[9.184s] -- Installing: /home/hun/YongYiHanYong/install/yolo_depth_interfaces/include/yolo_depth_interfaces/yolo_depth_interfaces/msg/detail/object_depth_array__description.c
[9.184s] -- Installing: /home/hun/YongYiHanYong/install/yolo_depth_interfaces/include/yolo_depth_interfaces/yolo_depth_interfaces/msg/detail/object_depth__functions.c
[9.184s] -- Installing: /home/hun/YongYiHanYong/install/yolo_depth_interfaces/include/yolo_depth_interfaces/yolo_depth_interfaces/msg/detail/object_depth_array__functions.c
[9.184s] -- Installing: /home/hun/YongYiHanYong/install/yolo_depth_interfaces/include/yolo_depth_interfaces/yolo_depth_interfaces/msg/detail/object_depth__type_support.c
[9.184s] -- Installing: /home/hun/YongYiHanYong/install/yolo_depth_interfaces/include/yolo_depth_interfaces/yolo_depth_interfaces/msg/object_depth.h
[9.184s] -- Installing: /home/hun/YongYiHanYong/install/yolo_depth_interfaces/include/yolo_depth_interfaces/yolo_depth_interfaces/srv
[9.184s] -- Installing: /home/hun/YongYiHanYong/install/yolo_depth_interfaces/include/yolo_depth_interfaces/yolo_depth_interfaces/srv/move_to_point.h
[9.184s] -- Installing: /home/hun/YongYiHanYong/install/yolo_depth_interfaces/include/yolo_depth_interfaces/yolo_depth_interfaces/srv/target_center.h
[9.184s] -- Installing: /home/hun/YongYiHanYong/install/yolo_depth_interfaces/include/yolo_depth_interfaces/yolo_depth_interfaces/srv/set_target.h
[9.184s] -- Installing: /home/hun/YongYiHanYong/install/yolo_depth_interfaces/include/yolo_depth_interfaces/yolo_depth_interfaces/srv/detail
[9.185s] -- Installing: /home/hun/YongYiHanYong/install/yolo_depth_interfaces/include/yolo_depth_interfaces/yolo_depth_interfaces/srv/detail/move_to_point__functions.c
[9.185s] -- Installing: /home/hun/YongYiHanYong/install/yolo_depth_interfaces/include/yolo_depth_interfaces/yolo_depth_interfaces/srv/detail/move_to_point__type_support.h
[9.185s] -- Installing: /home/hun/YongYiHanYong/install/yolo_depth_interfaces/include/yolo_depth_interfaces/yolo_depth_interfaces/srv/detail/set_target__description.c
[9.185s] -- Installing: /home/hun/YongYiHanYong/install/yolo_depth_interfaces/include/yolo_depth_interfaces/yolo_depth_interfaces/srv/detail/set_target__struct.h
[9.185s] -- Installing: /home/hun/YongYiHanYong/install/yolo_depth_interfaces/include/yolo_depth_interfaces/yolo_depth_interfaces/srv/detail/set_target__functions.c
[9.185s] -- Installing: /home/hun/YongYiHanYong/install/yolo_depth_interfaces/include/yolo_depth_interfaces/yolo_depth_interfaces/srv/detail/set_target__type_support.h
[9.185s] -- Installing: /home/hun/YongYiHanYong/install/yolo_depth_interfaces/include/yolo_depth_interfaces/yolo_depth_interfaces/srv/detail/set_target__type_support.c
[9.185s] -- Installing: /home/hun/YongYiHanYong/install/yolo_depth_interfaces/include/yolo_depth_interfaces/yolo_depth_interfaces/srv/detail/move_to_point__type_support.c
[9.185s] -- Installing: /home/hun/YongYiHanYong/install/yolo_depth_interfaces/include/yolo_depth_interfaces/yolo_depth_interfaces/srv/detail/target_center__type_support.h
[9.185s] -- Installing: /home/hun/YongYiHanYong/install/yolo_depth_interfaces/include/yolo_depth_interfaces/yolo_depth_interfaces/srv/detail/target_center__struct.h
[9.185s] -- Installing: /home/hun/YongYiHanYong/install/yolo_depth_interfaces/include/yolo_depth_interfaces/yolo_depth_interfaces/srv/detail/target_center__functions.c
[9.185s] -- Installing: /home/hun/YongYiHanYong/install/yolo_depth_interfaces/include/yolo_depth_interfaces/yolo_depth_interfaces/srv/detail/target_center__functions.h
[9.185s] -- Installing: /home/hun/YongYiHanYong/install/yolo_depth_interfaces/include/yolo_depth_interfaces/yolo_depth_interfaces/srv/detail/target_center__type_support.c
[9.185s] -- Installing: /home/hun/YongYiHanYong/install/yolo_depth_interfaces/include/yolo_depth_interfaces/yolo_depth_interfaces/srv/detail/move_to_point__description.c
[9.185s] -- Installing: /home/hun/YongYiHanYong/install/yolo_depth_interfaces/include/yolo_depth_interfaces/yolo_depth_interfaces/srv/detail/set_target__functions.h
[9.185s] -- Installing: /home/hun/YongYiHanYong/install/yolo_depth_interfaces/include/yolo_depth_interfaces/yolo_depth_interfaces/srv/detail/move_to_point__struct.h
[9.185s] -- Installing: /home/hun/YongYiHanYong/install/yolo_depth_interfaces/include/yolo_depth_interfaces/yolo_depth_interfaces/srv/detail/target_center__description.c
[9.185s] -- Installing: /home/hun/YongYiHanYong/install/yolo_depth_interfaces/include/yolo_depth_interfaces/yolo_depth_interfaces/srv/detail/move_to_point__functions.h
[9.185s] -- Installing: /home/hun/YongYiHanYong/install/yolo_depth_interfaces/share/yolo_depth_interfaces/environment/library_path.sh
[9.185s] -- Installing: /home/hun/YongYiHanYong/install/yolo_depth_interfaces/share/yolo_depth_interfaces/environment/library_path.dsv
[9.185s] -- Installing: /home/hun/YongYiHanYong/install/yolo_depth_interfaces/lib/libyolo_depth_interfaces__rosidl_generator_c.so
[9.185s] -- Set non-toolchain portion of runtime path of "/home/hun/YongYiHanYong/install/yolo_depth_interfaces/lib/libyolo_depth_interfaces__rosidl_generator_c.so" to ""
[9.186s] -- Up-to-date: /home/hun/YongYiHanYong/install/yolo_depth_interfaces/include/yolo_depth_interfaces/yolo_depth_interfaces
[9.186s] -- Up-to-date: /home/hun/YongYiHanYong/install/yolo_depth_interfaces/include/yolo_depth_interfaces/yolo_depth_interfaces/msg
[9.186s] -- Installing: /home/hun/YongYiHanYong/install/yolo_depth_interfaces/include/yolo_depth_interfaces/yolo_depth_interfaces/msg/rosidl_typesupport_fastrtps_c__visibility_control.h
[9.186s] -- Up-to-date: /home/hun/YongYiHanYong/install/yolo_depth_interfaces/include/yolo_depth_interfaces/yolo_depth_interfaces/msg/detail
[9.186s] -- Installing: /home/hun/YongYiHanYong/install/yolo_depth_interfaces/include/yolo_depth_interfaces/yolo_depth_interfaces/msg/detail/object_depth_array__rosidl_typesupport_fastrtps_c.h
[9.186s] -- Installing: /home/hun/YongYiHanYong/install/yolo_depth_interfaces/include/yolo_depth_interfaces/yolo_depth_interfaces/msg/detail/object_depth__rosidl_typesupport_fastrtps_c.h
[9.186s] -- Up-to-date: /home/hun/YongYiHanYong/install/yolo_depth_interfaces/include/yolo_depth_interfaces/yolo_depth_interfaces/srv
[9.186s] -- Up-to-date: /home/hun/YongYiHanYong/install/yolo_depth_interfaces/include/yolo_depth_interfaces/yolo_depth_interfaces/srv/detail
[9.186s] -- Installing: /home/hun/YongYiHanYong/install/yolo_depth_interfaces/include/yolo_depth_interfaces/yolo_depth_interfaces/srv/detail/target_center__rosidl_typesupport_fastrtps_c.h
[9.186s] -- Installing: /home/hun/YongYiHanYong/install/yolo_depth_interfaces/include/yolo_depth_interfaces/yolo_depth_interfaces/srv/detail/set_target__rosidl_typesupport_fastrtps_c.h
[9.186s] -- Installing: /home/hun/YongYiHanYong/install/yolo_depth_interfaces/include/yolo_depth_interfaces/yolo_depth_interfaces/srv/detail/move_to_point__rosidl_typesupport_fastrtps_c.h
[9.186s] -- Installing: /home/hun/YongYiHanYong/install/yolo_depth_interfaces/lib/libyolo_depth_interfaces__rosidl_typesupport_fastrtps_c.so
[9.186s] -- Set non-toolchain portion of runtime path of "/home/hun/YongYiHanYong/install/yolo_depth_interfaces/lib/libyolo_depth_interfaces__rosidl_typesupport_fastrtps_c.so" to ""
[9.186s] -- Up-to-date: /home/hun/YongYiHanYong/install/yolo_depth_interfaces/include/yolo_depth_interfaces/yolo_depth_interfaces
[9.186s] -- Up-to-date: /home/hun/YongYiHanYong/install/yolo_depth_interfaces/include/yolo_depth_interfaces/yolo_depth_interfaces/msg
[9.186s] -- Installing: /home/hun/YongYiHanYong/install/yolo_depth_interfaces/include/yolo_depth_interfaces/yolo_depth_interfaces/msg/rosidl_typesupport_introspection_c__visibility_control.h
[9.186s] -- Up-to-date: /home/hun/YongYiHanYong/install/yolo_depth_interfaces/include/yolo_depth_interfaces/yolo_depth_interfaces/msg/detail
[9.186s] -- Installing: /home/hun/YongYiHanYong/install/yolo_depth_interfaces/include/yolo_depth_interfaces/yolo_depth_interfaces/msg/detail/object_depth_array__type_support.c
[9.186s] -- Installing: /home/hun/YongYiHanYong/install/yolo_depth_interfaces/include/yolo_depth_interfaces/yolo_depth_interfaces/msg/detail/object_depth__rosidl_typesupport_introspection_c.h
[9.186s] -- Installing: /home/hun/YongYiHanYong/install/yolo_depth_interfaces/include/yolo_depth_interfaces/yolo_depth_interfaces/msg/detail/object_depth_array__rosidl_typesupport_introspection_c.h
[9.186s] -- Installing: /home/hun/YongYiHanYong/install/yolo_depth_interfaces/include/yolo_depth_interfaces/yolo_depth_interfaces/msg/detail/object_depth__type_support.c
[9.186s] -- Up-to-date: /home/hun/YongYiHanYong/install/yolo_depth_interfaces/include/yolo_depth_interfaces/yolo_depth_interfaces/srv
[9.186s] -- Up-to-date: /home/hun/YongYiHanYong/install/yolo_depth_interfaces/include/yolo_depth_interfaces/yolo_depth_interfaces/srv/detail
[9.187s] -- Installing: /home/hun/YongYiHanYong/install/yolo_depth_interfaces/include/yolo_depth_interfaces/yolo_depth_interfaces/srv/detail/set_target__type_support.c
[9.187s] -- Installing: /home/hun/YongYiHanYong/install/yolo_depth_interfaces/include/yolo_depth_interfaces/yolo_depth_interfaces/srv/detail/move_to_point__rosidl_typesupport_introspection_c.h
[9.187s] -- Installing: /home/hun/YongYiHanYong/install/yolo_depth_interfaces/include/yolo_depth_interfaces/yolo_depth_interfaces/srv/detail/set_target__rosidl_typesupport_introspection_c.h
[9.187s] -- Installing: /home/hun/YongYiHanYong/install/yolo_depth_interfaces/include/yolo_depth_interfaces/yolo_depth_interfaces/srv/detail/move_to_point__type_support.c
[9.187s] -- Installing: /home/hun/YongYiHanYong/install/yolo_depth_interfaces/include/yolo_depth_interfaces/yolo_depth_interfaces/srv/detail/target_center__rosidl_typesupport_introspection_c.h
[9.187s] -- Installing: /home/hun/YongYiHanYong/install/yolo_depth_interfaces/include/yolo_depth_interfaces/yolo_depth_interfaces/srv/detail/target_center__type_support.c
[9.187s] -- Installing: /home/hun/YongYiHanYong/install/yolo_depth_interfaces/lib/libyolo_depth_interfaces__rosidl_typesupport_introspection_c.so
[9.187s] -- Set non-toolchain portion of runtime path of "/home/hun/YongYiHanYong/install/yolo_depth_interfaces/lib/libyolo_depth_interfaces__rosidl_typesupport_introspection_c.so" to ""
[9.187s] -- Installing: /home/hun/YongYiHanYong/install/yolo_depth_interfaces/lib/libyolo_depth_interfaces__rosidl_typesupport_c.so
[9.187s] -- Set non-toolchain portion of runtime path of "/home/hun/YongYiHanYong/install/yolo_depth_interfaces/lib/libyolo_depth_interfaces__rosidl_typesupport_c.so" to ""
[9.187s] -- Up-to-date: /home/hun/YongYiHanYong/install/yolo_depth_interfaces/include/yolo_depth_interfaces/yolo_depth_interfaces
[9.187s] -- Up-to-date: /home/hun/YongYiHanYong/install/yolo_depth_interfaces/include/yolo_depth_interfaces/yolo_depth_interfaces/msg
[9.187s] -- Installing: /home/hun/YongYiHanYong/install/yolo_depth_interfaces/include/yolo_depth_interfaces/yolo_depth_interfaces/msg/object_depth_array.hpp
[9.187s] -- Installing: /home/hun/YongYiHanYong/install/yolo_depth_interfaces/include/yolo_depth_interfaces/yolo_depth_interfaces/msg/object_depth.hpp
[9.187s] -- Installing: /home/hun/YongYiHanYong/install/yolo_depth_interfaces/include/yolo_depth_interfaces/yolo_depth_interfaces/msg/rosidl_generator_cpp__visibility_control.hpp
[9.187s] -- Up-to-date: /home/hun/YongYiHanYong/install/yolo_depth_interfaces/include/yolo_depth_interfaces/yolo_depth_interfaces/msg/detail
[9.187s] -- Installing: /home/hun/YongYiHanYong/install/yolo_depth_interfaces/include/yolo_depth_interfaces/yolo_depth_interfaces/msg/detail/object_depth__builder.hpp
[9.187s] -- Installing: /home/hun/YongYiHanYong/install/yolo_depth_interfaces/include/yolo_depth_interfaces/yolo_depth_interfaces/msg/detail/object_depth__struct.hpp
[9.187s] -- Installing: /home/hun/YongYiHanYong/install/yolo_depth_interfaces/include/yolo_depth_interfaces/yolo_depth_interfaces/msg/detail/object_depth_array__struct.hpp
[9.187s] -- Installing: /home/hun/YongYiHanYong/install/yolo_depth_interfaces/include/yolo_depth_interfaces/yolo_depth_interfaces/msg/detail/object_depth_array__type_support.hpp
[9.187s] -- Installing: /home/hun/YongYiHanYong/install/yolo_depth_interfaces/include/yolo_depth_interfaces/yolo_depth_interfaces/msg/detail/object_depth__traits.hpp
[9.187s] -- Installing: /home/hun/YongYiHanYong/install/yolo_depth_interfaces/include/yolo_depth_interfaces/yolo_depth_interfaces/msg/detail/object_depth__type_support.hpp
[9.187s] -- Installing: /home/hun/YongYiHanYong/install/yolo_depth_interfaces/include/yolo_depth_interfaces/yolo_depth_interfaces/msg/detail/object_depth_array__builder.hpp
[9.188s] -- Installing: /home/hun/YongYiHanYong/install/yolo_depth_interfaces/include/yolo_depth_interfaces/yolo_depth_interfaces/msg/detail/object_depth_array__traits.hpp
[9.188s] -- Up-to-date: /home/hun/YongYiHanYong/install/yolo_depth_interfaces/include/yolo_depth_interfaces/yolo_depth_interfaces/srv
[9.188s] -- Installing: /home/hun/YongYiHanYong/install/yolo_depth_interfaces/include/yolo_depth_interfaces/yolo_depth_interfaces/srv/move_to_point.hpp
[9.188s] -- Installing: /home/hun/YongYiHanYong/install/yolo_depth_interfaces/include/yolo_depth_interfaces/yolo_depth_interfaces/srv/target_center.hpp
[9.188s] -- Up-to-date: /home/hun/YongYiHanYong/install/yolo_depth_interfaces/include/yolo_depth_interfaces/yolo_depth_interfaces/srv/detail
[9.188s] -- Installing: /home/hun/YongYiHanYong/install/yolo_depth_interfaces/include/yolo_depth_interfaces/yolo_depth_interfaces/srv/detail/target_center__traits.hpp
[9.188s] -- Installing: /home/hun/YongYiHanYong/install/yolo_depth_interfaces/include/yolo_depth_interfaces/yolo_depth_interfaces/srv/detail/move_to_point__builder.hpp
[9.188s] -- Installing: /home/hun/YongYiHanYong/install/yolo_depth_interfaces/include/yolo_depth_interfaces/yolo_depth_interfaces/srv/detail/move_to_point__traits.hpp
[9.188s] -- Installing: /home/hun/YongYiHanYong/install/yolo_depth_interfaces/include/yolo_depth_interfaces/yolo_depth_interfaces/srv/detail/set_target__builder.hpp
[9.188s] -- Installing: /home/hun/YongYiHanYong/install/yolo_depth_interfaces/include/yolo_depth_interfaces/yolo_depth_interfaces/srv/detail/target_center__builder.hpp
[9.188s] -- Installing: /home/hun/YongYiHanYong/install/yolo_depth_interfaces/include/yolo_depth_interfaces/yolo_depth_interfaces/srv/detail/move_to_point__struct.hpp
[9.188s] -- Installing: /home/hun/YongYiHanYong/install/yolo_depth_interfaces/include/yolo_depth_interfaces/yolo_depth_interfaces/srv/detail/move_to_point__type_support.hpp
[9.188s] -- Installing: /home/hun/YongYiHanYong/install/yolo_depth_interfaces/include/yolo_depth_interfaces/yolo_depth_interfaces/srv/detail/target_center__type_support.hpp
[9.188s] -- Installing: /home/hun/YongYiHanYong/install/yolo_depth_interfaces/include/yolo_depth_interfaces/yolo_depth_interfaces/srv/detail/set_target__traits.hpp
[9.188s] -- Installing: /home/hun/YongYiHanYong/install/yolo_depth_interfaces/include/yolo_depth_interfaces/yolo_depth_interfaces/srv/detail/set_target__type_support.hpp
[9.188s] -- Installing: /home/hun/YongYiHanYong/install/yolo_depth_interfaces/include/yolo_depth_interfaces/yolo_depth_interfaces/srv/detail/target_center__struct.hpp
[9.188s] -- Installing: /home/hun/YongYiHanYong/install/yolo_depth_interfaces/include/yolo_depth_interfaces/yolo_depth_interfaces/srv/detail/set_target__struct.hpp
[9.188s] -- Installing: /home/hun/YongYiHanYong/install/yolo_depth_interfaces/include/yolo_depth_interfaces/yolo_depth_interfaces/srv/set_target.hpp
[9.188s] -- Up-to-date: /home/hun/YongYiHanYong/install/yolo_depth_interfaces/include/yolo_depth_interfaces/yolo_depth_interfaces
[9.188s] -- Up-to-date: /home/hun/YongYiHanYong/install/yolo_depth_interfaces/include/yolo_depth_interfaces/yolo_depth_interfaces/msg
[9.188s] -- Installing: /home/hun/YongYiHanYong/install/yolo_depth_interfaces/include/yolo_depth_interfaces/yolo_depth_interfaces/msg/rosidl_typesupport_fastrtps_cpp__visibility_control.h
[9.188s] -- Up-to-date: /home/hun/YongYiHanYong/install/yolo_depth_interfaces/include/yolo_depth_interfaces/yolo_depth_interfaces/msg/detail
[9.189s] -- Installing: /home/hun/YongYiHanYong/install/yolo_depth_interfaces/include/yolo_depth_interfaces/yolo_depth_interfaces/msg/detail/object_depth_array__rosidl_typesupport_fastrtps_cpp.hpp
[9.189s] -- Installing: /home/hun/YongYiHanYong/install/yolo_depth_interfaces/include/yolo_depth_interfaces/yolo_depth_interfaces/msg/detail/object_depth__rosidl_typesupport_fastrtps_cpp.hpp
[9.189s] -- Installing: /home/hun/YongYiHanYong/install/yolo_depth_interfaces/include/yolo_depth_interfaces/yolo_depth_interfaces/msg/detail/dds_fastrtps
[9.189s] -- Up-to-date: /home/hun/YongYiHanYong/install/yolo_depth_interfaces/include/yolo_depth_interfaces/yolo_depth_interfaces/srv
[9.189s] -- Up-to-date: /home/hun/YongYiHanYong/install/yolo_depth_interfaces/include/yolo_depth_interfaces/yolo_depth_interfaces/srv/detail
[9.189s] -- Installing: /home/hun/YongYiHanYong/install/yolo_depth_interfaces/include/yolo_depth_interfaces/yolo_depth_interfaces/srv/detail/dds_fastrtps
[9.189s] -- Installing: /home/hun/YongYiHanYong/install/yolo_depth_interfaces/include/yolo_depth_interfaces/yolo_depth_interfaces/srv/detail/target_center__rosidl_typesupport_fastrtps_cpp.hpp
[9.189s] -- Installing: /home/hun/YongYiHanYong/install/yolo_depth_interfaces/include/yolo_depth_interfaces/yolo_depth_interfaces/srv/detail/move_to_point__rosidl_typesupport_fastrtps_cpp.hpp
[9.189s] -- Installing: /home/hun/YongYiHanYong/install/yolo_depth_interfaces/include/yolo_depth_interfaces/yolo_depth_interfaces/srv/detail/set_target__rosidl_typesupport_fastrtps_cpp.hpp
[9.189s] -- Installing: /home/hun/YongYiHanYong/install/yolo_depth_interfaces/lib/libyolo_depth_interfaces__rosidl_typesupport_fastrtps_cpp.so
[9.189s] -- Set non-toolchain portion of runtime path of "/home/hun/YongYiHanYong/install/yolo_depth_interfaces/lib/libyolo_depth_interfaces__rosidl_typesupport_fastrtps_cpp.so" to ""
[9.189s] -- Up-to-date: /home/hun/YongYiHanYong/install/yolo_depth_interfaces/include/yolo_depth_interfaces/yolo_depth_interfaces
[9.189s] -- Up-to-date: /home/hun/YongYiHanYong/install/yolo_depth_interfaces/include/yolo_depth_interfaces/yolo_depth_interfaces/msg
[9.189s] -- Up-to-date: /home/hun/YongYiHanYong/install/yolo_depth_interfaces/include/yolo_depth_interfaces/yolo_depth_interfaces/msg/detail
[9.189s] -- Installing: /home/hun/YongYiHanYong/install/yolo_depth_interfaces/include/yolo_depth_interfaces/yolo_depth_interfaces/msg/detail/object_depth__type_support.cpp
[9.189s] -- Installing: /home/hun/YongYiHanYong/install/yolo_depth_interfaces/include/yolo_depth_interfaces/yolo_depth_interfaces/msg/detail/object_depth_array__type_support.cpp
[9.189s] -- Installing: /home/hun/YongYiHanYong/install/yolo_depth_interfaces/include/yolo_depth_interfaces/yolo_depth_interfaces/msg/detail/object_depth_array__rosidl_typesupport_introspection_cpp.hpp
[9.189s] -- Installing: /home/hun/YongYiHanYong/install/yolo_depth_interfaces/include/yolo_depth_interfaces/yolo_depth_interfaces/msg/detail/object_depth__rosidl_typesupport_introspection_cpp.hpp
[9.189s] -- Up-to-date: /home/hun/YongYiHanYong/install/yolo_depth_interfaces/include/yolo_depth_interfaces/yolo_depth_interfaces/srv
[9.189s] -- Up-to-date: /home/hun/YongYiHanYong/install/yolo_depth_interfaces/include/yolo_depth_interfaces/yolo_depth_interfaces/srv/detail
[9.189s] -- Installing: /home/hun/YongYiHanYong/install/yolo_depth_interfaces/include/yolo_depth_interfaces/yolo_depth_interfaces/srv/detail/move_to_point__rosidl_typesupport_introspection_cpp.hpp
[9.189s] -- Installing: /home/hun/YongYiHanYong/install/yolo_depth_interfaces/include/yolo_depth_interfaces/yolo_depth_interfaces/srv/detail/set_target__type_support.cpp
[9.189s] -- Installing: /home/hun/YongYiHanYong/install/yolo_depth_interfaces/include/yolo_depth_interfaces/yolo_depth_interfaces/srv/detail/target_center__type_support.cpp
[9.190s] -- Installing: /home/hun/YongYiHanYong/install/yolo_depth_interfaces/include/yolo_depth_interfaces/yolo_depth_interfaces/srv/detail/target_center__rosidl_typesupport_introspection_cpp.hpp
[9.190s] -- Installing: /home/hun/YongYiHanYong/install/yolo_depth_interfaces/include/yolo_depth_interfaces/yolo_depth_interfaces/srv/detail/move_to_point__type_support.cpp
[9.190s] -- Installing: /home/hun/YongYiHanYong/install/yolo_depth_interfaces/include/yolo_depth_interfaces/yolo_depth_interfaces/srv/detail/set_target__rosidl_typesupport_introspection_cpp.hpp
[9.190s] -- Installing: /home/hun/YongYiHanYong/install/yolo_depth_interfaces/lib/libyolo_depth_interfaces__rosidl_typesupport_introspection_cpp.so
[9.190s] -- Set non-toolchain portion of runtime path of "/home/hun/YongYiHanYong/install/yolo_depth_interfaces/lib/libyolo_depth_interfaces__rosidl_typesupport_introspection_cpp.so" to ""
[9.190s] -- Installing: /home/hun/YongYiHanYong/install/yolo_depth_interfaces/lib/libyolo_depth_interfaces__rosidl_typesupport_cpp.so
[9.190s] -- Set non-toolchain portion of runtime path of "/home/hun/YongYiHanYong/install/yolo_depth_interfaces/lib/libyolo_depth_interfaces__rosidl_typesupport_cpp.so" to ""
[9.190s] -- Installing: /home/hun/YongYiHanYong/install/yolo_depth_interfaces/share/yolo_depth_interfaces/environment/pythonpath.sh
[9.190s] -- Installing: /home/hun/YongYiHanYong/install/yolo_depth_interfaces/share/yolo_depth_interfaces/environment/pythonpath.dsv
[9.190s] -- Installing: /home/hun/YongYiHanYong/install/yolo_depth_interfaces/lib/python3.12/site-packages/yolo_depth_interfaces-0.0.0-py3.12.egg-info
[9.190s] -- Installing: /home/hun/YongYiHanYong/install/yolo_depth_interfaces/lib/python3.12/site-packages/yolo_depth_interfaces-0.0.0-py3.12.egg-info/top_level.txt
[9.190s] -- Installing: /home/hun/YongYiHanYong/install/yolo_depth_interfaces/lib/python3.12/site-packages/yolo_depth_interfaces-0.0.0-py3.12.egg-info/SOURCES.txt
[9.190s] -- Installing: /home/hun/YongYiHanYong/install/yolo_depth_interfaces/lib/python3.12/site-packages/yolo_depth_interfaces-0.0.0-py3.12.egg-info/PKG-INFO
[9.190s] -- Installing: /home/hun/YongYiHanYong/install/yolo_depth_interfaces/lib/python3.12/site-packages/yolo_depth_interfaces-0.0.0-py3.12.egg-info/dependency_links.txt
[9.190s] -- Installing: /home/hun/YongYiHanYong/install/yolo_depth_interfaces/lib/python3.12/site-packages/yolo_depth_interfaces
[9.190s] -- Installing: /home/hun/YongYiHanYong/install/yolo_depth_interfaces/lib/python3.12/site-packages/yolo_depth_interfaces/__init__.py
[9.190s] -- Installing: /home/hun/YongYiHanYong/install/yolo_depth_interfaces/lib/python3.12/site-packages/yolo_depth_interfaces/_yolo_depth_interfaces_s.ep.rosidl_typesupport_introspection_c.c
[9.190s] -- Installing: /home/hun/YongYiHanYong/install/yolo_depth_interfaces/lib/python3.12/site-packages/yolo_depth_interfaces/msg
[9.190s] -- Installing: /home/hun/YongYiHanYong/install/yolo_depth_interfaces/lib/python3.12/site-packages/yolo_depth_interfaces/msg/_object_depth.py
[9.191s] -- Installing: /home/hun/YongYiHanYong/install/yolo_depth_interfaces/lib/python3.12/site-packages/yolo_depth_interfaces/msg/_object_depth_s.c
[9.191s] -- Installing: /home/hun/YongYiHanYong/install/yolo_depth_interfaces/lib/python3.12/site-packages/yolo_depth_interfaces/msg/__init__.py
[9.191s] -- Installing: /home/hun/YongYiHanYong/install/yolo_depth_interfaces/lib/python3.12/site-packages/yolo_depth_interfaces/msg/_object_depth_array.py
[9.191s] -- Installing: /home/hun/YongYiHanYong/install/yolo_depth_interfaces/lib/python3.12/site-packages/yolo_depth_interfaces/msg/_object_depth_array_s.c
[9.191s] -- Installing: /home/hun/YongYiHanYong/install/yolo_depth_interfaces/lib/python3.12/site-packages/yolo_depth_interfaces/_yolo_depth_interfaces_s.ep.rosidl_typesupport_c.c
[9.191s] -- Installing: /home/hun/YongYiHanYong/install/yolo_depth_interfaces/lib/python3.12/site-packages/yolo_depth_interfaces/yolo_depth_interfaces_s__rosidl_typesupport_c.so
[9.191s] -- Installing: /home/hun/YongYiHanYong/install/yolo_depth_interfaces/lib/python3.12/site-packages/yolo_depth_interfaces/yolo_depth_interfaces_s__rosidl_typesupport_fastrtps_c.so
[9.191s] -- Installing: /home/hun/YongYiHanYong/install/yolo_depth_interfaces/lib/python3.12/site-packages/yolo_depth_interfaces/_yolo_depth_interfaces_s.ep.rosidl_typesupport_fastrtps_c.c
[9.191s] -- Installing: /home/hun/YongYiHanYong/install/yolo_depth_interfaces/lib/python3.12/site-packages/yolo_depth_interfaces/srv
[9.191s] -- Installing: /home/hun/YongYiHanYong/install/yolo_depth_interfaces/lib/python3.12/site-packages/yolo_depth_interfaces/srv/_move_to_point_s.c
[9.191s] -- Installing: /home/hun/YongYiHanYong/install/yolo_depth_interfaces/lib/python3.12/site-packages/yolo_depth_interfaces/srv/__init__.py
[9.191s] -- Installing: /home/hun/YongYiHanYong/install/yolo_depth_interfaces/lib/python3.12/site-packages/yolo_depth_interfaces/srv/_set_target.py
[9.191s] -- Installing: /home/hun/YongYiHanYong/install/yolo_depth_interfaces/lib/python3.12/site-packages/yolo_depth_interfaces/srv/_target_center.py
[9.191s] -- Installing: /home/hun/YongYiHanYong/install/yolo_depth_interfaces/lib/python3.12/site-packages/yolo_depth_interfaces/srv/_set_target_s.c
[9.191s] -- Installing: /home/hun/YongYiHanYong/install/yolo_depth_interfaces/lib/python3.12/site-packages/yolo_depth_interfaces/srv/_target_center_s.c
[9.191s] -- Installing: /home/hun/YongYiHanYong/install/yolo_depth_interfaces/lib/python3.12/site-packages/yolo_depth_interfaces/srv/_move_to_point.py
[9.191s] -- Installing: /home/hun/YongYiHanYong/install/yolo_depth_interfaces/lib/python3.12/site-packages/yolo_depth_interfaces/yolo_depth_interfaces_s__rosidl_typesupport_introspection_c.so
[9.248s] Listing '/home/hun/YongYiHanYong/install/yolo_depth_interfaces/lib/python3.12/site-packages/yolo_depth_interfaces'...
[9.248s] Compiling '/home/hun/YongYiHanYong/install/yolo_depth_interfaces/lib/python3.12/site-packages/yolo_depth_interfaces/__init__.py'...
[9.248s] Listing '/home/hun/YongYiHanYong/install/yolo_depth_interfaces/lib/python3.12/site-packages/yolo_depth_interfaces/msg'...
[9.248s] Compiling '/home/hun/YongYiHanYong/install/yolo_depth_interfaces/lib/python3.12/site-packages/yolo_depth_interfaces/msg/__init__.py'...
[9.248s] Compiling '/home/hun/YongYiHanYong/install/yolo_depth_interfaces/lib/python3.12/site-packages/yolo_depth_interfaces/msg/_object_depth.py'...
[9.248s] Compiling '/home/hun/YongYiHanYong/install/yolo_depth_interfaces/lib/python3.12/site-packages/yolo_depth_interfaces/msg/_object_depth_array.py'...
[9.248s] Listing '/home/hun/YongYiHanYong/install/yolo_depth_interfaces/lib/python3.12/site-packages/yolo_depth_interfaces/srv'...
[9.248s] Compiling '/home/hun/YongYiHanYong/install/yolo_depth_interfaces/lib/python3.12/site-packages/yolo_depth_interfaces/srv/__init__.py'...
[9.248s] Compiling '/home/hun/YongYiHanYong/install/yolo_depth_interfaces/lib/python3.12/site-packages/yolo_depth_interfaces/srv/_move_to_point.py'...
[9.248s] Compiling '/home/hun/YongYiHanYong/install/yolo_depth_interfaces/lib/python3.12/site-packages/yolo_depth_interfaces/srv/_set_target.py'...
[9.248s] Compiling '/home/hun/YongYiHanYong/install/yolo_depth_interfaces/lib/python3.12/site-packages/yolo_depth_interfaces/srv/_target_center.py'...
[9.256s] -- Installing: /home/hun/YongYiHanYong/install/yolo_depth_interfaces/lib/python3.12/site-packages/yolo_depth_interfaces/yolo_depth_interfaces_s__rosidl_typesupport_fastrtps_c.so
[9.256s] -- Set non-toolchain portion of runtime path of "/home/hun/YongYiHanYong/install/yolo_depth_interfaces/lib/python3.12/site-packages/yolo_depth_interfaces/yolo_depth_interfaces_s__rosidl_typesupport_fastrtps_c.so" to ""
[9.256s] -- Installing: /home/hun/YongYiHanYong/install/yolo_depth_interfaces/lib/python3.12/site-packages/yolo_depth_interfaces/yolo_depth_interfaces_s__rosidl_typesupport_introspection_c.so
[9.257s] -- Set non-toolchain portion of runtime path of "/home/hun/YongYiHanYong/install/yolo_depth_interfaces/lib/python3.12/site-packages/yolo_depth_interfaces/yolo_depth_interfaces_s__rosidl_typesupport_introspection_c.so" to ""
[9.257s] -- Installing: /home/hun/YongYiHanYong/install/yolo_depth_interfaces/lib/python3.12/site-packages/yolo_depth_interfaces/yolo_depth_interfaces_s__rosidl_typesupport_c.so
[9.258s] -- Set non-toolchain portion of runtime path of "/home/hun/YongYiHanYong/install/yolo_depth_interfaces/lib/python3.12/site-packages/yolo_depth_interfaces/yolo_depth_interfaces_s__rosidl_typesupport_c.so" to ""
[9.258s] -- Installing: /home/hun/YongYiHanYong/install/yolo_depth_interfaces/lib/libyolo_depth_interfaces__rosidl_generator_py.so
[9.258s] -- Set non-toolchain portion of runtime path of "/home/hun/YongYiHanYong/install/yolo_depth_interfaces/lib/libyolo_depth_interfaces__rosidl_generator_py.so" to ""
[9.258s] -- Installing: /home/hun/YongYiHanYong/install/yolo_depth_interfaces/share/yolo_depth_interfaces/msg/ObjectDepth.idl
[9.258s] -- Installing: /home/hun/YongYiHanYong/install/yolo_depth_interfaces/share/yolo_depth_interfaces/msg/ObjectDepthArray.idl
[9.258s] -- Installing: /home/hun/YongYiHanYong/install/yolo_depth_interfaces/share/yolo_depth_interfaces/srv/SetTarget.idl
[9.259s] -- Installing: /home/hun/YongYiHanYong/install/yolo_depth_interfaces/share/yolo_depth_interfaces/srv/MoveToPoint.idl
[9.259s] -- Installing: /home/hun/YongYiHanYong/install/yolo_depth_interfaces/share/yolo_depth_interfaces/srv/TargetCenter.idl
[9.259s] -- Installing: /home/hun/YongYiHanYong/install/yolo_depth_interfaces/share/yolo_depth_interfaces/msg/ObjectDepth.msg
[9.259s] -- Installing: /home/hun/YongYiHanYong/install/yolo_depth_interfaces/share/yolo_depth_interfaces/msg/ObjectDepthArray.msg
[9.259s] -- Installing: /home/hun/YongYiHanYong/install/yolo_depth_interfaces/share/yolo_depth_interfaces/srv/SetTarget.srv
[9.259s] -- Installing: /home/hun/YongYiHanYong/install/yolo_depth_interfaces/share/yolo_depth_interfaces/srv/MoveToPoint.srv
[9.260s] -- Installing: /home/hun/YongYiHanYong/install/yolo_depth_interfaces/share/yolo_depth_interfaces/srv/TargetCenter.srv
[9.260s] -- Installing: /home/hun/YongYiHanYong/install/yolo_depth_interfaces/share/ament_index/resource_index/package_run_dependencies/yolo_depth_interfaces
[9.260s] -- Installing: /home/hun/YongYiHanYong/install/yolo_depth_interfaces/share/ament_index/resource_index/parent_prefix_path/yolo_depth_interfaces
[9.260s] -- Installing: /home/hun/YongYiHanYong/install/yolo_depth_interfaces/share/yolo_depth_interfaces/environment/ament_prefix_path.sh
[9.260s] -- Installing: /home/hun/YongYiHanYong/install/yolo_depth_interfaces/share/yolo_depth_interfaces/environment/ament_prefix_path.dsv
[9.260s] -- Installing: /home/hun/YongYiHanYong/install/yolo_depth_interfaces/share/yolo_depth_interfaces/environment/path.sh
[9.261s] -- Installing: /home/hun/YongYiHanYong/install/yolo_depth_interfaces/share/yolo_depth_interfaces/environment/path.dsv
[9.261s] -- Installing: /home/hun/YongYiHanYong/install/yolo_depth_interfaces/share/yolo_depth_interfaces/local_setup.bash
[9.261s] -- Installing: /home/hun/YongYiHanYong/install/yolo_depth_interfaces/share/yolo_depth_interfaces/local_setup.sh
[9.261s] -- Installing: /home/hun/YongYiHanYong/install/yolo_depth_interfaces/share/yolo_depth_interfaces/local_setup.zsh
[9.261s] -- Installing: /home/hun/YongYiHanYong/install/yolo_depth_interfaces/share/yolo_depth_interfaces/local_setup.dsv
[9.261s] -- Installing: /home/hun/YongYiHanYong/install/yolo_depth_interfaces/share/yolo_depth_interfaces/package.dsv
[9.262s] -- Installing: /home/hun/YongYiHanYong/install/yolo_depth_interfaces/share/ament_index/resource_index/packages/yolo_depth_interfaces
[9.262s] -- Installing: /home/hun/YongYiHanYong/install/yolo_depth_interfaces/share/yolo_depth_interfaces/cmake/export_yolo_depth_interfaces__rosidl_generator_cExport.cmake
[9.262s] -- Installing: /home/hun/YongYiHanYong/install/yolo_depth_interfaces/share/yolo_depth_interfaces/cmake/export_yolo_depth_interfaces__rosidl_generator_cExport-noconfig.cmake
[9.262s] -- Installing: /home/hun/YongYiHanYong/install/yolo_depth_interfaces/share/yolo_depth_interfaces/cmake/export_yolo_depth_interfaces__rosidl_typesupport_fastrtps_cExport.cmake
[9.262s] -- Installing: /home/hun/YongYiHanYong/install/yolo_depth_interfaces/share/yolo_depth_interfaces/cmake/export_yolo_depth_interfaces__rosidl_typesupport_fastrtps_cExport-noconfig.cmake
[9.262s] -- Installing: /home/hun/YongYiHanYong/install/yolo_depth_interfaces/share/yolo_depth_interfaces/cmake/yolo_depth_interfaces__rosidl_typesupport_introspection_cExport.cmake
[9.263s] -- Installing: /home/hun/YongYiHanYong/install/yolo_depth_interfaces/share/yolo_depth_interfaces/cmake/yolo_depth_interfaces__rosidl_typesupport_introspection_cExport-noconfig.cmake
[9.263s] -- Installing: /home/hun/YongYiHanYong/install/yolo_depth_interfaces/share/yolo_depth_interfaces/cmake/yolo_depth_interfaces__rosidl_typesupport_cExport.cmake
[9.263s] -- Installing: /home/hun/YongYiHanYong/install/yolo_depth_interfaces/share/yolo_depth_interfaces/cmake/yolo_depth_interfaces__rosidl_typesupport_cExport-noconfig.cmake
[9.263s] -- Installing: /home/hun/YongYiHanYong/install/yolo_depth_interfaces/share/yolo_depth_interfaces/cmake/export_yolo_depth_interfaces__rosidl_generator_cppExport.cmake
[9.263s] -- Installing: /home/hun/YongYiHanYong/install/yolo_depth_interfaces/share/yolo_depth_interfaces/cmake/export_yolo_depth_interfaces__rosidl_typesupport_fastrtps_cppExport.cmake
[9.263s] -- Installing: /home/hun/YongYiHanYong/install/yolo_depth_interfaces/share/yolo_depth_interfaces/cmake/export_yolo_depth_interfaces__rosidl_typesupport_fastrtps_cppExport-noconfig.cmake
[9.264s] -- Installing: /home/hun/YongYiHanYong/install/yolo_depth_interfaces/share/yolo_depth_interfaces/cmake/yolo_depth_interfaces__rosidl_typesupport_introspection_cppExport.cmake
[9.264s] -- Installing: /home/hun/YongYiHanYong/install/yolo_depth_interfaces/share/yolo_depth_interfaces/cmake/yolo_depth_interfaces__rosidl_typesupport_introspection_cppExport-noconfig.cmake
[9.264s] -- Installing: /home/hun/YongYiHanYong/install/yolo_depth_interfaces/share/yolo_depth_interfaces/cmake/yolo_depth_interfaces__rosidl_typesupport_cppExport.cmake
[9.264s] -- Installing: /home/hun/YongYiHanYong/install/yolo_depth_interfaces/share/yolo_depth_interfaces/cmake/yolo_depth_interfaces__rosidl_typesupport_cppExport-noconfig.cmake
[9.264s] -- Installing: /home/hun/YongYiHanYong/install/yolo_depth_interfaces/share/yolo_depth_interfaces/cmake/export_yolo_depth_interfaces__rosidl_generator_pyExport.cmake
[9.264s] -- Installing: /home/hun/YongYiHanYong/install/yolo_depth_interfaces/share/yolo_depth_interfaces/cmake/export_yolo_depth_interfaces__rosidl_generator_pyExport-noconfig.cmake
[9.264s] -- Installing: /home/hun/YongYiHanYong/install/yolo_depth_interfaces/share/yolo_depth_interfaces/cmake/rosidl_cmake-extras.cmake
[9.265s] -- Installing: /home/hun/YongYiHanYong/install/yolo_depth_interfaces/share/yolo_depth_interfaces/cmake/ament_cmake_export_dependencies-extras.cmake
[9.265s] -- Installing: /home/hun/YongYiHanYong/install/yolo_depth_interfaces/share/yolo_depth_interfaces/cmake/ament_cmake_export_include_directories-extras.cmake
[9.265s] -- Installing: /home/hun/YongYiHanYong/install/yolo_depth_interfaces/share/yolo_depth_interfaces/cmake/ament_cmake_export_libraries-extras.cmake
[9.265s] -- Installing: /home/hun/YongYiHanYong/install/yolo_depth_interfaces/share/yolo_depth_interfaces/cmake/ament_cmake_export_targets-extras.cmake
[9.265s] -- Installing: /home/hun/YongYiHanYong/install/yolo_depth_interfaces/share/yolo_depth_interfaces/cmake/rosidl_cmake_export_typesupport_targets-extras.cmake
[9.265s] -- Installing: /home/hun/YongYiHanYong/install/yolo_depth_interfaces/share/yolo_depth_interfaces/cmake/rosidl_cmake_export_typesupport_libraries-extras.cmake
[9.265s] -- Installing: /home/hun/YongYiHanYong/install/yolo_depth_interfaces/share/yolo_depth_interfaces/cmake/yolo_depth_interfacesConfig.cmake
[9.266s] -- Installing: /home/hun/YongYiHanYong/install/yolo_depth_interfaces/share/yolo_depth_interfaces/cmake/yolo_depth_interfacesConfig-version.cmake
[9.266s] -- Installing: /home/hun/YongYiHanYong/install/yolo_depth_interfaces/share/yolo_depth_interfaces/package.xml
[9.268s] Invoked command in '/home/hun/YongYiHanYong/build/yolo_depth_interfaces' returned '0': DEBUGINFOD_URLS=https://debuginfod.ubuntu.com /usr/bin/cmake --install /home/hun/YongYiHanYong/build/yolo_depth_interfaces
