running egg_info
writing ../../build/llm_for_pick_place_voice/llm_for_pick_place_voice.egg-info/PKG-INFO
writing dependency_links to ../../build/llm_for_pick_place_voice/llm_for_pick_place_voice.egg-info/dependency_links.txt
writing entry points to ../../build/llm_for_pick_place_voice/llm_for_pick_place_voice.egg-info/entry_points.txt
writing requirements to ../../build/llm_for_pick_place_voice/llm_for_pick_place_voice.egg-info/requires.txt
writing top-level names to ../../build/llm_for_pick_place_voice/llm_for_pick_place_voice.egg-info/top_level.txt
reading manifest file '../../build/llm_for_pick_place_voice/llm_for_pick_place_voice.egg-info/SOURCES.txt'
writing manifest file '../../build/llm_for_pick_place_voice/llm_for_pick_place_voice.egg-info/SOURCES.txt'
running build
running build_py
copying llm_for_pick_place_voice/wakeup_word.py -> /home/jw/YongYiHanYong/build/llm_for_pick_place_voice/build/lib/llm_for_pick_place_voice
running install
running install_lib
copying /home/jw/YongYiHanYong/build/llm_for_pick_place_voice/build/lib/llm_for_pick_place_voice/wakeup_word.py -> /home/jw/YongYiHanYong/install/llm_for_pick_place_voice/lib/python3.12/site-packages/llm_for_pick_place_voice
byte-compiling /home/jw/YongYiHanYong/install/llm_for_pick_place_voice/lib/python3.12/site-packages/llm_for_pick_place_voice/wakeup_word.py to wakeup_word.cpython-312.pyc
running install_data
copying resource/javis.onnx -> /home/jw/YongYiHanYong/install/llm_for_pick_place_voice/share/llm_for_pick_place_voice/resource
running install_egg_info
removing '/home/jw/YongYiHanYong/install/llm_for_pick_place_voice/lib/python3.12/site-packages/llm_for_pick_place_voice-0.0.0-py3.12.egg-info' (and everything under it)
Copying ../../build/llm_for_pick_place_voice/llm_for_pick_place_voice.egg-info to /home/jw/YongYiHanYong/install/llm_for_pick_place_voice/lib/python3.12/site-packages/llm_for_pick_place_voice-0.0.0-py3.12.egg-info
running install_scripts
Installing arrive_test script to /home/jw/YongYiHanYong/install/llm_for_pick_place_voice/lib/llm_for_pick_place_voice
Installing get_keyword script to /home/jw/YongYiHanYong/install/llm_for_pick_place_voice/lib/llm_for_pick_place_voice
Installing get_keyword_client script to /home/jw/YongYiHanYong/install/llm_for_pick_place_voice/lib/llm_for_pick_place_voice
Installing ros_web_bridge script to /home/jw/YongYiHanYong/install/llm_for_pick_place_voice/lib/llm_for_pick_place_voice
Installing stt script to /home/jw/YongYiHanYong/install/llm_for_pick_place_voice/lib/llm_for_pick_place_voice
Installing test_robot script to /home/jw/YongYiHanYong/install/llm_for_pick_place_voice/lib/llm_for_pick_place_voice
Installing wakeup_word script to /home/jw/YongYiHanYong/install/llm_for_pick_place_voice/lib/llm_for_pick_place_voice
writing list of installed files to '/home/jw/YongYiHanYong/build/llm_for_pick_place_voice/install.log'
