-- Found ament_cmake: 2.5.4 (/opt/ros/jazzy/share/ament_cmake/cmake)
-- Found Python3: /usr/bin/python3 (found version "3.12.3") found components: Interpreter 
-- Found rosidl_default_generators: 1.6.0 (/opt/ros/jazzy/share/rosidl_default_generators/cmake)
-- Using all available rosidl_typesupport_c: rosidl_typesupport_fastrtps_c;rosidl_typesupport_introspection_c
-- Using all available rosidl_typesupport_cpp: rosidl_typesupport_fastrtps_cpp;rosidl_typesupport_introspection_cpp
-- Found rosidl_adapter: 4.6.6 (/opt/ros/jazzy/share/rosidl_adapter/cmake)
-- Found std_msgs: 5.3.6 (/opt/ros/jazzy/share/std_msgs/cmake)
-- Found geometry_msgs: 5.3.6 (/opt/ros/jazzy/share/geometry_msgs/cmake)
-- Found ament_cmake_ros: 0.12.0 (/opt/ros/jazzy/share/ament_cmake_ros/cmake)
-- Using all available rosidl_typesupport_c: rosidl_typesupport_fastrtps_c;rosidl_typesupport_introspection_c
-- Using all available rosidl_typesupport_cpp: rosidl_typesupport_fastrtps_cpp;rosidl_typesupport_introspection_cpp
-- Found python_cmake_module: 0.11.1 (/opt/ros/jazzy/share/python_cmake_module/cmake)
-- Found Python3: /usr/bin/python3 (found version "3.12.3") found components: Interpreter Development NumPy Development.Module Development.Embed 
-- Found ament_lint_auto: 0.17.3 (/opt/ros/jazzy/share/ament_lint_auto/cmake)
-- Added test 'lint_cmake' to check CMake code style
-- Added test 'xmllint' to check XML markup files
-- Configuring done (1.4s)
-- Generating done (0.0s)
-- Build files have been written to: /home/hun/YongYiHanYong/build/interface_pkg
[  2%] [34m[1mGenerating type hashes for ROS interfaces[0m
[  2%] Built target ament_cmake_python_copy_interface_pkg
[  2%] Built target interface_pkg__rosidl_generator_type_description
[  4%] [34m[1mGenerating C code for ROS interfaces[0m
[  6%] [34m[1mGenerating C++ code for ROS interfaces[0m
running egg_info
writing interface_pkg.egg-info/PKG-INFO
writing dependency_links to interface_pkg.egg-info/dependency_links.txt
writing top-level names to interface_pkg.egg-info/top_level.txt
reading manifest file 'interface_pkg.egg-info/SOURCES.txt'
writing manifest file 'interface_pkg.egg-info/SOURCES.txt'
[  6%] Built target ament_cmake_python_build_interface_pkg_egg
[  6%] Built target interface_pkg__cpp
[  9%] [32mBuilding C object CMakeFiles/interface_pkg__rosidl_generator_c.dir/rosidl_generator_c/interface_pkg/srv/detail/string_to_string__description.c.o[0m
[ 20%] [32mBuilding C object CMakeFiles/interface_pkg__rosidl_generator_c.dir/rosidl_generator_c/interface_pkg/srv/detail/get_target_point__type_support.c.o[0m
[ 20%] [32mBuilding C object CMakeFiles/interface_pkg__rosidl_generator_c.dir/rosidl_generator_c/interface_pkg/srv/detail/get_target_point__functions.c.o[0m
[ 20%] [32mBuilding C object CMakeFiles/interface_pkg__rosidl_generator_c.dir/rosidl_generator_c/interface_pkg/srv/detail/get_target_point__description.c.o[0m
[ 20%] [32mBuilding C object CMakeFiles/interface_pkg__rosidl_generator_c.dir/rosidl_generator_c/interface_pkg/srv/detail/string_to_string__functions.c.o[0m
[ 20%] [32mBuilding C object CMakeFiles/interface_pkg__rosidl_generator_c.dir/rosidl_generator_c/interface_pkg/srv/detail/string_to_string__type_support.c.o[0m
[ 22%] [32m[1mLinking C shared library libinterface_pkg__rosidl_generator_c.so[0m
[ 22%] Built target interface_pkg__rosidl_generator_c
[ 25%] [34m[1mGenerating C++ type support dispatch for ROS interfaces[0m
[ 27%] [34m[1mGenerating C++ type support for eProsima Fast-RTPS[0m
[ 29%] [34m[1mGenerating C type support dispatch for ROS interfaces[0m
[ 34%] [34m[1mGenerating C introspection for ROS interfaces[0m
[ 34%] [34m[1mGenerating C type support for eProsima Fast-RTPS[0m
[ 36%] [34m[1mGenerating C++ introspection for ROS interfaces[0m
[ 40%] [32mBuilding CXX object CMakeFiles/interface_pkg__rosidl_typesupport_cpp.dir/rosidl_typesupport_cpp/interface_pkg/srv/get_target_point__type_support.cpp.o[0m
[ 40%] [32mBuilding CXX object CMakeFiles/interface_pkg__rosidl_typesupport_cpp.dir/rosidl_typesupport_cpp/interface_pkg/srv/string_to_string__type_support.cpp.o[0m
[ 43%] [32mBuilding C object CMakeFiles/interface_pkg__rosidl_typesupport_introspection_c.dir/rosidl_typesupport_introspection_c/interface_pkg/srv/detail/string_to_string__type_support.c.o[0m
[ 45%] [32mBuilding C object CMakeFiles/interface_pkg__rosidl_typesupport_introspection_c.dir/rosidl_typesupport_introspection_c/interface_pkg/srv/detail/get_target_point__type_support.c.o[0m
[ 50%] [32mBuilding CXX object CMakeFiles/interface_pkg__rosidl_typesupport_c.dir/rosidl_typesupport_c/interface_pkg/srv/string_to_string__type_support.cpp.o[0m
[ 50%] [32mBuilding CXX object CMakeFiles/interface_pkg__rosidl_typesupport_c.dir/rosidl_typesupport_c/interface_pkg/srv/get_target_point__type_support.cpp.o[0m
[ 52%] [32m[1mLinking CXX shared library libinterface_pkg__rosidl_typesupport_c.so[0m
[ 54%] [32m[1mLinking C shared library libinterface_pkg__rosidl_typesupport_introspection_c.so[0m
[ 54%] Built target interface_pkg__rosidl_typesupport_introspection_c
[ 56%] [32mBuilding CXX object CMakeFiles/interface_pkg__rosidl_typesupport_introspection_cpp.dir/rosidl_typesupport_introspection_cpp/interface_pkg/srv/detail/get_target_point__type_support.cpp.o[0m
[ 56%] Built target interface_pkg__rosidl_typesupport_c
[ 59%] [32mBuilding CXX object CMakeFiles/interface_pkg__rosidl_typesupport_introspection_cpp.dir/rosidl_typesupport_introspection_cpp/interface_pkg/srv/detail/string_to_string__type_support.cpp.o[0m
[ 61%] [32mBuilding CXX object CMakeFiles/interface_pkg__rosidl_typesupport_fastrtps_cpp.dir/rosidl_typesupport_fastrtps_cpp/interface_pkg/srv/detail/dds_fastrtps/get_target_point__type_support.cpp.o[0m
[ 63%] [32mBuilding CXX object CMakeFiles/interface_pkg__rosidl_typesupport_fastrtps_cpp.dir/rosidl_typesupport_fastrtps_cpp/interface_pkg/srv/detail/dds_fastrtps/string_to_string__type_support.cpp.o[0m
[ 65%] [32mBuilding CXX object CMakeFiles/interface_pkg__rosidl_typesupport_fastrtps_c.dir/rosidl_typesupport_fastrtps_c/interface_pkg/srv/detail/string_to_string__type_support_c.cpp.o[0m
[ 68%] [32mBuilding CXX object CMakeFiles/interface_pkg__rosidl_typesupport_fastrtps_c.dir/rosidl_typesupport_fastrtps_c/interface_pkg/srv/detail/get_target_point__type_support_c.cpp.o[0m
[ 70%] [32m[1mLinking CXX shared library libinterface_pkg__rosidl_typesupport_cpp.so[0m
[ 70%] Built target interface_pkg__rosidl_typesupport_cpp
[ 72%] [32m[1mLinking CXX shared library libinterface_pkg__rosidl_typesupport_introspection_cpp.so[0m
[ 75%] [32m[1mLinking CXX shared library libinterface_pkg__rosidl_typesupport_fastrtps_c.so[0m
[ 75%] Built target interface_pkg__rosidl_typesupport_introspection_cpp
[ 75%] Built target interface_pkg__rosidl_typesupport_fastrtps_c
[ 77%] [32m[1mLinking CXX shared library libinterface_pkg__rosidl_typesupport_fastrtps_cpp.so[0m
[ 77%] Built target interface_pkg__rosidl_typesupport_fastrtps_cpp
[ 77%] Built target interface_pkg
[ 79%] [34m[1mGenerating Python code for ROS interfaces[0m
[ 79%] Built target interface_pkg__py
[ 81%] [32mBuilding C object CMakeFiles/interface_pkg__rosidl_generator_py.dir/rosidl_generator_py/interface_pkg/srv/_string_to_string_s.c.o[0m
[ 84%] [32mBuilding C object CMakeFiles/interface_pkg__rosidl_generator_py.dir/rosidl_generator_py/interface_pkg/srv/_get_target_point_s.c.o[0m
[ 86%] [32m[1mLinking C shared library libinterface_pkg__rosidl_generator_py.so[0m
[ 86%] Built target interface_pkg__rosidl_generator_py
[ 90%] [32mBuilding C object CMakeFiles/interface_pkg_s__rosidl_typesupport_fastrtps_c.dir/rosidl_generator_py/interface_pkg/_interface_pkg_s.ep.rosidl_typesupport_fastrtps_c.c.o[0m
[ 90%] [32mBuilding C object CMakeFiles/interface_pkg_s__rosidl_typesupport_c.dir/rosidl_generator_py/interface_pkg/_interface_pkg_s.ep.rosidl_typesupport_c.c.o[0m
[ 93%] [32mBuilding C object CMakeFiles/interface_pkg_s__rosidl_typesupport_introspection_c.dir/rosidl_generator_py/interface_pkg/_interface_pkg_s.ep.rosidl_typesupport_introspection_c.c.o[0m
[ 95%] [32m[1mLinking C shared module rosidl_generator_py/interface_pkg/interface_pkg_s__rosidl_typesupport_c.so[0m
[ 97%] [32m[1mLinking C shared module rosidl_generator_py/interface_pkg/interface_pkg_s__rosidl_typesupport_introspection_c.so[0m
[100%] [32m[1mLinking C shared module rosidl_generator_py/interface_pkg/interface_pkg_s__rosidl_typesupport_fastrtps_c.so[0m
[100%] Built target interface_pkg_s__rosidl_typesupport_introspection_c
[100%] Built target interface_pkg_s__rosidl_typesupport_c
[100%] Built target interface_pkg_s__rosidl_typesupport_fastrtps_c
-- Install configuration: ""
-- Installing: /home/hun/YongYiHanYong/install/interface_pkg/share/ament_index/resource_index/rosidl_interfaces/interface_pkg
-- Installing: /home/hun/YongYiHanYong/install/interface_pkg/share/interface_pkg/srv/StringToString.json
-- Installing: /home/hun/YongYiHanYong/install/interface_pkg/share/interface_pkg/srv/GetTargetPoint.json
-- Up-to-date: /home/hun/YongYiHanYong/install/interface_pkg/include/interface_pkg/interface_pkg
-- Up-to-date: /home/hun/YongYiHanYong/install/interface_pkg/include/interface_pkg/interface_pkg/msg
-- Up-to-date: /home/hun/YongYiHanYong/install/interface_pkg/include/interface_pkg/interface_pkg/msg/rosidl_generator_c__visibility_control.h
-- Up-to-date: /home/hun/YongYiHanYong/install/interface_pkg/include/interface_pkg/interface_pkg/srv
-- Installing: /home/hun/YongYiHanYong/install/interface_pkg/include/interface_pkg/interface_pkg/srv/string_to_string.h
-- Installing: /home/hun/YongYiHanYong/install/interface_pkg/include/interface_pkg/interface_pkg/srv/get_target_point.h
-- Up-to-date: /home/hun/YongYiHanYong/install/interface_pkg/include/interface_pkg/interface_pkg/srv/detail
-- Installing: /home/hun/YongYiHanYong/install/interface_pkg/include/interface_pkg/interface_pkg/srv/detail/string_to_string__type_support.h
-- Installing: /home/hun/YongYiHanYong/install/interface_pkg/include/interface_pkg/interface_pkg/srv/detail/get_target_point__functions.c
-- Installing: /home/hun/YongYiHanYong/install/interface_pkg/include/interface_pkg/interface_pkg/srv/detail/string_to_string__functions.h
-- Installing: /home/hun/YongYiHanYong/install/interface_pkg/include/interface_pkg/interface_pkg/srv/detail/string_to_string__struct.h
-- Installing: /home/hun/YongYiHanYong/install/interface_pkg/include/interface_pkg/interface_pkg/srv/detail/get_target_point__description.c
-- Installing: /home/hun/YongYiHanYong/install/interface_pkg/include/interface_pkg/interface_pkg/srv/detail/get_target_point__functions.h
-- Installing: /home/hun/YongYiHanYong/install/interface_pkg/include/interface_pkg/interface_pkg/srv/detail/get_target_point__type_support.c
-- Installing: /home/hun/YongYiHanYong/install/interface_pkg/include/interface_pkg/interface_pkg/srv/detail/string_to_string__description.c
-- Installing: /home/hun/YongYiHanYong/install/interface_pkg/include/interface_pkg/interface_pkg/srv/detail/string_to_string__type_support.c
-- Installing: /home/hun/YongYiHanYong/install/interface_pkg/include/interface_pkg/interface_pkg/srv/detail/get_target_point__type_support.h
-- Installing: /home/hun/YongYiHanYong/install/interface_pkg/include/interface_pkg/interface_pkg/srv/detail/string_to_string__functions.c
-- Installing: /home/hun/YongYiHanYong/install/interface_pkg/include/interface_pkg/interface_pkg/srv/detail/get_target_point__struct.h
-- Up-to-date: /home/hun/YongYiHanYong/install/interface_pkg/share/interface_pkg/environment/library_path.sh
-- Up-to-date: /home/hun/YongYiHanYong/install/interface_pkg/share/interface_pkg/environment/library_path.dsv
-- Installing: /home/hun/YongYiHanYong/install/interface_pkg/lib/libinterface_pkg__rosidl_generator_c.so
-- Set non-toolchain portion of runtime path of "/home/hun/YongYiHanYong/install/interface_pkg/lib/libinterface_pkg__rosidl_generator_c.so" to ""
-- Up-to-date: /home/hun/YongYiHanYong/install/interface_pkg/include/interface_pkg/interface_pkg
-- Up-to-date: /home/hun/YongYiHanYong/install/interface_pkg/include/interface_pkg/interface_pkg/msg
-- Up-to-date: /home/hun/YongYiHanYong/install/interface_pkg/include/interface_pkg/interface_pkg/msg/rosidl_typesupport_fastrtps_c__visibility_control.h
-- Up-to-date: /home/hun/YongYiHanYong/install/interface_pkg/include/interface_pkg/interface_pkg/srv
-- Up-to-date: /home/hun/YongYiHanYong/install/interface_pkg/include/interface_pkg/interface_pkg/srv/detail
-- Installing: /home/hun/YongYiHanYong/install/interface_pkg/include/interface_pkg/interface_pkg/srv/detail/string_to_string__rosidl_typesupport_fastrtps_c.h
-- Installing: /home/hun/YongYiHanYong/install/interface_pkg/include/interface_pkg/interface_pkg/srv/detail/get_target_point__rosidl_typesupport_fastrtps_c.h
-- Installing: /home/hun/YongYiHanYong/install/interface_pkg/lib/libinterface_pkg__rosidl_typesupport_fastrtps_c.so
-- Set non-toolchain portion of runtime path of "/home/hun/YongYiHanYong/install/interface_pkg/lib/libinterface_pkg__rosidl_typesupport_fastrtps_c.so" to ""
-- Up-to-date: /home/hun/YongYiHanYong/install/interface_pkg/include/interface_pkg/interface_pkg
-- Up-to-date: /home/hun/YongYiHanYong/install/interface_pkg/include/interface_pkg/interface_pkg/msg
-- Up-to-date: /home/hun/YongYiHanYong/install/interface_pkg/include/interface_pkg/interface_pkg/msg/rosidl_typesupport_introspection_c__visibility_control.h
-- Up-to-date: /home/hun/YongYiHanYong/install/interface_pkg/include/interface_pkg/interface_pkg/srv
-- Up-to-date: /home/hun/YongYiHanYong/install/interface_pkg/include/interface_pkg/interface_pkg/srv/detail
-- Installing: /home/hun/YongYiHanYong/install/interface_pkg/include/interface_pkg/interface_pkg/srv/detail/string_to_string__rosidl_typesupport_introspection_c.h
-- Installing: /home/hun/YongYiHanYong/install/interface_pkg/include/interface_pkg/interface_pkg/srv/detail/get_target_point__type_support.c
-- Installing: /home/hun/YongYiHanYong/install/interface_pkg/include/interface_pkg/interface_pkg/srv/detail/string_to_string__type_support.c
-- Installing: /home/hun/YongYiHanYong/install/interface_pkg/include/interface_pkg/interface_pkg/srv/detail/get_target_point__rosidl_typesupport_introspection_c.h
-- Installing: /home/hun/YongYiHanYong/install/interface_pkg/lib/libinterface_pkg__rosidl_typesupport_introspection_c.so
-- Set non-toolchain portion of runtime path of "/home/hun/YongYiHanYong/install/interface_pkg/lib/libinterface_pkg__rosidl_typesupport_introspection_c.so" to ""
-- Installing: /home/hun/YongYiHanYong/install/interface_pkg/lib/libinterface_pkg__rosidl_typesupport_c.so
-- Set non-toolchain portion of runtime path of "/home/hun/YongYiHanYong/install/interface_pkg/lib/libinterface_pkg__rosidl_typesupport_c.so" to ""
-- Up-to-date: /home/hun/YongYiHanYong/install/interface_pkg/include/interface_pkg/interface_pkg
-- Up-to-date: /home/hun/YongYiHanYong/install/interface_pkg/include/interface_pkg/interface_pkg/msg
-- Installing: /home/hun/YongYiHanYong/install/interface_pkg/include/interface_pkg/interface_pkg/msg/rosidl_generator_cpp__visibility_control.hpp
-- Up-to-date: /home/hun/YongYiHanYong/install/interface_pkg/include/interface_pkg/interface_pkg/srv
-- Installing: /home/hun/YongYiHanYong/install/interface_pkg/include/interface_pkg/interface_pkg/srv/get_target_point.hpp
-- Up-to-date: /home/hun/YongYiHanYong/install/interface_pkg/include/interface_pkg/interface_pkg/srv/detail
-- Installing: /home/hun/YongYiHanYong/install/interface_pkg/include/interface_pkg/interface_pkg/srv/detail/get_target_point__type_support.hpp
-- Installing: /home/hun/YongYiHanYong/install/interface_pkg/include/interface_pkg/interface_pkg/srv/detail/string_to_string__struct.hpp
-- Installing: /home/hun/YongYiHanYong/install/interface_pkg/include/interface_pkg/interface_pkg/srv/detail/string_to_string__traits.hpp
-- Installing: /home/hun/YongYiHanYong/install/interface_pkg/include/interface_pkg/interface_pkg/srv/detail/get_target_point__builder.hpp
-- Installing: /home/hun/YongYiHanYong/install/interface_pkg/include/interface_pkg/interface_pkg/srv/detail/string_to_string__builder.hpp
-- Installing: /home/hun/YongYiHanYong/install/interface_pkg/include/interface_pkg/interface_pkg/srv/detail/get_target_point__struct.hpp
-- Installing: /home/hun/YongYiHanYong/install/interface_pkg/include/interface_pkg/interface_pkg/srv/detail/string_to_string__type_support.hpp
-- Installing: /home/hun/YongYiHanYong/install/interface_pkg/include/interface_pkg/interface_pkg/srv/detail/get_target_point__traits.hpp
-- Installing: /home/hun/YongYiHanYong/install/interface_pkg/include/interface_pkg/interface_pkg/srv/string_to_string.hpp
-- Up-to-date: /home/hun/YongYiHanYong/install/interface_pkg/include/interface_pkg/interface_pkg
-- Up-to-date: /home/hun/YongYiHanYong/install/interface_pkg/include/interface_pkg/interface_pkg/msg
-- Up-to-date: /home/hun/YongYiHanYong/install/interface_pkg/include/interface_pkg/interface_pkg/msg/rosidl_typesupport_fastrtps_cpp__visibility_control.h
-- Up-to-date: /home/hun/YongYiHanYong/install/interface_pkg/include/interface_pkg/interface_pkg/srv
-- Up-to-date: /home/hun/YongYiHanYong/install/interface_pkg/include/interface_pkg/interface_pkg/srv/detail
-- Up-to-date: /home/hun/YongYiHanYong/install/interface_pkg/include/interface_pkg/interface_pkg/srv/detail/dds_fastrtps
-- Installing: /home/hun/YongYiHanYong/install/interface_pkg/include/interface_pkg/interface_pkg/srv/detail/string_to_string__rosidl_typesupport_fastrtps_cpp.hpp
-- Installing: /home/hun/YongYiHanYong/install/interface_pkg/include/interface_pkg/interface_pkg/srv/detail/get_target_point__rosidl_typesupport_fastrtps_cpp.hpp
-- Installing: /home/hun/YongYiHanYong/install/interface_pkg/lib/libinterface_pkg__rosidl_typesupport_fastrtps_cpp.so
-- Set non-toolchain portion of runtime path of "/home/hun/YongYiHanYong/install/interface_pkg/lib/libinterface_pkg__rosidl_typesupport_fastrtps_cpp.so" to ""
-- Up-to-date: /home/hun/YongYiHanYong/install/interface_pkg/include/interface_pkg/interface_pkg
-- Up-to-date: /home/hun/YongYiHanYong/install/interface_pkg/include/interface_pkg/interface_pkg/srv
-- Up-to-date: /home/hun/YongYiHanYong/install/interface_pkg/include/interface_pkg/interface_pkg/srv/detail
-- Installing: /home/hun/YongYiHanYong/install/interface_pkg/include/interface_pkg/interface_pkg/srv/detail/get_target_point__type_support.cpp
-- Installing: /home/hun/YongYiHanYong/install/interface_pkg/include/interface_pkg/interface_pkg/srv/detail/get_target_point__rosidl_typesupport_introspection_cpp.hpp
-- Installing: /home/hun/YongYiHanYong/install/interface_pkg/include/interface_pkg/interface_pkg/srv/detail/string_to_string__type_support.cpp
-- Installing: /home/hun/YongYiHanYong/install/interface_pkg/include/interface_pkg/interface_pkg/srv/detail/string_to_string__rosidl_typesupport_introspection_cpp.hpp
-- Installing: /home/hun/YongYiHanYong/install/interface_pkg/lib/libinterface_pkg__rosidl_typesupport_introspection_cpp.so
-- Set non-toolchain portion of runtime path of "/home/hun/YongYiHanYong/install/interface_pkg/lib/libinterface_pkg__rosidl_typesupport_introspection_cpp.so" to ""
-- Installing: /home/hun/YongYiHanYong/install/interface_pkg/lib/libinterface_pkg__rosidl_typesupport_cpp.so
-- Set non-toolchain portion of runtime path of "/home/hun/YongYiHanYong/install/interface_pkg/lib/libinterface_pkg__rosidl_typesupport_cpp.so" to ""
-- Up-to-date: /home/hun/YongYiHanYong/install/interface_pkg/share/interface_pkg/environment/pythonpath.sh
-- Up-to-date: /home/hun/YongYiHanYong/install/interface_pkg/share/interface_pkg/environment/pythonpath.dsv
-- Up-to-date: /home/hun/YongYiHanYong/install/interface_pkg/lib/python3.12/site-packages/interface_pkg-0.0.0-py3.12.egg-info
-- Installing: /home/hun/YongYiHanYong/install/interface_pkg/lib/python3.12/site-packages/interface_pkg-0.0.0-py3.12.egg-info/top_level.txt
-- Installing: /home/hun/YongYiHanYong/install/interface_pkg/lib/python3.12/site-packages/interface_pkg-0.0.0-py3.12.egg-info/SOURCES.txt
-- Installing: /home/hun/YongYiHanYong/install/interface_pkg/lib/python3.12/site-packages/interface_pkg-0.0.0-py3.12.egg-info/PKG-INFO
-- Installing: /home/hun/YongYiHanYong/install/interface_pkg/lib/python3.12/site-packages/interface_pkg-0.0.0-py3.12.egg-info/dependency_links.txt
-- Up-to-date: /home/hun/YongYiHanYong/install/interface_pkg/lib/python3.12/site-packages/interface_pkg
-- Installing: /home/hun/YongYiHanYong/install/interface_pkg/lib/python3.12/site-packages/interface_pkg/__init__.py
-- Installing: /home/hun/YongYiHanYong/install/interface_pkg/lib/python3.12/site-packages/interface_pkg/interface_pkg_s__rosidl_typesupport_introspection_c.so
-- Installing: /home/hun/YongYiHanYong/install/interface_pkg/lib/python3.12/site-packages/interface_pkg/_interface_pkg_s.ep.rosidl_typesupport_fastrtps_c.c
-- Installing: /home/hun/YongYiHanYong/install/interface_pkg/lib/python3.12/site-packages/interface_pkg/_interface_pkg_s.ep.rosidl_typesupport_introspection_c.c
-- Installing: /home/hun/YongYiHanYong/install/interface_pkg/lib/python3.12/site-packages/interface_pkg/interface_pkg_s__rosidl_typesupport_fastrtps_c.so
-- Installing: /home/hun/YongYiHanYong/install/interface_pkg/lib/python3.12/site-packages/interface_pkg/interface_pkg_s__rosidl_typesupport_c.so
-- Up-to-date: /home/hun/YongYiHanYong/install/interface_pkg/lib/python3.12/site-packages/interface_pkg/srv
-- Installing: /home/hun/YongYiHanYong/install/interface_pkg/lib/python3.12/site-packages/interface_pkg/srv/__init__.py
-- Installing: /home/hun/YongYiHanYong/install/interface_pkg/lib/python3.12/site-packages/interface_pkg/srv/_string_to_string.py
-- Installing: /home/hun/YongYiHanYong/install/interface_pkg/lib/python3.12/site-packages/interface_pkg/srv/_string_to_string_s.c
-- Installing: /home/hun/YongYiHanYong/install/interface_pkg/lib/python3.12/site-packages/interface_pkg/srv/_get_target_point_s.c
-- Installing: /home/hun/YongYiHanYong/install/interface_pkg/lib/python3.12/site-packages/interface_pkg/srv/_get_target_point.py
-- Installing: /home/hun/YongYiHanYong/install/interface_pkg/lib/python3.12/site-packages/interface_pkg/_interface_pkg_s.ep.rosidl_typesupport_c.c
Listing '/home/hun/YongYiHanYong/install/interface_pkg/lib/python3.12/site-packages/interface_pkg'...
Compiling '/home/hun/YongYiHanYong/install/interface_pkg/lib/python3.12/site-packages/interface_pkg/__init__.py'...
Listing '/home/hun/YongYiHanYong/install/interface_pkg/lib/python3.12/site-packages/interface_pkg/srv'...
Compiling '/home/hun/YongYiHanYong/install/interface_pkg/lib/python3.12/site-packages/interface_pkg/srv/__init__.py'...
Compiling '/home/hun/YongYiHanYong/install/interface_pkg/lib/python3.12/site-packages/interface_pkg/srv/_get_target_point.py'...
Compiling '/home/hun/YongYiHanYong/install/interface_pkg/lib/python3.12/site-packages/interface_pkg/srv/_string_to_string.py'...
-- Installing: /home/hun/YongYiHanYong/install/interface_pkg/lib/python3.12/site-packages/interface_pkg/interface_pkg_s__rosidl_typesupport_fastrtps_c.so
-- Set non-toolchain portion of runtime path of "/home/hun/YongYiHanYong/install/interface_pkg/lib/python3.12/site-packages/interface_pkg/interface_pkg_s__rosidl_typesupport_fastrtps_c.so" to ""
-- Installing: /home/hun/YongYiHanYong/install/interface_pkg/lib/python3.12/site-packages/interface_pkg/interface_pkg_s__rosidl_typesupport_introspection_c.so
-- Set non-toolchain portion of runtime path of "/home/hun/YongYiHanYong/install/interface_pkg/lib/python3.12/site-packages/interface_pkg/interface_pkg_s__rosidl_typesupport_introspection_c.so" to ""
-- Installing: /home/hun/YongYiHanYong/install/interface_pkg/lib/python3.12/site-packages/interface_pkg/interface_pkg_s__rosidl_typesupport_c.so
-- Set non-toolchain portion of runtime path of "/home/hun/YongYiHanYong/install/interface_pkg/lib/python3.12/site-packages/interface_pkg/interface_pkg_s__rosidl_typesupport_c.so" to ""
-- Installing: /home/hun/YongYiHanYong/install/interface_pkg/lib/libinterface_pkg__rosidl_generator_py.so
-- Set non-toolchain portion of runtime path of "/home/hun/YongYiHanYong/install/interface_pkg/lib/libinterface_pkg__rosidl_generator_py.so" to ""
-- Up-to-date: /home/hun/YongYiHanYong/install/interface_pkg/share/interface_pkg/srv/StringToString.idl
-- Installing: /home/hun/YongYiHanYong/install/interface_pkg/share/interface_pkg/srv/GetTargetPoint.idl
-- Up-to-date: /home/hun/YongYiHanYong/install/interface_pkg/share/interface_pkg/srv/StringToString.srv
-- Installing: /home/hun/YongYiHanYong/install/interface_pkg/share/interface_pkg/srv/GetTargetPoint.srv
-- Installing: /home/hun/YongYiHanYong/install/interface_pkg/share/ament_index/resource_index/package_run_dependencies/interface_pkg
-- Installing: /home/hun/YongYiHanYong/install/interface_pkg/share/ament_index/resource_index/parent_prefix_path/interface_pkg
-- Up-to-date: /home/hun/YongYiHanYong/install/interface_pkg/share/interface_pkg/environment/ament_prefix_path.sh
-- Up-to-date: /home/hun/YongYiHanYong/install/interface_pkg/share/interface_pkg/environment/ament_prefix_path.dsv
-- Up-to-date: /home/hun/YongYiHanYong/install/interface_pkg/share/interface_pkg/environment/path.sh
-- Up-to-date: /home/hun/YongYiHanYong/install/interface_pkg/share/interface_pkg/environment/path.dsv
-- Up-to-date: /home/hun/YongYiHanYong/install/interface_pkg/share/interface_pkg/local_setup.bash
-- Up-to-date: /home/hun/YongYiHanYong/install/interface_pkg/share/interface_pkg/local_setup.sh
-- Up-to-date: /home/hun/YongYiHanYong/install/interface_pkg/share/interface_pkg/local_setup.zsh
-- Up-to-date: /home/hun/YongYiHanYong/install/interface_pkg/share/interface_pkg/local_setup.dsv
-- Installing: /home/hun/YongYiHanYong/install/interface_pkg/share/interface_pkg/package.dsv
-- Up-to-date: /home/hun/YongYiHanYong/install/interface_pkg/share/ament_index/resource_index/packages/interface_pkg
-- Old export file "/home/hun/YongYiHanYong/install/interface_pkg/share/interface_pkg/cmake/export_interface_pkg__rosidl_generator_cExport.cmake" will be replaced.  Removing files [/home/hun/YongYiHanYong/install/interface_pkg/share/interface_pkg/cmake/export_interface_pkg__rosidl_generator_cExport-noconfig.cmake].
-- Installing: /home/hun/YongYiHanYong/install/interface_pkg/share/interface_pkg/cmake/export_interface_pkg__rosidl_generator_cExport.cmake
-- Installing: /home/hun/YongYiHanYong/install/interface_pkg/share/interface_pkg/cmake/export_interface_pkg__rosidl_generator_cExport-noconfig.cmake
-- Old export file "/home/hun/YongYiHanYong/install/interface_pkg/share/interface_pkg/cmake/export_interface_pkg__rosidl_typesupport_fastrtps_cExport.cmake" will be replaced.  Removing files [/home/hun/YongYiHanYong/install/interface_pkg/share/interface_pkg/cmake/export_interface_pkg__rosidl_typesupport_fastrtps_cExport-noconfig.cmake].
-- Installing: /home/hun/YongYiHanYong/install/interface_pkg/share/interface_pkg/cmake/export_interface_pkg__rosidl_typesupport_fastrtps_cExport.cmake
-- Installing: /home/hun/YongYiHanYong/install/interface_pkg/share/interface_pkg/cmake/export_interface_pkg__rosidl_typesupport_fastrtps_cExport-noconfig.cmake
-- Old export file "/home/hun/YongYiHanYong/install/interface_pkg/share/interface_pkg/cmake/interface_pkg__rosidl_typesupport_introspection_cExport.cmake" will be replaced.  Removing files [/home/hun/YongYiHanYong/install/interface_pkg/share/interface_pkg/cmake/interface_pkg__rosidl_typesupport_introspection_cExport-noconfig.cmake].
-- Installing: /home/hun/YongYiHanYong/install/interface_pkg/share/interface_pkg/cmake/interface_pkg__rosidl_typesupport_introspection_cExport.cmake
-- Installing: /home/hun/YongYiHanYong/install/interface_pkg/share/interface_pkg/cmake/interface_pkg__rosidl_typesupport_introspection_cExport-noconfig.cmake
-- Old export file "/home/hun/YongYiHanYong/install/interface_pkg/share/interface_pkg/cmake/interface_pkg__rosidl_typesupport_cExport.cmake" will be replaced.  Removing files [/home/hun/YongYiHanYong/install/interface_pkg/share/interface_pkg/cmake/interface_pkg__rosidl_typesupport_cExport-noconfig.cmake].
-- Installing: /home/hun/YongYiHanYong/install/interface_pkg/share/interface_pkg/cmake/interface_pkg__rosidl_typesupport_cExport.cmake
-- Installing: /home/hun/YongYiHanYong/install/interface_pkg/share/interface_pkg/cmake/interface_pkg__rosidl_typesupport_cExport-noconfig.cmake
-- Installing: /home/hun/YongYiHanYong/install/interface_pkg/share/interface_pkg/cmake/export_interface_pkg__rosidl_generator_cppExport.cmake
-- Old export file "/home/hun/YongYiHanYong/install/interface_pkg/share/interface_pkg/cmake/export_interface_pkg__rosidl_typesupport_fastrtps_cppExport.cmake" will be replaced.  Removing files [/home/hun/YongYiHanYong/install/interface_pkg/share/interface_pkg/cmake/export_interface_pkg__rosidl_typesupport_fastrtps_cppExport-noconfig.cmake].
-- Installing: /home/hun/YongYiHanYong/install/interface_pkg/share/interface_pkg/cmake/export_interface_pkg__rosidl_typesupport_fastrtps_cppExport.cmake
-- Installing: /home/hun/YongYiHanYong/install/interface_pkg/share/interface_pkg/cmake/export_interface_pkg__rosidl_typesupport_fastrtps_cppExport-noconfig.cmake
-- Old export file "/home/hun/YongYiHanYong/install/interface_pkg/share/interface_pkg/cmake/interface_pkg__rosidl_typesupport_introspection_cppExport.cmake" will be replaced.  Removing files [/home/hun/YongYiHanYong/install/interface_pkg/share/interface_pkg/cmake/interface_pkg__rosidl_typesupport_introspection_cppExport-noconfig.cmake].
-- Installing: /home/hun/YongYiHanYong/install/interface_pkg/share/interface_pkg/cmake/interface_pkg__rosidl_typesupport_introspection_cppExport.cmake
-- Installing: /home/hun/YongYiHanYong/install/interface_pkg/share/interface_pkg/cmake/interface_pkg__rosidl_typesupport_introspection_cppExport-noconfig.cmake
-- Old export file "/home/hun/YongYiHanYong/install/interface_pkg/share/interface_pkg/cmake/interface_pkg__rosidl_typesupport_cppExport.cmake" will be replaced.  Removing files [/home/hun/YongYiHanYong/install/interface_pkg/share/interface_pkg/cmake/interface_pkg__rosidl_typesupport_cppExport-noconfig.cmake].
-- Installing: /home/hun/YongYiHanYong/install/interface_pkg/share/interface_pkg/cmake/interface_pkg__rosidl_typesupport_cppExport.cmake
-- Installing: /home/hun/YongYiHanYong/install/interface_pkg/share/interface_pkg/cmake/interface_pkg__rosidl_typesupport_cppExport-noconfig.cmake
-- Up-to-date: /home/hun/YongYiHanYong/install/interface_pkg/share/interface_pkg/cmake/export_interface_pkg__rosidl_generator_pyExport.cmake
-- Installing: /home/hun/YongYiHanYong/install/interface_pkg/share/interface_pkg/cmake/export_interface_pkg__rosidl_generator_pyExport-noconfig.cmake
-- Installing: /home/hun/YongYiHanYong/install/interface_pkg/share/interface_pkg/cmake/rosidl_cmake-extras.cmake
-- Installing: /home/hun/YongYiHanYong/install/interface_pkg/share/interface_pkg/cmake/ament_cmake_export_dependencies-extras.cmake
-- Up-to-date: /home/hun/YongYiHanYong/install/interface_pkg/share/interface_pkg/cmake/ament_cmake_export_include_directories-extras.cmake
-- Up-to-date: /home/hun/YongYiHanYong/install/interface_pkg/share/interface_pkg/cmake/ament_cmake_export_libraries-extras.cmake
-- Up-to-date: /home/hun/YongYiHanYong/install/interface_pkg/share/interface_pkg/cmake/ament_cmake_export_targets-extras.cmake
-- Up-to-date: /home/hun/YongYiHanYong/install/interface_pkg/share/interface_pkg/cmake/rosidl_cmake_export_typesupport_targets-extras.cmake
-- Up-to-date: /home/hun/YongYiHanYong/install/interface_pkg/share/interface_pkg/cmake/rosidl_cmake_export_typesupport_libraries-extras.cmake
-- Up-to-date: /home/hun/YongYiHanYong/install/interface_pkg/share/interface_pkg/cmake/interface_pkgConfig.cmake
-- Up-to-date: /home/hun/YongYiHanYong/install/interface_pkg/share/interface_pkg/cmake/interface_pkgConfig-version.cmake
-- Installing: /home/hun/YongYiHanYong/install/interface_pkg/share/interface_pkg/package.xml
