[0.058s] [34mcolcon[0m [1;30mDEBUG[0m [32mCommand line arguments: ['/usr/bin/colcon', 'build', '--packages-select', 'interface_pkg'][0m
[0.058s] [34mcolcon[0m [1;30mDEBUG[0m [32mParsed command line arguments: Namespace(log_base=None, log_level=None, verb_name='build', build_base='build', install_base='install', merge_install=False, symlink_install=False, test_result_base=None, continue_on_error=False, executor='parallel', parallel_workers=16, event_handlers=None, ignore_user_meta=False, metas=['./colcon.meta'], base_paths=['.'], packages_ignore=None, packages_ignore_regex=None, paths=None, packages_up_to=None, packages_up_to_regex=None, packages_above=None, packages_above_and_dependencies=None, packages_above_depth=None, packages_select_by_dep=None, packages_skip_by_dep=None, packages_skip_up_to=None, packages_select_build_failed=False, packages_skip_build_finished=False, packages_select_test_failures=False, packages_skip_test_passed=False, packages_select=['interface_pkg'], packages_skip=None, packages_select_regex=None, packages_skip_regex=None, packages_start=None, packages_end=None, allow_overriding=[], cmake_args=None, cmake_target=None, cmake_target_skip_unavailable=False, cmake_clean_cache=False, cmake_clean_first=False, cmake_force_configure=False, ament_cmake_args=None, catkin_cmake_args=None, catkin_skip_building_tests=False, mixin_files=None, mixin=None, verb_parser=<colcon_mixin.mixin.mixin_argument.MixinArgumentDecorator object at 0x712cb8ce7e90>, verb_extension=<colcon_core.verb.build.BuildVerb object at 0x712cb8ce5130>, main=<bound method BuildVerb.main of <colcon_core.verb.build.BuildVerb object at 0x712cb8ce5130>>, mixin_verb=('build',))[0m
[0.080s] [34mcolcon.colcon_core.package_discovery[0m [1;30mLevel 1[0m discover_packages(colcon_meta) check parameters
[0.080s] [34mcolcon.colcon_core.package_discovery[0m [1;30mLevel 1[0m discover_packages(recursive) check parameters
[0.080s] [34mcolcon.colcon_core.package_discovery[0m [1;30mLevel 1[0m discover_packages(ignore) check parameters
[0.080s] [34mcolcon.colcon_core.package_discovery[0m [1;30mLevel 1[0m discover_packages(path) check parameters
[0.080s] [34mcolcon.colcon_core.package_discovery[0m [1;30mLevel 1[0m discover_packages(colcon_meta) discover
[0.081s] [34mcolcon.colcon_core.package_discovery[0m [1;30mLevel 1[0m discover_packages(recursive) discover
[0.081s] [34mcolcon.colcon_core.package_discovery[0m [1;30mINFO[0m Crawling recursively for packages in '/home/jw/YongYiHanYong/src/interface_pkg'
[0.081s] [34mcolcon.colcon_core.package_identification[0m [1;30mLevel 1[0m _identify(.) by extensions ['ignore', 'ignore_ament_install']
[0.081s] [34mcolcon.colcon_core.package_identification[0m [1;30mLevel 1[0m _identify(.) by extension 'ignore'
[0.081s] [34mcolcon.colcon_core.package_identification[0m [1;30mLevel 1[0m _identify(.) by extension 'ignore_ament_install'
[0.081s] [34mcolcon.colcon_core.package_identification[0m [1;30mLevel 1[0m _identify(.) by extensions ['colcon_pkg']
[0.081s] [34mcolcon.colcon_core.package_identification[0m [1;30mLevel 1[0m _identify(.) by extension 'colcon_pkg'
[0.081s] [34mcolcon.colcon_core.package_identification[0m [1;30mLevel 1[0m _identify(.) by extensions ['colcon_meta']
[0.081s] [34mcolcon.colcon_core.package_identification[0m [1;30mLevel 1[0m _identify(.) by extension 'colcon_meta'
[0.081s] [34mcolcon.colcon_core.package_identification[0m [1;30mLevel 1[0m _identify(.) by extensions ['ros']
[0.081s] [34mcolcon.colcon_core.package_identification[0m [1;30mLevel 1[0m _identify(.) by extension 'ros'
[0.096s] [34mcolcon.colcon_core.package_identification[0m [1;30mDEBUG[0m [32mPackage '.' with type 'ros.ament_cmake' and name 'interface_pkg'[0m
[0.096s] [34mcolcon.colcon_core.package_discovery[0m [1;30mLevel 1[0m discover_packages(recursive) using defaults
[0.096s] [34mcolcon.colcon_core.package_discovery[0m [1;30mLevel 1[0m discover_packages(ignore) discover
[0.096s] [34mcolcon.colcon_core.package_discovery[0m [1;30mLevel 1[0m discover_packages(ignore) using defaults
[0.096s] [34mcolcon.colcon_core.package_discovery[0m [1;30mLevel 1[0m discover_packages(path) discover
[0.096s] [34mcolcon.colcon_core.package_discovery[0m [1;30mLevel 1[0m discover_packages(path) using defaults
[0.104s] [34mcolcon.colcon_core.package_discovery[0m [1;30mLevel 1[0m discover_packages(prefix_path) check parameters
[0.104s] [34mcolcon.colcon_core.package_discovery[0m [1;30mLevel 1[0m discover_packages(prefix_path) discover
[0.105s] [34mcolcon.colcon_core.package_discovery[0m [1;30mLevel 1[0m discover_packages(prefix_path) using defaults
[0.105s] [34mcolcon.colcon_core.verb[0m [1;30mLevel 5[0m set package 'interface_pkg' build argument 'cmake_args' from command line to 'None'
[0.105s] [34mcolcon.colcon_core.verb[0m [1;30mLevel 5[0m set package 'interface_pkg' build argument 'cmake_target' from command line to 'None'
[0.105s] [34mcolcon.colcon_core.verb[0m [1;30mLevel 5[0m set package 'interface_pkg' build argument 'cmake_target_skip_unavailable' from command line to 'False'
[0.105s] [34mcolcon.colcon_core.verb[0m [1;30mLevel 5[0m set package 'interface_pkg' build argument 'cmake_clean_cache' from command line to 'False'
[0.105s] [34mcolcon.colcon_core.verb[0m [1;30mLevel 5[0m set package 'interface_pkg' build argument 'cmake_clean_first' from command line to 'False'
[0.105s] [34mcolcon.colcon_core.verb[0m [1;30mLevel 5[0m set package 'interface_pkg' build argument 'cmake_force_configure' from command line to 'False'
[0.105s] [34mcolcon.colcon_core.verb[0m [1;30mLevel 5[0m set package 'interface_pkg' build argument 'ament_cmake_args' from command line to 'None'
[0.105s] [34mcolcon.colcon_core.verb[0m [1;30mLevel 5[0m set package 'interface_pkg' build argument 'catkin_cmake_args' from command line to 'None'
[0.105s] [34mcolcon.colcon_core.verb[0m [1;30mLevel 5[0m set package 'interface_pkg' build argument 'catkin_skip_building_tests' from command line to 'False'
[0.105s] [34mcolcon.colcon_core.verb[0m [1;30mDEBUG[0m [32mBuilding package 'interface_pkg' with the following arguments: {'ament_cmake_args': None, 'build_base': '/home/jw/YongYiHanYong/src/interface_pkg/build/interface_pkg', 'catkin_cmake_args': None, 'catkin_skip_building_tests': False, 'cmake_args': None, 'cmake_clean_cache': False, 'cmake_clean_first': False, 'cmake_force_configure': False, 'cmake_target': None, 'cmake_target_skip_unavailable': False, 'install_base': '/home/jw/YongYiHanYong/src/interface_pkg/install/interface_pkg', 'merge_install': False, 'path': '/home/jw/YongYiHanYong/src/interface_pkg', 'symlink_install': False, 'test_result_base': None}[0m
[0.105s] [34mcolcon.colcon_core.executor[0m [1;30mINFO[0m Executing jobs using 'parallel' executor
[0.106s] [34mcolcon.colcon_parallel_executor.executor.parallel[0m [1;30mDEBUG[0m [32mrun_until_complete[0m
[0.106s] [34mcolcon.colcon_ros.task.ament_cmake.build[0m [1;30mINFO[0m Building ROS package in '/home/jw/YongYiHanYong/src/interface_pkg' with build type 'ament_cmake'
[0.106s] [34mcolcon.colcon_cmake.task.cmake.build[0m [1;30mINFO[0m Building CMake package in '/home/jw/YongYiHanYong/src/interface_pkg'
[0.108s] [34mcolcon.colcon_core.plugin_system[0m [1;30mINFO[0m Skipping extension 'colcon_core.shell.bat': Not used on non-Windows systems
[0.108s] [34mcolcon.colcon_core.shell[0m [1;30mINFO[0m Skip shell extension 'powershell' for command environment: Not usable outside of PowerShell
[0.108s] [34mcolcon.colcon_core.shell[0m [1;30mDEBUG[0m [32mSkip shell extension 'dsv' for command environment[0m
[0.114s] [34mcolcon.colcon_core.event_handler.log_command[0m [1;30mDEBUG[0m [32mInvoking command in '/home/jw/YongYiHanYong/src/interface_pkg/build/interface_pkg': DEBUGINFOD_URLS=https://debuginfod.ubuntu.com /usr/bin/cmake /home/jw/YongYiHanYong/src/interface_pkg -DCMAKE_INSTALL_PREFIX=/home/jw/YongYiHanYong/src/interface_pkg/install/interface_pkg[0m
[0.406s] [34mcolcon.colcon_core.event_handler.log_command[0m [1;30mDEBUG[0m [32mInvoked command in '/home/jw/YongYiHanYong/src/interface_pkg/build/interface_pkg' returned '1': DEBUGINFOD_URLS=https://debuginfod.ubuntu.com /usr/bin/cmake /home/jw/YongYiHanYong/src/interface_pkg -DCMAKE_INSTALL_PREFIX=/home/jw/YongYiHanYong/src/interface_pkg/install/interface_pkg[0m
[0.417s] [34mcolcon.colcon_core.environment[0m [1;30mLevel 1[0m create_environment_scripts_only(interface_pkg)
[0.419s] [34mcolcon.colcon_core.environment[0m [1;30mLevel 1[0m checking '/home/jw/YongYiHanYong/src/interface_pkg/install/interface_pkg' for CMake module files
[0.419s] [34mcolcon.colcon_core.environment[0m [1;30mLevel 1[0m checking '/home/jw/YongYiHanYong/src/interface_pkg/install/interface_pkg' for CMake config files
[0.420s] [34mcolcon.colcon_core.environment[0m [1;30mLevel 1[0m checking '/home/jw/YongYiHanYong/src/interface_pkg/install/interface_pkg/bin'
[0.420s] [34mcolcon.colcon_core.environment[0m [1;30mLevel 1[0m checking '/home/jw/YongYiHanYong/src/interface_pkg/install/interface_pkg/lib/pkgconfig/interface_pkg.pc'
[0.421s] [34mcolcon.colcon_core.environment[0m [1;30mLevel 1[0m checking '/home/jw/YongYiHanYong/src/interface_pkg/install/interface_pkg/lib/python3.12/site-packages'
[0.421s] [34mcolcon.colcon_core.environment[0m [1;30mLevel 1[0m checking '/home/jw/YongYiHanYong/src/interface_pkg/install/interface_pkg/bin'
[0.422s] [34mcolcon.colcon_core.shell[0m [1;30mINFO[0m Creating package script '/home/jw/YongYiHanYong/src/interface_pkg/install/interface_pkg/share/interface_pkg/package.ps1'
[0.422s] [34mcolcon.colcon_core.shell[0m [1;30mINFO[0m Creating package descriptor '/home/jw/YongYiHanYong/src/interface_pkg/install/interface_pkg/share/interface_pkg/package.dsv'
[0.423s] [34mcolcon.colcon_core.shell[0m [1;30mINFO[0m Creating package script '/home/jw/YongYiHanYong/src/interface_pkg/install/interface_pkg/share/interface_pkg/package.sh'
[0.423s] [34mcolcon.colcon_core.shell[0m [1;30mINFO[0m Creating package script '/home/jw/YongYiHanYong/src/interface_pkg/install/interface_pkg/share/interface_pkg/package.bash'
[0.423s] [34mcolcon.colcon_core.shell[0m [1;30mINFO[0m Creating package script '/home/jw/YongYiHanYong/src/interface_pkg/install/interface_pkg/share/interface_pkg/package.zsh'
[0.423s] [34mcolcon.colcon_core.environment[0m [1;30mLevel 1[0m create_file_with_runtime_dependencies(/home/jw/YongYiHanYong/src/interface_pkg/install/interface_pkg/share/colcon-core/packages/interface_pkg)
[0.434s] [34mcolcon.colcon_parallel_executor.executor.parallel[0m [1;30mDEBUG[0m [32mclosing loop[0m
[0.434s] [34mcolcon.colcon_parallel_executor.executor.parallel[0m [1;30mDEBUG[0m [32mloop closed[0m
[0.434s] [34mcolcon.colcon_parallel_executor.executor.parallel[0m [1;30mDEBUG[0m [32mrun_until_complete finished with '1'[0m
[0.434s] [34mcolcon.colcon_core.event_reactor[0m [1;30mDEBUG[0m [32mjoining thread[0m
[0.438s] [34mcolcon.colcon_core.plugin_system[0m [1;30mINFO[0m Skipping extension 'colcon_notification.desktop_notification.terminal_notifier': Not used on non-Darwin systems
[0.438s] [34mcolcon.colcon_core.plugin_system[0m [1;30mINFO[0m Skipping extension 'colcon_notification.desktop_notification.win32': Not used on non-Windows systems
[0.438s] [34mcolcon.colcon_notification.desktop_notification[0m [1;30mINFO[0m Sending desktop notification using 'notify2'
[0.447s] [34mcolcon.colcon_core.event_reactor[0m [1;30mDEBUG[0m [32mjoined thread[0m
[0.447s] [34mcolcon.colcon_core.shell[0m [1;30mINFO[0m Creating prefix script '/home/jw/YongYiHanYong/src/interface_pkg/install/local_setup.ps1'
[0.448s] [34mcolcon.colcon_core.shell[0m [1;30mINFO[0m Creating prefix util module '/home/jw/YongYiHanYong/src/interface_pkg/install/_local_setup_util_ps1.py'
[0.449s] [34mcolcon.colcon_core.shell[0m [1;30mINFO[0m Creating prefix chain script '/home/jw/YongYiHanYong/src/interface_pkg/install/setup.ps1'
[0.449s] [34mcolcon.colcon_core.shell[0m [1;30mINFO[0m Creating prefix script '/home/jw/YongYiHanYong/src/interface_pkg/install/local_setup.sh'
[0.449s] [34mcolcon.colcon_core.shell[0m [1;30mINFO[0m Creating prefix util module '/home/jw/YongYiHanYong/src/interface_pkg/install/_local_setup_util_sh.py'
[0.449s] [34mcolcon.colcon_core.shell[0m [1;30mINFO[0m Creating prefix chain script '/home/jw/YongYiHanYong/src/interface_pkg/install/setup.sh'
[0.450s] [34mcolcon.colcon_core.shell[0m [1;30mINFO[0m Creating prefix script '/home/jw/YongYiHanYong/src/interface_pkg/install/local_setup.bash'
[0.450s] [34mcolcon.colcon_core.shell[0m [1;30mINFO[0m Creating prefix chain script '/home/jw/YongYiHanYong/src/interface_pkg/install/setup.bash'
[0.450s] [34mcolcon.colcon_core.shell[0m [1;30mINFO[0m Creating prefix script '/home/jw/YongYiHanYong/src/interface_pkg/install/local_setup.zsh'
[0.450s] [34mcolcon.colcon_core.shell[0m [1;30mINFO[0m Creating prefix chain script '/home/jw/YongYiHanYong/src/interface_pkg/install/setup.zsh'
