running egg_info
creating ../../build/yolo_realsense/yolo_realsense.egg-info
writing ../../build/yolo_realsense/yolo_realsense.egg-info/PKG-INFO
writing dependency_links to ../../build/yolo_realsense/yolo_realsense.egg-info/dependency_links.txt
writing entry points to ../../build/yolo_realsense/yolo_realsense.egg-info/entry_points.txt
writing requirements to ../../build/yolo_realsense/yolo_realsense.egg-info/requires.txt
writing top-level names to ../../build/yolo_realsense/yolo_realsense.egg-info/top_level.txt
writing manifest file '../../build/yolo_realsense/yolo_realsense.egg-info/SOURCES.txt'
reading manifest file '../../build/yolo_realsense/yolo_realsense.egg-info/SOURCES.txt'
writing manifest file '../../build/yolo_realsense/yolo_realsense.egg-info/SOURCES.txt'
running build
running build_py
creating /home/hun/YongYiHanYong/build/yolo_realsense/build
creating /home/hun/YongYiHanYong/build/yolo_realsense/build/lib
creating /home/hun/YongYiHanYong/build/yolo_realsense/build/lib/yolo_realsense
copying yolo_realsense/yolo_depth_viewer.py -> /home/hun/YongYiHanYong/build/yolo_realsense/build/lib/yolo_realsense
copying yolo_realsense/world_trigger.py -> /home/hun/YongYiHanYong/build/yolo_realsense/build/lib/yolo_realsense
copying yolo_realsense/yolo_result_publisher.py -> /home/hun/YongYiHanYong/build/yolo_realsense/build/lib/yolo_realsense
copying yolo_realsense/__init__.py -> /home/hun/YongYiHanYong/build/yolo_realsense/build/lib/yolo_realsense
copying yolo_realsense/picxel2world copy.py -> /home/hun/YongYiHanYong/build/yolo_realsense/build/lib/yolo_realsense
copying yolo_realsense/priority_object.py -> /home/hun/YongYiHanYong/build/yolo_realsense/build/lib/yolo_realsense
copying yolo_realsense/picxel2world.py -> /home/hun/YongYiHanYong/build/yolo_realsense/build/lib/yolo_realsense
running install
running install_lib
creating /home/hun/YongYiHanYong/install/yolo_realsense/lib/python3.12/site-packages/yolo_realsense
copying /home/hun/YongYiHanYong/build/yolo_realsense/build/lib/yolo_realsense/yolo_depth_viewer.py -> /home/hun/YongYiHanYong/install/yolo_realsense/lib/python3.12/site-packages/yolo_realsense
copying /home/hun/YongYiHanYong/build/yolo_realsense/build/lib/yolo_realsense/world_trigger.py -> /home/hun/YongYiHanYong/install/yolo_realsense/lib/python3.12/site-packages/yolo_realsense
copying /home/hun/YongYiHanYong/build/yolo_realsense/build/lib/yolo_realsense/yolo_result_publisher.py -> /home/hun/YongYiHanYong/install/yolo_realsense/lib/python3.12/site-packages/yolo_realsense
copying /home/hun/YongYiHanYong/build/yolo_realsense/build/lib/yolo_realsense/__init__.py -> /home/hun/YongYiHanYong/install/yolo_realsense/lib/python3.12/site-packages/yolo_realsense
copying /home/hun/YongYiHanYong/build/yolo_realsense/build/lib/yolo_realsense/picxel2world copy.py -> /home/hun/YongYiHanYong/install/yolo_realsense/lib/python3.12/site-packages/yolo_realsense
copying /home/hun/YongYiHanYong/build/yolo_realsense/build/lib/yolo_realsense/priority_object.py -> /home/hun/YongYiHanYong/install/yolo_realsense/lib/python3.12/site-packages/yolo_realsense
copying /home/hun/YongYiHanYong/build/yolo_realsense/build/lib/yolo_realsense/picxel2world.py -> /home/hun/YongYiHanYong/install/yolo_realsense/lib/python3.12/site-packages/yolo_realsense
byte-compiling /home/hun/YongYiHanYong/install/yolo_realsense/lib/python3.12/site-packages/yolo_realsense/yolo_depth_viewer.py to yolo_depth_viewer.cpython-312.pyc
byte-compiling /home/hun/YongYiHanYong/install/yolo_realsense/lib/python3.12/site-packages/yolo_realsense/world_trigger.py to world_trigger.cpython-312.pyc
byte-compiling /home/hun/YongYiHanYong/install/yolo_realsense/lib/python3.12/site-packages/yolo_realsense/yolo_result_publisher.py to yolo_result_publisher.cpython-312.pyc
byte-compiling /home/hun/YongYiHanYong/install/yolo_realsense/lib/python3.12/site-packages/yolo_realsense/__init__.py to __init__.cpython-312.pyc
byte-compiling /home/hun/YongYiHanYong/install/yolo_realsense/lib/python3.12/site-packages/yolo_realsense/picxel2world copy.py to picxel2world copy.cpython-312.pyc
byte-compiling /home/hun/YongYiHanYong/install/yolo_realsense/lib/python3.12/site-packages/yolo_realsense/priority_object.py to priority_object.cpython-312.pyc
byte-compiling /home/hun/YongYiHanYong/install/yolo_realsense/lib/python3.12/site-packages/yolo_realsense/picxel2world.py to picxel2world.cpython-312.pyc
running install_data
creating /home/hun/YongYiHanYong/install/yolo_realsense/share/ament_index
creating /home/hun/YongYiHanYong/install/yolo_realsense/share/ament_index/resource_index
creating /home/hun/YongYiHanYong/install/yolo_realsense/share/ament_index/resource_index/packages
copying resource/yolo_realsense -> /home/hun/YongYiHanYong/install/yolo_realsense/share/ament_index/resource_index/packages
copying package.xml -> /home/hun/YongYiHanYong/install/yolo_realsense/share/yolo_realsense
creating /home/hun/YongYiHanYong/install/yolo_realsense/share/yolo_realsense/launch
copying launch/integrated_realsense_yolo.launch.py -> /home/hun/YongYiHanYong/install/yolo_realsense/share/yolo_realsense/launch
copying launch/yolo_all.launch.py -> /home/hun/YongYiHanYong/install/yolo_realsense/share/yolo_realsense/launch
creating /home/hun/YongYiHanYong/install/yolo_realsense/share/yolo_realsense/config
copying config/yolo_params.yaml -> /home/hun/YongYiHanYong/install/yolo_realsense/share/yolo_realsense/config
running install_egg_info
Copying ../../build/yolo_realsense/yolo_realsense.egg-info to /home/hun/YongYiHanYong/install/yolo_realsense/lib/python3.12/site-packages/yolo_realsense-0.0.0-py3.12.egg-info
running install_scripts
Installing picxel2world script to /home/hun/YongYiHanYong/install/yolo_realsense/lib/yolo_realsense
Installing priority_object script to /home/hun/YongYiHanYong/install/yolo_realsense/lib/yolo_realsense
Installing world_trigger script to /home/hun/YongYiHanYong/install/yolo_realsense/lib/yolo_realsense
Installing yolo_depth_viewer script to /home/hun/YongYiHanYong/install/yolo_realsense/lib/yolo_realsense
Installing yolo_result_publisher script to /home/hun/YongYiHanYong/install/yolo_realsense/lib/yolo_realsense
writing list of installed files to '/home/hun/YongYiHanYong/build/yolo_realsense/install.log'
