[1.238s] Invoking command in '/home/hun/YongYiHanYong/src/yolo_realsense': DEBUGINFOD_URLS=https://debuginfod.ubuntu.com PYTHONPATH=/home/hun/YongYiHanYong/build/yolo_realsense/prefix_override:/usr/lib/python3/dist-packages/colcon_core/task/python/colcon_distutils_commands:/home/hun/YongYiHanYong/install/yolo_realsense/lib/python3.12/site-packages:${PYTHONPATH} /usr/bin/python3 -W ignore:setup.py install is deprecated -W ignore:easy_install command is deprecated setup.py egg_info --egg-base ../../build/yolo_realsense build --build-base /home/hun/YongYiHanYong/build/yolo_realsense/build install --record /home/hun/YongYiHanYong/build/yolo_realsense/install.log --single-version-externally-managed install_data
[1.729s] running egg_info
[1.729s] creating ../../build/yolo_realsense/yolo_realsense.egg-info
[1.787s] writing ../../build/yolo_realsense/yolo_realsense.egg-info/PKG-INFO
[1.787s] writing dependency_links to ../../build/yolo_realsense/yolo_realsense.egg-info/dependency_links.txt
[1.788s] writing entry points to ../../build/yolo_realsense/yolo_realsense.egg-info/entry_points.txt
[1.789s] writing requirements to ../../build/yolo_realsense/yolo_realsense.egg-info/requires.txt
[1.789s] writing top-level names to ../../build/yolo_realsense/yolo_realsense.egg-info/top_level.txt
[1.789s] writing manifest file '../../build/yolo_realsense/yolo_realsense.egg-info/SOURCES.txt'
[1.927s] reading manifest file '../../build/yolo_realsense/yolo_realsense.egg-info/SOURCES.txt'
[1.928s] writing manifest file '../../build/yolo_realsense/yolo_realsense.egg-info/SOURCES.txt'
[1.929s] running build
[1.929s] running build_py
[1.929s] creating /home/hun/YongYiHanYong/build/yolo_realsense/build
[1.930s] creating /home/hun/YongYiHanYong/build/yolo_realsense/build/lib
[1.930s] creating /home/hun/YongYiHanYong/build/yolo_realsense/build/lib/yolo_realsense
[1.930s] copying yolo_realsense/yolo_depth_viewer.py -> /home/hun/YongYiHanYong/build/yolo_realsense/build/lib/yolo_realsense
[1.930s] copying yolo_realsense/world_trigger.py -> /home/hun/YongYiHanYong/build/yolo_realsense/build/lib/yolo_realsense
[1.931s] copying yolo_realsense/yolo_result_publisher.py -> /home/hun/YongYiHanYong/build/yolo_realsense/build/lib/yolo_realsense
[1.931s] copying yolo_realsense/__init__.py -> /home/hun/YongYiHanYong/build/yolo_realsense/build/lib/yolo_realsense
[1.931s] copying yolo_realsense/picxel2world copy.py -> /home/hun/YongYiHanYong/build/yolo_realsense/build/lib/yolo_realsense
[1.931s] copying yolo_realsense/priority_object.py -> /home/hun/YongYiHanYong/build/yolo_realsense/build/lib/yolo_realsense
[1.932s] copying yolo_realsense/picxel2world.py -> /home/hun/YongYiHanYong/build/yolo_realsense/build/lib/yolo_realsense
[1.932s] running install
[1.945s] running install_lib
[2.013s] creating /home/hun/YongYiHanYong/install/yolo_realsense/lib/python3.12/site-packages/yolo_realsense
[2.013s] copying /home/hun/YongYiHanYong/build/yolo_realsense/build/lib/yolo_realsense/yolo_depth_viewer.py -> /home/hun/YongYiHanYong/install/yolo_realsense/lib/python3.12/site-packages/yolo_realsense
[2.013s] copying /home/hun/YongYiHanYong/build/yolo_realsense/build/lib/yolo_realsense/world_trigger.py -> /home/hun/YongYiHanYong/install/yolo_realsense/lib/python3.12/site-packages/yolo_realsense
[2.014s] copying /home/hun/YongYiHanYong/build/yolo_realsense/build/lib/yolo_realsense/yolo_result_publisher.py -> /home/hun/YongYiHanYong/install/yolo_realsense/lib/python3.12/site-packages/yolo_realsense
[2.015s] copying /home/hun/YongYiHanYong/build/yolo_realsense/build/lib/yolo_realsense/__init__.py -> /home/hun/YongYiHanYong/install/yolo_realsense/lib/python3.12/site-packages/yolo_realsense
[2.015s] copying /home/hun/YongYiHanYong/build/yolo_realsense/build/lib/yolo_realsense/picxel2world copy.py -> /home/hun/YongYiHanYong/install/yolo_realsense/lib/python3.12/site-packages/yolo_realsense
[2.015s] copying /home/hun/YongYiHanYong/build/yolo_realsense/build/lib/yolo_realsense/priority_object.py -> /home/hun/YongYiHanYong/install/yolo_realsense/lib/python3.12/site-packages/yolo_realsense
[2.015s] copying /home/hun/YongYiHanYong/build/yolo_realsense/build/lib/yolo_realsense/picxel2world.py -> /home/hun/YongYiHanYong/install/yolo_realsense/lib/python3.12/site-packages/yolo_realsense
[2.017s] byte-compiling /home/hun/YongYiHanYong/install/yolo_realsense/lib/python3.12/site-packages/yolo_realsense/yolo_depth_viewer.py to yolo_depth_viewer.cpython-312.pyc
[2.022s] byte-compiling /home/hun/YongYiHanYong/install/yolo_realsense/lib/python3.12/site-packages/yolo_realsense/world_trigger.py to world_trigger.cpython-312.pyc
[2.025s] byte-compiling /home/hun/YongYiHanYong/install/yolo_realsense/lib/python3.12/site-packages/yolo_realsense/yolo_result_publisher.py to yolo_result_publisher.cpython-312.pyc
[2.028s] byte-compiling /home/hun/YongYiHanYong/install/yolo_realsense/lib/python3.12/site-packages/yolo_realsense/__init__.py to __init__.cpython-312.pyc
[2.028s] byte-compiling /home/hun/YongYiHanYong/install/yolo_realsense/lib/python3.12/site-packages/yolo_realsense/picxel2world copy.py to picxel2world copy.cpython-312.pyc
[2.031s] byte-compiling /home/hun/YongYiHanYong/install/yolo_realsense/lib/python3.12/site-packages/yolo_realsense/priority_object.py to priority_object.cpython-312.pyc
[2.039s] byte-compiling /home/hun/YongYiHanYong/install/yolo_realsense/lib/python3.12/site-packages/yolo_realsense/picxel2world.py to picxel2world.cpython-312.pyc
[2.044s] running install_data
[2.044s] creating /home/hun/YongYiHanYong/install/yolo_realsense/share/ament_index
[2.044s] creating /home/hun/YongYiHanYong/install/yolo_realsense/share/ament_index/resource_index
[2.045s] creating /home/hun/YongYiHanYong/install/yolo_realsense/share/ament_index/resource_index/packages
[2.045s] copying resource/yolo_realsense -> /home/hun/YongYiHanYong/install/yolo_realsense/share/ament_index/resource_index/packages
[2.045s] copying package.xml -> /home/hun/YongYiHanYong/install/yolo_realsense/share/yolo_realsense
[2.045s] creating /home/hun/YongYiHanYong/install/yolo_realsense/share/yolo_realsense/launch
[2.045s] copying launch/integrated_realsense_yolo.launch.py -> /home/hun/YongYiHanYong/install/yolo_realsense/share/yolo_realsense/launch
[2.046s] copying launch/yolo_all.launch.py -> /home/hun/YongYiHanYong/install/yolo_realsense/share/yolo_realsense/launch
[2.046s] creating /home/hun/YongYiHanYong/install/yolo_realsense/share/yolo_realsense/config
[2.046s] copying config/yolo_params.yaml -> /home/hun/YongYiHanYong/install/yolo_realsense/share/yolo_realsense/config
[2.046s] running install_egg_info
[2.076s] Copying ../../build/yolo_realsense/yolo_realsense.egg-info to /home/hun/YongYiHanYong/install/yolo_realsense/lib/python3.12/site-packages/yolo_realsense-0.0.0-py3.12.egg-info
[2.078s] running install_scripts
[2.265s] Installing picxel2world script to /home/hun/YongYiHanYong/install/yolo_realsense/lib/yolo_realsense
[2.265s] Installing priority_object script to /home/hun/YongYiHanYong/install/yolo_realsense/lib/yolo_realsense
[2.265s] Installing world_trigger script to /home/hun/YongYiHanYong/install/yolo_realsense/lib/yolo_realsense
[2.266s] Installing yolo_depth_viewer script to /home/hun/YongYiHanYong/install/yolo_realsense/lib/yolo_realsense
[2.266s] Installing yolo_result_publisher script to /home/hun/YongYiHanYong/install/yolo_realsense/lib/yolo_realsense
[2.266s] writing list of installed files to '/home/hun/YongYiHanYong/build/yolo_realsense/install.log'
[2.317s] Invoked command in '/home/hun/YongYiHanYong/src/yolo_realsense' returned '0': DEBUGINFOD_URLS=https://debuginfod.ubuntu.com PYTHONPATH=/home/hun/YongYiHanYong/build/yolo_realsense/prefix_override:/usr/lib/python3/dist-packages/colcon_core/task/python/colcon_distutils_commands:/home/hun/YongYiHanYong/install/yolo_realsense/lib/python3.12/site-packages:${PYTHONPATH} /usr/bin/python3 -W ignore:setup.py install is deprecated -W ignore:easy_install command is deprecated setup.py egg_info --egg-base ../../build/yolo_realsense build --build-base /home/hun/YongYiHanYong/build/yolo_realsense/build install --record /home/hun/YongYiHanYong/build/yolo_realsense/install.log --single-version-externally-managed install_data
