[0.735s] Invoking command in '/home/hun/YongYiHanYong/src/yolo_realsense': DEBUGINFOD_URLS=https://debuginfod.ubuntu.com PYTHONPATH=/home/hun/YongYiHanYong/build/yolo_realsense/prefix_override:/usr/lib/python3/dist-packages/colcon_core/task/python/colcon_distutils_commands:/home/hun/YongYiHanYong/install/yolo_realsense/lib/python3.12/site-packages:${PYTHONPATH} /usr/bin/python3 -W ignore:setup.py install is deprecated -W ignore:easy_install command is deprecated setup.py egg_info --egg-base ../../build/yolo_realsense build --build-base /home/hun/YongYiHanYong/build/yolo_realsense/build install --record /home/hun/YongYiHanYong/build/yolo_realsense/install.log --single-version-externally-managed install_data
[1.213s] running egg_info
[1.251s] writing ../../build/yolo_realsense/yolo_realsense.egg-info/PKG-INFO
[1.251s] writing dependency_links to ../../build/yolo_realsense/yolo_realsense.egg-info/dependency_links.txt
[1.252s] writing entry points to ../../build/yolo_realsense/yolo_realsense.egg-info/entry_points.txt
[1.252s] writing requirements to ../../build/yolo_realsense/yolo_realsense.egg-info/requires.txt
[1.252s] writing top-level names to ../../build/yolo_realsense/yolo_realsense.egg-info/top_level.txt
[1.329s] reading manifest file '../../build/yolo_realsense/yolo_realsense.egg-info/SOURCES.txt'
[1.332s] writing manifest file '../../build/yolo_realsense/yolo_realsense.egg-info/SOURCES.txt'
[1.333s] running build
[1.333s] running build_py
[1.333s] copying yolo_realsense/priority_object.py -> /home/hun/YongYiHanYong/build/yolo_realsense/build/lib/yolo_realsense
[1.334s] running install
[1.349s] running install_lib
[1.401s] copying /home/hun/YongYiHanYong/build/yolo_realsense/build/lib/yolo_realsense/priority_object.py -> /home/hun/YongYiHanYong/install/yolo_realsense/lib/python3.12/site-packages/yolo_realsense
[1.402s] byte-compiling /home/hun/YongYiHanYong/install/yolo_realsense/lib/python3.12/site-packages/yolo_realsense/priority_object.py to priority_object.cpython-312.pyc
[1.410s] running install_data
[1.410s] running install_egg_info
[1.445s] removing '/home/hun/YongYiHanYong/install/yolo_realsense/lib/python3.12/site-packages/yolo_realsense-0.0.0-py3.12.egg-info' (and everything under it)
[1.445s] Copying ../../build/yolo_realsense/yolo_realsense.egg-info to /home/hun/YongYiHanYong/install/yolo_realsense/lib/python3.12/site-packages/yolo_realsense-0.0.0-py3.12.egg-info
[1.446s] running install_scripts
[1.550s] Installing picxel2world script to /home/hun/YongYiHanYong/install/yolo_realsense/lib/yolo_realsense
[1.550s] Installing priority_object script to /home/hun/YongYiHanYong/install/yolo_realsense/lib/yolo_realsense
[1.551s] Installing world_trigger script to /home/hun/YongYiHanYong/install/yolo_realsense/lib/yolo_realsense
[1.551s] Installing yolo_depth_viewer script to /home/hun/YongYiHanYong/install/yolo_realsense/lib/yolo_realsense
[1.551s] Installing yolo_result_publisher script to /home/hun/YongYiHanYong/install/yolo_realsense/lib/yolo_realsense
[1.552s] writing list of installed files to '/home/hun/YongYiHanYong/build/yolo_realsense/install.log'
[1.582s] Invoked command in '/home/hun/YongYiHanYong/src/yolo_realsense' returned '0': DEBUGINFOD_URLS=https://debuginfod.ubuntu.com PYTHONPATH=/home/hun/YongYiHanYong/build/yolo_realsense/prefix_override:/usr/lib/python3/dist-packages/colcon_core/task/python/colcon_distutils_commands:/home/hun/YongYiHanYong/install/yolo_realsense/lib/python3.12/site-packages:${PYTHONPATH} /usr/bin/python3 -W ignore:setup.py install is deprecated -W ignore:easy_install command is deprecated setup.py egg_info --egg-base ../../build/yolo_realsense build --build-base /home/hun/YongYiHanYong/build/yolo_realsense/build install --record /home/hun/YongYiHanYong/build/yolo_realsense/install.log --single-version-externally-managed install_data
