[2.568s] Invoking command in '/home/hun/YongYiHanYong/src/llm_for_pick_place_voice': DEBUGINFOD_URLS=https://debuginfod.ubuntu.com PYTHONPATH=/home/hun/YongYiHanYong/build/llm_for_pick_place_voice/prefix_override:/usr/lib/python3/dist-packages/colcon_core/task/python/colcon_distutils_commands:/home/hun/YongYiHanYong/install/llm_for_pick_place_voice/lib/python3.12/site-packages:/home/hun/YongYiHanYong/install/interface_pkg/lib/python3.12/site-packages:/home/hun/YongYiHanYong/install/yolo_realsense/lib/python3.12/site-packages:/home/hun/YongYiHanYong/build/llm_for_pick_place_voice:/home/hun/YongYiHanYong/install/llm_for_pick_place_voice/lib/python3.12/site-packages:/opt/ros/jazzy/lib/python3.12/site-packages /usr/bin/python3 -W ignore:setup.py install is deprecated -W ignore:easy_install command is deprecated setup.py egg_info --egg-base ../../build/llm_for_pick_place_voice build --build-base /home/hun/YongYiHanYong/build/llm_for_pick_place_voice/build install --record /home/hun/YongYiHanYong/build/llm_for_pick_place_voice/install.log --single-version-externally-managed install_data
[3.420s] running egg_info
[3.486s] writing ../../build/llm_for_pick_place_voice/llm_for_pick_place_voice.egg-info/PKG-INFO
[3.486s] writing dependency_links to ../../build/llm_for_pick_place_voice/llm_for_pick_place_voice.egg-info/dependency_links.txt
[3.487s] writing entry points to ../../build/llm_for_pick_place_voice/llm_for_pick_place_voice.egg-info/entry_points.txt
[3.488s] writing requirements to ../../build/llm_for_pick_place_voice/llm_for_pick_place_voice.egg-info/requires.txt
[3.489s] writing top-level names to ../../build/llm_for_pick_place_voice/llm_for_pick_place_voice.egg-info/top_level.txt
[3.625s] reading manifest file '../../build/llm_for_pick_place_voice/llm_for_pick_place_voice.egg-info/SOURCES.txt'
[3.629s] writing manifest file '../../build/llm_for_pick_place_voice/llm_for_pick_place_voice.egg-info/SOURCES.txt'
[3.631s] running build
[3.631s] running build_py
[3.632s] running install
[3.645s] running install_lib
[3.715s] running install_data
[3.716s] running install_egg_info
[3.782s] removing '/home/hun/YongYiHanYong/install/llm_for_pick_place_voice/lib/python3.12/site-packages/llm_for_pick_place_voice-0.0.0-py3.12.egg-info' (and everything under it)
[3.783s] Copying ../../build/llm_for_pick_place_voice/llm_for_pick_place_voice.egg-info to /home/hun/YongYiHanYong/install/llm_for_pick_place_voice/lib/python3.12/site-packages/llm_for_pick_place_voice-0.0.0-py3.12.egg-info
[3.785s] running install_scripts
[4.194s] Installing arrive_test script to /home/hun/YongYiHanYong/install/llm_for_pick_place_voice/lib/llm_for_pick_place_voice
[4.195s] Installing get_keyword script to /home/hun/YongYiHanYong/install/llm_for_pick_place_voice/lib/llm_for_pick_place_voice
[4.196s] Installing get_keyword_client script to /home/hun/YongYiHanYong/install/llm_for_pick_place_voice/lib/llm_for_pick_place_voice
[4.196s] Installing ros_web_bridge script to /home/hun/YongYiHanYong/install/llm_for_pick_place_voice/lib/llm_for_pick_place_voice
[4.197s] Installing stt script to /home/hun/YongYiHanYong/install/llm_for_pick_place_voice/lib/llm_for_pick_place_voice
[4.200s] Installing test_robot script to /home/hun/YongYiHanYong/install/llm_for_pick_place_voice/lib/llm_for_pick_place_voice
[4.200s] Installing wakeup_word script to /home/hun/YongYiHanYong/install/llm_for_pick_place_voice/lib/llm_for_pick_place_voice
[4.203s] writing list of installed files to '/home/hun/YongYiHanYong/build/llm_for_pick_place_voice/install.log'
[4.284s] Invoked command in '/home/hun/YongYiHanYong/src/llm_for_pick_place_voice' returned '0': DEBUGINFOD_URLS=https://debuginfod.ubuntu.com PYTHONPATH=/home/hun/YongYiHanYong/build/llm_for_pick_place_voice/prefix_override:/usr/lib/python3/dist-packages/colcon_core/task/python/colcon_distutils_commands:/home/hun/YongYiHanYong/install/llm_for_pick_place_voice/lib/python3.12/site-packages:/home/hun/YongYiHanYong/install/interface_pkg/lib/python3.12/site-packages:/home/hun/YongYiHanYong/install/yolo_realsense/lib/python3.12/site-packages:/home/hun/YongYiHanYong/build/llm_for_pick_place_voice:/home/hun/YongYiHanYong/install/llm_for_pick_place_voice/lib/python3.12/site-packages:/opt/ros/jazzy/lib/python3.12/site-packages /usr/bin/python3 -W ignore:setup.py install is deprecated -W ignore:easy_install command is deprecated setup.py egg_info --egg-base ../../build/llm_for_pick_place_voice build --build-base /home/hun/YongYiHanYong/build/llm_for_pick_place_voice/build install --record /home/hun/YongYiHanYong/build/llm_for_pick_place_voice/install.log --single-version-externally-managed install_data
