[0.633s] Invoking command in '/home/hun/YongYiHanYong/src/llm_for_pick_place_voice': DEBUGINFOD_URLS=https://debuginfod.ubuntu.com PYTHONPATH=/home/hun/YongYiHanYong/build/llm_for_pick_place_voice/prefix_override:/usr/lib/python3/dist-packages/colcon_core/task/python/colcon_distutils_commands:/home/hun/YongYiHanYong/install/llm_for_pick_place_voice/lib/python3.12/site-packages:/home/hun/YongYiHanYong/install/interface_pkg/lib/python3.12/site-packages:/home/hun/YongYiHanYong/install/yolo_realsense/lib/python3.12/site-packages:/home/hun/YongYiHanYong/build/llm_for_pick_place_voice:/home/hun/YongYiHanYong/install/llm_for_pick_place_voice/lib/python3.12/site-packages:/opt/ros/jazzy/lib/python3.12/site-packages /usr/bin/python3 -W ignore:setup.py install is deprecated -W ignore:easy_install command is deprecated setup.py egg_info --egg-base ../../build/llm_for_pick_place_voice build --build-base /home/hun/YongYiHanYong/build/llm_for_pick_place_voice/build install --record /home/hun/YongYiHanYong/build/llm_for_pick_place_voice/install.log --single-version-externally-managed install_data
[0.843s] running egg_info
[0.859s] writing ../../build/llm_for_pick_place_voice/llm_for_pick_place_voice.egg-info/PKG-INFO
[0.859s] writing dependency_links to ../../build/llm_for_pick_place_voice/llm_for_pick_place_voice.egg-info/dependency_links.txt
[0.859s] writing entry points to ../../build/llm_for_pick_place_voice/llm_for_pick_place_voice.egg-info/entry_points.txt
[0.859s] writing requirements to ../../build/llm_for_pick_place_voice/llm_for_pick_place_voice.egg-info/requires.txt
[0.860s] writing top-level names to ../../build/llm_for_pick_place_voice/llm_for_pick_place_voice.egg-info/top_level.txt
[0.891s] reading manifest file '../../build/llm_for_pick_place_voice/llm_for_pick_place_voice.egg-info/SOURCES.txt'
[0.892s] writing manifest file '../../build/llm_for_pick_place_voice/llm_for_pick_place_voice.egg-info/SOURCES.txt'
[0.892s] running build
[0.892s] running build_py
[0.893s] copying llm_for_pick_place_voice/test_robot.py -> /home/hun/YongYiHanYong/build/llm_for_pick_place_voice/build/lib/llm_for_pick_place_voice
[0.893s] running install
[0.897s] running install_lib
[0.913s] copying /home/hun/YongYiHanYong/build/llm_for_pick_place_voice/build/lib/llm_for_pick_place_voice/test_robot.py -> /home/hun/YongYiHanYong/install/llm_for_pick_place_voice/lib/python3.12/site-packages/llm_for_pick_place_voice
[0.914s] byte-compiling /home/hun/YongYiHanYong/install/llm_for_pick_place_voice/lib/python3.12/site-packages/llm_for_pick_place_voice/test_robot.py to test_robot.cpython-312.pyc
[0.915s] running install_data
[0.916s] running install_egg_info
[0.932s] removing '/home/hun/YongYiHanYong/install/llm_for_pick_place_voice/lib/python3.12/site-packages/llm_for_pick_place_voice-0.0.0-py3.12.egg-info' (and everything under it)
[0.932s] Copying ../../build/llm_for_pick_place_voice/llm_for_pick_place_voice.egg-info to /home/hun/YongYiHanYong/install/llm_for_pick_place_voice/lib/python3.12/site-packages/llm_for_pick_place_voice-0.0.0-py3.12.egg-info
[0.933s] running install_scripts
[1.032s] Installing arrive_test script to /home/hun/YongYiHanYong/install/llm_for_pick_place_voice/lib/llm_for_pick_place_voice
[1.032s] Installing get_keyword script to /home/hun/YongYiHanYong/install/llm_for_pick_place_voice/lib/llm_for_pick_place_voice
[1.032s] Installing get_keyword_client script to /home/hun/YongYiHanYong/install/llm_for_pick_place_voice/lib/llm_for_pick_place_voice
[1.032s] Installing ros_web_bridge script to /home/hun/YongYiHanYong/install/llm_for_pick_place_voice/lib/llm_for_pick_place_voice
[1.032s] Installing stt script to /home/hun/YongYiHanYong/install/llm_for_pick_place_voice/lib/llm_for_pick_place_voice
[1.033s] Installing test_robot script to /home/hun/YongYiHanYong/install/llm_for_pick_place_voice/lib/llm_for_pick_place_voice
[1.033s] Installing wakeup_word script to /home/hun/YongYiHanYong/install/llm_for_pick_place_voice/lib/llm_for_pick_place_voice
[1.033s] writing list of installed files to '/home/hun/YongYiHanYong/build/llm_for_pick_place_voice/install.log'
[1.059s] Invoked command in '/home/hun/YongYiHanYong/src/llm_for_pick_place_voice' returned '0': DEBUGINFOD_URLS=https://debuginfod.ubuntu.com PYTHONPATH=/home/hun/YongYiHanYong/build/llm_for_pick_place_voice/prefix_override:/usr/lib/python3/dist-packages/colcon_core/task/python/colcon_distutils_commands:/home/hun/YongYiHanYong/install/llm_for_pick_place_voice/lib/python3.12/site-packages:/home/hun/YongYiHanYong/install/interface_pkg/lib/python3.12/site-packages:/home/hun/YongYiHanYong/install/yolo_realsense/lib/python3.12/site-packages:/home/hun/YongYiHanYong/build/llm_for_pick_place_voice:/home/hun/YongYiHanYong/install/llm_for_pick_place_voice/lib/python3.12/site-packages:/opt/ros/jazzy/lib/python3.12/site-packages /usr/bin/python3 -W ignore:setup.py install is deprecated -W ignore:easy_install command is deprecated setup.py egg_info --egg-base ../../build/llm_for_pick_place_voice build --build-base /home/hun/YongYiHanYong/build/llm_for_pick_place_voice/build install --record /home/hun/YongYiHanYong/build/llm_for_pick_place_voice/install.log --single-version-externally-managed install_data
