[0.008s] Invoking command in '/home/jw/YongYiHanYong/build/interface_pkg': DEBUGINFOD_URLS=https://debuginfod.ubuntu.com /usr/bin/cmake /home/jw/YongYiHanYong/src/interface_pkg -DCMAKE_INSTALL_PREFIX=/home/jw/YongYiHanYong/install/interface_pkg
[0.049s] -- The C compiler identification is GNU 13.3.0
[0.091s] -- The CXX compiler identification is GNU 13.3.0
[0.106s] -- Detecting C compiler ABI info
[0.179s] -- Detecting C compiler ABI info - done
[0.185s] -- Check for working C compiler: /usr/bin/cc - skipped
[0.185s] -- Detecting C compile features
[0.185s] -- Detecting C compile features - done
[0.193s] -- Detecting CXX compiler ABI info
[0.269s] -- Detecting CXX compiler ABI info - done
[0.274s] -- Check for working CXX compiler: /usr/bin/c++ - skipped
[0.274s] -- Detecting CXX compile features
[0.274s] -- Detecting CXX compile features - done
[0.282s] [31mCMake Error at CMakeLists.txt:9 (find_package):
[0.282s]   By not providing "Findament_cmake.cmake" in CMAKE_MODULE_PATH this project
[0.282s]   has asked CMake to find a package configuration file provided by
[0.282s]   "ament_cmake", but CMake did not find one.
[0.282s] 
[0.282s]   Could not find a package configuration file provided by "ament_cmake" with
[0.282s]   any of the following names:
[0.282s] 
[0.283s]     ament_cmakeConfig.cmake
[0.283s]     ament_cmake-config.cmake
[0.283s] 
[0.283s]   Add the installation prefix of "ament_cmake" to CMAKE_PREFIX_PATH or set
[0.283s]   "ament_cmake_DIR" to a directory containing one of the above files.  If
[0.283s]   "ament_cmake" provides a separate development package or SDK, be sure it
[0.283s]   has been installed.
[0.283s] 
[0.283s] [0m
[0.283s] -- Configuring incomplete, errors occurred!
[0.285s] Invoked command in '/home/jw/YongYiHanYong/build/interface_pkg' returned '1': DEBUGINFOD_URLS=https://debuginfod.ubuntu.com /usr/bin/cmake /home/jw/YongYiHanYong/src/interface_pkg -DCMAKE_INSTALL_PREFIX=/home/jw/YongYiHanYong/install/interface_pkg
