[  1%] Built target yolo_depth_interfaces__rosidl_generator_type_description
[  1%] Built target ament_cmake_python_copy_yolo_depth_interfaces
[ 24%] Built target yolo_depth_interfaces__rosidl_generator_c
running egg_info
writing yolo_depth_interfaces.egg-info/PKG-INFO
writing dependency_links to yolo_depth_interfaces.egg-info/dependency_links.txt
writing top-level names to yolo_depth_interfaces.egg-info/top_level.txt
reading manifest file 'yolo_depth_interfaces.egg-info/SOURCES.txt'
writing manifest file 'yolo_depth_interfaces.egg-info/SOURCES.txt'
[ 24%] Built target ament_cmake_python_build_yolo_depth_interfaces_egg
[ 33%] Built target yolo_depth_interfaces__rosidl_typesupport_c
[ 43%] Built target yolo_depth_interfaces__rosidl_typesupport_introspection_c
[ 52%] Built target yolo_depth_interfaces__rosidl_typesupport_fastrtps_c
[ 54%] Built target yolo_depth_interfaces__cpp
[ 63%] Built target yolo_depth_interfaces__rosidl_typesupport_fastrtps_cpp
[ 72%] Built target yolo_depth_interfaces__rosidl_typesupport_cpp
[ 82%] Built target yolo_depth_interfaces__rosidl_typesupport_introspection_cpp
[ 82%] Built target yolo_depth_interfaces
[ 83%] Built target yolo_depth_interfaces__py
[ 91%] Built target yolo_depth_interfaces__rosidl_generator_py
[ 94%] Built target yolo_depth_interfaces_s__rosidl_typesupport_fastrtps_c
[ 97%] Built target yolo_depth_interfaces_s__rosidl_typesupport_c
[100%] Built target yolo_depth_interfaces_s__rosidl_typesupport_introspection_c
-- Install configuration: ""
-- Up-to-date: /home/hun/YongYiHanYong/install/yolo_depth_interfaces/share/ament_index/resource_index/rosidl_interfaces/yolo_depth_interfaces
-- Up-to-date: /home/hun/YongYiHanYong/install/yolo_depth_interfaces/share/yolo_depth_interfaces/msg/ObjectDepth.json
-- Up-to-date: /home/hun/YongYiHanYong/install/yolo_depth_interfaces/share/yolo_depth_interfaces/msg/ObjectDepthArray.json
-- Up-to-date: /home/hun/YongYiHanYong/install/yolo_depth_interfaces/share/yolo_depth_interfaces/srv/SetTarget.json
-- Up-to-date: /home/hun/YongYiHanYong/install/yolo_depth_interfaces/share/yolo_depth_interfaces/srv/MoveToPoint.json
-- Up-to-date: /home/hun/YongYiHanYong/install/yolo_depth_interfaces/share/yolo_depth_interfaces/srv/TargetCenter.json
-- Up-to-date: /home/hun/YongYiHanYong/install/yolo_depth_interfaces/include/yolo_depth_interfaces/yolo_depth_interfaces
-- Up-to-date: /home/hun/YongYiHanYong/install/yolo_depth_interfaces/include/yolo_depth_interfaces/yolo_depth_interfaces/msg
-- Up-to-date: /home/hun/YongYiHanYong/install/yolo_depth_interfaces/include/yolo_depth_interfaces/yolo_depth_interfaces/msg/rosidl_generator_c__visibility_control.h
-- Up-to-date: /home/hun/YongYiHanYong/install/yolo_depth_interfaces/include/yolo_depth_interfaces/yolo_depth_interfaces/msg/object_depth_array.h
-- Up-to-date: /home/hun/YongYiHanYong/install/yolo_depth_interfaces/include/yolo_depth_interfaces/yolo_depth_interfaces/msg/detail
-- Up-to-date: /home/hun/YongYiHanYong/install/yolo_depth_interfaces/include/yolo_depth_interfaces/yolo_depth_interfaces/msg/detail/object_depth_array__type_support.c
-- Up-to-date: /home/hun/YongYiHanYong/install/yolo_depth_interfaces/include/yolo_depth_interfaces/yolo_depth_interfaces/msg/detail/object_depth_array__struct.h
-- Up-to-date: /home/hun/YongYiHanYong/install/yolo_depth_interfaces/include/yolo_depth_interfaces/yolo_depth_interfaces/msg/detail/object_depth__description.c
-- Up-to-date: /home/hun/YongYiHanYong/install/yolo_depth_interfaces/include/yolo_depth_interfaces/yolo_depth_interfaces/msg/detail/object_depth__struct.h
-- Up-to-date: /home/hun/YongYiHanYong/install/yolo_depth_interfaces/include/yolo_depth_interfaces/yolo_depth_interfaces/msg/detail/object_depth_array__functions.h
-- Up-to-date: /home/hun/YongYiHanYong/install/yolo_depth_interfaces/include/yolo_depth_interfaces/yolo_depth_interfaces/msg/detail/object_depth__functions.h
-- Up-to-date: /home/hun/YongYiHanYong/install/yolo_depth_interfaces/include/yolo_depth_interfaces/yolo_depth_interfaces/msg/detail/object_depth__type_support.h
-- Up-to-date: /home/hun/YongYiHanYong/install/yolo_depth_interfaces/include/yolo_depth_interfaces/yolo_depth_interfaces/msg/detail/object_depth_array__type_support.h
-- Up-to-date: /home/hun/YongYiHanYong/install/yolo_depth_interfaces/include/yolo_depth_interfaces/yolo_depth_interfaces/msg/detail/object_depth_array__description.c
-- Up-to-date: /home/hun/YongYiHanYong/install/yolo_depth_interfaces/include/yolo_depth_interfaces/yolo_depth_interfaces/msg/detail/object_depth__functions.c
-- Up-to-date: /home/hun/YongYiHanYong/install/yolo_depth_interfaces/include/yolo_depth_interfaces/yolo_depth_interfaces/msg/detail/object_depth_array__functions.c
-- Up-to-date: /home/hun/YongYiHanYong/install/yolo_depth_interfaces/include/yolo_depth_interfaces/yolo_depth_interfaces/msg/detail/object_depth__type_support.c
-- Up-to-date: /home/hun/YongYiHanYong/install/yolo_depth_interfaces/include/yolo_depth_interfaces/yolo_depth_interfaces/msg/object_depth.h
-- Up-to-date: /home/hun/YongYiHanYong/install/yolo_depth_interfaces/include/yolo_depth_interfaces/yolo_depth_interfaces/srv
-- Up-to-date: /home/hun/YongYiHanYong/install/yolo_depth_interfaces/include/yolo_depth_interfaces/yolo_depth_interfaces/srv/move_to_point.h
-- Up-to-date: /home/hun/YongYiHanYong/install/yolo_depth_interfaces/include/yolo_depth_interfaces/yolo_depth_interfaces/srv/target_center.h
-- Up-to-date: /home/hun/YongYiHanYong/install/yolo_depth_interfaces/include/yolo_depth_interfaces/yolo_depth_interfaces/srv/set_target.h
-- Up-to-date: /home/hun/YongYiHanYong/install/yolo_depth_interfaces/include/yolo_depth_interfaces/yolo_depth_interfaces/srv/detail
-- Up-to-date: /home/hun/YongYiHanYong/install/yolo_depth_interfaces/include/yolo_depth_interfaces/yolo_depth_interfaces/srv/detail/move_to_point__functions.c
-- Up-to-date: /home/hun/YongYiHanYong/install/yolo_depth_interfaces/include/yolo_depth_interfaces/yolo_depth_interfaces/srv/detail/move_to_point__type_support.h
-- Up-to-date: /home/hun/YongYiHanYong/install/yolo_depth_interfaces/include/yolo_depth_interfaces/yolo_depth_interfaces/srv/detail/set_target__description.c
-- Up-to-date: /home/hun/YongYiHanYong/install/yolo_depth_interfaces/include/yolo_depth_interfaces/yolo_depth_interfaces/srv/detail/set_target__struct.h
-- Up-to-date: /home/hun/YongYiHanYong/install/yolo_depth_interfaces/include/yolo_depth_interfaces/yolo_depth_interfaces/srv/detail/set_target__functions.c
-- Up-to-date: /home/hun/YongYiHanYong/install/yolo_depth_interfaces/include/yolo_depth_interfaces/yolo_depth_interfaces/srv/detail/set_target__type_support.h
-- Installing: /home/hun/YongYiHanYong/install/yolo_depth_interfaces/include/yolo_depth_interfaces/yolo_depth_interfaces/srv/detail/set_target__type_support.c
-- Up-to-date: /home/hun/YongYiHanYong/install/yolo_depth_interfaces/include/yolo_depth_interfaces/yolo_depth_interfaces/srv/detail/move_to_point__type_support.c
-- Up-to-date: /home/hun/YongYiHanYong/install/yolo_depth_interfaces/include/yolo_depth_interfaces/yolo_depth_interfaces/srv/detail/target_center__type_support.h
-- Up-to-date: /home/hun/YongYiHanYong/install/yolo_depth_interfaces/include/yolo_depth_interfaces/yolo_depth_interfaces/srv/detail/target_center__struct.h
-- Up-to-date: /home/hun/YongYiHanYong/install/yolo_depth_interfaces/include/yolo_depth_interfaces/yolo_depth_interfaces/srv/detail/target_center__functions.c
-- Up-to-date: /home/hun/YongYiHanYong/install/yolo_depth_interfaces/include/yolo_depth_interfaces/yolo_depth_interfaces/srv/detail/target_center__functions.h
-- Up-to-date: /home/hun/YongYiHanYong/install/yolo_depth_interfaces/include/yolo_depth_interfaces/yolo_depth_interfaces/srv/detail/target_center__type_support.c
-- Up-to-date: /home/hun/YongYiHanYong/install/yolo_depth_interfaces/include/yolo_depth_interfaces/yolo_depth_interfaces/srv/detail/move_to_point__description.c
-- Up-to-date: /home/hun/YongYiHanYong/install/yolo_depth_interfaces/include/yolo_depth_interfaces/yolo_depth_interfaces/srv/detail/set_target__functions.h
-- Up-to-date: /home/hun/YongYiHanYong/install/yolo_depth_interfaces/include/yolo_depth_interfaces/yolo_depth_interfaces/srv/detail/move_to_point__struct.h
-- Up-to-date: /home/hun/YongYiHanYong/install/yolo_depth_interfaces/include/yolo_depth_interfaces/yolo_depth_interfaces/srv/detail/target_center__description.c
-- Up-to-date: /home/hun/YongYiHanYong/install/yolo_depth_interfaces/include/yolo_depth_interfaces/yolo_depth_interfaces/srv/detail/move_to_point__functions.h
-- Up-to-date: /home/hun/YongYiHanYong/install/yolo_depth_interfaces/share/yolo_depth_interfaces/environment/library_path.sh
-- Up-to-date: /home/hun/YongYiHanYong/install/yolo_depth_interfaces/share/yolo_depth_interfaces/environment/library_path.dsv
-- Up-to-date: /home/hun/YongYiHanYong/install/yolo_depth_interfaces/lib/libyolo_depth_interfaces__rosidl_generator_c.so
-- Up-to-date: /home/hun/YongYiHanYong/install/yolo_depth_interfaces/include/yolo_depth_interfaces/yolo_depth_interfaces
-- Up-to-date: /home/hun/YongYiHanYong/install/yolo_depth_interfaces/include/yolo_depth_interfaces/yolo_depth_interfaces/msg
-- Up-to-date: /home/hun/YongYiHanYong/install/yolo_depth_interfaces/include/yolo_depth_interfaces/yolo_depth_interfaces/msg/rosidl_typesupport_fastrtps_c__visibility_control.h
-- Up-to-date: /home/hun/YongYiHanYong/install/yolo_depth_interfaces/include/yolo_depth_interfaces/yolo_depth_interfaces/msg/detail
-- Up-to-date: /home/hun/YongYiHanYong/install/yolo_depth_interfaces/include/yolo_depth_interfaces/yolo_depth_interfaces/msg/detail/object_depth_array__rosidl_typesupport_fastrtps_c.h
-- Up-to-date: /home/hun/YongYiHanYong/install/yolo_depth_interfaces/include/yolo_depth_interfaces/yolo_depth_interfaces/msg/detail/object_depth__rosidl_typesupport_fastrtps_c.h
-- Up-to-date: /home/hun/YongYiHanYong/install/yolo_depth_interfaces/include/yolo_depth_interfaces/yolo_depth_interfaces/srv
-- Up-to-date: /home/hun/YongYiHanYong/install/yolo_depth_interfaces/include/yolo_depth_interfaces/yolo_depth_interfaces/srv/detail
-- Up-to-date: /home/hun/YongYiHanYong/install/yolo_depth_interfaces/include/yolo_depth_interfaces/yolo_depth_interfaces/srv/detail/target_center__rosidl_typesupport_fastrtps_c.h
-- Up-to-date: /home/hun/YongYiHanYong/install/yolo_depth_interfaces/include/yolo_depth_interfaces/yolo_depth_interfaces/srv/detail/set_target__rosidl_typesupport_fastrtps_c.h
-- Up-to-date: /home/hun/YongYiHanYong/install/yolo_depth_interfaces/include/yolo_depth_interfaces/yolo_depth_interfaces/srv/detail/move_to_point__rosidl_typesupport_fastrtps_c.h
-- Up-to-date: /home/hun/YongYiHanYong/install/yolo_depth_interfaces/lib/libyolo_depth_interfaces__rosidl_typesupport_fastrtps_c.so
-- Up-to-date: /home/hun/YongYiHanYong/install/yolo_depth_interfaces/include/yolo_depth_interfaces/yolo_depth_interfaces
-- Up-to-date: /home/hun/YongYiHanYong/install/yolo_depth_interfaces/include/yolo_depth_interfaces/yolo_depth_interfaces/msg
-- Up-to-date: /home/hun/YongYiHanYong/install/yolo_depth_interfaces/include/yolo_depth_interfaces/yolo_depth_interfaces/msg/rosidl_typesupport_introspection_c__visibility_control.h
-- Up-to-date: /home/hun/YongYiHanYong/install/yolo_depth_interfaces/include/yolo_depth_interfaces/yolo_depth_interfaces/msg/detail
-- Up-to-date: /home/hun/YongYiHanYong/install/yolo_depth_interfaces/include/yolo_depth_interfaces/yolo_depth_interfaces/msg/detail/object_depth_array__type_support.c
-- Up-to-date: /home/hun/YongYiHanYong/install/yolo_depth_interfaces/include/yolo_depth_interfaces/yolo_depth_interfaces/msg/detail/object_depth__rosidl_typesupport_introspection_c.h
-- Up-to-date: /home/hun/YongYiHanYong/install/yolo_depth_interfaces/include/yolo_depth_interfaces/yolo_depth_interfaces/msg/detail/object_depth_array__rosidl_typesupport_introspection_c.h
-- Up-to-date: /home/hun/YongYiHanYong/install/yolo_depth_interfaces/include/yolo_depth_interfaces/yolo_depth_interfaces/msg/detail/object_depth__type_support.c
-- Up-to-date: /home/hun/YongYiHanYong/install/yolo_depth_interfaces/include/yolo_depth_interfaces/yolo_depth_interfaces/srv
-- Up-to-date: /home/hun/YongYiHanYong/install/yolo_depth_interfaces/include/yolo_depth_interfaces/yolo_depth_interfaces/srv/detail
-- Installing: /home/hun/YongYiHanYong/install/yolo_depth_interfaces/include/yolo_depth_interfaces/yolo_depth_interfaces/srv/detail/set_target__type_support.c
-- Up-to-date: /home/hun/YongYiHanYong/install/yolo_depth_interfaces/include/yolo_depth_interfaces/yolo_depth_interfaces/srv/detail/move_to_point__rosidl_typesupport_introspection_c.h
-- Up-to-date: /home/hun/YongYiHanYong/install/yolo_depth_interfaces/include/yolo_depth_interfaces/yolo_depth_interfaces/srv/detail/set_target__rosidl_typesupport_introspection_c.h
-- Up-to-date: /home/hun/YongYiHanYong/install/yolo_depth_interfaces/include/yolo_depth_interfaces/yolo_depth_interfaces/srv/detail/move_to_point__type_support.c
-- Up-to-date: /home/hun/YongYiHanYong/install/yolo_depth_interfaces/include/yolo_depth_interfaces/yolo_depth_interfaces/srv/detail/target_center__rosidl_typesupport_introspection_c.h
-- Up-to-date: /home/hun/YongYiHanYong/install/yolo_depth_interfaces/include/yolo_depth_interfaces/yolo_depth_interfaces/srv/detail/target_center__type_support.c
-- Up-to-date: /home/hun/YongYiHanYong/install/yolo_depth_interfaces/lib/libyolo_depth_interfaces__rosidl_typesupport_introspection_c.so
-- Up-to-date: /home/hun/YongYiHanYong/install/yolo_depth_interfaces/lib/libyolo_depth_interfaces__rosidl_typesupport_c.so
-- Up-to-date: /home/hun/YongYiHanYong/install/yolo_depth_interfaces/include/yolo_depth_interfaces/yolo_depth_interfaces
-- Up-to-date: /home/hun/YongYiHanYong/install/yolo_depth_interfaces/include/yolo_depth_interfaces/yolo_depth_interfaces/msg
-- Up-to-date: /home/hun/YongYiHanYong/install/yolo_depth_interfaces/include/yolo_depth_interfaces/yolo_depth_interfaces/msg/object_depth_array.hpp
-- Up-to-date: /home/hun/YongYiHanYong/install/yolo_depth_interfaces/include/yolo_depth_interfaces/yolo_depth_interfaces/msg/object_depth.hpp
-- Up-to-date: /home/hun/YongYiHanYong/install/yolo_depth_interfaces/include/yolo_depth_interfaces/yolo_depth_interfaces/msg/rosidl_generator_cpp__visibility_control.hpp
-- Up-to-date: /home/hun/YongYiHanYong/install/yolo_depth_interfaces/include/yolo_depth_interfaces/yolo_depth_interfaces/msg/detail
-- Up-to-date: /home/hun/YongYiHanYong/install/yolo_depth_interfaces/include/yolo_depth_interfaces/yolo_depth_interfaces/msg/detail/object_depth__builder.hpp
-- Up-to-date: /home/hun/YongYiHanYong/install/yolo_depth_interfaces/include/yolo_depth_interfaces/yolo_depth_interfaces/msg/detail/object_depth__struct.hpp
-- Up-to-date: /home/hun/YongYiHanYong/install/yolo_depth_interfaces/include/yolo_depth_interfaces/yolo_depth_interfaces/msg/detail/object_depth_array__struct.hpp
-- Up-to-date: /home/hun/YongYiHanYong/install/yolo_depth_interfaces/include/yolo_depth_interfaces/yolo_depth_interfaces/msg/detail/object_depth_array__type_support.hpp
-- Up-to-date: /home/hun/YongYiHanYong/install/yolo_depth_interfaces/include/yolo_depth_interfaces/yolo_depth_interfaces/msg/detail/object_depth__traits.hpp
-- Up-to-date: /home/hun/YongYiHanYong/install/yolo_depth_interfaces/include/yolo_depth_interfaces/yolo_depth_interfaces/msg/detail/object_depth__type_support.hpp
-- Up-to-date: /home/hun/YongYiHanYong/install/yolo_depth_interfaces/include/yolo_depth_interfaces/yolo_depth_interfaces/msg/detail/object_depth_array__builder.hpp
-- Up-to-date: /home/hun/YongYiHanYong/install/yolo_depth_interfaces/include/yolo_depth_interfaces/yolo_depth_interfaces/msg/detail/object_depth_array__traits.hpp
-- Up-to-date: /home/hun/YongYiHanYong/install/yolo_depth_interfaces/include/yolo_depth_interfaces/yolo_depth_interfaces/srv
-- Up-to-date: /home/hun/YongYiHanYong/install/yolo_depth_interfaces/include/yolo_depth_interfaces/yolo_depth_interfaces/srv/move_to_point.hpp
-- Up-to-date: /home/hun/YongYiHanYong/install/yolo_depth_interfaces/include/yolo_depth_interfaces/yolo_depth_interfaces/srv/target_center.hpp
-- Up-to-date: /home/hun/YongYiHanYong/install/yolo_depth_interfaces/include/yolo_depth_interfaces/yolo_depth_interfaces/srv/detail
-- Up-to-date: /home/hun/YongYiHanYong/install/yolo_depth_interfaces/include/yolo_depth_interfaces/yolo_depth_interfaces/srv/detail/target_center__traits.hpp
-- Up-to-date: /home/hun/YongYiHanYong/install/yolo_depth_interfaces/include/yolo_depth_interfaces/yolo_depth_interfaces/srv/detail/move_to_point__builder.hpp
-- Up-to-date: /home/hun/YongYiHanYong/install/yolo_depth_interfaces/include/yolo_depth_interfaces/yolo_depth_interfaces/srv/detail/move_to_point__traits.hpp
-- Up-to-date: /home/hun/YongYiHanYong/install/yolo_depth_interfaces/include/yolo_depth_interfaces/yolo_depth_interfaces/srv/detail/set_target__builder.hpp
-- Up-to-date: /home/hun/YongYiHanYong/install/yolo_depth_interfaces/include/yolo_depth_interfaces/yolo_depth_interfaces/srv/detail/target_center__builder.hpp
-- Up-to-date: /home/hun/YongYiHanYong/install/yolo_depth_interfaces/include/yolo_depth_interfaces/yolo_depth_interfaces/srv/detail/move_to_point__struct.hpp
-- Up-to-date: /home/hun/YongYiHanYong/install/yolo_depth_interfaces/include/yolo_depth_interfaces/yolo_depth_interfaces/srv/detail/move_to_point__type_support.hpp
-- Up-to-date: /home/hun/YongYiHanYong/install/yolo_depth_interfaces/include/yolo_depth_interfaces/yolo_depth_interfaces/srv/detail/target_center__type_support.hpp
-- Up-to-date: /home/hun/YongYiHanYong/install/yolo_depth_interfaces/include/yolo_depth_interfaces/yolo_depth_interfaces/srv/detail/set_target__traits.hpp
-- Up-to-date: /home/hun/YongYiHanYong/install/yolo_depth_interfaces/include/yolo_depth_interfaces/yolo_depth_interfaces/srv/detail/set_target__type_support.hpp
-- Up-to-date: /home/hun/YongYiHanYong/install/yolo_depth_interfaces/include/yolo_depth_interfaces/yolo_depth_interfaces/srv/detail/target_center__struct.hpp
-- Up-to-date: /home/hun/YongYiHanYong/install/yolo_depth_interfaces/include/yolo_depth_interfaces/yolo_depth_interfaces/srv/detail/set_target__struct.hpp
-- Up-to-date: /home/hun/YongYiHanYong/install/yolo_depth_interfaces/include/yolo_depth_interfaces/yolo_depth_interfaces/srv/set_target.hpp
-- Up-to-date: /home/hun/YongYiHanYong/install/yolo_depth_interfaces/include/yolo_depth_interfaces/yolo_depth_interfaces
-- Up-to-date: /home/hun/YongYiHanYong/install/yolo_depth_interfaces/include/yolo_depth_interfaces/yolo_depth_interfaces/msg
-- Up-to-date: /home/hun/YongYiHanYong/install/yolo_depth_interfaces/include/yolo_depth_interfaces/yolo_depth_interfaces/msg/rosidl_typesupport_fastrtps_cpp__visibility_control.h
-- Up-to-date: /home/hun/YongYiHanYong/install/yolo_depth_interfaces/include/yolo_depth_interfaces/yolo_depth_interfaces/msg/detail
-- Up-to-date: /home/hun/YongYiHanYong/install/yolo_depth_interfaces/include/yolo_depth_interfaces/yolo_depth_interfaces/msg/detail/object_depth_array__rosidl_typesupport_fastrtps_cpp.hpp
-- Up-to-date: /home/hun/YongYiHanYong/install/yolo_depth_interfaces/include/yolo_depth_interfaces/yolo_depth_interfaces/msg/detail/object_depth__rosidl_typesupport_fastrtps_cpp.hpp
-- Up-to-date: /home/hun/YongYiHanYong/install/yolo_depth_interfaces/include/yolo_depth_interfaces/yolo_depth_interfaces/msg/detail/dds_fastrtps
-- Up-to-date: /home/hun/YongYiHanYong/install/yolo_depth_interfaces/include/yolo_depth_interfaces/yolo_depth_interfaces/srv
-- Up-to-date: /home/hun/YongYiHanYong/install/yolo_depth_interfaces/include/yolo_depth_interfaces/yolo_depth_interfaces/srv/detail
-- Up-to-date: /home/hun/YongYiHanYong/install/yolo_depth_interfaces/include/yolo_depth_interfaces/yolo_depth_interfaces/srv/detail/dds_fastrtps
-- Up-to-date: /home/hun/YongYiHanYong/install/yolo_depth_interfaces/include/yolo_depth_interfaces/yolo_depth_interfaces/srv/detail/target_center__rosidl_typesupport_fastrtps_cpp.hpp
-- Up-to-date: /home/hun/YongYiHanYong/install/yolo_depth_interfaces/include/yolo_depth_interfaces/yolo_depth_interfaces/srv/detail/move_to_point__rosidl_typesupport_fastrtps_cpp.hpp
-- Up-to-date: /home/hun/YongYiHanYong/install/yolo_depth_interfaces/include/yolo_depth_interfaces/yolo_depth_interfaces/srv/detail/set_target__rosidl_typesupport_fastrtps_cpp.hpp
-- Up-to-date: /home/hun/YongYiHanYong/install/yolo_depth_interfaces/lib/libyolo_depth_interfaces__rosidl_typesupport_fastrtps_cpp.so
-- Up-to-date: /home/hun/YongYiHanYong/install/yolo_depth_interfaces/include/yolo_depth_interfaces/yolo_depth_interfaces
-- Up-to-date: /home/hun/YongYiHanYong/install/yolo_depth_interfaces/include/yolo_depth_interfaces/yolo_depth_interfaces/msg
-- Up-to-date: /home/hun/YongYiHanYong/install/yolo_depth_interfaces/include/yolo_depth_interfaces/yolo_depth_interfaces/msg/detail
-- Up-to-date: /home/hun/YongYiHanYong/install/yolo_depth_interfaces/include/yolo_depth_interfaces/yolo_depth_interfaces/msg/detail/object_depth__type_support.cpp
-- Up-to-date: /home/hun/YongYiHanYong/install/yolo_depth_interfaces/include/yolo_depth_interfaces/yolo_depth_interfaces/msg/detail/object_depth_array__type_support.cpp
-- Up-to-date: /home/hun/YongYiHanYong/install/yolo_depth_interfaces/include/yolo_depth_interfaces/yolo_depth_interfaces/msg/detail/object_depth_array__rosidl_typesupport_introspection_cpp.hpp
-- Up-to-date: /home/hun/YongYiHanYong/install/yolo_depth_interfaces/include/yolo_depth_interfaces/yolo_depth_interfaces/msg/detail/object_depth__rosidl_typesupport_introspection_cpp.hpp
-- Up-to-date: /home/hun/YongYiHanYong/install/yolo_depth_interfaces/include/yolo_depth_interfaces/yolo_depth_interfaces/srv
-- Up-to-date: /home/hun/YongYiHanYong/install/yolo_depth_interfaces/include/yolo_depth_interfaces/yolo_depth_interfaces/srv/detail
-- Up-to-date: /home/hun/YongYiHanYong/install/yolo_depth_interfaces/include/yolo_depth_interfaces/yolo_depth_interfaces/srv/detail/move_to_point__rosidl_typesupport_introspection_cpp.hpp
-- Up-to-date: /home/hun/YongYiHanYong/install/yolo_depth_interfaces/include/yolo_depth_interfaces/yolo_depth_interfaces/srv/detail/set_target__type_support.cpp
-- Up-to-date: /home/hun/YongYiHanYong/install/yolo_depth_interfaces/include/yolo_depth_interfaces/yolo_depth_interfaces/srv/detail/target_center__type_support.cpp
-- Up-to-date: /home/hun/YongYiHanYong/install/yolo_depth_interfaces/include/yolo_depth_interfaces/yolo_depth_interfaces/srv/detail/target_center__rosidl_typesupport_introspection_cpp.hpp
-- Up-to-date: /home/hun/YongYiHanYong/install/yolo_depth_interfaces/include/yolo_depth_interfaces/yolo_depth_interfaces/srv/detail/move_to_point__type_support.cpp
-- Up-to-date: /home/hun/YongYiHanYong/install/yolo_depth_interfaces/include/yolo_depth_interfaces/yolo_depth_interfaces/srv/detail/set_target__rosidl_typesupport_introspection_cpp.hpp
-- Up-to-date: /home/hun/YongYiHanYong/install/yolo_depth_interfaces/lib/libyolo_depth_interfaces__rosidl_typesupport_introspection_cpp.so
-- Up-to-date: /home/hun/YongYiHanYong/install/yolo_depth_interfaces/lib/libyolo_depth_interfaces__rosidl_typesupport_cpp.so
-- Up-to-date: /home/hun/YongYiHanYong/install/yolo_depth_interfaces/share/yolo_depth_interfaces/environment/pythonpath.sh
-- Up-to-date: /home/hun/YongYiHanYong/install/yolo_depth_interfaces/share/yolo_depth_interfaces/environment/pythonpath.dsv
-- Up-to-date: /home/hun/YongYiHanYong/install/yolo_depth_interfaces/lib/python3.12/site-packages/yolo_depth_interfaces-0.0.0-py3.12.egg-info
-- Installing: /home/hun/YongYiHanYong/install/yolo_depth_interfaces/lib/python3.12/site-packages/yolo_depth_interfaces-0.0.0-py3.12.egg-info/top_level.txt
-- Installing: /home/hun/YongYiHanYong/install/yolo_depth_interfaces/lib/python3.12/site-packages/yolo_depth_interfaces-0.0.0-py3.12.egg-info/SOURCES.txt
-- Installing: /home/hun/YongYiHanYong/install/yolo_depth_interfaces/lib/python3.12/site-packages/yolo_depth_interfaces-0.0.0-py3.12.egg-info/PKG-INFO
-- Installing: /home/hun/YongYiHanYong/install/yolo_depth_interfaces/lib/python3.12/site-packages/yolo_depth_interfaces-0.0.0-py3.12.egg-info/dependency_links.txt
-- Up-to-date: /home/hun/YongYiHanYong/install/yolo_depth_interfaces/lib/python3.12/site-packages/yolo_depth_interfaces
-- Up-to-date: /home/hun/YongYiHanYong/install/yolo_depth_interfaces/lib/python3.12/site-packages/yolo_depth_interfaces/__init__.py
-- Up-to-date: /home/hun/YongYiHanYong/install/yolo_depth_interfaces/lib/python3.12/site-packages/yolo_depth_interfaces/_yolo_depth_interfaces_s.ep.rosidl_typesupport_introspection_c.c
-- Up-to-date: /home/hun/YongYiHanYong/install/yolo_depth_interfaces/lib/python3.12/site-packages/yolo_depth_interfaces/msg
-- Up-to-date: /home/hun/YongYiHanYong/install/yolo_depth_interfaces/lib/python3.12/site-packages/yolo_depth_interfaces/msg/_object_depth.py
-- Up-to-date: /home/hun/YongYiHanYong/install/yolo_depth_interfaces/lib/python3.12/site-packages/yolo_depth_interfaces/msg/_object_depth_s.c
-- Up-to-date: /home/hun/YongYiHanYong/install/yolo_depth_interfaces/lib/python3.12/site-packages/yolo_depth_interfaces/msg/__init__.py
-- Up-to-date: /home/hun/YongYiHanYong/install/yolo_depth_interfaces/lib/python3.12/site-packages/yolo_depth_interfaces/msg/_object_depth_array.py
-- Up-to-date: /home/hun/YongYiHanYong/install/yolo_depth_interfaces/lib/python3.12/site-packages/yolo_depth_interfaces/msg/_object_depth_array_s.c
-- Up-to-date: /home/hun/YongYiHanYong/install/yolo_depth_interfaces/lib/python3.12/site-packages/yolo_depth_interfaces/_yolo_depth_interfaces_s.ep.rosidl_typesupport_c.c
-- Up-to-date: /home/hun/YongYiHanYong/install/yolo_depth_interfaces/lib/python3.12/site-packages/yolo_depth_interfaces/yolo_depth_interfaces_s__rosidl_typesupport_c.so
-- Up-to-date: /home/hun/YongYiHanYong/install/yolo_depth_interfaces/lib/python3.12/site-packages/yolo_depth_interfaces/yolo_depth_interfaces_s__rosidl_typesupport_fastrtps_c.so
-- Up-to-date: /home/hun/YongYiHanYong/install/yolo_depth_interfaces/lib/python3.12/site-packages/yolo_depth_interfaces/_yolo_depth_interfaces_s.ep.rosidl_typesupport_fastrtps_c.c
-- Up-to-date: /home/hun/YongYiHanYong/install/yolo_depth_interfaces/lib/python3.12/site-packages/yolo_depth_interfaces/srv
-- Up-to-date: /home/hun/YongYiHanYong/install/yolo_depth_interfaces/lib/python3.12/site-packages/yolo_depth_interfaces/srv/_move_to_point_s.c
-- Up-to-date: /home/hun/YongYiHanYong/install/yolo_depth_interfaces/lib/python3.12/site-packages/yolo_depth_interfaces/srv/__init__.py
-- Up-to-date: /home/hun/YongYiHanYong/install/yolo_depth_interfaces/lib/python3.12/site-packages/yolo_depth_interfaces/srv/_set_target.py
-- Up-to-date: /home/hun/YongYiHanYong/install/yolo_depth_interfaces/lib/python3.12/site-packages/yolo_depth_interfaces/srv/_target_center.py
-- Up-to-date: /home/hun/YongYiHanYong/install/yolo_depth_interfaces/lib/python3.12/site-packages/yolo_depth_interfaces/srv/_set_target_s.c
-- Up-to-date: /home/hun/YongYiHanYong/install/yolo_depth_interfaces/lib/python3.12/site-packages/yolo_depth_interfaces/srv/_target_center_s.c
-- Up-to-date: /home/hun/YongYiHanYong/install/yolo_depth_interfaces/lib/python3.12/site-packages/yolo_depth_interfaces/srv/_move_to_point.py
-- Up-to-date: /home/hun/YongYiHanYong/install/yolo_depth_interfaces/lib/python3.12/site-packages/yolo_depth_interfaces/yolo_depth_interfaces_s__rosidl_typesupport_introspection_c.so
Listing '/home/hun/YongYiHanYong/install/yolo_depth_interfaces/lib/python3.12/site-packages/yolo_depth_interfaces'...
Listing '/home/hun/YongYiHanYong/install/yolo_depth_interfaces/lib/python3.12/site-packages/yolo_depth_interfaces/msg'...
Listing '/home/hun/YongYiHanYong/install/yolo_depth_interfaces/lib/python3.12/site-packages/yolo_depth_interfaces/srv'...
-- Up-to-date: /home/hun/YongYiHanYong/install/yolo_depth_interfaces/lib/python3.12/site-packages/yolo_depth_interfaces/yolo_depth_interfaces_s__rosidl_typesupport_fastrtps_c.so
-- Up-to-date: /home/hun/YongYiHanYong/install/yolo_depth_interfaces/lib/python3.12/site-packages/yolo_depth_interfaces/yolo_depth_interfaces_s__rosidl_typesupport_introspection_c.so
-- Up-to-date: /home/hun/YongYiHanYong/install/yolo_depth_interfaces/lib/python3.12/site-packages/yolo_depth_interfaces/yolo_depth_interfaces_s__rosidl_typesupport_c.so
-- Up-to-date: /home/hun/YongYiHanYong/install/yolo_depth_interfaces/lib/libyolo_depth_interfaces__rosidl_generator_py.so
-- Up-to-date: /home/hun/YongYiHanYong/install/yolo_depth_interfaces/share/yolo_depth_interfaces/msg/ObjectDepth.idl
-- Up-to-date: /home/hun/YongYiHanYong/install/yolo_depth_interfaces/share/yolo_depth_interfaces/msg/ObjectDepthArray.idl
-- Up-to-date: /home/hun/YongYiHanYong/install/yolo_depth_interfaces/share/yolo_depth_interfaces/srv/SetTarget.idl
-- Up-to-date: /home/hun/YongYiHanYong/install/yolo_depth_interfaces/share/yolo_depth_interfaces/srv/MoveToPoint.idl
-- Up-to-date: /home/hun/YongYiHanYong/install/yolo_depth_interfaces/share/yolo_depth_interfaces/srv/TargetCenter.idl
-- Up-to-date: /home/hun/YongYiHanYong/install/yolo_depth_interfaces/share/yolo_depth_interfaces/msg/ObjectDepth.msg
-- Up-to-date: /home/hun/YongYiHanYong/install/yolo_depth_interfaces/share/yolo_depth_interfaces/msg/ObjectDepthArray.msg
-- Up-to-date: /home/hun/YongYiHanYong/install/yolo_depth_interfaces/share/yolo_depth_interfaces/srv/SetTarget.srv
-- Up-to-date: /home/hun/YongYiHanYong/install/yolo_depth_interfaces/share/yolo_depth_interfaces/srv/MoveToPoint.srv
-- Up-to-date: /home/hun/YongYiHanYong/install/yolo_depth_interfaces/share/yolo_depth_interfaces/srv/TargetCenter.srv
-- Up-to-date: /home/hun/YongYiHanYong/install/yolo_depth_interfaces/share/ament_index/resource_index/package_run_dependencies/yolo_depth_interfaces
-- Up-to-date: /home/hun/YongYiHanYong/install/yolo_depth_interfaces/share/ament_index/resource_index/parent_prefix_path/yolo_depth_interfaces
-- Up-to-date: /home/hun/YongYiHanYong/install/yolo_depth_interfaces/share/yolo_depth_interfaces/environment/ament_prefix_path.sh
-- Up-to-date: /home/hun/YongYiHanYong/install/yolo_depth_interfaces/share/yolo_depth_interfaces/environment/ament_prefix_path.dsv
-- Up-to-date: /home/hun/YongYiHanYong/install/yolo_depth_interfaces/share/yolo_depth_interfaces/environment/path.sh
-- Up-to-date: /home/hun/YongYiHanYong/install/yolo_depth_interfaces/share/yolo_depth_interfaces/environment/path.dsv
-- Up-to-date: /home/hun/YongYiHanYong/install/yolo_depth_interfaces/share/yolo_depth_interfaces/local_setup.bash
-- Up-to-date: /home/hun/YongYiHanYong/install/yolo_depth_interfaces/share/yolo_depth_interfaces/local_setup.sh
-- Up-to-date: /home/hun/YongYiHanYong/install/yolo_depth_interfaces/share/yolo_depth_interfaces/local_setup.zsh
-- Up-to-date: /home/hun/YongYiHanYong/install/yolo_depth_interfaces/share/yolo_depth_interfaces/local_setup.dsv
-- Installing: /home/hun/YongYiHanYong/install/yolo_depth_interfaces/share/yolo_depth_interfaces/package.dsv
-- Up-to-date: /home/hun/YongYiHanYong/install/yolo_depth_interfaces/share/ament_index/resource_index/packages/yolo_depth_interfaces
-- Up-to-date: /home/hun/YongYiHanYong/install/yolo_depth_interfaces/share/yolo_depth_interfaces/cmake/export_yolo_depth_interfaces__rosidl_generator_cExport.cmake
-- Up-to-date: /home/hun/YongYiHanYong/install/yolo_depth_interfaces/share/yolo_depth_interfaces/cmake/export_yolo_depth_interfaces__rosidl_generator_cExport-noconfig.cmake
-- Up-to-date: /home/hun/YongYiHanYong/install/yolo_depth_interfaces/share/yolo_depth_interfaces/cmake/export_yolo_depth_interfaces__rosidl_typesupport_fastrtps_cExport.cmake
-- Up-to-date: /home/hun/YongYiHanYong/install/yolo_depth_interfaces/share/yolo_depth_interfaces/cmake/export_yolo_depth_interfaces__rosidl_typesupport_fastrtps_cExport-noconfig.cmake
-- Up-to-date: /home/hun/YongYiHanYong/install/yolo_depth_interfaces/share/yolo_depth_interfaces/cmake/yolo_depth_interfaces__rosidl_typesupport_introspection_cExport.cmake
-- Up-to-date: /home/hun/YongYiHanYong/install/yolo_depth_interfaces/share/yolo_depth_interfaces/cmake/yolo_depth_interfaces__rosidl_typesupport_introspection_cExport-noconfig.cmake
-- Up-to-date: /home/hun/YongYiHanYong/install/yolo_depth_interfaces/share/yolo_depth_interfaces/cmake/yolo_depth_interfaces__rosidl_typesupport_cExport.cmake
-- Up-to-date: /home/hun/YongYiHanYong/install/yolo_depth_interfaces/share/yolo_depth_interfaces/cmake/yolo_depth_interfaces__rosidl_typesupport_cExport-noconfig.cmake
-- Up-to-date: /home/hun/YongYiHanYong/install/yolo_depth_interfaces/share/yolo_depth_interfaces/cmake/export_yolo_depth_interfaces__rosidl_generator_cppExport.cmake
-- Up-to-date: /home/hun/YongYiHanYong/install/yolo_depth_interfaces/share/yolo_depth_interfaces/cmake/export_yolo_depth_interfaces__rosidl_typesupport_fastrtps_cppExport.cmake
-- Up-to-date: /home/hun/YongYiHanYong/install/yolo_depth_interfaces/share/yolo_depth_interfaces/cmake/export_yolo_depth_interfaces__rosidl_typesupport_fastrtps_cppExport-noconfig.cmake
-- Up-to-date: /home/hun/YongYiHanYong/install/yolo_depth_interfaces/share/yolo_depth_interfaces/cmake/yolo_depth_interfaces__rosidl_typesupport_introspection_cppExport.cmake
-- Up-to-date: /home/hun/YongYiHanYong/install/yolo_depth_interfaces/share/yolo_depth_interfaces/cmake/yolo_depth_interfaces__rosidl_typesupport_introspection_cppExport-noconfig.cmake
-- Up-to-date: /home/hun/YongYiHanYong/install/yolo_depth_interfaces/share/yolo_depth_interfaces/cmake/yolo_depth_interfaces__rosidl_typesupport_cppExport.cmake
-- Up-to-date: /home/hun/YongYiHanYong/install/yolo_depth_interfaces/share/yolo_depth_interfaces/cmake/yolo_depth_interfaces__rosidl_typesupport_cppExport-noconfig.cmake
-- Up-to-date: /home/hun/YongYiHanYong/install/yolo_depth_interfaces/share/yolo_depth_interfaces/cmake/export_yolo_depth_interfaces__rosidl_generator_pyExport.cmake
-- Up-to-date: /home/hun/YongYiHanYong/install/yolo_depth_interfaces/share/yolo_depth_interfaces/cmake/export_yolo_depth_interfaces__rosidl_generator_pyExport-noconfig.cmake
-- Up-to-date: /home/hun/YongYiHanYong/install/yolo_depth_interfaces/share/yolo_depth_interfaces/cmake/rosidl_cmake-extras.cmake
-- Up-to-date: /home/hun/YongYiHanYong/install/yolo_depth_interfaces/share/yolo_depth_interfaces/cmake/ament_cmake_export_dependencies-extras.cmake
-- Up-to-date: /home/hun/YongYiHanYong/install/yolo_depth_interfaces/share/yolo_depth_interfaces/cmake/ament_cmake_export_include_directories-extras.cmake
-- Up-to-date: /home/hun/YongYiHanYong/install/yolo_depth_interfaces/share/yolo_depth_interfaces/cmake/ament_cmake_export_libraries-extras.cmake
-- Up-to-date: /home/hun/YongYiHanYong/install/yolo_depth_interfaces/share/yolo_depth_interfaces/cmake/ament_cmake_export_targets-extras.cmake
-- Up-to-date: /home/hun/YongYiHanYong/install/yolo_depth_interfaces/share/yolo_depth_interfaces/cmake/rosidl_cmake_export_typesupport_targets-extras.cmake
-- Up-to-date: /home/hun/YongYiHanYong/install/yolo_depth_interfaces/share/yolo_depth_interfaces/cmake/rosidl_cmake_export_typesupport_libraries-extras.cmake
-- Up-to-date: /home/hun/YongYiHanYong/install/yolo_depth_interfaces/share/yolo_depth_interfaces/cmake/yolo_depth_interfacesConfig.cmake
-- Up-to-date: /home/hun/YongYiHanYong/install/yolo_depth_interfaces/share/yolo_depth_interfaces/cmake/yolo_depth_interfacesConfig-version.cmake
-- Up-to-date: /home/hun/YongYiHanYong/install/yolo_depth_interfaces/share/yolo_depth_interfaces/package.xml
