[0.037s] Invoking command in '/home/hun/YongYiHanYong/build/yolo_depth_interfaces': DEBUGINFOD_URLS=https://debuginfod.ubuntu.com /usr/bin/cmake --build /home/hun/YongYiHanYong/build/yolo_depth_interfaces -- -j12 -l12
[0.149s] [  1%] Built target yolo_depth_interfaces__rosidl_generator_type_description
[0.218s] [  1%] Built target ament_cmake_python_copy_yolo_depth_interfaces
[0.277s] [ 24%] Built target yolo_depth_interfaces__rosidl_generator_c
[0.908s] running egg_info
[0.975s] writing yolo_depth_interfaces.egg-info/PKG-INFO
[0.975s] writing dependency_links to yolo_depth_interfaces.egg-info/dependency_links.txt
[0.977s] writing top-level names to yolo_depth_interfaces.egg-info/top_level.txt
[1.167s] reading manifest file 'yolo_depth_interfaces.egg-info/SOURCES.txt'
[1.170s] writing manifest file 'yolo_depth_interfaces.egg-info/SOURCES.txt'
[1.245s] [ 24%] Built target ament_cmake_python_build_yolo_depth_interfaces_egg
[1.295s] [ 33%] Built target yolo_depth_interfaces__rosidl_typesupport_c
[1.350s] [ 43%] Built target yolo_depth_interfaces__rosidl_typesupport_introspection_c
[1.407s] [ 52%] Built target yolo_depth_interfaces__rosidl_typesupport_fastrtps_c
[1.457s] [ 54%] Built target yolo_depth_interfaces__cpp
[1.516s] [ 63%] Built target yolo_depth_interfaces__rosidl_typesupport_fastrtps_cpp
[1.574s] [ 72%] Built target yolo_depth_interfaces__rosidl_typesupport_cpp
[1.639s] [ 82%] Built target yolo_depth_interfaces__rosidl_typesupport_introspection_cpp
[1.686s] [ 82%] Built target yolo_depth_interfaces
[1.736s] [ 83%] Built target yolo_depth_interfaces__py
[1.792s] [ 91%] Built target yolo_depth_interfaces__rosidl_generator_py
[1.844s] [ 94%] Built target yolo_depth_interfaces_s__rosidl_typesupport_fastrtps_c
[1.895s] [ 97%] Built target yolo_depth_interfaces_s__rosidl_typesupport_c
[1.948s] [100%] Built target yolo_depth_interfaces_s__rosidl_typesupport_introspection_c
[1.980s] Invoked command in '/home/hun/YongYiHanYong/build/yolo_depth_interfaces' returned '0': DEBUGINFOD_URLS=https://debuginfod.ubuntu.com /usr/bin/cmake --build /home/hun/YongYiHanYong/build/yolo_depth_interfaces -- -j12 -l12
[1.981s] Invoking command in '/home/hun/YongYiHanYong/build/yolo_depth_interfaces': DEBUGINFOD_URLS=https://debuginfod.ubuntu.com /usr/bin/cmake --install /home/hun/YongYiHanYong/build/yolo_depth_interfaces
[2.023s] -- Install configuration: ""
[2.023s] -- Up-to-date: /home/hun/YongYiHanYong/install/yolo_depth_interfaces/share/ament_index/resource_index/rosidl_interfaces/yolo_depth_interfaces
[2.023s] -- Up-to-date: /home/hun/YongYiHanYong/install/yolo_depth_interfaces/share/yolo_depth_interfaces/msg/ObjectDepth.json
[2.024s] -- Up-to-date: /home/hun/YongYiHanYong/install/yolo_depth_interfaces/share/yolo_depth_interfaces/msg/ObjectDepthArray.json
[2.024s] -- Up-to-date: /home/hun/YongYiHanYong/install/yolo_depth_interfaces/share/yolo_depth_interfaces/srv/SetTarget.json
[2.024s] -- Up-to-date: /home/hun/YongYiHanYong/install/yolo_depth_interfaces/share/yolo_depth_interfaces/srv/MoveToPoint.json
[2.025s] -- Up-to-date: /home/hun/YongYiHanYong/install/yolo_depth_interfaces/share/yolo_depth_interfaces/srv/TargetCenter.json
[2.025s] -- Up-to-date: /home/hun/YongYiHanYong/install/yolo_depth_interfaces/include/yolo_depth_interfaces/yolo_depth_interfaces
[2.025s] -- Up-to-date: /home/hun/YongYiHanYong/install/yolo_depth_interfaces/include/yolo_depth_interfaces/yolo_depth_interfaces/msg
[2.025s] -- Up-to-date: /home/hun/YongYiHanYong/install/yolo_depth_interfaces/include/yolo_depth_interfaces/yolo_depth_interfaces/msg/rosidl_generator_c__visibility_control.h
[2.025s] -- Up-to-date: /home/hun/YongYiHanYong/install/yolo_depth_interfaces/include/yolo_depth_interfaces/yolo_depth_interfaces/msg/object_depth_array.h
[2.026s] -- Up-to-date: /home/hun/YongYiHanYong/install/yolo_depth_interfaces/include/yolo_depth_interfaces/yolo_depth_interfaces/msg/detail
[2.026s] -- Up-to-date: /home/hun/YongYiHanYong/install/yolo_depth_interfaces/include/yolo_depth_interfaces/yolo_depth_interfaces/msg/detail/object_depth_array__type_support.c
[2.026s] -- Up-to-date: /home/hun/YongYiHanYong/install/yolo_depth_interfaces/include/yolo_depth_interfaces/yolo_depth_interfaces/msg/detail/object_depth_array__struct.h
[2.026s] -- Up-to-date: /home/hun/YongYiHanYong/install/yolo_depth_interfaces/include/yolo_depth_interfaces/yolo_depth_interfaces/msg/detail/object_depth__description.c
[2.027s] -- Up-to-date: /home/hun/YongYiHanYong/install/yolo_depth_interfaces/include/yolo_depth_interfaces/yolo_depth_interfaces/msg/detail/object_depth__struct.h
[2.028s] -- Up-to-date: /home/hun/YongYiHanYong/install/yolo_depth_interfaces/include/yolo_depth_interfaces/yolo_depth_interfaces/msg/detail/object_depth_array__functions.h
[2.028s] -- Up-to-date: /home/hun/YongYiHanYong/install/yolo_depth_interfaces/include/yolo_depth_interfaces/yolo_depth_interfaces/msg/detail/object_depth__functions.h
[2.028s] -- Up-to-date: /home/hun/YongYiHanYong/install/yolo_depth_interfaces/include/yolo_depth_interfaces/yolo_depth_interfaces/msg/detail/object_depth__type_support.h
[2.028s] -- Up-to-date: /home/hun/YongYiHanYong/install/yolo_depth_interfaces/include/yolo_depth_interfaces/yolo_depth_interfaces/msg/detail/object_depth_array__type_support.h
[2.029s] -- Up-to-date: /home/hun/YongYiHanYong/install/yolo_depth_interfaces/include/yolo_depth_interfaces/yolo_depth_interfaces/msg/detail/object_depth_array__description.c
[2.029s] -- Up-to-date: /home/hun/YongYiHanYong/install/yolo_depth_interfaces/include/yolo_depth_interfaces/yolo_depth_interfaces/msg/detail/object_depth__functions.c
[2.030s] -- Up-to-date: /home/hun/YongYiHanYong/install/yolo_depth_interfaces/include/yolo_depth_interfaces/yolo_depth_interfaces/msg/detail/object_depth_array__functions.c
[2.030s] -- Up-to-date: /home/hun/YongYiHanYong/install/yolo_depth_interfaces/include/yolo_depth_interfaces/yolo_depth_interfaces/msg/detail/object_depth__type_support.c
[2.030s] -- Up-to-date: /home/hun/YongYiHanYong/install/yolo_depth_interfaces/include/yolo_depth_interfaces/yolo_depth_interfaces/msg/object_depth.h
[2.030s] -- Up-to-date: /home/hun/YongYiHanYong/install/yolo_depth_interfaces/include/yolo_depth_interfaces/yolo_depth_interfaces/srv
[2.030s] -- Up-to-date: /home/hun/YongYiHanYong/install/yolo_depth_interfaces/include/yolo_depth_interfaces/yolo_depth_interfaces/srv/move_to_point.h
[2.030s] -- Up-to-date: /home/hun/YongYiHanYong/install/yolo_depth_interfaces/include/yolo_depth_interfaces/yolo_depth_interfaces/srv/target_center.h
[2.031s] -- Up-to-date: /home/hun/YongYiHanYong/install/yolo_depth_interfaces/include/yolo_depth_interfaces/yolo_depth_interfaces/srv/set_target.h
[2.031s] -- Up-to-date: /home/hun/YongYiHanYong/install/yolo_depth_interfaces/include/yolo_depth_interfaces/yolo_depth_interfaces/srv/detail
[2.031s] -- Up-to-date: /home/hun/YongYiHanYong/install/yolo_depth_interfaces/include/yolo_depth_interfaces/yolo_depth_interfaces/srv/detail/move_to_point__functions.c
[2.031s] -- Up-to-date: /home/hun/YongYiHanYong/install/yolo_depth_interfaces/include/yolo_depth_interfaces/yolo_depth_interfaces/srv/detail/move_to_point__type_support.h
[2.031s] -- Up-to-date: /home/hun/YongYiHanYong/install/yolo_depth_interfaces/include/yolo_depth_interfaces/yolo_depth_interfaces/srv/detail/set_target__description.c
[2.032s] -- Up-to-date: /home/hun/YongYiHanYong/install/yolo_depth_interfaces/include/yolo_depth_interfaces/yolo_depth_interfaces/srv/detail/set_target__struct.h
[2.032s] -- Up-to-date: /home/hun/YongYiHanYong/install/yolo_depth_interfaces/include/yolo_depth_interfaces/yolo_depth_interfaces/srv/detail/set_target__functions.c
[2.032s] -- Up-to-date: /home/hun/YongYiHanYong/install/yolo_depth_interfaces/include/yolo_depth_interfaces/yolo_depth_interfaces/srv/detail/set_target__type_support.h
[2.032s] -- Installing: /home/hun/YongYiHanYong/install/yolo_depth_interfaces/include/yolo_depth_interfaces/yolo_depth_interfaces/srv/detail/set_target__type_support.c
[2.032s] -- Up-to-date: /home/hun/YongYiHanYong/install/yolo_depth_interfaces/include/yolo_depth_interfaces/yolo_depth_interfaces/srv/detail/move_to_point__type_support.c
[2.032s] -- Up-to-date: /home/hun/YongYiHanYong/install/yolo_depth_interfaces/include/yolo_depth_interfaces/yolo_depth_interfaces/srv/detail/target_center__type_support.h
[2.033s] -- Up-to-date: /home/hun/YongYiHanYong/install/yolo_depth_interfaces/include/yolo_depth_interfaces/yolo_depth_interfaces/srv/detail/target_center__struct.h
[2.033s] -- Up-to-date: /home/hun/YongYiHanYong/install/yolo_depth_interfaces/include/yolo_depth_interfaces/yolo_depth_interfaces/srv/detail/target_center__functions.c
[2.033s] -- Up-to-date: /home/hun/YongYiHanYong/install/yolo_depth_interfaces/include/yolo_depth_interfaces/yolo_depth_interfaces/srv/detail/target_center__functions.h
[2.033s] -- Up-to-date: /home/hun/YongYiHanYong/install/yolo_depth_interfaces/include/yolo_depth_interfaces/yolo_depth_interfaces/srv/detail/target_center__type_support.c
[2.034s] -- Up-to-date: /home/hun/YongYiHanYong/install/yolo_depth_interfaces/include/yolo_depth_interfaces/yolo_depth_interfaces/srv/detail/move_to_point__description.c
[2.034s] -- Up-to-date: /home/hun/YongYiHanYong/install/yolo_depth_interfaces/include/yolo_depth_interfaces/yolo_depth_interfaces/srv/detail/set_target__functions.h
[2.034s] -- Up-to-date: /home/hun/YongYiHanYong/install/yolo_depth_interfaces/include/yolo_depth_interfaces/yolo_depth_interfaces/srv/detail/move_to_point__struct.h
[2.034s] -- Up-to-date: /home/hun/YongYiHanYong/install/yolo_depth_interfaces/include/yolo_depth_interfaces/yolo_depth_interfaces/srv/detail/target_center__description.c
[2.035s] -- Up-to-date: /home/hun/YongYiHanYong/install/yolo_depth_interfaces/include/yolo_depth_interfaces/yolo_depth_interfaces/srv/detail/move_to_point__functions.h
[2.035s] -- Up-to-date: /home/hun/YongYiHanYong/install/yolo_depth_interfaces/share/yolo_depth_interfaces/environment/library_path.sh
[2.035s] -- Up-to-date: /home/hun/YongYiHanYong/install/yolo_depth_interfaces/share/yolo_depth_interfaces/environment/library_path.dsv
[2.036s] -- Up-to-date: /home/hun/YongYiHanYong/install/yolo_depth_interfaces/lib/libyolo_depth_interfaces__rosidl_generator_c.so
[2.036s] -- Up-to-date: /home/hun/YongYiHanYong/install/yolo_depth_interfaces/include/yolo_depth_interfaces/yolo_depth_interfaces
[2.036s] -- Up-to-date: /home/hun/YongYiHanYong/install/yolo_depth_interfaces/include/yolo_depth_interfaces/yolo_depth_interfaces/msg
[2.036s] -- Up-to-date: /home/hun/YongYiHanYong/install/yolo_depth_interfaces/include/yolo_depth_interfaces/yolo_depth_interfaces/msg/rosidl_typesupport_fastrtps_c__visibility_control.h
[2.037s] -- Up-to-date: /home/hun/YongYiHanYong/install/yolo_depth_interfaces/include/yolo_depth_interfaces/yolo_depth_interfaces/msg/detail
[2.037s] -- Up-to-date: /home/hun/YongYiHanYong/install/yolo_depth_interfaces/include/yolo_depth_interfaces/yolo_depth_interfaces/msg/detail/object_depth_array__rosidl_typesupport_fastrtps_c.h
[2.037s] -- Up-to-date: /home/hun/YongYiHanYong/install/yolo_depth_interfaces/include/yolo_depth_interfaces/yolo_depth_interfaces/msg/detail/object_depth__rosidl_typesupport_fastrtps_c.h
[2.037s] -- Up-to-date: /home/hun/YongYiHanYong/install/yolo_depth_interfaces/include/yolo_depth_interfaces/yolo_depth_interfaces/srv
[2.037s] -- Up-to-date: /home/hun/YongYiHanYong/install/yolo_depth_interfaces/include/yolo_depth_interfaces/yolo_depth_interfaces/srv/detail
[2.037s] -- Up-to-date: /home/hun/YongYiHanYong/install/yolo_depth_interfaces/include/yolo_depth_interfaces/yolo_depth_interfaces/srv/detail/target_center__rosidl_typesupport_fastrtps_c.h
[2.038s] -- Up-to-date: /home/hun/YongYiHanYong/install/yolo_depth_interfaces/include/yolo_depth_interfaces/yolo_depth_interfaces/srv/detail/set_target__rosidl_typesupport_fastrtps_c.h
[2.038s] -- Up-to-date: /home/hun/YongYiHanYong/install/yolo_depth_interfaces/include/yolo_depth_interfaces/yolo_depth_interfaces/srv/detail/move_to_point__rosidl_typesupport_fastrtps_c.h
[2.038s] -- Up-to-date: /home/hun/YongYiHanYong/install/yolo_depth_interfaces/lib/libyolo_depth_interfaces__rosidl_typesupport_fastrtps_c.so
[2.038s] -- Up-to-date: /home/hun/YongYiHanYong/install/yolo_depth_interfaces/include/yolo_depth_interfaces/yolo_depth_interfaces
[2.038s] -- Up-to-date: /home/hun/YongYiHanYong/install/yolo_depth_interfaces/include/yolo_depth_interfaces/yolo_depth_interfaces/msg
[2.038s] -- Up-to-date: /home/hun/YongYiHanYong/install/yolo_depth_interfaces/include/yolo_depth_interfaces/yolo_depth_interfaces/msg/rosidl_typesupport_introspection_c__visibility_control.h
[2.039s] -- Up-to-date: /home/hun/YongYiHanYong/install/yolo_depth_interfaces/include/yolo_depth_interfaces/yolo_depth_interfaces/msg/detail
[2.039s] -- Up-to-date: /home/hun/YongYiHanYong/install/yolo_depth_interfaces/include/yolo_depth_interfaces/yolo_depth_interfaces/msg/detail/object_depth_array__type_support.c
[2.039s] -- Up-to-date: /home/hun/YongYiHanYong/install/yolo_depth_interfaces/include/yolo_depth_interfaces/yolo_depth_interfaces/msg/detail/object_depth__rosidl_typesupport_introspection_c.h
[2.039s] -- Up-to-date: /home/hun/YongYiHanYong/install/yolo_depth_interfaces/include/yolo_depth_interfaces/yolo_depth_interfaces/msg/detail/object_depth_array__rosidl_typesupport_introspection_c.h
[2.039s] -- Up-to-date: /home/hun/YongYiHanYong/install/yolo_depth_interfaces/include/yolo_depth_interfaces/yolo_depth_interfaces/msg/detail/object_depth__type_support.c
[2.040s] -- Up-to-date: /home/hun/YongYiHanYong/install/yolo_depth_interfaces/include/yolo_depth_interfaces/yolo_depth_interfaces/srv
[2.040s] -- Up-to-date: /home/hun/YongYiHanYong/install/yolo_depth_interfaces/include/yolo_depth_interfaces/yolo_depth_interfaces/srv/detail
[2.040s] -- Installing: /home/hun/YongYiHanYong/install/yolo_depth_interfaces/include/yolo_depth_interfaces/yolo_depth_interfaces/srv/detail/set_target__type_support.c
[2.040s] -- Up-to-date: /home/hun/YongYiHanYong/install/yolo_depth_interfaces/include/yolo_depth_interfaces/yolo_depth_interfaces/srv/detail/move_to_point__rosidl_typesupport_introspection_c.h
[2.040s] -- Up-to-date: /home/hun/YongYiHanYong/install/yolo_depth_interfaces/include/yolo_depth_interfaces/yolo_depth_interfaces/srv/detail/set_target__rosidl_typesupport_introspection_c.h
[2.040s] -- Up-to-date: /home/hun/YongYiHanYong/install/yolo_depth_interfaces/include/yolo_depth_interfaces/yolo_depth_interfaces/srv/detail/move_to_point__type_support.c
[2.041s] -- Up-to-date: /home/hun/YongYiHanYong/install/yolo_depth_interfaces/include/yolo_depth_interfaces/yolo_depth_interfaces/srv/detail/target_center__rosidl_typesupport_introspection_c.h
[2.041s] -- Up-to-date: /home/hun/YongYiHanYong/install/yolo_depth_interfaces/include/yolo_depth_interfaces/yolo_depth_interfaces/srv/detail/target_center__type_support.c
[2.041s] -- Up-to-date: /home/hun/YongYiHanYong/install/yolo_depth_interfaces/lib/libyolo_depth_interfaces__rosidl_typesupport_introspection_c.so
[2.041s] -- Up-to-date: /home/hun/YongYiHanYong/install/yolo_depth_interfaces/lib/libyolo_depth_interfaces__rosidl_typesupport_c.so
[2.041s] -- Up-to-date: /home/hun/YongYiHanYong/install/yolo_depth_interfaces/include/yolo_depth_interfaces/yolo_depth_interfaces
[2.042s] -- Up-to-date: /home/hun/YongYiHanYong/install/yolo_depth_interfaces/include/yolo_depth_interfaces/yolo_depth_interfaces/msg
[2.042s] -- Up-to-date: /home/hun/YongYiHanYong/install/yolo_depth_interfaces/include/yolo_depth_interfaces/yolo_depth_interfaces/msg/object_depth_array.hpp
[2.042s] -- Up-to-date: /home/hun/YongYiHanYong/install/yolo_depth_interfaces/include/yolo_depth_interfaces/yolo_depth_interfaces/msg/object_depth.hpp
[2.042s] -- Up-to-date: /home/hun/YongYiHanYong/install/yolo_depth_interfaces/include/yolo_depth_interfaces/yolo_depth_interfaces/msg/rosidl_generator_cpp__visibility_control.hpp
[2.042s] -- Up-to-date: /home/hun/YongYiHanYong/install/yolo_depth_interfaces/include/yolo_depth_interfaces/yolo_depth_interfaces/msg/detail
[2.042s] -- Up-to-date: /home/hun/YongYiHanYong/install/yolo_depth_interfaces/include/yolo_depth_interfaces/yolo_depth_interfaces/msg/detail/object_depth__builder.hpp
[2.043s] -- Up-to-date: /home/hun/YongYiHanYong/install/yolo_depth_interfaces/include/yolo_depth_interfaces/yolo_depth_interfaces/msg/detail/object_depth__struct.hpp
[2.043s] -- Up-to-date: /home/hun/YongYiHanYong/install/yolo_depth_interfaces/include/yolo_depth_interfaces/yolo_depth_interfaces/msg/detail/object_depth_array__struct.hpp
[2.043s] -- Up-to-date: /home/hun/YongYiHanYong/install/yolo_depth_interfaces/include/yolo_depth_interfaces/yolo_depth_interfaces/msg/detail/object_depth_array__type_support.hpp
[2.043s] -- Up-to-date: /home/hun/YongYiHanYong/install/yolo_depth_interfaces/include/yolo_depth_interfaces/yolo_depth_interfaces/msg/detail/object_depth__traits.hpp
[2.043s] -- Up-to-date: /home/hun/YongYiHanYong/install/yolo_depth_interfaces/include/yolo_depth_interfaces/yolo_depth_interfaces/msg/detail/object_depth__type_support.hpp
[2.043s] -- Up-to-date: /home/hun/YongYiHanYong/install/yolo_depth_interfaces/include/yolo_depth_interfaces/yolo_depth_interfaces/msg/detail/object_depth_array__builder.hpp
[2.044s] -- Up-to-date: /home/hun/YongYiHanYong/install/yolo_depth_interfaces/include/yolo_depth_interfaces/yolo_depth_interfaces/msg/detail/object_depth_array__traits.hpp
[2.044s] -- Up-to-date: /home/hun/YongYiHanYong/install/yolo_depth_interfaces/include/yolo_depth_interfaces/yolo_depth_interfaces/srv
[2.044s] -- Up-to-date: /home/hun/YongYiHanYong/install/yolo_depth_interfaces/include/yolo_depth_interfaces/yolo_depth_interfaces/srv/move_to_point.hpp
[2.044s] -- Up-to-date: /home/hun/YongYiHanYong/install/yolo_depth_interfaces/include/yolo_depth_interfaces/yolo_depth_interfaces/srv/target_center.hpp
[2.044s] -- Up-to-date: /home/hun/YongYiHanYong/install/yolo_depth_interfaces/include/yolo_depth_interfaces/yolo_depth_interfaces/srv/detail
[2.045s] -- Up-to-date: /home/hun/YongYiHanYong/install/yolo_depth_interfaces/include/yolo_depth_interfaces/yolo_depth_interfaces/srv/detail/target_center__traits.hpp
[2.045s] -- Up-to-date: /home/hun/YongYiHanYong/install/yolo_depth_interfaces/include/yolo_depth_interfaces/yolo_depth_interfaces/srv/detail/move_to_point__builder.hpp
[2.045s] -- Up-to-date: /home/hun/YongYiHanYong/install/yolo_depth_interfaces/include/yolo_depth_interfaces/yolo_depth_interfaces/srv/detail/move_to_point__traits.hpp
[2.045s] -- Up-to-date: /home/hun/YongYiHanYong/install/yolo_depth_interfaces/include/yolo_depth_interfaces/yolo_depth_interfaces/srv/detail/set_target__builder.hpp
[2.045s] -- Up-to-date: /home/hun/YongYiHanYong/install/yolo_depth_interfaces/include/yolo_depth_interfaces/yolo_depth_interfaces/srv/detail/target_center__builder.hpp
[2.046s] -- Up-to-date: /home/hun/YongYiHanYong/install/yolo_depth_interfaces/include/yolo_depth_interfaces/yolo_depth_interfaces/srv/detail/move_to_point__struct.hpp
[2.046s] -- Up-to-date: /home/hun/YongYiHanYong/install/yolo_depth_interfaces/include/yolo_depth_interfaces/yolo_depth_interfaces/srv/detail/move_to_point__type_support.hpp
[2.047s] -- Up-to-date: /home/hun/YongYiHanYong/install/yolo_depth_interfaces/include/yolo_depth_interfaces/yolo_depth_interfaces/srv/detail/target_center__type_support.hpp
[2.047s] -- Up-to-date: /home/hun/YongYiHanYong/install/yolo_depth_interfaces/include/yolo_depth_interfaces/yolo_depth_interfaces/srv/detail/set_target__traits.hpp
[2.047s] -- Up-to-date: /home/hun/YongYiHanYong/install/yolo_depth_interfaces/include/yolo_depth_interfaces/yolo_depth_interfaces/srv/detail/set_target__type_support.hpp
[2.047s] -- Up-to-date: /home/hun/YongYiHanYong/install/yolo_depth_interfaces/include/yolo_depth_interfaces/yolo_depth_interfaces/srv/detail/target_center__struct.hpp
[2.047s] -- Up-to-date: /home/hun/YongYiHanYong/install/yolo_depth_interfaces/include/yolo_depth_interfaces/yolo_depth_interfaces/srv/detail/set_target__struct.hpp
[2.048s] -- Up-to-date: /home/hun/YongYiHanYong/install/yolo_depth_interfaces/include/yolo_depth_interfaces/yolo_depth_interfaces/srv/set_target.hpp
[2.048s] -- Up-to-date: /home/hun/YongYiHanYong/install/yolo_depth_interfaces/include/yolo_depth_interfaces/yolo_depth_interfaces
[2.048s] -- Up-to-date: /home/hun/YongYiHanYong/install/yolo_depth_interfaces/include/yolo_depth_interfaces/yolo_depth_interfaces/msg
[2.048s] -- Up-to-date: /home/hun/YongYiHanYong/install/yolo_depth_interfaces/include/yolo_depth_interfaces/yolo_depth_interfaces/msg/rosidl_typesupport_fastrtps_cpp__visibility_control.h
[2.048s] -- Up-to-date: /home/hun/YongYiHanYong/install/yolo_depth_interfaces/include/yolo_depth_interfaces/yolo_depth_interfaces/msg/detail
[2.049s] -- Up-to-date: /home/hun/YongYiHanYong/install/yolo_depth_interfaces/include/yolo_depth_interfaces/yolo_depth_interfaces/msg/detail/object_depth_array__rosidl_typesupport_fastrtps_cpp.hpp
[2.049s] -- Up-to-date: /home/hun/YongYiHanYong/install/yolo_depth_interfaces/include/yolo_depth_interfaces/yolo_depth_interfaces/msg/detail/object_depth__rosidl_typesupport_fastrtps_cpp.hpp
[2.049s] -- Up-to-date: /home/hun/YongYiHanYong/install/yolo_depth_interfaces/include/yolo_depth_interfaces/yolo_depth_interfaces/msg/detail/dds_fastrtps
[2.049s] -- Up-to-date: /home/hun/YongYiHanYong/install/yolo_depth_interfaces/include/yolo_depth_interfaces/yolo_depth_interfaces/srv
[2.049s] -- Up-to-date: /home/hun/YongYiHanYong/install/yolo_depth_interfaces/include/yolo_depth_interfaces/yolo_depth_interfaces/srv/detail
[2.050s] -- Up-to-date: /home/hun/YongYiHanYong/install/yolo_depth_interfaces/include/yolo_depth_interfaces/yolo_depth_interfaces/srv/detail/dds_fastrtps
[2.050s] -- Up-to-date: /home/hun/YongYiHanYong/install/yolo_depth_interfaces/include/yolo_depth_interfaces/yolo_depth_interfaces/srv/detail/target_center__rosidl_typesupport_fastrtps_cpp.hpp
[2.050s] -- Up-to-date: /home/hun/YongYiHanYong/install/yolo_depth_interfaces/include/yolo_depth_interfaces/yolo_depth_interfaces/srv/detail/move_to_point__rosidl_typesupport_fastrtps_cpp.hpp
[2.050s] -- Up-to-date: /home/hun/YongYiHanYong/install/yolo_depth_interfaces/include/yolo_depth_interfaces/yolo_depth_interfaces/srv/detail/set_target__rosidl_typesupport_fastrtps_cpp.hpp
[2.050s] -- Up-to-date: /home/hun/YongYiHanYong/install/yolo_depth_interfaces/lib/libyolo_depth_interfaces__rosidl_typesupport_fastrtps_cpp.so
[2.051s] -- Up-to-date: /home/hun/YongYiHanYong/install/yolo_depth_interfaces/include/yolo_depth_interfaces/yolo_depth_interfaces
[2.051s] -- Up-to-date: /home/hun/YongYiHanYong/install/yolo_depth_interfaces/include/yolo_depth_interfaces/yolo_depth_interfaces/msg
[2.051s] -- Up-to-date: /home/hun/YongYiHanYong/install/yolo_depth_interfaces/include/yolo_depth_interfaces/yolo_depth_interfaces/msg/detail
[2.051s] -- Up-to-date: /home/hun/YongYiHanYong/install/yolo_depth_interfaces/include/yolo_depth_interfaces/yolo_depth_interfaces/msg/detail/object_depth__type_support.cpp
[2.051s] -- Up-to-date: /home/hun/YongYiHanYong/install/yolo_depth_interfaces/include/yolo_depth_interfaces/yolo_depth_interfaces/msg/detail/object_depth_array__type_support.cpp
[2.052s] -- Up-to-date: /home/hun/YongYiHanYong/install/yolo_depth_interfaces/include/yolo_depth_interfaces/yolo_depth_interfaces/msg/detail/object_depth_array__rosidl_typesupport_introspection_cpp.hpp
[2.052s] -- Up-to-date: /home/hun/YongYiHanYong/install/yolo_depth_interfaces/include/yolo_depth_interfaces/yolo_depth_interfaces/msg/detail/object_depth__rosidl_typesupport_introspection_cpp.hpp
[2.052s] -- Up-to-date: /home/hun/YongYiHanYong/install/yolo_depth_interfaces/include/yolo_depth_interfaces/yolo_depth_interfaces/srv
[2.052s] -- Up-to-date: /home/hun/YongYiHanYong/install/yolo_depth_interfaces/include/yolo_depth_interfaces/yolo_depth_interfaces/srv/detail
[2.052s] -- Up-to-date: /home/hun/YongYiHanYong/install/yolo_depth_interfaces/include/yolo_depth_interfaces/yolo_depth_interfaces/srv/detail/move_to_point__rosidl_typesupport_introspection_cpp.hpp
[2.052s] -- Up-to-date: /home/hun/YongYiHanYong/install/yolo_depth_interfaces/include/yolo_depth_interfaces/yolo_depth_interfaces/srv/detail/set_target__type_support.cpp
[2.053s] -- Up-to-date: /home/hun/YongYiHanYong/install/yolo_depth_interfaces/include/yolo_depth_interfaces/yolo_depth_interfaces/srv/detail/target_center__type_support.cpp
[2.053s] -- Up-to-date: /home/hun/YongYiHanYong/install/yolo_depth_interfaces/include/yolo_depth_interfaces/yolo_depth_interfaces/srv/detail/target_center__rosidl_typesupport_introspection_cpp.hpp
[2.053s] -- Up-to-date: /home/hun/YongYiHanYong/install/yolo_depth_interfaces/include/yolo_depth_interfaces/yolo_depth_interfaces/srv/detail/move_to_point__type_support.cpp
[2.053s] -- Up-to-date: /home/hun/YongYiHanYong/install/yolo_depth_interfaces/include/yolo_depth_interfaces/yolo_depth_interfaces/srv/detail/set_target__rosidl_typesupport_introspection_cpp.hpp
[2.053s] -- Up-to-date: /home/hun/YongYiHanYong/install/yolo_depth_interfaces/lib/libyolo_depth_interfaces__rosidl_typesupport_introspection_cpp.so
[2.053s] -- Up-to-date: /home/hun/YongYiHanYong/install/yolo_depth_interfaces/lib/libyolo_depth_interfaces__rosidl_typesupport_cpp.so
[2.054s] -- Up-to-date: /home/hun/YongYiHanYong/install/yolo_depth_interfaces/share/yolo_depth_interfaces/environment/pythonpath.sh
[2.054s] -- Up-to-date: /home/hun/YongYiHanYong/install/yolo_depth_interfaces/share/yolo_depth_interfaces/environment/pythonpath.dsv
[2.054s] -- Up-to-date: /home/hun/YongYiHanYong/install/yolo_depth_interfaces/lib/python3.12/site-packages/yolo_depth_interfaces-0.0.0-py3.12.egg-info
[2.054s] -- Installing: /home/hun/YongYiHanYong/install/yolo_depth_interfaces/lib/python3.12/site-packages/yolo_depth_interfaces-0.0.0-py3.12.egg-info/top_level.txt
[2.054s] -- Installing: /home/hun/YongYiHanYong/install/yolo_depth_interfaces/lib/python3.12/site-packages/yolo_depth_interfaces-0.0.0-py3.12.egg-info/SOURCES.txt
[2.055s] -- Installing: /home/hun/YongYiHanYong/install/yolo_depth_interfaces/lib/python3.12/site-packages/yolo_depth_interfaces-0.0.0-py3.12.egg-info/PKG-INFO
[2.055s] -- Installing: /home/hun/YongYiHanYong/install/yolo_depth_interfaces/lib/python3.12/site-packages/yolo_depth_interfaces-0.0.0-py3.12.egg-info/dependency_links.txt
[2.055s] -- Up-to-date: /home/hun/YongYiHanYong/install/yolo_depth_interfaces/lib/python3.12/site-packages/yolo_depth_interfaces
[2.055s] -- Up-to-date: /home/hun/YongYiHanYong/install/yolo_depth_interfaces/lib/python3.12/site-packages/yolo_depth_interfaces/__init__.py
[2.055s] -- Up-to-date: /home/hun/YongYiHanYong/install/yolo_depth_interfaces/lib/python3.12/site-packages/yolo_depth_interfaces/_yolo_depth_interfaces_s.ep.rosidl_typesupport_introspection_c.c
[2.055s] -- Up-to-date: /home/hun/YongYiHanYong/install/yolo_depth_interfaces/lib/python3.12/site-packages/yolo_depth_interfaces/msg
[2.056s] -- Up-to-date: /home/hun/YongYiHanYong/install/yolo_depth_interfaces/lib/python3.12/site-packages/yolo_depth_interfaces/msg/_object_depth.py
[2.056s] -- Up-to-date: /home/hun/YongYiHanYong/install/yolo_depth_interfaces/lib/python3.12/site-packages/yolo_depth_interfaces/msg/_object_depth_s.c
[2.056s] -- Up-to-date: /home/hun/YongYiHanYong/install/yolo_depth_interfaces/lib/python3.12/site-packages/yolo_depth_interfaces/msg/__init__.py
[2.056s] -- Up-to-date: /home/hun/YongYiHanYong/install/yolo_depth_interfaces/lib/python3.12/site-packages/yolo_depth_interfaces/msg/_object_depth_array.py
[2.056s] -- Up-to-date: /home/hun/YongYiHanYong/install/yolo_depth_interfaces/lib/python3.12/site-packages/yolo_depth_interfaces/msg/_object_depth_array_s.c
[2.056s] -- Up-to-date: /home/hun/YongYiHanYong/install/yolo_depth_interfaces/lib/python3.12/site-packages/yolo_depth_interfaces/_yolo_depth_interfaces_s.ep.rosidl_typesupport_c.c
[2.057s] -- Up-to-date: /home/hun/YongYiHanYong/install/yolo_depth_interfaces/lib/python3.12/site-packages/yolo_depth_interfaces/yolo_depth_interfaces_s__rosidl_typesupport_c.so
[2.057s] -- Up-to-date: /home/hun/YongYiHanYong/install/yolo_depth_interfaces/lib/python3.12/site-packages/yolo_depth_interfaces/yolo_depth_interfaces_s__rosidl_typesupport_fastrtps_c.so
[2.057s] -- Up-to-date: /home/hun/YongYiHanYong/install/yolo_depth_interfaces/lib/python3.12/site-packages/yolo_depth_interfaces/_yolo_depth_interfaces_s.ep.rosidl_typesupport_fastrtps_c.c
[2.057s] -- Up-to-date: /home/hun/YongYiHanYong/install/yolo_depth_interfaces/lib/python3.12/site-packages/yolo_depth_interfaces/srv
[2.057s] -- Up-to-date: /home/hun/YongYiHanYong/install/yolo_depth_interfaces/lib/python3.12/site-packages/yolo_depth_interfaces/srv/_move_to_point_s.c
[2.057s] -- Up-to-date: /home/hun/YongYiHanYong/install/yolo_depth_interfaces/lib/python3.12/site-packages/yolo_depth_interfaces/srv/__init__.py
[2.058s] -- Up-to-date: /home/hun/YongYiHanYong/install/yolo_depth_interfaces/lib/python3.12/site-packages/yolo_depth_interfaces/srv/_set_target.py
[2.058s] -- Up-to-date: /home/hun/YongYiHanYong/install/yolo_depth_interfaces/lib/python3.12/site-packages/yolo_depth_interfaces/srv/_target_center.py
[2.058s] -- Up-to-date: /home/hun/YongYiHanYong/install/yolo_depth_interfaces/lib/python3.12/site-packages/yolo_depth_interfaces/srv/_set_target_s.c
[2.058s] -- Up-to-date: /home/hun/YongYiHanYong/install/yolo_depth_interfaces/lib/python3.12/site-packages/yolo_depth_interfaces/srv/_target_center_s.c
[2.058s] -- Up-to-date: /home/hun/YongYiHanYong/install/yolo_depth_interfaces/lib/python3.12/site-packages/yolo_depth_interfaces/srv/_move_to_point.py
[2.058s] -- Up-to-date: /home/hun/YongYiHanYong/install/yolo_depth_interfaces/lib/python3.12/site-packages/yolo_depth_interfaces/yolo_depth_interfaces_s__rosidl_typesupport_introspection_c.so
[2.143s] Listing '/home/hun/YongYiHanYong/install/yolo_depth_interfaces/lib/python3.12/site-packages/yolo_depth_interfaces'...
[2.143s] Listing '/home/hun/YongYiHanYong/install/yolo_depth_interfaces/lib/python3.12/site-packages/yolo_depth_interfaces/msg'...
[2.144s] Listing '/home/hun/YongYiHanYong/install/yolo_depth_interfaces/lib/python3.12/site-packages/yolo_depth_interfaces/srv'...
[2.163s] -- Up-to-date: /home/hun/YongYiHanYong/install/yolo_depth_interfaces/lib/python3.12/site-packages/yolo_depth_interfaces/yolo_depth_interfaces_s__rosidl_typesupport_fastrtps_c.so
[2.163s] -- Up-to-date: /home/hun/YongYiHanYong/install/yolo_depth_interfaces/lib/python3.12/site-packages/yolo_depth_interfaces/yolo_depth_interfaces_s__rosidl_typesupport_introspection_c.so
[2.163s] -- Up-to-date: /home/hun/YongYiHanYong/install/yolo_depth_interfaces/lib/python3.12/site-packages/yolo_depth_interfaces/yolo_depth_interfaces_s__rosidl_typesupport_c.so
[2.164s] -- Up-to-date: /home/hun/YongYiHanYong/install/yolo_depth_interfaces/lib/libyolo_depth_interfaces__rosidl_generator_py.so
[2.164s] -- Up-to-date: /home/hun/YongYiHanYong/install/yolo_depth_interfaces/share/yolo_depth_interfaces/msg/ObjectDepth.idl
[2.165s] -- Up-to-date: /home/hun/YongYiHanYong/install/yolo_depth_interfaces/share/yolo_depth_interfaces/msg/ObjectDepthArray.idl
[2.166s] -- Up-to-date: /home/hun/YongYiHanYong/install/yolo_depth_interfaces/share/yolo_depth_interfaces/srv/SetTarget.idl
[2.168s] -- Up-to-date: /home/hun/YongYiHanYong/install/yolo_depth_interfaces/share/yolo_depth_interfaces/srv/MoveToPoint.idl
[2.169s] -- Up-to-date: /home/hun/YongYiHanYong/install/yolo_depth_interfaces/share/yolo_depth_interfaces/srv/TargetCenter.idl
[2.170s] -- Up-to-date: /home/hun/YongYiHanYong/install/yolo_depth_interfaces/share/yolo_depth_interfaces/msg/ObjectDepth.msg
[2.175s] -- Up-to-date: /home/hun/YongYiHanYong/install/yolo_depth_interfaces/share/yolo_depth_interfaces/msg/ObjectDepthArray.msg
[2.175s] -- Up-to-date: /home/hun/YongYiHanYong/install/yolo_depth_interfaces/share/yolo_depth_interfaces/srv/SetTarget.srv
[2.175s] -- Up-to-date: /home/hun/YongYiHanYong/install/yolo_depth_interfaces/share/yolo_depth_interfaces/srv/MoveToPoint.srv
[2.176s] -- Up-to-date: /home/hun/YongYiHanYong/install/yolo_depth_interfaces/share/yolo_depth_interfaces/srv/TargetCenter.srv
[2.176s] -- Up-to-date: /home/hun/YongYiHanYong/install/yolo_depth_interfaces/share/ament_index/resource_index/package_run_dependencies/yolo_depth_interfaces
[2.176s] -- Up-to-date: /home/hun/YongYiHanYong/install/yolo_depth_interfaces/share/ament_index/resource_index/parent_prefix_path/yolo_depth_interfaces
[2.176s] -- Up-to-date: /home/hun/YongYiHanYong/install/yolo_depth_interfaces/share/yolo_depth_interfaces/environment/ament_prefix_path.sh
[2.177s] -- Up-to-date: /home/hun/YongYiHanYong/install/yolo_depth_interfaces/share/yolo_depth_interfaces/environment/ament_prefix_path.dsv
[2.177s] -- Up-to-date: /home/hun/YongYiHanYong/install/yolo_depth_interfaces/share/yolo_depth_interfaces/environment/path.sh
[2.177s] -- Up-to-date: /home/hun/YongYiHanYong/install/yolo_depth_interfaces/share/yolo_depth_interfaces/environment/path.dsv
[2.178s] -- Up-to-date: /home/hun/YongYiHanYong/install/yolo_depth_interfaces/share/yolo_depth_interfaces/local_setup.bash
[2.179s] -- Up-to-date: /home/hun/YongYiHanYong/install/yolo_depth_interfaces/share/yolo_depth_interfaces/local_setup.sh
[2.179s] -- Up-to-date: /home/hun/YongYiHanYong/install/yolo_depth_interfaces/share/yolo_depth_interfaces/local_setup.zsh
[2.181s] -- Up-to-date: /home/hun/YongYiHanYong/install/yolo_depth_interfaces/share/yolo_depth_interfaces/local_setup.dsv
[2.181s] -- Installing: /home/hun/YongYiHanYong/install/yolo_depth_interfaces/share/yolo_depth_interfaces/package.dsv
[2.182s] -- Up-to-date: /home/hun/YongYiHanYong/install/yolo_depth_interfaces/share/ament_index/resource_index/packages/yolo_depth_interfaces
[2.182s] -- Up-to-date: /home/hun/YongYiHanYong/install/yolo_depth_interfaces/share/yolo_depth_interfaces/cmake/export_yolo_depth_interfaces__rosidl_generator_cExport.cmake
[2.182s] -- Up-to-date: /home/hun/YongYiHanYong/install/yolo_depth_interfaces/share/yolo_depth_interfaces/cmake/export_yolo_depth_interfaces__rosidl_generator_cExport-noconfig.cmake
[2.182s] -- Up-to-date: /home/hun/YongYiHanYong/install/yolo_depth_interfaces/share/yolo_depth_interfaces/cmake/export_yolo_depth_interfaces__rosidl_typesupport_fastrtps_cExport.cmake
[2.182s] -- Up-to-date: /home/hun/YongYiHanYong/install/yolo_depth_interfaces/share/yolo_depth_interfaces/cmake/export_yolo_depth_interfaces__rosidl_typesupport_fastrtps_cExport-noconfig.cmake
[2.183s] -- Up-to-date: /home/hun/YongYiHanYong/install/yolo_depth_interfaces/share/yolo_depth_interfaces/cmake/yolo_depth_interfaces__rosidl_typesupport_introspection_cExport.cmake
[2.183s] -- Up-to-date: /home/hun/YongYiHanYong/install/yolo_depth_interfaces/share/yolo_depth_interfaces/cmake/yolo_depth_interfaces__rosidl_typesupport_introspection_cExport-noconfig.cmake
[2.183s] -- Up-to-date: /home/hun/YongYiHanYong/install/yolo_depth_interfaces/share/yolo_depth_interfaces/cmake/yolo_depth_interfaces__rosidl_typesupport_cExport.cmake
[2.183s] -- Up-to-date: /home/hun/YongYiHanYong/install/yolo_depth_interfaces/share/yolo_depth_interfaces/cmake/yolo_depth_interfaces__rosidl_typesupport_cExport-noconfig.cmake
[2.183s] -- Up-to-date: /home/hun/YongYiHanYong/install/yolo_depth_interfaces/share/yolo_depth_interfaces/cmake/export_yolo_depth_interfaces__rosidl_generator_cppExport.cmake
[2.183s] -- Up-to-date: /home/hun/YongYiHanYong/install/yolo_depth_interfaces/share/yolo_depth_interfaces/cmake/export_yolo_depth_interfaces__rosidl_typesupport_fastrtps_cppExport.cmake
[2.184s] -- Up-to-date: /home/hun/YongYiHanYong/install/yolo_depth_interfaces/share/yolo_depth_interfaces/cmake/export_yolo_depth_interfaces__rosidl_typesupport_fastrtps_cppExport-noconfig.cmake
[2.184s] -- Up-to-date: /home/hun/YongYiHanYong/install/yolo_depth_interfaces/share/yolo_depth_interfaces/cmake/yolo_depth_interfaces__rosidl_typesupport_introspection_cppExport.cmake
[2.187s] -- Up-to-date: /home/hun/YongYiHanYong/install/yolo_depth_interfaces/share/yolo_depth_interfaces/cmake/yolo_depth_interfaces__rosidl_typesupport_introspection_cppExport-noconfig.cmake
[2.187s] -- Up-to-date: /home/hun/YongYiHanYong/install/yolo_depth_interfaces/share/yolo_depth_interfaces/cmake/yolo_depth_interfaces__rosidl_typesupport_cppExport.cmake
[2.188s] -- Up-to-date: /home/hun/YongYiHanYong/install/yolo_depth_interfaces/share/yolo_depth_interfaces/cmake/yolo_depth_interfaces__rosidl_typesupport_cppExport-noconfig.cmake
[2.189s] -- Up-to-date: /home/hun/YongYiHanYong/install/yolo_depth_interfaces/share/yolo_depth_interfaces/cmake/export_yolo_depth_interfaces__rosidl_generator_pyExport.cmake
[2.190s] -- Up-to-date: /home/hun/YongYiHanYong/install/yolo_depth_interfaces/share/yolo_depth_interfaces/cmake/export_yolo_depth_interfaces__rosidl_generator_pyExport-noconfig.cmake
[2.190s] -- Up-to-date: /home/hun/YongYiHanYong/install/yolo_depth_interfaces/share/yolo_depth_interfaces/cmake/rosidl_cmake-extras.cmake
[2.191s] -- Up-to-date: /home/hun/YongYiHanYong/install/yolo_depth_interfaces/share/yolo_depth_interfaces/cmake/ament_cmake_export_dependencies-extras.cmake
[2.191s] -- Up-to-date: /home/hun/YongYiHanYong/install/yolo_depth_interfaces/share/yolo_depth_interfaces/cmake/ament_cmake_export_include_directories-extras.cmake
[2.191s] -- Up-to-date: /home/hun/YongYiHanYong/install/yolo_depth_interfaces/share/yolo_depth_interfaces/cmake/ament_cmake_export_libraries-extras.cmake
[2.192s] -- Up-to-date: /home/hun/YongYiHanYong/install/yolo_depth_interfaces/share/yolo_depth_interfaces/cmake/ament_cmake_export_targets-extras.cmake
[2.192s] -- Up-to-date: /home/hun/YongYiHanYong/install/yolo_depth_interfaces/share/yolo_depth_interfaces/cmake/rosidl_cmake_export_typesupport_targets-extras.cmake
[2.192s] -- Up-to-date: /home/hun/YongYiHanYong/install/yolo_depth_interfaces/share/yolo_depth_interfaces/cmake/rosidl_cmake_export_typesupport_libraries-extras.cmake
[2.192s] -- Up-to-date: /home/hun/YongYiHanYong/install/yolo_depth_interfaces/share/yolo_depth_interfaces/cmake/yolo_depth_interfacesConfig.cmake
[2.193s] -- Up-to-date: /home/hun/YongYiHanYong/install/yolo_depth_interfaces/share/yolo_depth_interfaces/cmake/yolo_depth_interfacesConfig-version.cmake
[2.193s] -- Up-to-date: /home/hun/YongYiHanYong/install/yolo_depth_interfaces/share/yolo_depth_interfaces/package.xml
[2.256s] Invoked command in '/home/hun/YongYiHanYong/build/yolo_depth_interfaces' returned '0': DEBUGINFOD_URLS=https://debuginfod.ubuntu.com /usr/bin/cmake --install /home/hun/YongYiHanYong/build/yolo_depth_interfaces
