[2.141s] Invoking command in '/home/hun/YongYiHanYong/src/llm_for_pick_place_voice': DEBUGINFOD_URLS=https://debuginfod.ubuntu.com PYTHONPATH=/home/hun/YongYiHanYong/build/llm_for_pick_place_voice/prefix_override:/usr/lib/python3/dist-packages/colcon_core/task/python/colcon_distutils_commands:/home/hun/YongYiHanYong/install/llm_for_pick_place_voice/lib/python3.12/site-packages:/home/hun/YongYiHanYong/install/interface_pkg/lib/python3.12/site-packages:/home/hun/YongYiHanYong/install/yolo_realsense/lib/python3.12/site-packages:/home/hun/YongYiHanYong/build/llm_for_pick_place_voice:/home/hun/YongYiHanYong/install/llm_for_pick_place_voice/lib/python3.12/site-packages:/opt/ros/jazzy/lib/python3.12/site-packages /usr/bin/python3 -W ignore:setup.py install is deprecated -W ignore:easy_install command is deprecated setup.py egg_info --egg-base ../../build/llm_for_pick_place_voice build --build-base /home/hun/YongYiHanYong/build/llm_for_pick_place_voice/build install --record /home/hun/YongYiHanYong/build/llm_for_pick_place_voice/install.log --single-version-externally-managed install_data
[3.186s] running egg_info
[3.233s] writing ../../build/llm_for_pick_place_voice/llm_for_pick_place_voice.egg-info/PKG-INFO
[3.233s] writing dependency_links to ../../build/llm_for_pick_place_voice/llm_for_pick_place_voice.egg-info/dependency_links.txt
[3.234s] writing entry points to ../../build/llm_for_pick_place_voice/llm_for_pick_place_voice.egg-info/entry_points.txt
[3.234s] writing requirements to ../../build/llm_for_pick_place_voice/llm_for_pick_place_voice.egg-info/requires.txt
[3.234s] writing top-level names to ../../build/llm_for_pick_place_voice/llm_for_pick_place_voice.egg-info/top_level.txt
[3.328s] reading manifest file '../../build/llm_for_pick_place_voice/llm_for_pick_place_voice.egg-info/SOURCES.txt'
[3.330s] writing manifest file '../../build/llm_for_pick_place_voice/llm_for_pick_place_voice.egg-info/SOURCES.txt'
[3.332s] running build
[3.332s] running build_py
[3.333s] copying llm_for_pick_place_voice/test_robot.py -> /home/hun/YongYiHanYong/build/llm_for_pick_place_voice/build/lib/llm_for_pick_place_voice
[3.335s] copying llm_for_pick_place_voice/get_keyword_client.py -> /home/hun/YongYiHanYong/build/llm_for_pick_place_voice/build/lib/llm_for_pick_place_voice
[3.337s] running install
[3.346s] running install_lib
[3.397s] copying /home/hun/YongYiHanYong/build/llm_for_pick_place_voice/build/lib/llm_for_pick_place_voice/test_robot.py -> /home/hun/YongYiHanYong/install/llm_for_pick_place_voice/lib/python3.12/site-packages/llm_for_pick_place_voice
[3.399s] copying /home/hun/YongYiHanYong/build/llm_for_pick_place_voice/build/lib/llm_for_pick_place_voice/get_keyword_client.py -> /home/hun/YongYiHanYong/install/llm_for_pick_place_voice/lib/python3.12/site-packages/llm_for_pick_place_voice
[3.402s] byte-compiling /home/hun/YongYiHanYong/install/llm_for_pick_place_voice/lib/python3.12/site-packages/llm_for_pick_place_voice/test_robot.py to test_robot.cpython-312.pyc
[3.407s] byte-compiling /home/hun/YongYiHanYong/install/llm_for_pick_place_voice/lib/python3.12/site-packages/llm_for_pick_place_voice/get_keyword_client.py to get_keyword_client.cpython-312.pyc
[3.411s] running install_data
[3.414s] running install_egg_info
[3.463s] removing '/home/hun/YongYiHanYong/install/llm_for_pick_place_voice/lib/python3.12/site-packages/llm_for_pick_place_voice-0.0.0-py3.12.egg-info' (and everything under it)
[3.467s] Copying ../../build/llm_for_pick_place_voice/llm_for_pick_place_voice.egg-info to /home/hun/YongYiHanYong/install/llm_for_pick_place_voice/lib/python3.12/site-packages/llm_for_pick_place_voice-0.0.0-py3.12.egg-info
[3.471s] running install_scripts
[3.789s] Installing arrive_test script to /home/hun/YongYiHanYong/install/llm_for_pick_place_voice/lib/llm_for_pick_place_voice
[3.791s] Installing get_keyword script to /home/hun/YongYiHanYong/install/llm_for_pick_place_voice/lib/llm_for_pick_place_voice
[3.791s] Installing get_keyword_client script to /home/hun/YongYiHanYong/install/llm_for_pick_place_voice/lib/llm_for_pick_place_voice
[3.791s] Installing ros_web_bridge script to /home/hun/YongYiHanYong/install/llm_for_pick_place_voice/lib/llm_for_pick_place_voice
[3.791s] Installing stt script to /home/hun/YongYiHanYong/install/llm_for_pick_place_voice/lib/llm_for_pick_place_voice
[3.791s] Installing test_robot script to /home/hun/YongYiHanYong/install/llm_for_pick_place_voice/lib/llm_for_pick_place_voice
[3.791s] Installing wakeup_word script to /home/hun/YongYiHanYong/install/llm_for_pick_place_voice/lib/llm_for_pick_place_voice
[3.793s] writing list of installed files to '/home/hun/YongYiHanYong/build/llm_for_pick_place_voice/install.log'
[3.845s] Invoked command in '/home/hun/YongYiHanYong/src/llm_for_pick_place_voice' returned '0': DEBUGINFOD_URLS=https://debuginfod.ubuntu.com PYTHONPATH=/home/hun/YongYiHanYong/build/llm_for_pick_place_voice/prefix_override:/usr/lib/python3/dist-packages/colcon_core/task/python/colcon_distutils_commands:/home/hun/YongYiHanYong/install/llm_for_pick_place_voice/lib/python3.12/site-packages:/home/hun/YongYiHanYong/install/interface_pkg/lib/python3.12/site-packages:/home/hun/YongYiHanYong/install/yolo_realsense/lib/python3.12/site-packages:/home/hun/YongYiHanYong/build/llm_for_pick_place_voice:/home/hun/YongYiHanYong/install/llm_for_pick_place_voice/lib/python3.12/site-packages:/opt/ros/jazzy/lib/python3.12/site-packages /usr/bin/python3 -W ignore:setup.py install is deprecated -W ignore:easy_install command is deprecated setup.py egg_info --egg-base ../../build/llm_for_pick_place_voice build --build-base /home/hun/YongYiHanYong/build/llm_for_pick_place_voice/build install --record /home/hun/YongYiHanYong/build/llm_for_pick_place_voice/install.log --single-version-externally-managed install_data
