[0.845s] Invoking command in '/home/hun/YongYiHanYong/src/yolo_realsense': DEBUGINFOD_URLS=https://debuginfod.ubuntu.com PYTHONPATH=/home/hun/YongYiHanYong/build/yolo_realsense/prefix_override:/usr/lib/python3/dist-packages/colcon_core/task/python/colcon_distutils_commands:/home/hun/YongYiHanYong/install/yolo_realsense/lib/python3.12/site-packages:${PYTHONPATH} /usr/bin/python3 -W ignore:setup.py install is deprecated -W ignore:easy_install command is deprecated setup.py egg_info --egg-base ../../build/yolo_realsense build --build-base /home/hun/YongYiHanYong/build/yolo_realsense/build install --record /home/hun/YongYiHanYong/build/yolo_realsense/install.log --single-version-externally-managed install_data
[1.303s] running egg_info
[1.340s] writing ../../build/yolo_realsense/yolo_realsense.egg-info/PKG-INFO
[1.340s] writing dependency_links to ../../build/yolo_realsense/yolo_realsense.egg-info/dependency_links.txt
[1.340s] writing entry points to ../../build/yolo_realsense/yolo_realsense.egg-info/entry_points.txt
[1.340s] writing requirements to ../../build/yolo_realsense/yolo_realsense.egg-info/requires.txt
[1.340s] writing top-level names to ../../build/yolo_realsense/yolo_realsense.egg-info/top_level.txt
[1.416s] reading manifest file '../../build/yolo_realsense/yolo_realsense.egg-info/SOURCES.txt'
[1.417s] writing manifest file '../../build/yolo_realsense/yolo_realsense.egg-info/SOURCES.txt'
[1.417s] running build
[1.417s] running build_py
[1.418s] running install
[1.425s] running install_lib
[1.464s] running install_data
[1.464s] running install_egg_info
[1.504s] removing '/home/hun/YongYiHanYong/install/yolo_realsense/lib/python3.12/site-packages/yolo_realsense-0.0.0-py3.12.egg-info' (and everything under it)
[1.505s] Copying ../../build/yolo_realsense/yolo_realsense.egg-info to /home/hun/YongYiHanYong/install/yolo_realsense/lib/python3.12/site-packages/yolo_realsense-0.0.0-py3.12.egg-info
[1.506s] running install_scripts
[1.737s] Installing picxel2world script to /home/hun/YongYiHanYong/install/yolo_realsense/lib/yolo_realsense
[1.737s] Installing priority_object script to /home/hun/YongYiHanYong/install/yolo_realsense/lib/yolo_realsense
[1.737s] Installing world_trigger script to /home/hun/YongYiHanYong/install/yolo_realsense/lib/yolo_realsense
[1.737s] Installing yolo_depth_viewer script to /home/hun/YongYiHanYong/install/yolo_realsense/lib/yolo_realsense
[1.738s] Installing yolo_result_publisher script to /home/hun/YongYiHanYong/install/yolo_realsense/lib/yolo_realsense
[1.738s] writing list of installed files to '/home/hun/YongYiHanYong/build/yolo_realsense/install.log'
[1.776s] Invoked command in '/home/hun/YongYiHanYong/src/yolo_realsense' returned '0': DEBUGINFOD_URLS=https://debuginfod.ubuntu.com PYTHONPATH=/home/hun/YongYiHanYong/build/yolo_realsense/prefix_override:/usr/lib/python3/dist-packages/colcon_core/task/python/colcon_distutils_commands:/home/hun/YongYiHanYong/install/yolo_realsense/lib/python3.12/site-packages:${PYTHONPATH} /usr/bin/python3 -W ignore:setup.py install is deprecated -W ignore:easy_install command is deprecated setup.py egg_info --egg-base ../../build/yolo_realsense build --build-base /home/hun/YongYiHanYong/build/yolo_realsense/build install --record /home/hun/YongYiHanYong/build/yolo_realsense/install.log --single-version-externally-managed install_data
