[0.527s] Invoking command in '/home/jw/YongYiHanYong/src/llm_for_pick_place_voice': AMENT_PREFIX_PATH=/home/jw/YongYiHanYong/install/interface_pkg:${AMENT_PREFIX_PATH} CMAKE_PREFIX_PATH=/home/jw/YongYiHanYong/install/interface_pkg:${CMAKE_PREFIX_PATH} DEBUGINFOD_URLS=https://debuginfod.ubuntu.com LD_LIBRARY_PATH=/home/jw/YongYiHanYong/install/interface_pkg/lib:${LD_LIBRARY_PATH} PYTHONPATH=/home/jw/YongYiHanYong/build/llm_for_pick_place_voice/prefix_override:/usr/lib/python3/dist-packages/colcon_core/task/python/colcon_distutils_commands:/home/jw/YongYiHanYong/install/llm_for_pick_place_voice/lib/python3.12/site-packages:/home/jw/YongYiHanYong/install/interface_pkg/lib/python3.12/site-packages:${PYTHONPATH} /usr/bin/python3 -W ignore:setup.py install is deprecated -W ignore:easy_install command is deprecated setup.py egg_info --egg-base ../../build/llm_for_pick_place_voice build --build-base /home/jw/YongYiHanYong/build/llm_for_pick_place_voice/build install --record /home/jw/YongYiHanYong/build/llm_for_pick_place_voice/install.log --single-version-externally-managed install_data
[0.678s] running egg_info
[0.678s] creating ../../build/llm_for_pick_place_voice/llm_for_pick_place_voice.egg-info
[0.689s] writing ../../build/llm_for_pick_place_voice/llm_for_pick_place_voice.egg-info/PKG-INFO
[0.689s] writing dependency_links to ../../build/llm_for_pick_place_voice/llm_for_pick_place_voice.egg-info/dependency_links.txt
[0.689s] writing entry points to ../../build/llm_for_pick_place_voice/llm_for_pick_place_voice.egg-info/entry_points.txt
[0.689s] writing requirements to ../../build/llm_for_pick_place_voice/llm_for_pick_place_voice.egg-info/requires.txt
[0.689s] writing top-level names to ../../build/llm_for_pick_place_voice/llm_for_pick_place_voice.egg-info/top_level.txt
[0.689s] writing manifest file '../../build/llm_for_pick_place_voice/llm_for_pick_place_voice.egg-info/SOURCES.txt'
[0.713s] reading manifest file '../../build/llm_for_pick_place_voice/llm_for_pick_place_voice.egg-info/SOURCES.txt'
[0.713s] writing manifest file '../../build/llm_for_pick_place_voice/llm_for_pick_place_voice.egg-info/SOURCES.txt'
[0.713s] running build
[0.713s] running build_py
[0.713s] creating /home/jw/YongYiHanYong/build/llm_for_pick_place_voice/build
[0.713s] creating /home/jw/YongYiHanYong/build/llm_for_pick_place_voice/build/lib
[0.714s] creating /home/jw/YongYiHanYong/build/llm_for_pick_place_voice/build/lib/llm_for_pick_place_voice
[0.714s] copying llm_for_pick_place_voice/test_moveit_joint.py -> /home/jw/YongYiHanYong/build/llm_for_pick_place_voice/build/lib/llm_for_pick_place_voice
[0.714s] copying llm_for_pick_place_voice/pixel3.py -> /home/jw/YongYiHanYong/build/llm_for_pick_place_voice/build/lib/llm_for_pick_place_voice
[0.714s] copying llm_for_pick_place_voice/stt.py -> /home/jw/YongYiHanYong/build/llm_for_pick_place_voice/build/lib/llm_for_pick_place_voice
[0.714s] copying llm_for_pick_place_voice/arrive_test.py -> /home/jw/YongYiHanYong/build/llm_for_pick_place_voice/build/lib/llm_for_pick_place_voice
[0.714s] copying llm_for_pick_place_voice/ros_web_bridge.py -> /home/jw/YongYiHanYong/build/llm_for_pick_place_voice/build/lib/llm_for_pick_place_voice
[0.714s] copying llm_for_pick_place_voice/wakeup_word.py -> /home/jw/YongYiHanYong/build/llm_for_pick_place_voice/build/lib/llm_for_pick_place_voice
[0.714s] copying llm_for_pick_place_voice/pixel2.py -> /home/jw/YongYiHanYong/build/llm_for_pick_place_voice/build/lib/llm_for_pick_place_voice
[0.714s] copying llm_for_pick_place_voice/test_robot.py -> /home/jw/YongYiHanYong/build/llm_for_pick_place_voice/build/lib/llm_for_pick_place_voice
[0.714s] copying llm_for_pick_place_voice/__init__.py -> /home/jw/YongYiHanYong/build/llm_for_pick_place_voice/build/lib/llm_for_pick_place_voice
[0.714s] copying llm_for_pick_place_voice/MicController.py -> /home/jw/YongYiHanYong/build/llm_for_pick_place_voice/build/lib/llm_for_pick_place_voice
[0.714s] copying llm_for_pick_place_voice/robot2.py -> /home/jw/YongYiHanYong/build/llm_for_pick_place_voice/build/lib/llm_for_pick_place_voice
[0.714s] copying llm_for_pick_place_voice/get_keyword copy.py -> /home/jw/YongYiHanYong/build/llm_for_pick_place_voice/build/lib/llm_for_pick_place_voice
[0.714s] copying llm_for_pick_place_voice/pixel1.py -> /home/jw/YongYiHanYong/build/llm_for_pick_place_voice/build/lib/llm_for_pick_place_voice
[0.714s] copying llm_for_pick_place_voice/get_keyword.py -> /home/jw/YongYiHanYong/build/llm_for_pick_place_voice/build/lib/llm_for_pick_place_voice
[0.714s] copying llm_for_pick_place_voice/test_moveit.py -> /home/jw/YongYiHanYong/build/llm_for_pick_place_voice/build/lib/llm_for_pick_place_voice
[0.715s] copying llm_for_pick_place_voice/get_keyword_client copy.py -> /home/jw/YongYiHanYong/build/llm_for_pick_place_voice/build/lib/llm_for_pick_place_voice
[0.715s] copying llm_for_pick_place_voice/robot.py -> /home/jw/YongYiHanYong/build/llm_for_pick_place_voice/build/lib/llm_for_pick_place_voice
[0.715s] copying llm_for_pick_place_voice/get_keyword_client.py -> /home/jw/YongYiHanYong/build/llm_for_pick_place_voice/build/lib/llm_for_pick_place_voice
[0.715s] running install
[0.718s] running install_lib
[0.729s] creating /home/jw/YongYiHanYong/install/llm_for_pick_place_voice/lib/python3.12/site-packages/llm_for_pick_place_voice
[0.730s] copying /home/jw/YongYiHanYong/build/llm_for_pick_place_voice/build/lib/llm_for_pick_place_voice/test_moveit_joint.py -> /home/jw/YongYiHanYong/install/llm_for_pick_place_voice/lib/python3.12/site-packages/llm_for_pick_place_voice
[0.730s] copying /home/jw/YongYiHanYong/build/llm_for_pick_place_voice/build/lib/llm_for_pick_place_voice/pixel3.py -> /home/jw/YongYiHanYong/install/llm_for_pick_place_voice/lib/python3.12/site-packages/llm_for_pick_place_voice
[0.730s] copying /home/jw/YongYiHanYong/build/llm_for_pick_place_voice/build/lib/llm_for_pick_place_voice/stt.py -> /home/jw/YongYiHanYong/install/llm_for_pick_place_voice/lib/python3.12/site-packages/llm_for_pick_place_voice
[0.730s] copying /home/jw/YongYiHanYong/build/llm_for_pick_place_voice/build/lib/llm_for_pick_place_voice/arrive_test.py -> /home/jw/YongYiHanYong/install/llm_for_pick_place_voice/lib/python3.12/site-packages/llm_for_pick_place_voice
[0.730s] copying /home/jw/YongYiHanYong/build/llm_for_pick_place_voice/build/lib/llm_for_pick_place_voice/ros_web_bridge.py -> /home/jw/YongYiHanYong/install/llm_for_pick_place_voice/lib/python3.12/site-packages/llm_for_pick_place_voice
[0.730s] copying /home/jw/YongYiHanYong/build/llm_for_pick_place_voice/build/lib/llm_for_pick_place_voice/wakeup_word.py -> /home/jw/YongYiHanYong/install/llm_for_pick_place_voice/lib/python3.12/site-packages/llm_for_pick_place_voice
[0.730s] copying /home/jw/YongYiHanYong/build/llm_for_pick_place_voice/build/lib/llm_for_pick_place_voice/pixel2.py -> /home/jw/YongYiHanYong/install/llm_for_pick_place_voice/lib/python3.12/site-packages/llm_for_pick_place_voice
[0.730s] copying /home/jw/YongYiHanYong/build/llm_for_pick_place_voice/build/lib/llm_for_pick_place_voice/test_robot.py -> /home/jw/YongYiHanYong/install/llm_for_pick_place_voice/lib/python3.12/site-packages/llm_for_pick_place_voice
[0.730s] copying /home/jw/YongYiHanYong/build/llm_for_pick_place_voice/build/lib/llm_for_pick_place_voice/__init__.py -> /home/jw/YongYiHanYong/install/llm_for_pick_place_voice/lib/python3.12/site-packages/llm_for_pick_place_voice
[0.730s] copying /home/jw/YongYiHanYong/build/llm_for_pick_place_voice/build/lib/llm_for_pick_place_voice/MicController.py -> /home/jw/YongYiHanYong/install/llm_for_pick_place_voice/lib/python3.12/site-packages/llm_for_pick_place_voice
[0.731s] copying /home/jw/YongYiHanYong/build/llm_for_pick_place_voice/build/lib/llm_for_pick_place_voice/robot2.py -> /home/jw/YongYiHanYong/install/llm_for_pick_place_voice/lib/python3.12/site-packages/llm_for_pick_place_voice
[0.731s] copying /home/jw/YongYiHanYong/build/llm_for_pick_place_voice/build/lib/llm_for_pick_place_voice/get_keyword copy.py -> /home/jw/YongYiHanYong/install/llm_for_pick_place_voice/lib/python3.12/site-packages/llm_for_pick_place_voice
[0.731s] copying /home/jw/YongYiHanYong/build/llm_for_pick_place_voice/build/lib/llm_for_pick_place_voice/pixel1.py -> /home/jw/YongYiHanYong/install/llm_for_pick_place_voice/lib/python3.12/site-packages/llm_for_pick_place_voice
[0.731s] copying /home/jw/YongYiHanYong/build/llm_for_pick_place_voice/build/lib/llm_for_pick_place_voice/get_keyword.py -> /home/jw/YongYiHanYong/install/llm_for_pick_place_voice/lib/python3.12/site-packages/llm_for_pick_place_voice
[0.731s] copying /home/jw/YongYiHanYong/build/llm_for_pick_place_voice/build/lib/llm_for_pick_place_voice/test_moveit.py -> /home/jw/YongYiHanYong/install/llm_for_pick_place_voice/lib/python3.12/site-packages/llm_for_pick_place_voice
[0.731s] copying /home/jw/YongYiHanYong/build/llm_for_pick_place_voice/build/lib/llm_for_pick_place_voice/get_keyword_client copy.py -> /home/jw/YongYiHanYong/install/llm_for_pick_place_voice/lib/python3.12/site-packages/llm_for_pick_place_voice
[0.731s] copying /home/jw/YongYiHanYong/build/llm_for_pick_place_voice/build/lib/llm_for_pick_place_voice/robot.py -> /home/jw/YongYiHanYong/install/llm_for_pick_place_voice/lib/python3.12/site-packages/llm_for_pick_place_voice
[0.731s] copying /home/jw/YongYiHanYong/build/llm_for_pick_place_voice/build/lib/llm_for_pick_place_voice/get_keyword_client.py -> /home/jw/YongYiHanYong/install/llm_for_pick_place_voice/lib/python3.12/site-packages/llm_for_pick_place_voice
[0.731s] byte-compiling /home/jw/YongYiHanYong/install/llm_for_pick_place_voice/lib/python3.12/site-packages/llm_for_pick_place_voice/test_moveit_joint.py to test_moveit_joint.cpython-312.pyc
[0.732s] byte-compiling /home/jw/YongYiHanYong/install/llm_for_pick_place_voice/lib/python3.12/site-packages/llm_for_pick_place_voice/pixel3.py to pixel3.cpython-312.pyc
[0.734s] byte-compiling /home/jw/YongYiHanYong/install/llm_for_pick_place_voice/lib/python3.12/site-packages/llm_for_pick_place_voice/stt.py to stt.cpython-312.pyc
[0.734s] byte-compiling /home/jw/YongYiHanYong/install/llm_for_pick_place_voice/lib/python3.12/site-packages/llm_for_pick_place_voice/arrive_test.py to arrive_test.cpython-312.pyc
[0.735s] byte-compiling /home/jw/YongYiHanYong/install/llm_for_pick_place_voice/lib/python3.12/site-packages/llm_for_pick_place_voice/ros_web_bridge.py to ros_web_bridge.cpython-312.pyc
[0.735s] byte-compiling /home/jw/YongYiHanYong/install/llm_for_pick_place_voice/lib/python3.12/site-packages/llm_for_pick_place_voice/wakeup_word.py to wakeup_word.cpython-312.pyc
[0.736s] byte-compiling /home/jw/YongYiHanYong/install/llm_for_pick_place_voice/lib/python3.12/site-packages/llm_for_pick_place_voice/pixel2.py to pixel2.cpython-312.pyc
[0.737s] byte-compiling /home/jw/YongYiHanYong/install/llm_for_pick_place_voice/lib/python3.12/site-packages/llm_for_pick_place_voice/test_robot.py to test_robot.cpython-312.pyc
[0.738s] byte-compiling /home/jw/YongYiHanYong/install/llm_for_pick_place_voice/lib/python3.12/site-packages/llm_for_pick_place_voice/__init__.py to __init__.cpython-312.pyc
[0.738s] byte-compiling /home/jw/YongYiHanYong/install/llm_for_pick_place_voice/lib/python3.12/site-packages/llm_for_pick_place_voice/MicController.py to MicController.cpython-312.pyc
[0.738s] byte-compiling /home/jw/YongYiHanYong/install/llm_for_pick_place_voice/lib/python3.12/site-packages/llm_for_pick_place_voice/robot2.py to robot2.cpython-312.pyc
[0.739s] byte-compiling /home/jw/YongYiHanYong/install/llm_for_pick_place_voice/lib/python3.12/site-packages/llm_for_pick_place_voice/get_keyword copy.py to get_keyword copy.cpython-312.pyc
[0.740s] byte-compiling /home/jw/YongYiHanYong/install/llm_for_pick_place_voice/lib/python3.12/site-packages/llm_for_pick_place_voice/pixel1.py to pixel1.cpython-312.pyc
[0.741s] byte-compiling /home/jw/YongYiHanYong/install/llm_for_pick_place_voice/lib/python3.12/site-packages/llm_for_pick_place_voice/get_keyword.py to get_keyword.cpython-312.pyc
[0.742s] byte-compiling /home/jw/YongYiHanYong/install/llm_for_pick_place_voice/lib/python3.12/site-packages/llm_for_pick_place_voice/test_moveit.py to test_moveit.cpython-312.pyc
[0.742s] byte-compiling /home/jw/YongYiHanYong/install/llm_for_pick_place_voice/lib/python3.12/site-packages/llm_for_pick_place_voice/get_keyword_client copy.py to get_keyword_client copy.cpython-312.pyc
[0.743s] byte-compiling /home/jw/YongYiHanYong/install/llm_for_pick_place_voice/lib/python3.12/site-packages/llm_for_pick_place_voice/robot.py to robot.cpython-312.pyc
[0.743s] byte-compiling /home/jw/YongYiHanYong/install/llm_for_pick_place_voice/lib/python3.12/site-packages/llm_for_pick_place_voice/get_keyword_client.py to get_keyword_client.cpython-312.pyc
[0.744s] running install_data
[0.744s] creating /home/jw/YongYiHanYong/install/llm_for_pick_place_voice/share/ament_index
[0.744s] creating /home/jw/YongYiHanYong/install/llm_for_pick_place_voice/share/ament_index/resource_index
[0.745s] creating /home/jw/YongYiHanYong/install/llm_for_pick_place_voice/share/ament_index/resource_index/packages
[0.745s] copying resource/llm_for_pick_place_voice -> /home/jw/YongYiHanYong/install/llm_for_pick_place_voice/share/ament_index/resource_index/packages
[0.745s] copying package.xml -> /home/jw/YongYiHanYong/install/llm_for_pick_place_voice/share/llm_for_pick_place_voice
[0.745s] creating /home/jw/YongYiHanYong/install/llm_for_pick_place_voice/share/llm_for_pick_place_voice/resource
[0.745s] copying resource/.env -> /home/jw/YongYiHanYong/install/llm_for_pick_place_voice/share/llm_for_pick_place_voice/resource
[0.745s] copying resource/alexa.onnx -> /home/jw/YongYiHanYong/install/llm_for_pick_place_voice/share/llm_for_pick_place_voice/resource
[0.745s] copying resource/hey_yong_yihan.onnx -> /home/jw/YongYiHanYong/install/llm_for_pick_place_voice/share/llm_for_pick_place_voice/resource
[0.746s] running install_egg_info
[0.758s] Copying ../../build/llm_for_pick_place_voice/llm_for_pick_place_voice.egg-info to /home/jw/YongYiHanYong/install/llm_for_pick_place_voice/lib/python3.12/site-packages/llm_for_pick_place_voice-0.0.0-py3.12.egg-info
[0.758s] running install_scripts
[0.839s] Installing arrive_test script to /home/jw/YongYiHanYong/install/llm_for_pick_place_voice/lib/llm_for_pick_place_voice
[0.839s] Installing get_keyword script to /home/jw/YongYiHanYong/install/llm_for_pick_place_voice/lib/llm_for_pick_place_voice
[0.839s] Installing get_keyword_client script to /home/jw/YongYiHanYong/install/llm_for_pick_place_voice/lib/llm_for_pick_place_voice
[0.840s] Installing ros_web_bridge script to /home/jw/YongYiHanYong/install/llm_for_pick_place_voice/lib/llm_for_pick_place_voice
[0.840s] Installing stt script to /home/jw/YongYiHanYong/install/llm_for_pick_place_voice/lib/llm_for_pick_place_voice
[0.840s] Installing test_robot script to /home/jw/YongYiHanYong/install/llm_for_pick_place_voice/lib/llm_for_pick_place_voice
[0.840s] Installing wakeup_word script to /home/jw/YongYiHanYong/install/llm_for_pick_place_voice/lib/llm_for_pick_place_voice
[0.840s] writing list of installed files to '/home/jw/YongYiHanYong/build/llm_for_pick_place_voice/install.log'
[0.858s] Invoked command in '/home/jw/YongYiHanYong/src/llm_for_pick_place_voice' returned '0': AMENT_PREFIX_PATH=/home/jw/YongYiHanYong/install/interface_pkg:${AMENT_PREFIX_PATH} CMAKE_PREFIX_PATH=/home/jw/YongYiHanYong/install/interface_pkg:${CMAKE_PREFIX_PATH} DEBUGINFOD_URLS=https://debuginfod.ubuntu.com LD_LIBRARY_PATH=/home/jw/YongYiHanYong/install/interface_pkg/lib:${LD_LIBRARY_PATH} PYTHONPATH=/home/jw/YongYiHanYong/build/llm_for_pick_place_voice/prefix_override:/usr/lib/python3/dist-packages/colcon_core/task/python/colcon_distutils_commands:/home/jw/YongYiHanYong/install/llm_for_pick_place_voice/lib/python3.12/site-packages:/home/jw/YongYiHanYong/install/interface_pkg/lib/python3.12/site-packages:${PYTHONPATH} /usr/bin/python3 -W ignore:setup.py install is deprecated -W ignore:easy_install command is deprecated setup.py egg_info --egg-base ../../build/llm_for_pick_place_voice build --build-base /home/jw/YongYiHanYong/build/llm_for_pick_place_voice/build install --record /home/jw/YongYiHanYong/build/llm_for_pick_place_voice/install.log --single-version-externally-managed install_data
